
SQL>
SQL> drop table if exists tc;

Succeed.

SQL> create table tc(i char(10) not null);

Succeed.

SQL> insert into tc values('a');

1 rows affected.

SQL> insert into tc values('a ');

1 rows affected.

SQL> insert into tc values('a  ');

1 rows affected.

SQL> insert into tc values('a   ');

1 rows affected.

SQL> insert into tc values('a    ');

1 rows affected.

SQL> insert into tc values('a     ');

1 rows affected.

SQL> commit;

Succeed.

SQL> select count(*) from tc where i = ?;

+-------------------------------------------------+
|                CTSQL Bind Param                  |
+-------------------------------------------------+
The 1th param:
Direction : DataType : BindValue: Bind params successfully.
COUNT(*)
--------------------
6

1 rows fetched.

SQL> drop table tc;

Succeed.

SQL>
SQL> -- Error case
SQL> select ? from dual;

+-------------------------------------------------+
|                CTSQL Bind Param                  |
+-------------------------------------------------+
The 1th param:
Direction : DataType : BindValue: Bind params successfully.
?
------------
1

1 rows fetched.
SQL>
SQL> select 1+?;

+-------------------------------------------------+
|                CTSQL Bind Param                  |
+-------------------------------------------------+
The 1th param:
Direction : DataType : BindValue: Convert text into int failed -- overflow 
Bind params[1] failed.
Bind params failed.
SQL>
SQL> select ?;

+-------------------------------------------------+
|                CTSQL Bind Param                  |
+-------------------------------------------------+
The 1th param:
Direction : DataType : BindValue: Convert text into real failed -- overflow 
Bind params[1] failed.
Bind params failed.
SQL>
SQL> select ?;

+-------------------------------------------------+
|                CTSQL Bind Param                  |
+-------------------------------------------------+
The 1th param:
Direction : DataType : BindValue: Convert text into bigint failed -- overflow 
Bind params[1] failed.
Bind params failed.
SQL>
SQL> select * from dual where 1=:p;

+-------------------------------------------------+
|                CTSQL Bind Param                  |
+-------------------------------------------------+
The 1th param:
Direction : DataType : Bind params[1] failed, ErrMsg = Don't support the input datatype.
Bind params failed.
SQL> 
SQL> select * from dual where 1=:p;

+-------------------------------------------------+
|                CTSQL Bind Param                  |
+-------------------------------------------------+
The 1th param:
Direction : DataType : BindValue: Bind params successfully.
DUMMY
-----
X    

1 rows fetched.

SQL> 
SQL> select * from dual where 1=:p;

+-------------------------------------------------+
|                CTSQL Bind Param                  |
+-------------------------------------------------+
The 1th param:
Direction : DataType : BindValue: Convert text into int failed -- unexpected character 
Bind params[1] failed.
Bind params failed.
SQL> 
SQL> select * from dual where 1=:p;

+-------------------------------------------------+
|                CTSQL Bind Param                  |
+-------------------------------------------------+
The 1th param:
Direction : DataType : BindValue: Convert text into real failed -- unexpected character 
Bind params[1] failed.
Bind params failed.
SQL> 
SQL> select cast(:p as number) from dual;

+-------------------------------------------------+
|                CTSQL Bind Param                  |
+-------------------------------------------------+
The 1th param:
Direction : DataType : BindValue: Convert text into real failed -- unexpected character 
Bind params[1] failed.
Bind params failed.
SQL> 
SQL> select cast(:p as number) from dual;

+-------------------------------------------------+
|                CTSQL Bind Param                  |
+-------------------------------------------------+
The 1th param:
Direction : DataType : BindValue: Convert text into real failed -- unexpected character 
Bind params[1] failed.
Bind params failed.
SQL> 
SQL> select cast(:p as number) from dual;

+-------------------------------------------------+
|                CTSQL Bind Param                  |
+-------------------------------------------------+
The 1th param:
Direction : DataType : BindValue: Convert text into real failed -- unexpected character 
Bind params[1] failed.
Bind params failed.
SQL> 
SQL> select :p * 0.3323 from dual;

+-------------------------------------------------+
|                CTSQL Bind Param                  |
+-------------------------------------------------+
The 1th param:
Direction : DataType : BindValue: Convert text into real failed -- unexpected character 
Bind params[1] failed.
Bind params failed.
SQL> 
SQL> select * from dual where 1=:p;

+-------------------------------------------------+
|                CTSQL Bind Param                  |
+-------------------------------------------------+
The 1th param:
Direction : DataType : BindValue: Bind params successfully.
DUMMY
-----
X    

1 rows fetched.

SQL> 
SQL> select * from dual where 1=:p;

+-------------------------------------------------+
|                CTSQL Bind Param                  |
+-------------------------------------------------+
The 1th param:
Direction : DataType : BindValue: Bind params successfully.
DUMMY
-----
X    

1 rows fetched.

SQL> 
SQL> select * from dual where 1 < :p;

+-------------------------------------------------+
|                CTSQL Bind Param                  |
+-------------------------------------------------+
The 1th param:
Direction : DataType : BindValue: Bind params successfully.
DUMMY
-----
X    

1 rows fetched.

SQL> 
SQL> select * from dual where 1 < :p;

+-------------------------------------------------+
|                CTSQL Bind Param                  |
+-------------------------------------------------+
The 1th param:
Direction : DataType : BindValue: Convert text into real failed -- unexpected character in exponent 
Bind params[1] failed.
Bind params failed.
SQL> 
SQL> select * from dual where 1 < :p;

+-------------------------------------------------+
|                CTSQL Bind Param                  |
+-------------------------------------------------+
The 1th param:
Direction : DataType : BindValue: Bind params successfully.
DUMMY
-----
X    

1 rows fetched.

SQL> 
SQL> 
SQL> select * from dual where 1 < :p;

+-------------------------------------------------+
|                CTSQL Bind Param                  |
+-------------------------------------------------+
The 1th param:
Direction : DataType : BindValue: Bind params successfully.
CT-00636, Invalid number -- existing multiple decimal points
SQL> 
SQL> select * from dual where :1 < :2;

+-------------------------------------------------+
|                CTSQL Bind Param                  |
+-------------------------------------------------+
The 1th param:
Direction : DataType : BindValue: The 2th param:
Direction : DataType : BindValue: Bind params successfully.
DUMMY
-----
X    

1 rows fetched.

SQL> 
SQL> select * from dual where :1 < :2;

+-------------------------------------------------+
|                CTSQL Bind Param                  |
+-------------------------------------------------+
The 1th param:
Direction : DataType : BindValue: The 2th param:
Direction : DataType : BindValue: Bind params successfully.
DUMMY
-----
X    

1 rows fetched.

SQL> 
SQL> select * from dual where 1 < :p;

+-------------------------------------------------+
|                CTSQL Bind Param                  |
+-------------------------------------------------+
The 1th param:
Direction : DataType : BindValue: Bind params successfully.
DUMMY
-----
X    

1 rows fetched.

SQL> 
SQL> select * from dual where :p = true;

+-------------------------------------------------+
|                CTSQL Bind Param                  |
+-------------------------------------------------+
The 1th param:
Direction : DataType : BindValue: Bind params successfully.
DUMMY
-----
X    

1 rows fetched.

SQL> 
SQL> select * from dual where :p = true;

+-------------------------------------------------+
|                CTSQL Bind Param                  |
+-------------------------------------------------+
The 1th param:
Direction : DataType : BindValue: Bind params successfully.
DUMMY
-----

0 rows fetched.

SQL> 
SQL> select * from dual where :p = true;

+-------------------------------------------------+
|                CTSQL Bind Param                  |
+-------------------------------------------------+
The 1th param:
Direction : DataType : BindValue: Bind params successfully.
DUMMY
-----
X    

1 rows fetched.

SQL> 
SQL> select * from dual where :1||:2 > 100;

+-------------------------------------------------+
|                CTSQL Bind Param                  |
+-------------------------------------------------+
The 1th param:
Direction : DataType : BindValue: The 2th param:
Direction : DataType : BindValue: Bind params successfully.
DUMMY
-----
X    

1 rows fetched.

SQL> 
SQL> select * from dual where :1||:2 > 100;

+-------------------------------------------------+
|                CTSQL Bind Param                  |
+-------------------------------------------------+
The 1th param:
Direction : DataType : BindValue: The 2th param:
Direction : DataType : BindValue: Bind params successfully.
DUMMY
-----

0 rows fetched.

SQL> 
SQL> select * from dual where :1 > 100;

+-------------------------------------------------+
|                CTSQL Bind Param                  |
+-------------------------------------------------+
The 1th param:
Direction : DataType : BindValue: Convert text into int failed -- decimal point is not allowed 
Bind params[1] failed.
Bind params failed.
SQL> 
SQL> select * from dual where :1 > 100;

+-------------------------------------------------+
|                CTSQL Bind Param                  |
+-------------------------------------------------+
The 1th param:
Direction : DataType : BindValue: Convert text into bigint failed -- decimal point is not allowed 
Bind params[1] failed.
Bind params failed.
SQL> 
SQL> select * from dual where :1 > 100;

+-------------------------------------------------+
|                CTSQL Bind Param                  |
+-------------------------------------------------+
The 1th param:
Direction : DataType : BindValue: Bind params successfully.
DUMMY
-----
X    

1 rows fetched.

SQL> 
SQL> select * from dual where :1 > 100;

+-------------------------------------------------+
|                CTSQL Bind Param                  |
+-------------------------------------------------+
The 1th param:
Direction : DataType : BindValue: Convert text into bigint failed  
Bind params[1] failed.
Bind params failed.
SQL> 
SQL> select * from dual where :1||:2 > 100;

+-------------------------------------------------+
|                CTSQL Bind Param                  |
+-------------------------------------------------+
The 1th param:
Direction : DataType : BindValue: The 2th param:
Direction : DataType : BindValue: Bind params successfully.
DUMMY
-----
X    

1 rows fetched.

SQL> 
SQL> select * from dual where :1 > 100;

+-------------------------------------------------+
|                CTSQL Bind Param                  |
+-------------------------------------------------+
The 1th param:
Direction : DataType : BindValue: Bind params successfully.
DUMMY
-----
X    

1 rows fetched.

SQL> 
SQL> select * from dual where rowid = :1;

+-------------------------------------------------+
|                CTSQL Bind Param                  |
+-------------------------------------------------+
The 1th param:
Direction : DataType : BindValue: Bind params successfully.
CT-00639, The row ID was invalid
SQL> 
SQL> select * from dual where rowid = :1;

+-------------------------------------------------+
|                CTSQL Bind Param                  |
+-------------------------------------------------+
The 1th param:
Direction : DataType : BindValue: Bind params successfully.
CT-00639, The row ID was invalid
SQL> 
SQL> select * from dual where rowid::decimal < 123||:1;

+-------------------------------------------------+
|                CTSQL Bind Param                  |
+-------------------------------------------------+
The 1th param:
Direction : DataType : BindValue: Bind params successfully.
DUMMY
-----
X    

1 rows fetched.

SQL> 
SQL> select * from dual where systimestamp < :1;

+-------------------------------------------------+
|                CTSQL Bind Param                  |
+-------------------------------------------------+
The 1th param:
Direction : DataType : BindValue: Bind params successfully.
DUMMY
-----

0 rows fetched.

SQL> 
SQL> select * from dual where systimestamp > :1;

+-------------------------------------------------+
|                CTSQL Bind Param                  |
+-------------------------------------------------+
The 1th param:
Direction : DataType : BindValue: Bind params successfully.
DUMMY
-----
X    

1 rows fetched.

SQL> 
SQL> select * from dual where systimestamp > :1;

+-------------------------------------------------+
|                CTSQL Bind Param                  |
+-------------------------------------------------+
The 1th param:
Direction : DataType : BindValue: Bind params[1] failed, ErrMsg = date format is error, format must be YYYY-MM-DD HH24:MI:SS.FF.
Bind params[1] failed.
Bind params failed.
SQL> 
SQL> select * from dual where systimestamp > :1;

+-------------------------------------------------+
|                CTSQL Bind Param                  |
+-------------------------------------------------+
The 1th param:
Direction : DataType : BindValue: Bind params successfully.
DUMMY
-----
X    

1 rows fetched.

SQL> 
SQL> select * from dual where systimestamp > :1;

+-------------------------------------------------+
|                CTSQL Bind Param                  |
+-------------------------------------------------+
The 1th param:
Direction : DataType : BindValue: Bind params successfully.
CT-00105, Invalid format of datetime
SQL> 
SQL> 
SQL> alter session set nls_date_format = 'YYYY/MM/DD HH24:MI:SS';

Succeed.

SQL> select * from dual where sysdate > :1;

+-------------------------------------------------+
|                CTSQL Bind Param                  |
+-------------------------------------------------+
The 1th param:
Direction : DataType : BindValue: Bind params successfully.
DUMMY
-----
X    

1 rows fetched.

SQL> 
SQL> select * from dual where sysdate > :1;

+-------------------------------------------------+
|                CTSQL Bind Param                  |
+-------------------------------------------------+
The 1th param:
Direction : DataType : BindValue: Bind params successfully.
DUMMY
-----
X    

1 rows fetched.

SQL> 
SQL> -- format error
SQL> select * from dual where sysdate > :1;

+-------------------------------------------------+
|                CTSQL Bind Param                  |
+-------------------------------------------------+
The 1th param:
Direction : DataType : BindValue: Bind params successfully.
DUMMY
-----
X    

1 rows fetched.

SQL> 
SQL> select * from dual where sysdate > :1;

+-------------------------------------------------+
|                CTSQL Bind Param                  |
+-------------------------------------------------+
The 1th param:
Direction : DataType : BindValue: Bind params successfully.
DUMMY
-----
X    

1 rows fetched.

SQL> 
SQL> 
SQL> alter session set nls_timestamp_format = 'YYYY/MM/DD HH24:MI:SS.FF';

Succeed.

SQL> select * from dual where cast(systimestamp as timestamp) > :1;

+-------------------------------------------------+
|                CTSQL Bind Param                  |
+-------------------------------------------------+
The 1th param:
Direction : DataType : BindValue: Bind params successfully.
DUMMY
-----
X    

1 rows fetched.

SQL> 
SQL> select * from dual where systimestamp > :1;

+-------------------------------------------------+
|                CTSQL Bind Param                  |
+-------------------------------------------------+
The 1th param:
Direction : DataType : BindValue: Bind params successfully.
DUMMY
-----
X    

1 rows fetched.

SQL> 
SQL> -- format error
SQL> select * from dual where cast(systimestamp as timestamp) > :1;

+-------------------------------------------------+
|                CTSQL Bind Param                  |
+-------------------------------------------------+
The 1th param:
Direction : DataType : BindValue: Bind params successfully.
DUMMY
-----
X    

1 rows fetched.

SQL> 
SQL> select * from dual where systimestamp > :1;

+-------------------------------------------------+
|                CTSQL Bind Param                  |
+-------------------------------------------------+
The 1th param:
Direction : DataType : BindValue: Bind params successfully.
DUMMY
-----
X    

1 rows fetched.

SQL> 
SQL> 
SQL> alter session set nls_timestamp_tz_format = 'YYYY/MM/DD HH24:MI:SS.FF TZH:TZM';

Succeed.

SQL> select * from dual where systimestamp > :1;

+-------------------------------------------------+
|                CTSQL Bind Param                  |
+-------------------------------------------------+
The 1th param:
Direction : DataType : BindValue: Bind params successfully.
DUMMY
-----
X    

1 rows fetched.

SQL> 
SQL> -- format error
SQL> select * from dual where systimestamp > :1;

+-------------------------------------------------+
|                CTSQL Bind Param                  |
+-------------------------------------------------+
The 1th param:
Direction : DataType : BindValue: Bind params successfully.
DUMMY
-----
X    

1 rows fetched.

SQL> 
SQL> alter session set nls_timestamp_tz_format = 'YYYY-MM-DD HH24:MI:SS.FF TZH:TZM';

Succeed.

SQL> select * from dual where systimestamp > :1;

+-------------------------------------------------+
|                CTSQL Bind Param                  |
+-------------------------------------------------+
The 1th param:
Direction : DataType : BindValue: Bind params successfully.
DUMMY
-----
X    

1 rows fetched.

SQL> 
SQL> -- format right
SQL> select * from dual where systimestamp > :1;

+-------------------------------------------------+
|                CTSQL Bind Param                  |
+-------------------------------------------------+
The 1th param:
Direction : DataType : BindValue: Bind params successfully.
DUMMY
-----
X    

1 rows fetched.

SQL> 
SQL> 
SQL> select '123123:1' from dual where ? = 1;

+-------------------------------------------------+
|                CTSQL Bind Param                  |
+-------------------------------------------------+
The 1th param:
Direction : DataType : BindValue: Bind params successfully.
'123123:1'
----------
123123:1  

1 rows fetched.

SQL> 
SQL> select '123123:1' from dual where ? = 1;

+-------------------------------------------------+
|                CTSQL Bind Param                  |
+-------------------------------------------------+
The 1th param:
Direction : DataType : BindValue: Bind params successfully.
'123123:1'
----------

0 rows fetched.

SQL> 
SQL> select '123123:1' from dual where ? = 1;

+-------------------------------------------------+
|                CTSQL Bind Param                  |
+-------------------------------------------------+
The 1th param:
Direction : DataType : BindValue: Bind params successfully.
'123123:1'
----------

0 rows fetched.

SQL> 
SQL> alter session set nls_timestamp_format = 'YYYY-MM-DD HH24:MI:SS.FF';

Succeed.

SQL> SELECT 1 from dual where UNIX_TIMESTAMP(:1) > 1000000000;

+-------------------------------------------------+
|                CTSQL Bind Param                  |
+-------------------------------------------------+
The 1th param:
Direction : DataType : BindValue: Bind params successfully.
1           
------------
1           

1 rows fetched.

SQL> 
SQL> select '123123:1' -- comment 1
  2 -- comment 2
  3 from dual 
  4 -- comment 3
  5 where ? = 1;

+-------------------------------------------------+
|                CTSQL Bind Param                  |
+-------------------------------------------------+
The 1th param:
Direction : DataType : BindValue: Bind params successfully.
'123123:1'
----------

0 rows fetched.

SQL> 
SQL> 
SQL> select '123123:1' from dual where : = :;

+-------------------------------------------------+
|                CTSQL Bind Param                  |
+-------------------------------------------------+
The 1th param:
Direction : DataType : BindValue: The 2th param:
Direction : DataType : BindValue: Bind params successfully.
'123123:1'
----------
123123:1  

1 rows fetched.

SQL> 
SQL> select '123123:1' as "PARAM:1" /* comment begin
  2 -- comment 2
  3 
  4 commeent end */
  5 from dual 
  6 -- comment 3
  7 where ? >= 1::decimal;

+-------------------------------------------------+
|                CTSQL Bind Param                  |
+-------------------------------------------------+
The 1th param:
Direction : DataType : BindValue: Bind params successfully.
PARAM:1 
--------
123123:1

1 rows fetched.

SQL> 
SQL> -- error datatype or unsupported type
SQL> select * from dual where :p = true;

+-------------------------------------------------+
|                CTSQL Bind Param                  |
+-------------------------------------------------+
The 1th param:
Direction : DataType : Bind params[1] failed, ErrMsg = Don't support the input datatype.
Bind params failed.
SQL> 
SQL> select * from dual where systimestamp > :1;

+-------------------------------------------------+
|                CTSQL Bind Param                  |
+-------------------------------------------------+
The 1th param:
Direction : DataType : BindValue: Bind params[1] failed, ErrMsg = BindVaule len must more than 1.
Bind params failed.
SQL> -- the binding paramters are not allowed in select list
SQL> select :1 from dual;

+-------------------------------------------------+
|                CTSQL Bind Param                  |
+-------------------------------------------------+
The 1th param:
Direction : Bind params[1] failed, ErrMsg = Unknown parameter direction, must be in/out/in out.
Bind params failed.
SQL> select '123123:1' from dual where ?11 = :;

CT-00601, [1:36]Sql syntax error: the word "11" is not correct
SQL> 
SQL> -- invalid case, value is too long
SQL> select * from dual where :p = true;

+-------------------------------------------------+
|                CTSQL Bind Param                  |
+-------------------------------------------------+
The 1th param:
Direction : DataType : BindValue: Bind params successfully.
DUMMY
-----
X    

1 rows fetched.

SQL> 
SQL> /
ZS-00001: Nothing in SQL buffer to run
SQL> 
SQL> select * from dual where :p = true;

+-------------------------------------------------+
|                CTSQL Bind Param                  |
+-------------------------------------------------+
The 1th param:
Direction : DataType : BindValue: Bind params successfully.
CT-00601, Sql syntax error: invalid BOOLEAN text
SQL> 
SQL> /
ZS-00001: Nothing in SQL buffer to run
SQL> 
SQL> select * from dual where :p = 1;

+-------------------------------------------------+
|                CTSQL Bind Param                  |
+-------------------------------------------------+
The 1th param:
Direction : DataType : BindValue: Bind params successfully.
DUMMY
-----
X    

1 rows fetched.

SQL> 
SQL> /
ZS-00001: Nothing in SQL buffer to run
SQL> 
SQL> -- test select clause bind
SQL> select abs(:p1 + :p2 + :p3 + :p4 + :p5) from dual;

+-------------------------------------------------+
|                CTSQL Bind Param                  |
+-------------------------------------------------+
The 1th param:
Direction : DataType : BindValue: The 2th param:
Direction : DataType : BindValue: The 3th param:
Direction : DataType : BindValue: The 4th param:
Direction : DataType : BindValue: The 5th param:
Direction : DataType : BindValue: Bind params successfully.
ABS(:P1 + :P2 + :P3 + :P4 + :P5)        
----------------------------------------
1665                                    

1 rows fetched.

SQL> 
SQL> alter session set nls_timestamp_format='yyyy-mm-dd hh24:mi:ss.ff3';

Succeed.

SQL> select :p1, :p2, :p3, :p4, :p5 from dual;

+-------------------------------------------------+
|                CTSQL Bind Param                  |
+-------------------------------------------------+
The 1th param:
Direction : DataType : BindValue: The 2th param:
Direction : DataType : BindValue: The 3th param:
Direction : DataType : BindValue: The 4th param:
Direction : DataType : BindValue: The 5th param:
Direction : DataType : BindValue: Bind params successfully.
:P1                                                              :P2                                                              :P3                                                              :P4                    :P5                             
---------------------------------------------------------------- ---------------------------------------------------------------- ---------------------------------------------------------------- ---------------------- --------------------------------
wjltest1234                                                      11155778822901                                                   zenithbindselet                                                  2018/07/11 15:02:59    2018-07-11 15:02:59.539         

1 rows fetched.

SQL> 
SQL> drop function if exists getoffset;

Succeed.

SQL> create or replace function getoffset(v int) return int
  2 is
  3 begin
  4 return 10;
  5 end;
  6 /

Succeed.

SQL> select 1 from sys_dummy order by 1 limit getoffset(?);

+-------------------------------------------------+
|                CTSQL Bind Param                  |
+-------------------------------------------------+
The 1th param:
Direction : DataType : BindValue: Bind params successfully.
1
------------
1

1 rows fetched.

SQL>
SQL> drop function if exists getoffset;

Succeed.

SQL> -- right join + like escape
SQL> drop table if exists T_PRIMARY_TERMINAL;

Succeed.

SQL> create table T_PRIMARY_TERMINAL
  2 (
  3 	DN int, 
  4 	EIMSI number(10,0), 
  5 	SN number(10,0), 
  6 	PRODUCTMODEL varchar(20), 
  7 	VERSION varchar(20), 
  8 	STATUS varchar(20), 
  9 	ENODEBID int, 
 10 	IP varchar(20)
 11 );

Succeed.

SQL> drop table if exists T_MOI_DEVICE_ELTEIOT;

Succeed.

SQL> create table T_MOI_DEVICE_ELTEIOT
  2 (
  3 	DN int, 
  4 	EIMSI number(10,0), 
  5 	KIVALUE varchar(20), 
  6 	LOCKSTATUS varchar(20),  
  7 	ALMSTATUS varchar(20),  
  8 	SERIALNUMBER int, 
  9 	DESCRIPTION varchar(20), 
 10 	ARPFID int, 
 11 	IPALLOCTYPE varchar(20),  
 12 	TAUTIMERLEN int,
 13 	IDLE2PSMTIMERLEN number(10,0), 
 14 	PSM2IDLETIMERLEN number(10,0), 
 15 	OFFLINETIMERLEN number(10,0), 
 16 	INACTIVITYTIMERLEN number(10,0), 
 17 	ASSOCIATEDIP varchar(20)
 18 );

Succeed.

SQL> insert into T_PRIMARY_TERMINAL values(101, 102, 103, 'PRODUCTMODEL', 'V6R1C00', 'PASSED', 104, '127.0.0.1');

1 rows affected.

SQL> insert into T_PRIMARY_TERMINAL values(111, 112, 113, 'PRODUCTMODEL', 'V6R1C10', 'PASSED', 114, '127.0.0.2');

1 rows affected.

SQL> insert into T_MOI_DEVICE_ELTEIOT values(101, 102, 'KIVALUE', 'OK', 'OK', 123, 'DESCRIPTION', 124, 'IPALLOCTYPE', 125, 125, 125, 125, 125, '127.0.0.1');

1 rows affected.

SQL> commit;

Succeed.

SQL> SELECT * FROM ( 
  2 SELECT B.DN, B.EIMSI, B.KIVALUE, B.LOCKSTATUS, B.ALMSTATUS, B.SERIALNUMBER, B.DESCRIPTION, 
  3 B.ARPFID, B.IPALLOCTYPE, B.TAUTIMERLEN, B.IDLE2PSMTIMERLEN, B.PSM2IDLETIMERLEN, B.OFFLINETIMERLEN, 
  4 B.INACTIVITYTIMERLEN, B.ASSOCIATEDIP, A.SN, A.PRODUCTMODEL, A.VERSION, A.STATUS, A.ENODEBID, A.IP 
  5 FROM SYS.T_PRIMARY_TERMINAL A 
  6 RIGHT JOIN 
  7 SYS.T_MOI_DEVICE_ELTEIOT B 
  8 ON A.EIMSI = B.EIMSI AND A.DN = B.DN ) C 
  9 WHERE C.DN = :dn 
 10 AND LOWER(C.VERSION) LIKE LOWER(:version) ESCAPE '\' 
 11 AND LOWER(C.EIMSI) LIKE LOWER(:eimsi) ESCAPE '\' 
 12 AND LOWER(C.PRODUCTMODEL) LIKE LOWER(:productmodel) ESCAPE '\' 
 13 AND LOWER(C.SN) LIKE LOWER(:sn) ESCAPE '\' 
 14 ORDER BY C.EIMSI ASC;

+-------------------------------------------------+
|                CTSQL Bind Param                  |
+-------------------------------------------------+
The 1th param:
Direction : DataType : BindValue: The 2th param:
Direction : DataType : BindValue: The 3th param:
Direction : DataType : BindValue: The 4th param:
Direction : DataType : BindValue: The 5th param:
Direction : DataType : BindValue: Bind params successfully.
DN           EIMSI                                    KIVALUE              LOCKSTATUS           ALMSTATUS            SERIALNUMBER DESCRIPTION          ARPFID       IPALLOCTYPE          TAUTIMERLEN  IDLE2PSMTIMERLEN                         PSM2IDLETIMERLEN                         OFFLINETIMERLEN                          INACTIVITYTIMERLEN                       ASSOCIATEDIP         SN                                       PRODUCTMODEL         VERSION              STATUS               ENODEBID     IP                  
------------ ---------------------------------------- -------------------- -------------------- -------------------- ------------ -------------------- ------------ -------------------- ------------ ---------------------------------------- ---------------------------------------- ---------------------------------------- ---------------------------------------- -------------------- ---------------------------------------- -------------------- -------------------- -------------------- ------------ --------------------
101          102                                      KIVALUE              OK                   OK                   123          DESCRIPTION          124          IPALLOCTYPE          125          125                                      125                                      125                                      125                                      127.0.0.1            103                                      PRODUCTMODEL         V6R1C00              PASSED               104          127.0.0.1           

1 rows fetched.

SQL> 
SQL> -- test bind param char
SQL> drop table if exists t_cmd_bind_char;

Succeed.

SQL> create table t_cmd_bind_char(f1 char(10));

Succeed.

SQL> insert into t_cmd_bind_char values('abc');

1 rows affected.

SQL> select * from t_cmd_bind_char where f1=:p1;

+-------------------------------------------------+
|                CTSQL Bind Param                  |
+-------------------------------------------------+
The 1th param:
Direction : DataType : BindValue: Bind params successfully.
F1        
----------
abc       

1 rows fetched.

SQL> select * from t_cmd_bind_char where f1=:p1;

+-------------------------------------------------+
|                CTSQL Bind Param                  |
+-------------------------------------------------+
The 1th param:
Direction : DataType : BindValue: Bind params successfully.
F1        
----------

0 rows fetched.

SQL> drop table t_cmd_bind_char;

Succeed.

SQL> 
SQL> select 1 from sys_dummy where decode('1', '1', ?) = 'aaa ';

+-------------------------------------------------+
|                CTSQL Bind Param                  |
+-------------------------------------------------+
The 1th param:
Direction : DataType : BindValue: Bind params successfully.
1           
------------

0 rows fetched.

SQL> 
SQL> --20210627
SQL> select array_agg(c) from (select ? c from sys_dummy limit 1) ;

+-------------------------------------------------+
|                CTSQL Bind Param                  |
+-------------------------------------------------+
The 1th param:
Direction : DataType : BindValue: Bind params successfully.
ARRAY_AGG(C)
----------------------------------------------------------------
{1.23}

1 rows fetched.

SQL> 
SQL> --DTS2021081013169
SQL> drop table if exists test_bindvalue;

Succeed.

SQL> create table test_bindvalue(f1 int, f2 clob);

Succeed.

SQL> insert into test_bindvalue values(?,?);

+-------------------------------------------------+
|                CTSQL Bind Param                  |
+-------------------------------------------------+
The 1th param:
Direction : DataType : BindValue: The 2th param:
Direction : DataType : BindValue: Bind params successfully.
1 rows affected.

SQL> select lengthb(f2), f2 from test_bindvalue;

LENGTHB(F2)          F2                                                              
-------------------- ----------------------------------------------------------------
126                  1234567890aaaaaaaaaa1234567890aaaaaaaaaa1234567890aaaaaaaaaa1234567890aaaaaaaaaa1234567890aaaaaaaaaa1234567890aaaaaaaaaa123456

1 rows fetched.

SQL> insert into test_bindvalue values(?,?);

+-------------------------------------------------+
|                CTSQL Bind Param                  |
+-------------------------------------------------+
The 1th param:
Direction : DataType : BindValue: The 2th param:
Direction : DataType : BindValue: Bind params[2] failed, ErrMsg = BindVaule len must less than 128.
Bind params failed.
SQL> 9000
  2 ;

CT-00601, [1:1]Sql syntax error: key word expected
SQL> drop table if exists test_bindvalue;

Succeed.

SQL> 
SQL> spool off

