

SQL> SYNCPOINT SP_B4_HEAP_INSERT SIGNAL start_insert RAISE 2;

Succeed.

SQL> SYNCPOINT SIGNAL start_insert RAISE 2;

CT-00601, [1:18]Sql syntax error: syncpoint action expected but start_insert found
SQL> SYNCPOINT SP_B4_HEAP_INSERT SIGNALx start_insert RAISE 2;

CT-00601, [1:29]Sql syntax error: syncpoint action expected but SIGNALx found
SQL> SYNCPOINT SP_B4_HEAP_INSERT SIGNAL SIGNAL RAISE 2;

Succeed.

SQL> SYNCPOINT SP_B4_HEAP_INSERT SIGNAL start_insert RAISEx 2;

CT-00601, [1:36]Sql syntax error: RAISE expected
SQL> SYNCPOINT SP_B4_HEAP_INSERT SIGNAL start_insert RAISE xx;

CT-00601, [1:36]Sql syntax error: invalid integer
SQL> SYNCPOINT SP_B4_HEAP_INSERT SIGNAL start_insert RAISE 2 xx;

CT-00601, [1:59]Sql syntax error: expected end but xx found
SQL> SYNCPOINT SP_B4_HEAP_INSERT SIGNAL start_insert;

Succeed.

SQL> 
SQL> SYNCPOINT SP_B4_HEAP_INSERT WAIT start_insert;

Succeed.

SQL> SYNCPOINT SP_B4_HEAP_INSERT WAITx start_insert;

CT-00601, [1:29]Sql syntax error: syncpoint action expected but WAITx found
SQL> SYNCPOINT SP_B4_HEAP_INSERT WAIT wait;

Succeed.

SQL> SYNCPOINT SP_B4_HEAP_INSERT WAIT start_insert xxx;

CT-00601, [1:50]Sql syntax error: expected end but xxx found
SQL> 
SQL> SYNCPOINT RESET;

Succeed.

SQL> SYNCPOINT RESETx;

CT-00601, [1:17]Sql syntax error: syncpoint action expected but  found
SQL> SYNCPOINT RESET xxx;

CT-00601, [1:20]Sql syntax error: expected end but xxx found
SQL> SYNCPOINT SP_B4_HEAP_INSERT SIGNAL start_insert RAISE 2; SYNCPOINT SP_AFTER_HEAP_INSERT WAIT end_insert; SYNCPOINT SP_B4_HEAP_UPDATE WAIT xxx; SYNCPOINT SP_B4_HEAP_DELETE WAIT yyy;

Succeed.


Succeed.


Succeed.


Succeed.

SQL> 


