

SQL> DROP TABLE IF EXISTS EMP;

Succeed.

SQL> DROP TABLE IF EXISTS EMP1;

Succeed.

SQL> DROP TABLE IF EXISTS EMP_2;

Succeed.

SQL> DROP TABLE IF EXISTS EMP_3;

Succeed.

SQL> DROP TABLE IF EXISTS EMP_4;

Succeed.

SQL> DROP TABLE IF EXISTS EMP_6;

Succeed.

SQL> 
SQL> CREATE TABLE  EMP (EMPNO NUMBER(4) NOT NULL, ENAME VARCHAR2(10), JOB VARCHAR2(9), SAL NUMBER(7, 2),DEPTNO NUMBER(2));

Succeed.

SQL> INSERT INTO EMP VALUES (1, 'SMITH', 'CLERK',     800,    20);

1 rows affected.

SQL> INSERT INTO EMP VALUES (2, 'ALLEN', 'SALESMAN', 1600,    30);

1 rows affected.

SQL> INSERT INTO EMP VALUES (3, 'WARD',  'SALESMAN', 1250,    30);

1 rows affected.

SQL> INSERT INTO EMP VALUES (4, 'JONES', 'MANAGER',  2975,    20);

1 rows affected.

SQL> INSERT INTO EMP VALUES (5, 'MARTIN','SALESMAN', 1250,    30);

1 rows affected.

SQL> INSERT INTO EMP VALUES (6, 'BLAKE', 'MANAGER',  2850,    30);

1 rows affected.

SQL> INSERT INTO EMP VALUES (7, 'CLARK', 'MANAGER',  2850,    10);

1 rows affected.

SQL> INSERT INTO EMP VALUES (8, 'SCOTT', 'ANALYST',  3000,    20);

1 rows affected.

SQL> INSERT INTO EMP VALUES (9, 'KING',  'PRESIDENT',3000,    10);

1 rows affected.

SQL> INSERT INTO EMP VALUES (10,'TURNER','SALESMAN', 1500,    30);

1 rows affected.

SQL> INSERT INTO EMP VALUES (11,'ADAMS', 'CLERK',    1500,    20);

1 rows affected.

SQL> 
SQL> CREATE TABLE  EMP1 (EMPNO NUMBER(4) NOT NULL, ENAME VARCHAR2(10), JOB VARCHAR2(9), SAL NUMBER(7, 2),DEPTNO NUMBER(2));

Succeed.

SQL> INSERT INTO EMP1 VALUES (1, 'SMITH', 'CLERK',     800,    20);

1 rows affected.

SQL> 
SQL> CREATE TABLE  EMP_2 (EMPNO NUMBER(4) NOT NULL, ENAME VARCHAR2(10), JOB VARCHAR2(9), SAL NUMBER(7, 2),DEPTNO NUMBER(2));

Succeed.

SQL> INSERT INTO EMP_2 VALUES (9, 'KING',  'PRESIDENT',3000,    10);

1 rows affected.

SQL> 
SQL> CREATE TABLE  EMP_3 (EMPNO NUMBER(4) NOT NULL, ENAME VARCHAR2(10), JOB VARCHAR2(9), SAL NUMBER(10, 3),DEPTNO NUMBER(2));

Succeed.

SQL> INSERT INTO EMP_3 VALUES (21, 'BLAKE2', 'MANAGER',  1,    30);

1 rows affected.

SQL> INSERT INTO EMP_3 VALUES (20, 'BLAKE1', 'MANAGER',  999999,    30);

1 rows affected.

SQL> 
SQL> CREATE TABLE  EMP_4 (EMPNO NUMBER(4) NOT NULL, ENAME VARCHAR2(10), JOB VARCHAR2(9), SAL NUMBER(10, 3),DEPTNO NUMBER(2));

Succeed.

SQL> INSERT INTO EMP_4 VALUES (21, 'BLAKE2', 'MANAGER',  1000,    30);

1 rows affected.

SQL> INSERT INTO EMP_4 VALUES (20, 'BLAKE1', 'MANAGER',  9999,    30);

1 rows affected.

SQL> INSERT INTO EMP_4(EMPNO, ENAME, JOB, DEPTNO) VALUES (23, 'BLAKE3', 'MANAGER', 30);

1 rows affected.

SQL> 
SQL> CREATE TABLE  EMP_6 (EMPNO NUMBER(4) NOT NULL, ENAME VARCHAR2(10), JOB VARCHAR2(9), SAL NUMBER ,DEPTNO NUMBER(2));

Succeed.

SQL> INSERT INTO EMP_6 VALUES (1, 'SMITH', 'CLERK',     9.000E126,    30);

1 rows affected.

SQL> INSERT INTO EMP_6 VALUES (2, 'SMITH2', 'CLERK',     9.000E126,    30);

1 rows affected.

SQL> INSERT INTO EMP_6 VALUES (1, 'SMITH', 'CLERK',     9.000E70,    30);

1 rows affected.

SQL> INSERT INTO EMP_6 VALUES (2, 'SMITH2', 'CLERK',     9.000E70,    30);

1 rows affected.

SQL> 
SQL> DROP TABLE IF EXISTS RQG_LIST_DATATYPE_034;

Succeed.

SQL> CREATE TABLE RQG_LIST_DATATYPE_034(ID INT NOT NULL ,C_INT INT ,C_INTEGER INTEGER NOT NULL );

Succeed.

SQL> INSERT INTO RQG_LIST_DATATYPE_034 VALUES(1,11,111);

1 rows affected.

SQL> INSERT INTO RQG_LIST_DATATYPE_034 VALUES(2,22,222);

1 rows affected.

SQL> INSERT INTO RQG_LIST_DATATYPE_034 VALUES(3,33,333);

1 rows affected.

SQL> 
SQL> set numwidth 10;


SQL> 
SQL> select stddev(SAL) from EMP;

STDDEV(SAL)
-----------
871.238669 

1 rows fetched.

SQL> select stddev_samp(SAL) from EMP;

STDDEV_SAMP(SAL)
----------------
871.238669      

1 rows fetched.

SQL> select stddev_pop(SAL) from EMP;

STDDEV_POP(SAL)
---------------
830.693477     

1 rows fetched.

SQL> 
SQL> select stddev(SAL) from EMP1;

STDDEV(SAL)
-----------
0          

1 rows fetched.

SQL> select stddev_samp(SAL) from EMP1;

STDDEV_SAMP(SAL)
----------------
                

1 rows fetched.

SQL> select stddev_pop(SAL) from EMP1;

STDDEV_POP(SAL)
---------------
0              

1 rows fetched.

SQL> 
SQL> select stddev(SAL) from EMP_2;

STDDEV(SAL)
-----------
0          

1 rows fetched.

SQL> select stddev_samp(SAL) from EMP_2;

STDDEV_SAMP(SAL)
----------------
                

1 rows fetched.

SQL> select stddev_pop(SAL) from EMP_2;

STDDEV_POP(SAL)
---------------
0              

1 rows fetched.

SQL> 
SQL> select stddev(SAL), stddev_pop(SAL), stddev_samp(SAL) from EMP;

STDDEV(SAL) STDDEV_POP(SAL) STDDEV_SAMP(SAL)
----------- --------------- ----------------
871.238669  830.693477      871.238669      

1 rows fetched.

SQL> select stddev(SAL), stddev_pop(SAL) from EMP_3;

STDDEV(SAL) STDDEV_POP(SAL)
----------- ---------------
707105.367  499999         

1 rows fetched.

SQL> select stddev_pop(SAL)  from EMP_3;

STDDEV_POP(SAL)
---------------
499999         

1 rows fetched.

SQL> 
SQL> select stddev(SAL) from EMP_4;

STDDEV(SAL)
-----------
6363.25392 

1 rows fetched.

SQL> select stddev_samp(SAL) from EMP_4;

STDDEV_SAMP(SAL)
----------------
6363.25392      

1 rows fetched.

SQL> select stddev_pop(SAL) from EMP_4;

STDDEV_POP(SAL)
---------------
4499.5         

1 rows fetched.

SQL> 
SQL> select stddev(C_INT) from RQG_LIST_DATATYPE_034;

STDDEV(C_INT)
-------------
11           

1 rows fetched.

SQL> select stddev_samp(C_INT) from RQG_LIST_DATATYPE_034;

STDDEV_SAMP(C_INT)
------------------
11                

1 rows fetched.

SQL> select stddev_pop(C_INT) from RQG_LIST_DATATYPE_034;

STDDEV_POP(C_INT)
-----------------
8.98146239       

1 rows fetched.

SQL> 
SQL> SELECT EMPNO, ENAME, SAL, JOB, STDDEV(SAL) OVER (ORDER BY JOB) "StdDev" FROM EMP;

EMPNO      ENAME      SAL        JOB       StdDev    
---------- ---------- ---------- --------- ----------
8          SCOTT      3000       ANALYST   0         
1          SMITH      800        CLERK     1123.98102
11         ADAMS      1500       CLERK     1123.98102
4          JONES      2975       MANAGER   941.862074
6          BLAKE      2850       MANAGER   941.862074
7          CLARK      2850       MANAGER   941.862074
9          KING       3000       PRESIDENT 896.404856
2          ALLEN      1600       SALESMAN  871.238669
3          WARD       1250       SALESMAN  871.238669
5          MARTIN     1250       SALESMAN  871.238669
10         TURNER     1500       SALESMAN  871.238669

11 rows fetched.

SQL> SELECT EMPNO, ENAME, SAL, JOB, STDDEV(SAL) OVER (PARTITION BY JOB ORDER BY ENAME) "StdDev1" FROM EMP WHERE DEPTNO = 30;

EMPNO      ENAME      SAL        JOB       StdDev1   
---------- ---------- ---------- --------- ----------
6          BLAKE      2850       MANAGER   0         
2          ALLEN      1600       SALESMAN  0         
5          MARTIN     1250       SALESMAN  247.487373
10         TURNER     1500       SALESMAN  180.277564
3          WARD       1250       SALESMAN  177.951304

5 rows fetched.

SQL> SELECT EMPNO, ENAME, SAL, JOB, STDDEV(SAL) OVER (PARTITION BY JOB ORDER BY ENAME) "StdDev2" FROM EMP;

EMPNO      ENAME      SAL        JOB       StdDev2   
---------- ---------- ---------- --------- ----------
8          SCOTT      3000       ANALYST   0         
11         ADAMS      1500       CLERK     0         
1          SMITH      800        CLERK     494.974747
6          BLAKE      2850       MANAGER   0         
7          CLARK      2850       MANAGER   0         
4          JONES      2975       MANAGER   72.1687836
9          KING       3000       PRESIDENT 0         
2          ALLEN      1600       SALESMAN  0         
5          MARTIN     1250       SALESMAN  247.487373
10         TURNER     1500       SALESMAN  180.277564
3          WARD       1250       SALESMAN  177.951304

11 rows fetched.

SQL> SELECT EMPNO, ENAME, SAL, JOB, STDDEV_POP(SAL) OVER (ORDER BY JOB) "StdDev_POP" FROM EMP;

EMPNO      ENAME      SAL        JOB       StdDev_POP
---------- ---------- ---------- --------- ----------
8          SCOTT      3000       ANALYST   0         
1          SMITH      800        CLERK     917.72666 
11         ADAMS      1500       CLERK     917.72666 
4          JONES      2975       MANAGER   859.798507
6          BLAKE      2850       MANAGER   859.798507
7          CLARK      2850       MANAGER   859.798507
9          KING       3000       PRESIDENT 829.909634
2          ALLEN      1600       SALESMAN  830.693477
3          WARD       1250       SALESMAN  830.693477
5          MARTIN     1250       SALESMAN  830.693477
10         TURNER     1500       SALESMAN  830.693477

11 rows fetched.

SQL> SELECT EMPNO, ENAME, SAL, JOB, STDDEV_SAMP(SAL) OVER (ORDER BY JOB) "StdDev_SAMP" FROM EMP;

EMPNO      ENAME      SAL        JOB       StdDev_SAMP
---------- ---------- ---------- --------- -----------
8          SCOTT      3000       ANALYST              
1          SMITH      800        CLERK     1123.98102 
11         ADAMS      1500       CLERK     1123.98102 
4          JONES      2975       MANAGER   941.862074 
6          BLAKE      2850       MANAGER   941.862074 
7          CLARK      2850       MANAGER   941.862074 
9          KING       3000       PRESIDENT 896.404856 
2          ALLEN      1600       SALESMAN  871.238669 
3          WARD       1250       SALESMAN  871.238669 
5          MARTIN     1250       SALESMAN  871.238669 
10         TURNER     1500       SALESMAN  871.238669 

11 rows fetched.

SQL> SELECT EMPNO, ENAME, SAL, JOB, STDDEV_POP(SAL) OVER (ORDER BY JOB) "StdDev_POP4" FROM EMP_4;

EMPNO      ENAME      SAL        JOB       StdDev_POP4
---------- ---------- ---------- --------- -----------
21         BLAKE2     1000       MANAGER   4499.5     
20         BLAKE1     9999       MANAGER   4499.5     
23         BLAKE3                MANAGER   4499.5     

3 rows fetched.

SQL> SELECT EMPNO, ENAME, SAL, JOB, STDDEV(SAL) OVER (ORDER BY JOB) "StdDev_4" FROM EMP_4;

EMPNO      ENAME      SAL        JOB       StdDev_4  
---------- ---------- ---------- --------- ----------
21         BLAKE2     1000       MANAGER   6363.25392
20         BLAKE1     9999       MANAGER   6363.25392
23         BLAKE3                MANAGER   6363.25392

3 rows fetched.

SQL> SELECT EMPNO, ENAME, SAL, JOB, STDDEV_SAMP(SAL) OVER (ORDER BY JOB) "StdDev_SMP4" FROM EMP_4;

EMPNO      ENAME      SAL        JOB       StdDev_SMP4
---------- ---------- ---------- --------- -----------
21         BLAKE2     1000       MANAGER   6363.25392 
20         BLAKE1     9999       MANAGER   6363.25392 
23         BLAKE3                MANAGER   6363.25392 

3 rows fetched.

SQL> 
SQL> SELECT EMPNO, ENAME, SAL, JOB, STDDEV(ENAME) OVER (ORDER BY JOB) "StdDev" FROM EMP;

CT-00636, Invalid number -- unexpected character
SQL> SELECT ENAME, SAL, JOB, STDDEV(SAL) OVER (ORDER BY JOB) "StdDev6" FROM EMP_6;

CT-01319, High-Precision numeric overflow
SQL> 
SQL> DROP TABLE EMP;

Succeed.

SQL> DROP TABLE EMP1;

Succeed.

SQL> DROP TABLE EMP_2;

Succeed.

SQL> DROP TABLE EMP_3;

Succeed.

SQL> DROP TABLE EMP_4;

Succeed.

SQL> DROP TABLE EMP_6;

Succeed.

SQL> DROP TABLE RQG_LIST_DATATYPE_034;

Succeed.

SQL> 


