
SQL> --@F:\CantianKernel\pkg\test\gs_regress\sql\gs_testsql.sql
SQL> @./sql/gs_testsql.sql

SQL> set scriptoutput on;

ON
SQL> select * from Dual;

DUMMY 
----- 
X     

1 rows fetched.

SQL> select * fRom duall;

select * fRom duall
CT-00708, [1:15]table or view SYS.DUALL does not exist
SQL> select * from dual 
SQL> where duAl.bb = 'bb';

select * from dual
where duAl.bb = 'bb'
CT-00601, [2:7]sql syntax error: invalid column name BB
SQL> insert into dual values('aaaaaaa');

insert into dual values('aaaaaaa')
CT-00635, size of column DUMMY is exceed limit(1)
SQL> set scriptoutput off;

OFF
SQL> 

SQL> spool off
