

SQL> BEGIN;

CT-00601, sql syntax error: key word expected
SQL> SYNCPOINT SP_B4_HEAP_INSERT WAIT start_insert;

Succeed.

SQL> SYNCPOINT SP_AFTER_HEAP_INSERT WAIT end_insert;

Succeed.

SQL> INSERT INTO TEST VALUES (3);

1 rows affected.

SQL> COMMIT;
Succeed.




