

SQL> --TEST insert ... select
SQL> 
SQL> --DTS2019012107224
SQL> drop table if exists INSERT_AAAA;

Succeed.

SQL> create table INSERT_AAAA(f1 int primary key, f2 varchar(20));

Succeed.

SQL> insert into INSERT_AAAA(f1,f2) values(1,'fddfsd;');

1 rows affected.

SQL> insert into INSERT_AAAA(f1,f2) values(2,'fdd;fsd');

1 rows affected.

SQL> insert into INSERT_AAAA(f1,f2) values(3,'fdd
  2 fsd');

1 rows affected.

SQL> insert into INSERT_AAAA(f1,f2) values(4,'fddf
  2 sd;');

1 rows affected.

SQL> insert into INSERT_AAAA(f1,f2) values(5,'fddfsd
  2 ;');

1 rows affected.

SQL> insert into INSERT_AAAA(f1,f2) values(6,'fdd
  2 ----;
  3 sss');

1 rows affected.

SQL> insert into INSERT_AAAA(f1,f2) values(7,'fdd
  2 
  3 xxx;  '  )  ;

1 rows affected.

SQL> select f2 from INSERT_AAAA order by f1;

F2                  
--------------------
fddfsd;             
fdd;fsd             
fdd
fsd             
fddf
sd;            
fddfsd
;            
fdd
----;
sss       
fdd

xxx;           

7 rows fetched.

SQL> insert into INSERT_AAAA(f1,f2) values(7,'fdd
  2 
  3 xxx;  '  )  on duplicate key update f2='fdf
  4 xxx
  5 
  6 1111';

2 rows affected.

SQL> select f2 from INSERT_AAAA where f1=7;

F2                  
--------------------
fdf
xxx

1111       

1 rows fetched.

SQL> 
SQL> drop table if exists test_temp_t1;

Succeed.

SQL> create table test_temp_t1(f1 int, f2 int);

Succeed.

SQL> insert into test_temp_t1(f1,f2) values(1,11);

1 rows affected.

SQL> insert into test_temp_t1(f1,f2) values(2,22);

1 rows affected.

SQL> commit;

Succeed.

SQL> 
SQL> drop table if exists test_temp_t2;

Succeed.

SQL> create table test_temp_t2(f1 int, f2 int);

Succeed.

SQL> 
SQL> insert into test_temp_t2 select * from test_temp_t1;

2 rows affected.

SQL> select * from test_temp_t2 order by f1 asc;

F1           F2          
------------ ------------
1            11          
2            22          

2 rows fetched.

SQL> rollback;

Succeed.

SQL> 
SQL> insert into test_temp_t2(f1,f2) select * from test_temp_t1;

2 rows affected.

SQL> select * from test_temp_t2 order by f1 asc;

F1           F2          
------------ ------------
1            11          
2            22          

2 rows fetched.

SQL> rollback;

Succeed.

SQL> 
SQL> insert into test_temp_t2(f2,f1) select * from test_temp_t1;

2 rows affected.

SQL> select * from test_temp_t2 order by f1 asc;

F1           F2          
------------ ------------
11           1           
22           2           

2 rows fetched.

SQL> rollback;

Succeed.

SQL> 
SQL> insert into test_temp_t2 select f2,f1 from test_temp_t1;

2 rows affected.

SQL> select * from test_temp_t2 order by f1 asc;

F1           F2          
------------ ------------
11           1           
22           2           

2 rows fetched.

SQL> rollback;

Succeed.

SQL> 
SQL> insert into test_temp_t2(f2,f1) (select f2,f1 from test_temp_t1);

2 rows affected.

SQL> select * from test_temp_t2 order by f1 asc;

F1           F2          
------------ ------------
1            11          
2            22          

2 rows fetched.

SQL> rollback;

Succeed.

SQL> 
SQL> insert into test_temp_t2(f1) select f1 from test_temp_t1;

2 rows affected.

SQL> select * from test_temp_t2 order by f1 asc;

F1           F2          
------------ ------------
1                        
2                        

2 rows fetched.

SQL> rollback;

Succeed.

SQL> 
SQL> drop table if exists test_temp_t3;

Succeed.

SQL> create table test_temp_t3(f1 char(10), f2 varchar(10));

Succeed.

SQL> insert into test_temp_t3(f1,f2) values('11', '22');

1 rows affected.

SQL> insert into test_temp_t2 select * from test_temp_t3;

1 rows affected.

SQL> commit;

Succeed.

SQL> select * from test_temp_t2 order by f1 asc;

F1           F2          
------------ ------------
11           22          

1 rows fetched.

SQL> 
SQL> insert into test_temp_t3(f1,f2) values('11aa', '22bb');

1 rows affected.

SQL> insert into test_temp_t2 select * from test_temp_t3;

CT-00636, Invalid number -- unexpected character
SQL> commit;

Succeed.

SQL> select * from test_temp_t2 order by f1 asc;

F1           F2          
------------ ------------
11           22          

1 rows fetched.

SQL> 
SQL> insert into test_temp_t3(f1,f2) values('11', '22'),('22', '33'),('33', '44');

3 rows affected.

SQL> 
SQL> insert into test_temp_t1(f1, f2, f1) values(1,2,3);

CT-00604, [1:34]Duplicate column name F1
SQL> 
SQL> drop table test_temp_t3;

Succeed.

SQL> drop table test_temp_t2;

Succeed.

SQL> drop table test_temp_t1;

Succeed.

SQL> 
SQL> DROP TABLE IF EXISTS T_INSERT_1;

Succeed.

SQL> CREATE TABLE T_INSERT_1(F1 INTEGER, F2 SERIAL PRIMARY KEY);

Succeed.

SQL> INSERT INTO T_INSERT_1 VALUES(NULL, NULL);

1 rows affected.

SQL> INSERT INTO T_INSERT_1(F1) VALUES(NULL);

1 rows affected.

SQL> INSERT INTO T_INSERT_1(F1) VALUES(NULL);

1 rows affected.

SQL> INSERT INTO T_INSERT_1(F1) VALUES(NULL);

1 rows affected.

SQL> INSERT INTO T_INSERT_1(F1) VALUES(NULL);

1 rows affected.

SQL> INSERT INTO T_INSERT_1(F1) VALUES(NULL);

1 rows affected.

SQL> COMMIT;

Succeed.

SQL> SELECT * FROM T_INSERT_1 ORDER BY F2;

F1           F2                  
------------ --------------------
             1                   
             2                   
             3                   
             4                   
             5                   
             6                   

6 rows fetched.

SQL> DROP TABLE IF EXISTS T_INSERT_2;

Succeed.

SQL> CREATE TABLE T_INSERT_2(F1 INTEGER, F2 INTEGER NOT NULL);

Succeed.

SQL> INSERT INTO T_INSERT_2 VALUES(NULL, NULL);

CT-00620, Can't set NULL value for column 'F2'
SQL> COMMIT;

Succeed.

SQL> DROP TABLE T_INSERT_1;

Succeed.

SQL> DROP TABLE T_INSERT_2;

Succeed.

SQL> 
SQL> --DTS2018010914696 
SQL> DROP TABLE IF EXISTS T_INSERT_3;

Succeed.

SQL> CREATE TABLE T_INSERT_3(
  2 ID INT,
  3 C_SERIAL INT,
  4 C_DOUBLE INT,
  5 C_FLOAT FLOAT,
  6 C_INT INT,
  7 C_INTEGER INTEGER, C_BIGINT INT, C_REAL REAL, C_NUMERIC INT, C_NUMERIC_PARM INT, C_NUMBER INT,  C_NUMBER_PARM INT, C_DECIMAL DECIMAL, C_DECIMAL_PARM DECIMAL(5,2), C_BOOL CHAR(1),
  8 C_CLOB VARCHAR(20), C_BLOB VARCHAR(20),
  9 C_CHAR CHAR, C_CHAR1 CHAR(1), C_CHAR20 CHAR(20), C_CHAR4000 CHAR(400),
 10 C_VARCHAR VARCHAR(20), C_VARCHAR1 VARCHAR(1), C_VARCHAR20 VARCHAR(20), C_VARCHAR4000 VARCHAR(4000),
 11 C_VARCHAR2 VARCHAR(20), C_VARCHAR21 VARCHAR(1), C_VARCHAR220 VARCHAR(20), C_VARCHAR24000 VARCHAR(4000),
 12 C_RAW VARCHAR(20), C_RAW1 VARCHAR(1), C_RAW20 VARCHAR(20), C_RAW4000 VARCHAR(4000),
 13 C_BINARY VARCHAR(20), C_BINARY1 VARCHAR(1), C_BINARY20 VARCHAR(20), C_BINARY4000 VARCHAR(4000),
 14 C_VARBINARY VARCHAR(20), C_VARBINARY1 VARCHAR(1), C_VARBINARY20 VARCHAR(20), C_VARBINARY4000 VARCHAR(4000),
 15 C_DATE DATE, C_DATETIME DATE,
 16 C_TIMESTAMP TIMESTAMP, C_TIMESTAMP3 TIMESTAMP(3), C_TIMESTAMP6 TIMESTAMP(6),
 17 C_TIMESTAMP_WTZ TIMESTAMP WITH TIME ZONE, C_TIMESTAMP_WTZ3 TIMESTAMP(3) WITH TIME ZONE, C_TIMESTAMP_WTZ6 TIMESTAMP(6) WITH TIME ZONE,
 18 C_INTERVAL VARCHAR(20),
 19 C_BYTEA VARCHAR(20)
 20 );

Succeed.

SQL> 
SQL> -- insert rows with length larger than 8000
SQL> INSERT INTO T_INSERT_3 VALUES( -554172411, -1727922176, 1494155264, 1.1, -1644429312, 733741056, 1650917376, -1717305344, -1141374976, 1827471360, -357040128, -1113063424, 7.7, 8.8, 'w', 'mtvycnfqdrskgb', 'imtvyc', 'b', 'n', 'bimtvycnfq', 
  2 'ebimtvycnfqdrskgbwnqbskwispmigmletsrefwtgrdhqjjsprxkdlzoyowmemfovfwqjenpnhgzhpbpccxgszfmsqswhgujvnnlimosnliedschtqfhcwznmcajvvpduoodsvipalmnyrtgulyoacyebldejfehfhqsavtirtgwmbejlgzzbpzsconjmaqcwhbbhpumkxrbarlzgdgrecougnynybyjmfeoiyedyedmmytahcwoumttgkchpodlgxfvluzlafrfpgiidufrjbwgmgmsigbuemqcaqsuloqhjtpmgqeshtwadyktioolziytauxiihzoupnmloioyqwurghiyprhvnbnhqjliafgjmobdflujxdajb', 
  3 'uebimtvycnfqd', 'p', 'luebimtv', 'sdluebimtvycnfqdrskgbwnqbskwispmigmletsrefwtgrdhqjjsprxkdlzoyowmemfovfwqjenpnhgzhpbpccxgszfmsqswhgujvnnlimosnliedschtqfhcwznmcajvvpduoodsvipalmnyrtgulyoacyebldejfehfhqsavtirtgwmbejlgzzbpzsconjmaqcwhbbhpumkxrbarlzgdgrecougnynybyjmfeoiyedyedmmytahcwoumttgkchpodlgxfvluzlafrfpgiidufrjbwgmgmsigbuemqcaqsuloqhjtpmgqeshtwadyktioolziytauxiihzoupnmloioyqwurghiyprhvnbnhqjliafgjmobdflujxdajbgxqmxtfgovhyybjyvfntiocezbfvuweiityinlulfnwzeabdejhdxhknpwekdsqhbhgvvhxpmuwphakyvwtvnwzixhloriasfsqecfpyrtpoeccruztispljicgtxuamtpnokdazctnuzgwiqrguyitjdmpcufwavevjmttvaeqijozuncbcmchnwmmekpeqcwxwqamqyjzqtxansliuikkfwycbsdvtuoiugiocikjtindqgfhmdlqmxbzmtheheammvawyksywyfqgabpgnbrammklgzjdaerslshyplvsgkgcmqhcfvnlagfzvjtqcmltwisfkepivwnumwfmvrmhkvpkqmrdjuawmurmbrscsjdmztgznwgaaexllrdllrkduridmtvjxghpsqwendqweklkqyxnpofuiaufhhbmmbzjlhqbqrsvucuspmrffitbdzzetoldoqfcmlrpxytazdyrwflaczjccltpxaimqvukvxlpdzhgebdwhuiiqbwgwyemmoltydvibmnzvvahvqnwvzskxfjixnmhdsbwkmmhabueopmrcdjgwdxnwertzicpcfpmoamuuzzqmtmnxhjtitbvntzegubjyfptwyhhptgxlmtxrihpjcqsnusdluebimtvycnfqdrskgbwnqbskwispmigmletsrefwtgrdhqjjsprxkdlzoyowmemfovfwqjenpnhgzhpbpccxgszfmsqswhgujvnnlimosnliedschtqfhcwznmcajvvpduoodsvipalmnyrtgulyoacyebldejfehfhqsavtirtgwmbejlgzzbpzsconjmaqcwhbbhpumkxrbarlzgdgrecougnynybyjmfeoiyedyedmmytahcwoumttgkchpodlgxfvluzlafrfpgiidufrjbwgmgmsigbuemqcaqsuloqhjtpmgqeshtwadyktioolziytauxiihzoupnmloioyqwurghiyprhvnbnhqjliafgjmobdflujxdajbgxqmxtfgovhyybjyvfntiocezbfvuweiityinlulfnwzeabdejhdxhknpwekdsqhbhgvvhxpmuwphakyvwtvnwzixhloriasfsqecfpyrtpoeccruztispljicgtxuamtpnokdazctnuzgwiqrguyitjdmpcufwavevjmttvaeqijozuncbcmchnwmmekpeqcwxwqamqyjzqtxansliuikkfwycbsdvtuoiugiocikjtindqgfhmdlqmxbzmtheheammvawyksywyfqgabpgnbrammklgzjdaerslshyplvsgkgcmqhcfvnlagfzvjtqcmltwisfkepivwnumwfmvrmhkvpkqmrdjuawmurmbrscsjdmztgznwgaaexllrdllrkduridmtvjxghpsqwendqweklkqyxnpofuiaufhhbmmbzjlhqbqrsvucuspmrffitbdzzetoldoqfcmlrpxytazdyrwflaczjccltpxaimqvukvxlpdzhgebdwhuiiqbwgwyemmoltydvibmnzvvahvqnwvzskxfjixnmhdsbwkmmhabueopmrcdjgwdxnwertzicpcfpmoamuuzzqmtmnxhjtitbvntzegubjyfptwyhhptgxlmtxrihpjcqsnudluebimtvycnfqdrskgbwnqbskwispmigmletsrefwtgrdhqjjsprxkdlzoyowmemfovfwqjenpnhgzhpbpccxgszfmsqsw',
  4 'sdluebimtvycn', 'k', 'tsdl', 'zztsdluebimtvycnfqdrskgbwnqbskwispmigmletsrefwtgrdhqjjsprxkdlzoyowmemfovfwqjenpnhgzhpbpccxgszfmsqswhgujvnnlimosnliedschtqfhcwznmcajvvpduoodsvipalmnyrtgulyoacyebldejfehfhqsavtirtgwmbejlgzzbpzsconjmaqcwhbbhpumkxrbarlzgdgrecougnynybyjmfeoiyedyedmmytahcwoumttgkchpodlgxfvluzlafrfpgiidufrjbwgmgmsigbuemqcaqsuloqhjtpmgqeshtwadyktioolziytauxiihzoupnmloioyqwurghiyprhvnbnhqjliafgjmobdflujxdajbgxqmxtfgovhyybjyvfntiocezbfvuweiityinlulfnwzeabdejhdxhknpwekdsqhbhgvvhxpmuwphakyvwtvnwzixhloriasfsqecfpyrtpoeccruztispljicgtxuamtpnokdazctnuzgwiqrguyitjdmpcufwavevjmttvaeqijozuncbcmchnwmmekpeqcwxwqamqyjzqtxansliuikkfwycbsdvtuoiugiocikjtindqgfhmdlqmxbzmtheheammvawyksywyfqgabpgnbrammklgzjdaerslshyplvsgkgcmqhcfvnlagfzvjtqcmltwisfkepivwnumwfmvrmhkvpkqmrdjuawmurmbrscsjdmztgznwgaaexllrdllrkduridmtvjxghpsqwendqweklkqyxnpofuiaufhhbmmbzjlhqbqrsvucuspmrffitbdzzetoldoqfcmlrpxytazdyrwflaczjccltpxaimqvukvxlpdzhgebdwhuiiqbwgwyemmoltydvibmnzvvahvqnwvzskxfjixnmhdsbwkmmhabueopmrcdjgwdxnwertzicpcfpmoamuuzzqmtmnxhjtitbvntzegubjyfptwyhhptgxlmtxrihpjcqzztsdluebimtvycnfqdrskgbwnqbskwispmigmletsrefwtgrdhqjjsprxkdlzoyowmemfovfwqjenpnhgzhpbpccxgszfmsqswhgujvnnlimosnliedschtqfhcwznmcajvvpduoodsvipalmnyrtgulyoacyebldejfehfhqsavtirtgwmbejlgzzbpzsconjmaqcwhbbhpumkxrbarlzgdgrecougnynybyjmfeoiyedyedmmytahcwoumttgkchpodlgxfvluzlafrfpgiidufrjbwgmgmsigbuemqcaqsuloqhjtpmgqeshtwadyktioolziytauxiihzoupnmloioyqwurghiyprhvnbnhqjliafgjmobdflujxdajbgxqmxtfgovhyybjyvfntiocezbfvuweiityinlulfnwzeabdejhdxhknpwekdsqhbhgvvhxpmuwphakyvwtvnwzixhloriasfsqecfpyrtpoeccruztispljicgtxuamtpnokdazctnuzgwiqrguyitjdmpcufwavevjmttvaeqijozuncbcmchnwmmekpeqcwxwqamqyjzqtxansliuikkfwycbsdvtuoiugiocikjtindqgfhmdlqmxbzmtheheammvawyksywyfqgabpgnbrammklgzjdaerslshyplvsgkgcmqhcfvnlagfzvjtqcmltwisfkepivwnumwfmvrmhkvpkqmrdjuawmurmbrscsjdmztgznwgaaexllrdllrkduridmtvjxghpsqwendqweklkqyxnpofuiaufhhbmmbzjlhqbqrsvucuspmrffitbdzzetoldoqfcmlrpxytazdyrwflaczjccltpxaimqvukvxlpdzhgebdwhuiiqbwgwyemmoltydvibmnzvvahvqnwvzskxfjixnmhdsbwkmmhabueopmrcdjgwdxnwertzicpcfpmoamuuzzqmtmnxhjtitbvntzegubjyfptwyhhptgxlmtxrihpjcqzztsdluebimtvycnfqdrskgbwnqbskwispmigmletsrefwtgrdhqjjsprxkdlzoyowmemfovfwqjenpnhgzhpbpccxgszfmsqswhgujvnnlimosnliedschtqfhcwznmcajvvpduoodsvipalmnyrtgulyoacyebldejfehfhqsavtirtgwmbejlgzzbpzsconjmaqcwhbbhpumkxrbarlzgdgrecougnynybyjmfeoiyedyedmmytahcwoumttgkchpodlgxfvluzlafrfpgiidufrjbwgmgmsigbuemqcaqsuloqhjtpmgqeshtwadyktioolziytauxiihzoupnmloioyqwurghiyprhvnbnhqjliafgjmobdflujxdajbgxqmxtfgovhyybjyvfntiocezbfvuweiityinlulfnwzeabdejhdxhknpwekdsqhbhgvvhxpmuwphakyvwtvnwzixhloriasfsqecfpyrtpoeccruztispljicgtxuamtpnokdazctnuzgwiqrguyitjdmpcufwavevjmttvaeqijozuncbcmchnwmmekpeqcwxwqamqyjzqtxansliuikkfwycbsdvtuoiugiocikjtindqgfhmdlqmxbzmtheheammvawyksywyfqgabpgnbrammklgzjdaerslshyplvsgkgcmqhcfvnlagfzvjtqcmltwisfkepivwnumwfmvrmhkvpkqmrdjuawmurmbrscsjdmztgznwgaaexllrdllrkduridmtvjxghpsqwendqweklkqyxnpofuiaufhhbmmbzjlhqbqrsvucuspmrffitbdzzetoldoqfcmlrpxytazdyrwflaczjccltpxaimqvukvxlpdzhgebdwhuiiqbwgwyemmoltydvibmnzvvahvqnwvzskxfjixnmhdsbwkmmhabueopmrcdjgwdxnwertzicpcfpmoamuuzzqmtmnxhjtitbvntzegubjyfptwyhhptgxlmtxrihpjcqztsdluebimtvycnfqdrskgbwnqbskwispmigmletsrefwtgrdhqjjsprxkdlzoyowmemfovfwqjenpnhgzhpbpccxgszfmsqswhgujvnnlimosnliedschtqfhcwznmcajvvpduoodsvipalmnyrtgulyoacyebldejfehfhqsavtirtgwmbejlgzzbpzsconjmaqcwhbbhpumkxrbarlzgdgrecougnynybyjmfeoiyedyedmmytahcwoumttgkchpodlgxfvluzlafrfpgiidufrjbwg',
  5 'zztsdluebimtvycnfqd', 'k', 'bzzts', 'zfbzztsdluebimtvycnfqdrskgbwnqbskwispmigmletsrefwtgrdhqjjsprxkdlzoyowmemfovfwqjenpnhgzhpbpccxgszfmsqswhgujvnnlimosnliedschtqfhcwznmcajvvpduoodsvipalmnyrtgulyoacyebldejfehfhqsavtirtgwmbejlgzzbpzsconjmaqcwhbbhpumkxrbarlzgdgrecougnynybyjmfeoiyedyedmmytahcwoumttgkchpodlgxfvluzlafrfpgiidufrjbwgmgmsigbuemqcaqsuloqhjtpmgqeshtwadyktioolziytauxiihzoupnmloioyqwurghiyprhvnbnhqjliafgjmobdflujxdajbgxqmxtfgovhyybjyvfntiocezbfvuweiityinlulfnwzeabdejhdxhknpwekdsqhbhgvvhxpmuwphakyvwtvnwzixhloriasfsqecfpyrtpoeccruztispljicgtxuamtpnokdazctnuzgwiqrguyitjdmpcufwavevjmttvaeqijozuncbcmchnwmmekpeqcwxwqamqyjzqtxansliuikkfwycbsdvtuoiugiocikjtindqgfhmdlqmxbzmtheheammvawyksywyfqgabpgnbrammklgzjdaerslshyplvsgkgcmqhcfvnlagfzvjtqcmltwisfkepivwnumwfmvrmhkvpkqmrdjuawmurmbrscsjdmztgznwgaaexllrdllrkduridmtvjxghpsqwendqweklkqyxnpofuiaufhhbmmbzjlhqbqrsvucuspmrffitbdzzetoldoqfcmlrpxytazdyrwflaczjccltpxaimqvukvxlpdzhgebdwhuiiqbwgwyemmoltydvibmnzvvahvqnwvzskxfjixnmhdsbwkmmhabueopmrcdjgwdxnwertzicpcfpmoamuuzzqmtmnxhjtitbvntzegubjyfptwyhhptgxlmtxrihpzfbzztsdluebimtvycnfqdrskgbwnqbskwispmigmletsrefwtgrdhqjjsprxkdlzoyowmemfovfwqjenpnhgzhpbpccxgszfmsqswhgujvnnlimosnliedschtqfhcwznmcajvvpduoodsvipalmnyrtgulyoacyebldejfehfhqsavtirtgwmbejlgzzbpzsconjmaqcwhbbhpumkxrbarlzgdgrecougnynybyjmfeoiyedyedmmytahcwoumttgkchpodlgxfvluzlafrfpgiidufrjbwgmgmsigbuemqcaqsuloqhjtpmgqeshtwadyktioolziytauxiihzoupnmloioyqwurghiyprhvnbnhqjliafgjmobdflujxdajbgxqmxtfgovhyybjyvfntiocezbfvuweiityinlulfnwzeabdejhdxhknpwekdsqhbhgvvhxpmuwphakyvwtvnwzixhloriasfsqecfpyrtpoeccruztispljicgtxuamtpnokdazctnuzgwiqrguyitjdmpcufwavevjmttvaeqijozuncbcmchnwmmekpeqcwxwqamqyjzqtxansliuikkfwycbsdvtuoiugiocikjtindqgfhmdlqmxbzmtheheammvawyksywyfqgabpgnbrammklgzjdaerslshyplvsgkgcmqhcfvnlagfzvjtqcmltwisfkepivwnumwfmvrmhkvpkqmrdjuawmurmbrscsjdmztgznwgaaexllrdllrkduridmtvjxghpsqwendqweklkqyxnpofuiaufhhbmmbzjlhqbqrsvucuspmrffitbdzzetoldoqfcmlrpxytazdyrwflaczjccltpxaimqvukvxlpdzhgebdwhuiiqbwgwyemmoltydvibmnzvvahvqnwvzskxfjixnmhdsbwkmmhabueopmrcdjgwdxnwertzicpcfpmoamuuzzqmtmnxhjtitbvntzegubjyfptwyhhptgxlmtxrihpzfbzztsdluebimtvycnfqdrskgbwnqbskwispmigmletsrefwtgrdhqjjsprxkdlzoyowmemfovfwqjenpnhgzhpbpccxgszfmsqswhgujvnnlimosnliedschtqfhcwznmcajvvpduoodsvipalmnyrtgulyoacyebldejfehfhqsavtirtgwmbejlgzzbpzsconjmaqcwhbbhpumkxrbarlzgdgrecougnynybyjmfeoiyedyedmmytahcwoumttgkchpodlgxfvluzlafrfpgiidufrjbwgmgmsigbuemqcaqsuloqhjtpmgqeshtwadyktioolziytauxiihzoupnmloioyqwurghiyprhvnbnhqjliafgjmobdflujxdajbgxqmxtfgovhyybjyvfntiocezbfvuweiityinlulfnwzeabdejhdxhknpwekdsqhbhgvvhxpmuwphakyvwtvnwzixhloriasfsqecfpyrtpoeccruztispljicgtxuamtpnokdazctnuzgwiqrguyitjdmpcufwavevjmttvaeqijozuncbcmchnwmmekpeqcwxwqamqyjzqtxansliuikkfwycbsdvtuoiugiocikjtindqgfhmdlqmxbzmtheheammvawyksywyfqgabpgnbrammklgzjdaerslshyplvsgkgcmqhcfvnlagfzvjtqcmltwisfkepivwnumwfmvrmhkvpkqmrdjuawmurmbrscsjdmztgznwgaaexllrdllrkduridmtvjxghpsqwendqweklkqyxnpofuiaufhhbmmbzjlhqbqrsvucuspmrffitbdzzetoldoqfcmlrpxytazdyrwflaczjccltpxaimqvukvxlpdzhgebdwhuiiqbwgwyemmoltydvibmnzvvahvqnwvzskxfjixnmhdsbwkmmhabueopmrcdjgwdxnwertzicpcfpmoamuuzzqmtmnxhjtitbvntzegubjyfptwyhhptgxlmtxrihpfbzztsdluebimtvycnfqdrskgbwnqbskwispmigmletsrefwtgrdhqjjsprxkdlzoyowmemfovfwqjenpnhgzhpbpccxgszfmsqswhgujvnnlimosnliedschtqfhcwznmcajvvpduoodsvipalmnyrtgulyoacyebldejfehfhqsavtirtgwmbejlgzzbpzsconjmaqcwhbbhpumkxrbarlzgdgrecougnynybyjmfeoiyedyedmmytahcwoumttgkchpodlgxfvluzlafrfpgiidufrjbwgmgmsigbuemqcaqsuloqhjtpmgqeshtwadyktioolziytauxiihzoupnmloioyqwurghiyprhvnbnhqjliafgjmobdflujxd', 
  6 'z', 'd', 'xzfbz', 'ajxzfbzztsdluebimtvycnfqdrskgbwnqbskwispmigmletsrefwtgrdhqjjsprxkdlzoyowmemfovfwqjenpnhgzhpbpccxgszfmsqswhgujvnnlimosnliedschtqfhcwznmcajvvpduoodsvipalmnyrtgulyoacyebldejfehfhqsavtirtgwmbejlgzzbpzsconjmaqcwhbbhpumkxrbarlzgdgrecougnynybyjmfeoiyedyedmmytahcwoumttgkchpodlgxfvluzlafrfpgiidufrjbwgmgmsigbuemqcaqsuloqhjtpmgqeshtwadyktioolziytauxiihzoupnmloioyqwurghiyprhvnbnhqjliafgjmobdflujxdajbgxqmxtfgovhyybjyvfntiocezbfvuweiityinlulfnwzeabdejhdxhknpwekdsqhbhgvvhxpmuwphakyvwtvnwzixhloriasfsqecfpyrtpoeccruztispljicgtxuamtpnokdazctnuzgwiqrguyitjdmpcufwavevjmttvaeqijozuncbcmchnwmmekpeqcwxwqamqyjzqtxansliuikkfwycbsdvtuoiugiocikjtindqgfhmdlqmxbzmtheheammvawyksywyfqgabpgnbrammklgzjdaerslshyplvsgkgcmqhcfvnlagfzvjtqcmltwisfkepivwnumwfmvrmhkvpkqmrdjuawmurmbrscsjdmztgznwgaaexllrdllrkduridmtvjxghpsqwendqweklkqyxnpofuiaufhhbmmbzjlhqbqrsvucuspmrffitbdzzetoldoqfcmlrpxytazdyrwflaczjccltpxaimqvukvxlpdzhgebdwhuiiqbwgwyemmoltydvibmnzvvahvqnwvzskxfjixnmhdsbwkmmhabueopmrcdjgwdxnwertzicpcfpmoamuuzzqmtmnxhjtitbvntzegubjyfptwyhhptgxlmtxrajxzfbzztsdluebimtvycnfqdrskgbwnqbskwispmigmletsrefwtgrdhqjjsprxkdlzoyowmemfovfwqjenpnhgzhpbpccxgszfmsqswhgujvnnlimosnliedschtqfhcwznmcajvvpduoodsvipalmnyrtgulyoacyebldejfehfhqsavtirtgwmbejlgzzbpzsconjmaqcwhbbhpumkxrbarlzgdgrecougnynybyjmfeoiyedyedmmytahcwoumttgkchpodlgxfvluzlafrfpgiidufrjbwgmgmsigbuemqcaqsuloqhjtpmgqeshtwadyktioolziytauxiihzoupnmloioyqwurghiyprhvnbnhqjliafgjmobdflujxdajbgxqmxtfgovhyybjyvfntiocezbfvuweiityinlulfnwzeabdejhdxhknpwekdsqhbhgvvhxpmuwphakyvwtvnwzixhloriasfsqecfpyrtpoeccruztispljicgtxuamtpnokdazctnuzgwiqrguyitjdmpcufwavevjmttvaeqijozuncbcmchnwmmekpeqcwxwqamqyjzqtxansliuikkfwycbsdvtuoiugiocikjtindqgfhmdlqmxbzmtheheammvawyksywyfqgabpgnbrammklgzjdaerslshyplvsgkgcmqhcfvnlagfzvjtqcmltwisfkepivwnumwfmvrmhkvpkqmrdjuawmurmbrscsjdmztgznwgaaexllrdllrkduridmtvjxghpsqwendqweklkqyxnpofuiaufhhbmmbzjlhqbqrsvucuspmrffitbdzzetoldoqfcmlrpxytazdyrwflaczjccltpxaimqvukvxlpdzhgebdwhuiiqbwgwyemmoltydvibmnzvvahvqnwvzskxfjixnmhdsbwkmmhabueopmrcdjgwdxnwertzicpcfpmoamuuzzqmtmnxhjtitbvntzegubjyfptwyhhptgxlmtxrajxzfbzztsdluebimtvycnfqdrskgbwnqbskwispmigmletsrefwtgrdhqjjsprxkdlzoyowmemfovfwqjenpnhgzhpbpccxgszfmsqswhgujvnnlimosnliedschtqfhcwznmcajvvpduoodsvipalmnyrtgulyoacyebldejfehfhqsavtirtgwmbejlgzzbpzsconjmaqcwhbbhpumkxrbarlzgdgrecougnynybyjmfeoiyedyedmmytahcwoumttgkchpodlgxfvluzlafrfpgiidufrjbwgmgmsigbuemqcaqsuloqhjtpmgqeshtwadyktioolziytauxiihzoupnmloioyqwurghiyprhvnbnhqjliafgjmobdflujxdajbgxqmxtfgovhyybjyvfntiocezbfvuweiityinlulfnwzeabdejhdxhknpwekdsqhbhgvvhxpmuwphakyvwtvnwzixhloriasfsqecfpyrtpoeccruztispljicgtxuamtpnokdazctnuzgwiqrguyitjdmpcufwavevjmttvaeqijozuncbcmchnwmmekpeqcwxwqamqyjzqtxansliuikkfwycbsdvtuoiugiocikjtindqgfhmdlqmxbzmtheheammvawyksywyfqgabpgnbrammklgzjdaerslshyplvsgkgcmqhcfvnlagfzvjtqcmltwisfkepivwnumwfmvrmhkvpkqmrdjuawmurmbrscsjdmztgznwgaaexllrdllrkduridmtvjxghpsqwendqweklkqyxnpofuiaufhhbmmbzjlhqbqrsvucuspmrffitbdzzetoldoqfcmlrpxytazdyrwflaczjccltpxaimqvukvxlpdzhgebdwhuiiqbwgwyemmoltydvibmnzvvahvqnwvzskxfjixnmhdsbwkmmhabueopmrcdjgwdxnwertzicpcfpmoamuuzzqmtmnxhjtitbvntzegubjyfptwyhhptgxlmtxrjxzfbzztsdluebimtvycnfqdrskgbwnqbskwispmigmletsrefwtgrdhqjjsprxkdlzoyowmemfovfwqjenpnhgzhpbpccxgszfmsqswhgujvnnlimosnliedschtqfhcwznmcajvvpduoodsvipalmnyrtgulyoacyebldejfehfhqsavtirtgwmbejlgzzbpzsconjmaqcwhbbhpumkxrbarlzgdgrecougnynybyjmfeoiyedyedmmytahcwoumttgkchpodlgxfvluzlafrfpgiidufrjbwgmgmsigbuemqcaqsuloqhjtpmgqeshtwadyktioolziytauxiihzoupnmloioyqwurghiyprhvnbnhqjliafgjmobdflujxdajbgxqmxtfgovhyybjyvfntiocezbfvuweiityinlulfnwzeabdejhdxhknpwekdsqhbhgvvhxpmuwphakyvwtvnwzixhloriasfsqecfpyrtpoeccruztispljicgtxuamtpnokdazctnuzgwiqrguyitjdmpcufwavevjmttvaeqijozuncbcmchnwmmekpeqcwxwqamqyjzqtxansliuikkfwycbsdvtuoiugiocikjtindqgfhmdlqmxbzmtheheammvawyksywyfqgabpgnbrammklgzjdaerslshyplvsgkgcmqhcfvnlagfzvjtqcmltwisfkepivwnumwfmvrmhkvpkqmrdjuawmurmbrscsjdmztgznwgaaexllrdllrkduridmtvjxghpsqwendqweklkqyxnpofuiaufhhbmmbzjlhqbqrsvucuspmrffitbdzzetoldoqfcmlrpxytazdyrwflaczjccltpxaimqvukvxlpdzhgebdwhuiiq', 
  7 'a', 'i', 'majxzfbzztsdluebimtv', 'mdmajxzfbzztsdluebimtvycnfqdrskgbwnqbskwispmigmletsrefwtgrdhqjjsprxkdlzoyowmemfovfwqjenpnhgzhpbpccxgszfmsqswhgujvnnlimosnliedschtqfhcwznmcajvvpduoodsvipalmnyrtgulyoacyebldejfehfhqsavtirtgwmbejlgzzbpzsconjmaqcwhbbhpumkxrbarlzgdgrecougnynybyjmfeoiyedyedmmytahcwoumttgkchpodlgxfvluzlafrfpgiidufrjbwgmgmsigbuemqcaqsuloqhjtpmgqeshtwadyktioolziytauxiihzoupnmloioyqwurghiyprhvnbnhqjliafgjmobdflujxdajbgxqmxtfgovhyybjyvfntiocezbfvuweiityinlulfnwzeabdejhdxhknpwekdsqhbhgvvhxpmuwphakyvwtvnwzixhloriasfsqecfpyrtpoeccruztispljicgtxuamtpnokdazctnuzgwiqrguyitjdmpcufwavevjmttvaeqijozuncbcmchnwmmekpeqcwxwqamqyjzqtxansliuikkfwycbsdvtuoiugiocikjtindqgfhmdlqmxbzmtheheammvawyksywyfqgabpgnbrammklgzjdaerslshyplvsgkgcmqhcfvnlagfzvjtqcmltwisfkepivwnumwfmvrmhkvpkqmrdjuawmurmbrscsjdmztgznwgaaexllrdllrkduridmtvjxghpsqwendqweklkqyxnpofuiaufhhbmmbzjlhqbqrsvucuspmrffitbdzzetoldoqfcmlrpxytazdyrwflaczjccltpxaimqvukvxlpdzhgebdwhuiiqbwgwyemmoltydvibmnzvvahvqnwvzskxfjixnmhdsbwkmmhabueopmrcdjgwdxnwertzicpcfpmoamuuzzqmtmnxhjtitbvntzegubjyfptwyhhptgxlmmdmajxzfbzztsdluebimtvycnfqdrskgbwnqbskwispmigmletsrefwtgrdhqjjsprxkdlzoyowmemfovfwqjenpnhgzhpbpccxgszfmsqswhgujvnnlimosnliedschtqfhcwznmcajvvpduoodsvipalmnyrtgulyoacyebldejfehfhqsavtirtgwmbejlgzzbpzsconjmaqcwhbbhpumkxrbarlzgdgrecougnynybyjmfeoiyedyedmmytahcwoumttgkchpodlgxfvluzlafrfpgiidufrjbwgmgmsigbuemqcaqsuloqhjtpmgqeshtwadyktioolziytauxiihzoupnmloioyqwurghiyprhvnbnhqjliafgjmobdflujxdajbgxqmxtfgovhyybjyvfntiocezbfvuweiityinlulfnwzeabdejhdxhknpwekdsqhbhgvvhxpmuwphakyvwtvnwzixhloriasfsqecfpyrtpoeccruztispljicgtxuamtpnokdazctnuzgwiqrguyitjdmpcufwavevjmttvaeqijozuncbcmchnwmmekpeqcwxwqamqyjzqtxansliuikkfwycbsdvtuoiugiocikjtindqgfhmdlqmxbzmtheheammvawyksywyfqgabpgnbrammklgzjdaerslshyplvsgkgcmqhcfvnlagfzvjtqcmltwisfkepivwnumwfmvrmhkvpkqmrdjuawmurmbrscsjdmztgznwgaaexllrdllrkduridmtvjxghpsqwendqweklkqyxnpofuiaufhhbmmbzjlhqbqrsvucuspmrffitbdzzetoldoqfcmlrpxytazdyrwflaczjccltpxaimqvukvxlpdzhgebdwhuiiqbwgwyemmoltydvibmnzvvahvqnwvzskxfjixnmhdsbwkmmhabueopmrcdjgwdxnwertzicpcfpmoamuuzzqmtmnxhjtitbvntzegubjyfptwyhhptgxlmmdmajxzfbzztsdluebimtvycnfqdrskgbwnqbskwispmigmletsrefwtgrdhqjjsprxkdlzoyowmemfovfwqjenpnhgzhpbpccxgszfmsqswhgujvnnlimosnliedschtqfhcwznmcajvvpduoodsvipalmnyrtgulyoacyebldejfehfhqsavtirtgwmbejlgzzbpzsconjmaqcwhbbhpumkxrbarlzgdgrecougnynybyjmfeoiyedyedmmytahcwoumttgkchpodlgxfvluzlafrfpgiidufrjbwgmgmsigbuemqcaqsuloqhjtpmgqeshtwadyktioolziytauxiihzoupnmloioyqwurghiyprhvnbnhqjliafgjmobdflujxdajbgxqmxtfgovhyybjyvfntiocezbfvuweiityinlulfnwzeabdejhdxhknpwekdsqhbhgvvhxpmuwphakyvwtvnwzixhloriasfsqecfpyrtpoeccruztispljicgtxuamtpnokdazctnuzgwiqrguyitjdmpcufwavevjmttvaeqijozuncbcmchnwmmekpeqcwxwqamqyjzqtxansliuikkfwycbsdvtuoiugiocikjtindqgfhmdlqmxbzmtheheammvawyksywyfqgabpgnbrammklgzjdaerslshyplvsgkgcmqhcfvnlagfzvjtqcmltwisfkepivwnumwfmvrmhkvpkqmrdjuawmurmbrscsjdmztgznwgaaexllrdllrkduridmtvjxghpsqwendqweklkqyxnpofuiaufhhbmmbzjlhqbqrsvucuspmrffitbdzzetoldoqfcmlrpxytazdyrwflaczjccltpxaimqvukvxlpdzhgebdwhuiiqbwgwyemmoltydvibmnzvvahvqnwvzskxfjixnmhdsbwkmmhabueopmrcdjgwdxnwertzicpcfpmoamuuzzqmtmnxhjtitbvntzegubjyfptwyhhptgxlmdmajxzfbzztsdluebimtvycnfqdrskgbwnqbskwispmigmletsrefwtgrdhqjjsprxkdlzoyowmemfovfwqjenpnhgzhpbpccxgszfmsqswhgujvnnlimosnliedschtqfhcwznmcajvvpduoodsvipalmnyrtgulyoacyebldejfehfhqsavtirtgwmbejlgzzbpzsconjmaqcwhbbhpumkxrbarlzgdgrecougnynybyjmfeoiyedyedmmytahcwoumttgkchpodlgxfvluzlafrfpgiidufrjbwgmgmsigbuemqcaqsuloqhjtpmgqeshtwadyktioolziytauxiihzoupnmloioyqwurghiyprhvnbnhqjliafgjmobdflujxdajbgxqmxtfgovhyybjyvfntiocezbfvuweiityinlulfnwzeabdejhdxhknpwekdsqhbhgvvhxpmuwphakyvwtvnwzixhloriasfsqecfpyrtpoeccruztispljicgtxuamtpnokdazctnuzgwiqrguyitjdmpcufwavevjmttvaeqijozuncbcmchnwmmekpeqcwxwqamqyjzqtxansliuikkfwycbsdvtuoiugiocikjtindqgfhmdlqmxbzmtheheammvawyksywyfqgabpgnbrammklgzjdaerslshyplvsgkgcmqhcfvnlagfzvjtqcmltwisfkepivwnumwfmvrmhkvpkqmrdjuawmurmbrscsjdmztgznwgaaexllrdllrkduridmtvjxghpsq',
  8 NULL, NULL, NULL, NULL, NULL, NULL, NULL, NULL, 'md', 'fmdmajxzfb' );

1 rows affected.

SQL> 
SQL> INSERT INTO T_INSERT_3 VALUES( -3254235, -2342354, 2354, 1.1, -2452534, 2562354, 2354, -2542354, -1141374976, 2534, -2354, -35, 7.75, 8.8, 'w', 'mtvycnfqdrskgb', 'imtvyc', 'b', 'n', 'bimtvycnfq', 'ebimtvycnfqdrskgbwnqbskwispmigmletsrefwtgrdhqjjsprxkdlzoyowmemfovfwqjenpnhgzhpbpccxgszfmsqswhgujvnnlimosnliedschtqfhcwznmcajvvpduoodsvipalmnyrtgulyoacyebldejfehfhqsavtirtgwmbejlgzzbpzsconjmaqcwhbbhpumkxrbarlzgdgrecougnynybyjmfeoiyedyedmmytahcwoumttgkchpodlgxfvluzlafrfpgiidufrjbwgmgmsigbuemqcaqsuloqhjtpmgqeshtwadyktioolziytauxiihzoupnmloioyqwurghiyprhvnbnhqjliafgjmobdflujxdajb', 'uebimtvycnfqd', 'p', 'luebimtv', 'sdluebimtvycnfqdrskgbwnqbskwispmigmletsrefwtgrdhqjjsprxkdlzoyowmemfovfwqjenpnhgzhpbpccxgszfmsqswhgujvnnlimosnliedschtqfhcwznmcajvvpduoodsvipalmnyrtgulyoacyebldejfehfhqsavtirtgwmbejlgzzbpzsconjmaqcwhbbhpumkxrbarlzgdgrecougnynybyjmfeoiyedyedmmytahcwoumttgkchpodlgxfvluzlafrfpgiidufrjbwgmgmsigbuemqcaqsuloqhjtpmgqeshtwadyktioolziytauxiihzoupnmloioyqwurghiyprhvnbnhqjliafgjmobdflujxdajbgxqmxtfgovhyybjyvfntiocezbfvuweiityinlulfnwzeabdejhdxhknpwekdsqhbhgvvhxpmuwphakyvwtvnwzixhloriasfsqecfpyrtpoeccruztispljicgtxuamtpnokdazctnuzgwiqrguyitjdmpcufwavevjmttvaeqijozuncbcmchnwmmekpeqcwxwqamqyjzqtxansliuikkfwycbsdvtuoiugiocikjtindqgfhmdlqmxbzmtheheammvawyksywyfqgabpgnbrammklgzjdaerslshyplvsgkgcmqhcfvnlagfzvjtqcmltwisfkepivwnumwfmvrmhkvpkqmrdjuawmurmbrscsjdmztgznwgaaexllrdllrkduridmtvjxghpsqwendqweklkqyxnpofuiaufhhbmmbzjlhqbqrsvucuspmrffitbdzzetoldoqfcmlrpxytazdyrwflaczjccltpxaimqvukvxlpdzhgebdwhuiiqbwgwyemmoltydvibmnzvvahvqnwvzskxfjixnmhdsbwkmmhabueopmrcdjgwdxnwertzicpcfpmoamuuzzqmtmnxhjtitbvntzegubjyfptwyhhptgxlmtxrihpjcqsnusdluebimtvycnfqdrskgbwnqbskwispmigmletsrefwtgrdhqjjsprxkdlzoyowmemfovfwqjenpnhgzhpbpccxgszfmsqswhgujvnnlimosnliedschtqfhcwznmcajvvpduoodsvipalmnyrtgulyoacyebldejfehfhqsavtirtgwmbejlgzzbpzsconjmaqcwhbbhpumkxrbarlzgdgrecougnynybyjmfeoiyedyedmmytahcwoumttgkchpodlgxfvluzlafrfpgiidufrjbwgmgmsigbuemqcaqsuloqhjtpmgqeshtwadyktioolziytauxiihzoupnmloioyqwurghiyprhvnbnhqjliafgjmobdflujxdajbgxqmxtfgovhyybjyvfntiocezbfvuweiityinlulfnwzeabdejhdxhknpwekdsqhbhgvvhxpmuwphakyvwtvnwzixhloriasfsqecfpyrtpoeccruztispljicgtxuamtpnokdazctnuzgwiqrguyitjdmpcufwavevjmttvaeqijozuncbcmchnwmmekpeqcwxwqamqyjzqtxansliuikkfwycbsdvtuoiugiocikjtindqgfhmdlqmxbzmtheheammvawyksywyfqgabpgnbrammklgzjdaerslshyplvsgkgcmqhcfvnlagfzvjtqcmltwisfkepivwnumwfmvrmhkvpkqmrdjuawmurmbrscsjdmztgznwgaaexllrdllrkduridmtvjxghpsqwendqweklkqyxnpofuiaufhhbmmbzjlhqbqrsvucuspmrffitbdzzetoldoqfcmlrpxytazdyrwflaczjccltpxaimqvukvxlpdzhgebdwhuiiqbwgwyemmoltydvibmnzvvahvqnwvzskxfjixnmhdsbwkmmhabueopmrcdjgwdxnwertzicpcfpmoamuuzzqmtmnxhjtitbvntzegubjyfptwyhhptgxlmtxrihpjcqsnudluebimtvycnfqdrskgbwnqbskwispmigmletsrefwtgrdhqjjsprxkdlzoyowmemfovfwqjenpnhgzhpbpccxgszfmsqsw', 'sdluebimtvycn', 'k', 'tsdl', 
  2 'zztsdluebimtvycnfqdrskgbwnqbskwispmigmletsrefwtgrdhqjjsprxkdlzoyowmemfovfwqjenpnhgzhpbpccxgszfmsqswhgujvnnlimosnliedschtqfhcwznmcajvvpduoodsvipalmnyrtgulyoacyebldejfehfhqsavtirtgwmbejlgzzbpzsconjmaqcwhbbhpumkxrbarlzgdgrecougnynybyjmfeoiyedyedmmytahcwoumttgkchpodlgxfvluzlafrfpgiidufrjbwgmgmsigbuemqcaqsuloqhjtpmgqeshtwadyktioolziytauxiihzoupnmloioyqwurghiyprhvnbnhqjliafgjmobdflujxdajbgxqmxtfgovhyybjyvfntiocezbfvuweiityinlulfnwzeabdejhdxhknpwekdsqhbhgvvhxpmuwphakyvwtvnwzixhloriasfsqecfpyrtpoeccruztispljicgtxuamtpnokdazctnuzgwiqrguyitjdmpcufwavevjmttvaeqijozuncbcmchnwmmekpeqcwxwqamqyjzqtxansliuikkfwycbsdvtuoiugiocikjtindqgfhmdlqmxbzmtheheammvawyksywyfqgabpgnbrammklgzjdaerslshyplvsgkgcmqhcfvnlagfzvjtqcmltwisfkepivwnumwfmvrmhkvpkqmrdjuawmurmbrscsjdmztgznwgaaexllrdllrkduridmtvjxghpsqwendqweklkqyxnpofuiaufhhbmmbzjlhqbqrsvucuspmrffitbdzzetoldoqfcmlrpxytazdyrwflaczjccltpxaimqvukvxlpdzhgebdwhuiiqbwgwyemmoltydvibmnzvvahvqnwvzskxfjixnmhdsbwkmmhabueopmrcdjgwdxnwertzicpcfpmoamuuzzqmtmnxhjtitbvntzegubjyfptwyhhptgxlmtxrihpjcqzztsdluebimtvycnfqdrskgbwnqbskwispmigmletsrefwtgrdhqjjsprxkdlzoyowmemfovfwqjenpnhgzhpbpccxgszfmsqswhgujvnnlimosnliedschtqfhcwznmcajvvpduoodsvipalmnyrtgulyoacyebldejfehfhqsavtirtgwmbejlgzzbpzsconjmaqcwhbbhpumkxrbarlzgdgrecougnynybyjmfeoiyedyedmmytahcwoumttgkchpodlgxfvluzlafrfpgiidufrjbwgmgmsigbuemqcaqsuloqhjtpmgqeshtwadyktioolziytauxiihzoupnmloioyqwurghiyprhvnbnhqjliafgjmobdflujxdajbgxqmxtfgovhyybjyvfntiocezbfvuweiityinlulfnwzeabdejhdxhknpwekdsqhbhgvvhxpmuwphakyvwtvnwzixhloriasfsqecfpyrtpoeccruztispljicgtxuamtpnokdazctnuzgwiqrguyitjdmpcufwavevjmttvaeqijozuncbcmchnwmmekpeqcwxwqamqyjzqtxansliuikkfwycbsdvtuoiugiocikjtindqgfhmdlqmxbzmtheheammvawyksywyfqgabpgnbrammklgzjdaerslshyplvsgkgcmqhcfvnlagfzvjtqcmltwisfkepivwnumwfmvrmhkvpkqmrdjuawmurmbrscsjdmztgznwgaaexllrdllrkduridmtvjxghpsqwendqweklkqyxnpofuiaufhhbmmbzjlhqbqrsvucuspmrffitbdzzetoldoqfcmlrpxytazdyrwflaczjccltpxaimqvukvxlpdzhgebdwhuiiqbwgwyemmoltydvibmnzvvahvqnwvzskxfjixnmhdsbwkmmhabueopmrcdjgwdxnwertzicpcfpmoamuuzzqmtmnxhjtitbvntzegubjyfptwyhhptgxlmtxrihpjcqzztsdluebimtvycnfqdrskgbwnqbskwispmigmletsrefwtgrdhqjjsprxkdlzoyowmemfovfwqjenpnhgzhpbpccxgszfmsqswhgujvnnlimosnliedschtqfhcwznmcajvvpduoodsvipalmnyrtgulyoacyebldejfehfhqsavtirtgwmbejlgzzbpzsconjmaqcwhbbhpumkxrbarlzgdgrecougnynybyjmfeoiyedyedmmytahcwoumttgkchpodlgxfvluzlafrfpgiidufrjbwgmgmsigbuemqcaqsuloqhjtpmgqeshtwadyktioolziytauxiihzoupnmloioyqwurghiyprhvnbnhqjliafgjmobdflujxdajbgxqmxtfgovhyybjyvfntiocezbfvuweiityinlulfnwzeabdejhdxhknpwekdsqhbhgvvhxpmuwphakyvwtvnwzixhloriasfsqecfpyrtpoeccruztispljicgtxuamtpnokdazctnuzgwiqrguyitjdmpcufwavevjmttvaeqijozuncbcmchnwmmekpeqcwxwqamqyjzqtxansliuikkfwycbsdvtuoiugiocikjtindqgfhmdlqmxbzmtheheammvawyksywyfqgabpgnbrammklgzjdaerslshyplvsgkgcmqhcfvnlagfzvjtqcmltwisfkepivwnumwfmvrmhkvpkqmrdjuawmurmbrscsjdmztgznwgaaexllrdllrkduridmtvjxghpsqwendqweklkqyxnpofuiaufhhbmmbzjlhqbqrsvucuspmrffitbdzzetoldoqfcmlrpxytazdyrwflaczjccltpxaimqvukvxlpdzhgebdwhuiiqbwgwyemmoltydvibmnzvvahvqnwvzskxfjixnmhdsbwkmmhabueopmrcdjgwdxnwertzicpcfpmoamuuzzqmtmnxhjtitbvntzegubjyfptwyhhptgxlmtxrihpjcqztsdluebimtvycnfqdrskgbwnqbskwispmigmletsrefwtgrdhqjjsprxkdlzoyowmemfovfwqjenpnhgzhpbpccxgszfmsqswhgujvnnlimosnliedschtqfhcwznmcajvvpduoodsvipalmnyrtgulyoacyebldejfehfhqsavtirtgwmbejlgzzbpzsconjmaqcwhbbhpumkxrbarlzgdgrecougnynybyjmfeoiyedyedmmytahcwoumttgkchpodlgxfvluzlafrfpgiidufrjbwg', 
  3 'zztsdluebimtvycnfqd', 'k', 'bzzts', 'zfbzztsdluebimtvycnfqdrskgbwnqbskwispmigmletsrefwtgrdhqjjsprxkdlzoyowmemfovfwqjenpnhgzhpbpccxgszfmsqswhgujvnnlimosnliedschtqfhcwznmcajvvpduoodsvipalmnyrtgulyoacyebldejfehfhqsavtirtgwmbejlgzzbpzsconjmaqcwhbbhpumkxrbarlzgdgrecougnynybyjmfeoiyedyedmmytahcwoumttgkchpodlgxfvluzlafrfpgiidufrjbwgmgmsigbuemqcaqsuloqhjtpmgqeshtwadyktioolziytauxiihzoupnmloioyqwurghiyprhvnbnhqjliafgjmobdflujxdajbgxqmxtfgovhyybjyvfntiocezbfvuweiityinlulfnwzeabdejhdxhknpwekdsqhbhgvvhxpmuwphakyvwtvnwzixhloriasfsqecfpyrtpoeccruztispljicgtxuamtpnokdazctnuzgwiqrguyitjdmpcufwavevjmttvaeqijozuncbcmchnwmmekpeqcwxwqamqyjzqtxansliuikkfwycbsdvtuoiugiocikjtindqgfhmdlqmxbzmtheheammvawyksywyfqgabpgnbrammklgzjdaerslshyplvsgkgcmqhcfvnlagfzvjtqcmltwisfkepivwnumwfmvrmhkvpkqmrdjuawmurmbrscsjdmztgznwgaaexllrdllrkduridmtvjxghpsqwendqweklkqyxnpofuiaufhhbmmbzjlhqbqrsvucuspmrffitbdzzetoldoqfcmlrpxytazdyrwflaczjccltpxaimqvukvxlpdzhgebdwhuiiqbwgwyemmoltydvibmnzvvahvqnwvzskxfjixnmhdsbwkmmhabueopmrcdjgwdxnwertzicpcfpmoamuuzzqmtmnxhjtitbvntzegubjyfptwyhhptgxlmtxrihpzfbzztsdluebimtvycnfqdrskgbwnqbskwispmigmletsrefwtgrdhqjjsprxkdlzoyowmemfovfwqjenpnhgzhpbpccxgszfmsqswhgujvnnlimosnliedschtqfhcwznmcajvvpduoodsvipalmnyrtgulyoacyebldejfehfhqsavtirtgwmbejlgzzbpzsconjmaqcwhbbhpumkxrbarlzgdgrecougnynybyjmfeoiyedyedmmytahcwoumttgkchpodlgxfvluzlafrfpgiidufrjbwgmgmsigbuemqcaqsuloqhjtpmgqeshtwadyktioolziytauxiihzoupnmloioyqwurghiyprhvnbnhqjliafgjmobdflujxdajbgxqmxtfgovhyybjyvfntiocezbfvuweiityinlulfnwzeabdejhdxhknpwekdsqhbhgvvhxpmuwphakyvwtvnwzixhloriasfsqecfpyrtpoeccruztispljicgtxuamtpnokdazctnuzgwiqrguyitjdmpcufwavevjmttvaeqijozuncbcmchnwmmekpeqcwxwqamqyjzqtxansliuikkfwycbsdvtuoiugiocikjtindqgfhmdlqmxbzmtheheammvawyksywyfqgabpgnbrammklgzjdaerslshyplvsgkgcmqhcfvnlagfzvjtqcmltwisfkepivwnumwfmvrmhkvpkqmrdjuawmurmbrscsjdmztgznwgaaexllrdllrkduridmtvjxghpsqwendqweklkqyxnpofuiaufhhbmmbzjlhqbqrsvucuspmrffitbdzzetoldoqfcmlrpxytazdyrwflaczjccltpxaimqvukvxlpdzhgebdwhuiiqbwgwyemmoltydvibmnzvvahvqnwvzskxfjixnmhdsbwkmmhabueopmrcdjgwdxnwertzicpcfpmoamuuzzqmtmnxhjtitbvntzegubjyfptwyhhptgxlmtxrihpzfbzztsdluebimtvycnfqdrskgbwnqbskwispmigmletsrefwtgrdhqjjsprxkdlzoyowmemfovfwqjenpnhgzhpbpccxgszfmsqswhgujvnnlimosnliedschtqfhcwznmcajvvpduoodsvipalmnyrtgulyoacyebldejfehfhqsavtirtgwmbejlgzzbpzsconjmaqcwhbbhpumkxrbarlzgdgrecougnynybyjmfeoiyedyedmmytahcwoumttgkchpodlgxfvluzlafrfpgiidufrjbwgmgmsigbuemqcaqsuloqhjtpmgqeshtwadyktioolziytauxiihzoupnmloioyqwurghiyprhvnbnhqjliafgjmobdflujxdajbgxqmxtfgovhyybjyvfntiocezbfvuweiityinlulfnwzeabdejhdxhknpwekdsqhbhgvvhxpmuwphakyvwtvnwzixhloriasfsqecfpyrtpoeccruztispljicgtxuamtpnokdazctnuzgwiqrguyitjdmpcufwavevjmttvaeqijozuncbcmchnwmmekpeqcwxwqamqyjzqtxansliuikkfwycbsdvtuoiugiocikjtindqgfhmdlqmxbzmtheheammvawyksywyfqgabpgnbrammklgzjdaerslshyplvsgkgcmqhcfvnlagfzvjtqcmltwisfkepivwnumwfmvrmhkvpkqmrdjuawmurmbrscsjdmztgznwgaaexllrdllrkduridmtvjxghpsqwendqweklkqyxnpofuiaufhhbmmbzjlhqbqrsvucuspmrffitbdzzetoldoqfcmlrpxytazdyrwflaczjccltpxaimqvukvxlpdzhgebdwhuiiqbwgwyemmoltydvibmnzvvahvqnwvzskxfjixnmhdsbwkmmhabueopmrcdjgwdxnwertzicpcfpmoamuuzzqmtmnxhjtitbvntzegubjyfptwyhhptgxlmtxrihpfbzztsdluebimtvycnfqdrskgbwnqbskwispmigmletsrefwtgrdhqjjsprxkdlzoyowmemfovfwqjenpnhgzhpbpccxgszfmsqswhgujvnnlimosnliedschtqfhcwznmcajvvpduoodsvipalmnyrtgulyoacyebldejfehfhqsavtirtgwmbejlgzzbpzsconjmaqcwhbbhpumkxrbarlzgdgrecougnynybyjmfeoiyedyedmmytahcwoumttgkchpodlgxfvluzlafrfpgiidufrjbwgmgmsigbuemqcaqsuloqhjtpmgqeshtwadyktioolziytauxiihzoupnmloioyqwurghiyprhvnbnhqjliafgjmobdflujxd', 
  4 'z', 'd', 'xzfbz', 'ajxzfbzztsdluebimtvycnfqdrskgbwnqbskwispmigmletsrefwtgrdhqjjsprxkdlzoyowmemfovfwqjenpnhgzhpbpccxgszfmsqswhgujvnnlimosnliedschtqfhcwznmcajvvpduoodsvipalmnyrtgulyoacyebldejfehfhqsavtirtgwmbejlgzzbpzsconjmaqcwhbbhpumkxrbarlzgdgrecougnynybyjmfeoiyedyedmmytahcwoumttgkchpodlgxfvluzlafrfpgiidufrjbwgmgmsigbuemqcaqsuloqhjtpmgqeshtwadyktioolziytauxiihzoupnmloioyqwurghiyprhvnbnhqjliafgjmobdflujxdajbgxqmxtfgovhyybjyvfntiocezbfvuweiityinlulfnwzeabdejhdxhknpwekdsqhbhgvvhxpmuwphakyvwtvnwzixhloriasfsqecfpyrtpoeccruztispljicgtxuamtpnokdazctnuzgwiqrguyitjdmpcufwavevjmttvaeqijozuncbcmchnwmmekpeqcwxwqamqyjzqtxansliuikkfwycbsdvtuoiugiocikjtindqgfhmdlqmxbzmtheheammvawyksywyfqgabpgnbrammklgzjdaerslshyplvsgkgcmqhcfvnlagfzvjtqcmltwisfkepivwnumwfmvrmhkvpkqmrdjuawmurmbrscsjdmztgznwgaaexllrdllrkduridmtvjxghpsqwendqweklkqyxnpofuiaufhhbmmbzjlhqbqrsvucuspmrffitbdzzetoldoqfcmlrpxytazdyrwflaczjccltpxaimqvukvxlpdzhgebdwhuiiqbwgwyemmoltydvibmnzvvahvqnwvzskxfjixnmhdsbwkmmhabueopmrcdjgwdxnwertzicpcfpmoamuuzzqmtmnxhjtitbvntzegubjyfptwyhhptgxlmtxrajxzfbzztsdluebimtvycnfqdrskgbwnqbskwispmigmletsrefwtgrdhqjjsprxkdlzoyowmemfovfwqjenpnhgzhpbpccxgszfmsqswhgujvnnlimosnliedschtqfhcwznmcajvvpduoodsvipalmnyrtgulyoacyebldejfehfhqsavtirtgwmbejlgzzbpzsconjmaqcwhbbhpumkxrbarlzgdgrecougnynybyjmfeoiyedyedmmytahcwoumttgkchpodlgxfvluzlafrfpgiidufrjbwgmgmsigbuemqcaqsuloqhjtpmgqeshtwadyktioolziytauxiihzoupnmloioyqwurghiyprhvnbnhqjliafgjmobdflujxdajbgxqmxtfgovhyybjyvfntiocezbfvuweiityinlulfnwzeabdejhdxhknpwekdsqhbhgvvhxpmuwphakyvwtvnwzixhloriasfsqecfpyrtpoeccruztispljicgtxuamtpnokdazctnuzgwiqrguyitjdmpcufwavevjmttvaeqijozuncbcmchnwmmekpeqcwxwqamqyjzqtxansliuikkfwycbsdvtuoiugiocikjtindqgfhmdlqmxbzmtheheammvawyksywyfqgabpgnbrammklgzjdaerslshyplvsgkgcmqhcfvnlagfzvjtqcmltwisfkepivwnumwfmvrmhkvpkqmrdjuawmurmbrscsjdmztgznwgaaexllrdllrkduridmtvjxghpsqwendqweklkqyxnpofuiaufhhbmmbzjlhqbqrsvucuspmrffitbdzzetoldoqfcmlrpxytazdyrwflaczjccltpxaimqvukvxlpdzhgebdwhuiiqbwgwyemmoltydvibmnzvvahvqnwvzskxfjixnmhdsbwkmmhabueopmrcdjgwdxnwertzicpcfpmoamuuzzqmtmnxhjtitbvntzegubjyfptwyhhptgxlmtxrajxzfbzztsdluebimtvycnfqdrskgbwnqbskwispmigmletsrefwtgrdhqjjsprxkdlzoyowmemfovfwqjenpnhgzhpbpccxgszfmsqswhgujvnnlimosnliedschtqfhcwznmcajvvpduoodsvipalmnyrtgulyoacyebldejfehfhqsavtirtgwmbejlgzzbpzsconjmaqcwhbbhpumkxrbarlzgdgrecougnynybyjmfeoiyedyedmmytahcwoumttgkchpodlgxfvluzlafrfpgiidufrjbwgmgmsigbuemqcaqsuloqhjtpmgqeshtwadyktioolziytauxiihzoupnmloioyqwurghiyprhvnbnhqjliafgjmobdflujxdajbgxqmxtfgovhyybjyvfntiocezbfvuweiityinlulfnwzeabdejhdxhknpwekdsqhbhgvvhxpmuwphakyvwtvnwzixhloriasfsqecfpyrtpoeccruztispljicgtxuamtpnokdazctnuzgwiqrguyitjdmpcufwavevjmttvaeqijozuncbcmchnwmmekpeqcwxwqamqyjzqtxansliuikkfwycbsdvtuoiugiocikjtindqgfhmdlqmxbzmtheheammvawyksywyfqgabpgnbrammklgzjdaerslshyplvsgkgcmqhcfvnlagfzvjtqcmltwisfkepivwnumwfmvrmhkvpkqmrdjuawmurmbrscsjdmztgznwgaaexllrdllrkduridmtvjxghpsqwendqweklkqyxnpofuiaufhhbmmbzjlhqbqrsvucuspmrffitbdzzetoldoqfcmlrpxytazdyrwflaczjccltpxaimqvukvxlpdzhgebdwhuiiqbwgwyemmoltydvibmnzvvahvqnwvzskxfjixnmhdsbwkmmhabueopmrcdjgwdxnwertzicpcfpmoamuuzzqmtmnxhjtitbvntzegubjyfptwyhhptgxlmtxrjxzfbzztsdluebimtvycnfqdrskgbwnqbskwispmigmletsrefwtgrdhqjjsprxkdlzoyowmemfovfwqjenpnhgzhpbpccxgszfmsqswhgujvnnlimosnliedschtqfhcwznmcajvvpduoodsvipalmnyrtgulyoacyebldejfehfhqsavtirtgwmbejlgzzbpzsconjmaqcwhbbhpumkxrbarlzgdgrecougnynybyjmfeoiyedyedmmytahcwoumttgkchpodlgxfvluzlafrfpgiidufrjbwgmgmsigbuemqcaqsuloqhjtpmgqeshtwadyktioolziytauxiihzoupnmloioyqwurghiyprhvnbnhqjliafgjmobdflujxdajbgxqmxtfgovhyybjyvfntiocezbfvuweiityinlulfnwzeabdejhdxhknpwekdsqhbhgvvhxpmuwphakyvwtvnwzixhloriasfsqecfpyrtpoeccruztispljicgtxuamtpnokdazctnuzgwiqrguyitjdmpcufwavevjmttvaeqijozuncbcmchnwmmekpeqcwxwqamqyjzqtxansliuikkfwycbsdvtuoiugiocikjtindqgfhmdlqmxbzmtheheammvawyksywyfqgabpgnbrammklgzjdaerslshyplvsgkgcmqhcfvnlagfzvjtqcmltwisfkepivwnumwfmvrmhkvpkqmrdjuawmurmbrscsjdmztgznwgaaexllrdllrkduridmtvjxghpsqwendqweklkqyxnpofuiaufhhbmmbzjlhqbqrsvucuspmrffitbdzzetoldoqfcmlrpxytazdyrwflaczjccltpxaimqvukvxlpdzhgebdwhuiiq', 
  5 'a', 'i', 'majxzfbzztsdluebimtv', 'mdmajxzfbzztsdluebimtvycnfqdrskgbwnqbskwispmigmletsrefwtgrdhqjjsprxkdlzoyowmemfovfwqjenpnhgzhpbpccxgszfmsqswhgujvnnlimosnliedschtqfhcwznmcajvvpduoodsvipalmnyrtgulyoacyebldejfehfhqsavtirtgwmbejlgzzbpzsconjmaqcwhbbhpumkxrbarlzgdgrecougnynybyjmfeoiyedyedmmytahcwoumttgkchpodlgxfvluzlafrfpgiidufrjbwgmgmsigbuemqcaqsuloqhjtpmgqeshtwadyktioolziytauxiihzoupnmloioyqwurghiyprhvnbnhqjliafgjmobdflujxdajbgxqmxtfgovhyybjyvfntiocezbfvuweiityinlulfnwzeabdejhdxhknpwekdsqhbhgvvhxpmuwphakyvwtvnwzixhloriasfsqecfpyrtpoeccruztispljicgtxuamtpnokdazctnuzgwiqrguyitjdmpcufwavevjmttvaeqijozuncbcmchnwmmekpeqcwxwqamqyjzqtxansliuikkfwycbsdvtuoiugiocikjtindqgfhmdlqmxbzmtheheammvawyksywyfqgabpgnbrammklgzjdaerslshyplvsgkgcmqhcfvnlagfzvjtqcmltwisfkepivwnumwfmvrmhkvpkqmrdjuawmurmbrscsjdmztgznwgaaexllrdllrkduridmtvjxghpsqwendqweklkqyxnpofuiaufhhbmmbzjlhqbqrsvucuspmrffitbdzzetoldoqfcmlrpxytazdyrwflaczjccltpxaimqvukvxlpdzhgebdwhuiiqbwgwyemmoltydvibmnzvvahvqnwvzskxfjixnmhdsbwkmmhabueopmrcdjgwdxnwertzicpcfpmoamuuzzqmtmnxhjtitbvntzegubjyfptwyhhptgxlmmdmajxzfbzztsdluebimtvycnfqdrskgbwnqbskwispmigmletsrefwtgrdhqjjsprxkdlzoyowmemfovfwqjenpnhgzhpbpccxgszfmsqswhgujvnnlimosnliedschtqfhcwznmcajvvpduoodsvipalmnyrtgulyoacyebldejfehfhqsavtirtgwmbejlgzzbpzsconjmaqcwhbbhpumkxrbarlzgdgrecougnynybyjmfeoiyedyedmmytahcwoumttgkchpodlgxfvluzlafrfpgiidufrjbwgmgmsigbuemqcaqsuloqhjtpmgqeshtwadyktioolziytauxiihzoupnmloioyqwurghiyprhvnbnhqjliafgjmobdflujxdajbgxqmxtfgovhyybjyvfntiocezbfvuweiityinlulfnwzeabdejhdxhknpwekdsqhbhgvvhxpmuwphakyvwtvnwzixhloriasfsqecfpyrtpoeccruztispljicgtxuamtpnokdazctnuzgwiqrguyitjdmpcufwavevjmttvaeqijozuncbcmchnwmmekpeqcwxwqamqyjzqtxansliuikkfwycbsdvtuoiugiocikjtindqgfhmdlqmxbzmtheheammvawyksywyfqgabpgnbrammklgzjdaerslshyplvsgkgcmqhcfvnlagfzvjtqcmltwisfkepivwnumwfmvrmhkvpkqmrdjuawmurmbrscsjdmztgznwgaaexllrdllrkduridmtvjxghpsqwendqweklkqyxnpofuiaufhhbmmbzjlhqbqrsvucuspmrffitbdzzetoldoqfcmlrpxytazdyrwflaczjccltpxaimqvukvxlpdzhgebdwhuiiqbwgwyemmoltydvibmnzvvahvqnwvzskxfjixnmhdsbwkmmhabueopmrcdjgwdxnwertzicpcfpmoamuuzzqmtmnxhjtitbvntzegubjyfptwyhhptgxlmmdmajxzfbzztsdluebimtvycnfqdrskgbwnqbskwispmigmletsrefwtgrdhqjjsprxkdlzoyowmemfovfwqjenpnhgzhpbpccxgszfmsqswhgujvnnlimosnliedschtqfhcwznmcajvvpduoodsvipalmnyrtgulyoacyebldejfehfhqsavtirtgwmbejlgzzbpzsconjmaqcwhbbhpumkxrbarlzgdgrecougnynybyjmfeoiyedyedmmytahcwoumttgkchpodlgxfvluzlafrfpgiidufrjbwgmgmsigbuemqcaqsuloqhjtpmgqeshtwadyktioolziytauxiihzoupnmloioyqwurghiyprhvnbnhqjliafgjmobdflujxdajbgxqmxtfgovhyybjyvfntiocezbfvuweiityinlulfnwzeabdejhdxhknpwekdsqhbhgvvhxpmuwphakyvwtvnwzixhloriasfsqecfpyrtpoeccruztispljicgtxuamtpnokdazctnuzgwiqrguyitjdmpcufwavevjmttvaeqijozuncbcmchnwmmekpeqcwxwqamqyjzqtxansliuikkfwycbsdvtuoiugiocikjtindqgfhmdlqmxbzmtheheammvawyksywyfqgabpgnbrammklgzjdaerslshyplvsgkgcmqhcfvnlagfzvjtqcmltwisfkepivwnumwfmvrmhkvpkqmrdjuawmurmbrscsjdmztgznwgaaexllrdllrkduridmtvjxghpsqwendqweklkqyxnpofuiaufhhbmmbzjlhqbqrsvucuspmrffitbdzzetoldoqfcmlrpxytazdyrwflaczjccltpxaimqvukvxlpdzhgebdwhuiiqbwgwyemmoltydvibmnzvvahvqnwvzskxfjixnmhdsbwkmmhabueopmrcdjgwdxnwertzicpcfpmoamuuzzqmtmnxhjtitbvntzegubjyfptwyhhptgxlmdmajxzfbzztsdluebimtvycnfqdrskgbwnqbskwispmigmletsrefwtgrdhqjjsprxkdlzoyowmemfovfwqjenpnhgzhpbpccxgszfmsqswhgujvnnlimosnliedschtqfhcwznmcajvvpduoodsvipalmnyrtgulyoacyebldejfehfhqsavtirtgwmbejlgzzbpzsconjmaqcwhbbhpumkxrbarlzgdgrecougnynybyjmfeoiyedyedmmytahcwoumttgkchpodlgxfvluzlafrfpgiidufrjbwgmgmsigbuemqcaqsuloqhjtpmgqeshtwadyktioolziytauxiihzoupnmloioyqwurghiyprhvnbnhqjliafgjmobdflujxdajbgxqmxtfgovhyybjyvfntiocezbfvuweiityinlulfnwzeabdejhdxhknpwekdsqhbhgvvhxpmuwphakyvwtvnwzixhloriasfsqecfpyrtpoeccruztispljicgtxuamtpnokdazctnuzgwiqrguyitjdmpcufwavevjmttvaeqijozuncbcmchnwmmekpeqcwxwqamqyjzqtxansliuikkfwycbsdvtuoiugiocikjtindqgfhmdlqmxbzmtheheammvawyksywyfqgabpgnbrammklgzjdaerslshyplvsgkgcmqhcfvnlagfzvjtqcmltwisfkepivwnumwfmvrmhkvpkqmrdjuawmurmbrscsjdmztgznwgaaexllrdllrkduridmtvjxghpsq', 
  6 NULL, NULL, NULL, NULL, NULL, NULL, NULL, NULL, 'md', 'fmdmajxzfb' );

1 rows affected.

SQL> 
SQL> -- The following SQL will be refused in CTSQL client, since the maximal single line command can not exceed 4096 characters
SQL> INSERT INTO T_INSERT_3 VALUES( -554172412, -1727922176, 1494155264, 1.1, -1644429312, 733741056, 1650917376, -1717305344, -1141374976, 1827471360, -357040128, -1113063424, 7.7, 8.8, 'w', 'mtvycnfqdrskgb', 'imtvyc', 'b', 'n', 'bimtvycnfq', 'ebimtvycnfqdrskgbwnqbskwispmigmletsrefwtgrdhqjjsprxkdlzoyowmemfovfwqjenpnhgzhpbpccxgszfmsqswhgujvnnlimosnliedschtqfhcwznmcajvvpduoodsvipalmnyrtgulyoacyebldejfehfhqsavtirtgwmbejlgzzbpzsconjmaqcwhbbhpumkxrbarlzgdgrecougnynybyjmfeoiyedyedmmytahcwoumttgkchpodlgxfvluzlafrfpgiidufrjbwgmgmsigbuemqcaqsuloqhjtpmgqeshtwadyktioolziytauxiihzoupnmloioyqwurghiyprhvnbnhqjliafgjmobdflujxdajb', 'uebimtvycnfqd', 'p', 'luebimtv', 'sdluebimtvycnfqdrskgbwnqbskwispmigmletsrefwtgrdhqjjsprxkdlzoyowmemfovfwqjenpnhgzhpbpccxgszfmsqswhgujvnnlimosnliedschtqfhcwznmcajvvpduoodsvipalmnyrtgulyoacyebldejfehfhqsavtirtgwmbejlgzzbpzsconjmaqcwhbbhpumkxrbarlzgdgrecougnynybyjmfeoiyedyedmmytahcwoumttgkchpodlgxfvluzlafrfpgiidufrjbwgmgmsigbuemqcaqsuloqhjtpmgqeshtwadyktioolziytauxiihzoupnmloioyqwurghiyprhvnbnhqjliafgjmobdflujxdajbgxqmxtfgovhyybjyvfntiocezbfvuweiityinlulfnwzeabdejhdxhknpwekdsqhbhgvvhxpmuwphakyvwtvnwzixhloriasfsqecfpyrtpoeccruztispljicgtxuamtpnokdazctnuzgwiqrguyitjdmpcufwavevjmttvaeqijozuncbcmchnwmmekpeqcwxwqamqyjzqtxansliuikkfwycbsdvtuoiugiocikjtindqgfhmdlqmxbzmtheheammvawyksywyfqgabpgnbrammklgzjdaerslshyplvsgkgcmqhcfvnlagfzvjtqcmltwisfkepivwnumwfmvrmhkvpkqmrdjuawmurmbrscsjdmztgznwgaaexllrdllrkduridmtvjxghpsqwendqweklkqyxnpofuiaufhhbmmbzjlhqbqrsvucuspmrffitbdzzetoldoqfcmlrpxytazdyrwflaczjccltpxaimqvukvxlpdzhgebdwhuiiqbwgwyemmoltydvibmnzvvahvqnwvzskxfjixnmhdsbwkmmhabueopmrcdjgwdxnwertzicpcfpmoamuuzzqmtmnxhjtitbvntzegubjyfptwyhhptgxlmtxrihpjcqsnusdluebimtvycnfqdrskgbwnqbskwispmigmletsrefwtgrdhqjjsprxkdlzoyowmemfovfwqjenpnhgzhpbpccxgszfmsqswhgujvnnlimosnliedschtqfhcwznmcajvvpduoodsvipalmnyrtgulyoacyebldejfehfhqsavtirtgwmbejlgzzbpzsconjmaqcwhbbhpumkxrbarlzgdgrecougnynybyjmfeoiyedyedmmytahcwoumttgkchpodlgxfvluzlafrfpgiidufrjbwgmgmsigbuemqcaqsuloqhjtpmgqeshtwadyktioolziytauxiihzoupnmloioyqwurghiyprhvnbnhqjliafgjmobdflujxdajbgxqmxtfgovhyybjyvfntiocezbfvuweiityinlulfnwzeabdejhdxhknpwekdsqhbhgvvhxpmuwphakyvwtvnwzixhloriasfsqecfpyrtpoeccruztispljicgtxuamtpnokdazctnuzgwiqrguyitjdmpcufwavevjmttvaeqijozuncbcmchnwmmekpeqcwxwqamqyjzqtxansliuikkfwycbsdvtuoiugiocikjtindqgfhmdlqmxbzmtheheammvawyksywyfqgabpgnbrammklgzjdaerslshyplvsgkgcmqhcfvnlagfzvjtqcmltwisfkepivwnumwfmvrmhkvpkqmrdjuawmurmbrscsjdmztgznwgaaexllrdllrkduridmtvjxghpsqwendqweklkqyxnpofuiaufhhbmmbzjlhqbqrsvucuspmrffitbdzzetoldoqfcmlrpxytazdyrwflaczjccltpxaimqvukvxlpdzhgebdwhuiiqbwgwyemmoltydvibmnzvvahvqnwvzskxfjixnmhdsbwkmmhabueopmrcdjgwdxnwertzicpcfpmoamuuzzqmtmnxhjtitbvntzegubjyfptwyhhptgxlmtxrihpjcqsnudluebimtvycnfqdrskgbwnqbskwispmigmletsrefwtgrdhqjjsprxkdlzoyowmemfovfwqjenpnhgzhpbpccxgszfmsqsw', 'sdluebimtvycn', 'k', 'tsdl', 'zztsdluebimtvycnfqdrskgbwnqbskwispmigmletsrefwtgrdhqjjsprxkdlzoyowmemfovfwqjenpnhgzhpbpccxgszfmsqswhgujvnnlimosnliedschtqfhcwznmcajvvpduoodsvipalmnyrtgulyoacyebldejfehfhqsavtirtgwmbejlgzzbpzsconjmaqcwhbbhpumkxrbarlzgdgrecougnynybyjmfeoiyedyedmmytahcwoumttgkchpodlgxfvluzlafrfpgiidufrjbwgmgmsigbuemqcaqsuloqhjtpmgqeshtwadyktioolziytauxiihzoupnmloioyqwurghiyprhvnbnhqjliafgjmobdflujxdajbgxqmxtfgovhyybjyvfntiocezbfvuweiityinlulfnwzeabdejhdxhknpwekdsqhbhgvvhxpmuwphakyvwtvnwzixhloriasfsqecfpyrtpoeccruztispljicgtxuamtpnokdazctnuzgwiqrguyitjdmpcufwavevjmttvaeqijozuncbcmchnwmmekpeqcwxwqamqyjzqtxansliuikkfwycbsdvtuoiugiocikjtindqgfhmdlqmxbzmtheheammvawyksywyfqgabpgnbrammklgzjdaerslshyplvsgkgcmqhcfvnlagfzvjtqcmltwisfkepivwnumwfmvrmhkvpkqmrdjuawmurmbrscsjdmztgznwgaaexllrdllrkduridmtvjxghpsqwendqweklkqyxnpofuiaufhhbmmbzjlhqbqrsvucuspmrffitbdzzetoldoqfcmlrpxytazdyrwflaczjccltpxaimqvukvxlpdzhgebdwhuiiqbwgwyemmoltydvibmnzvvahvqnwvzskxfjixnmhdsbwkmmhabueopmrcdjgwdxnwertzicpcfpmoamuuzzqmtmnxhjtitbvntzegubjyfptwyhhptgxlmtxrihpjcqzztsdluebimtvycnfqdrskgbwnqbskwispmigmletsrefwtgrdhqjjsprxkdlzoyowmemfovfwqjenpnhgzhpbpccxgszfmsqswhgujvnnlimosnliedschtqfhcwznmcajvvpduoodsvipalmnyrtgulyoacyebldejfehfhqsavtirtgwmbejlgzzbpzsconjmaqcwhbbhpumkxrbarlzgdgrecougnynybyjmfeoiyedyedmmytahcwoumttgkchpodlgxfvluzlafrfpgiidufrjbwgmgmsigbuemqcaqsuloqhjtpmgqeshtwadyktioolziytauxiihzoupnmloioyqwurghiyprhvnbnhqjliafgjmobdflujxdajbgxqmxtfgovhyybjyvfntiocezbfvuweiityinlulfnwzeabdejhdxhknpwekdsqhbhgvvhxpmuwphakyvwtvnwzixhloriasfsqecfpyrtpoeccruztispljicgtxuamtpnokdazctnuzgwiqrguyitjdmpcufwavevjmttvaeqijozuncbcmchnwmmekpeqcwxwqamqyjzqtxansliuikkfwycbsdvtuoiugiocikjtindqgfhmdlqmxbzmtheheammvawyksywyfqgabpgnbrammklgzjdaerslshyplvsgkgcmqhcfvnlagfzvjtqcmltwisfkepivwnumwfmvrmhkvpkqmrdjuawmurmbrscsjdmztgznwgaaexllrdllrkduridmtvjxghpsqwendqweklkqyxnpofuiaufhhbmmbzjlhqbqrsvucuspmrffitbdzzetoldoqfcmlrpxytazdyrwflaczjccltpxaimqvukvxlpdzhgebdwhuiiqbwgwyemmoltydvibmnzvvahvqnwvzskxfjixnmhdsbwkmmhabueopmrcdjgwdxnwertzicpcfpmoamuuzzqmtmnxhjtitbvntzegubjyfptwyhhptgxlmtxrihpjcqzztsdluebimtvycnfqdrskgbwnqbskwispmigmletsrefwtgrdhqjjsprxkdlzoyowmemfovfwqjenpnhgzhpbpccxgszfmsqswhgujvnnlimosnliedschtqfhcwznmcajvvpduoodsvipalmnyrtgulyoacyebldejfehfhqsavtirtgwmbejlgzzbpzsconjmaqcwhbbhpumkxrbarlzgdgrecougnynybyjmfeoiyedyedmmytahcwoumttgkchpodlgxfvluzlafrfpgiidufrjbwgmgmsigbuemqcaqsuloqhjtpmgqeshtwadyktioolziytauxiihzoupnmloioyqwurghiyprhvnbnhqjliafgjmobdflujxdajbgxqmxtfgovhyybjyvfntiocezbfvuweiityinlulfnwzeabdejhdxhknpwekdsqhbhgvvhxpmuwphakyvwtvnwzixhloriasfsqecfpyrtpoeccruztispljicgtxuamtpnokdazctnuzgwiqrguyitjdmpcufwavevjmttvaeqijozuncbcmchnwmmekpeqcwxwqamqyjzqtxansliuikkfwycbsdvtuoiugiocikjtindqgfhmdlqmxbzmtheheammvawyksywyfqgabpgnbrammklgzjdaerslshyplvsgkgcmqhcfvnlagfzvjtqcmltwisfkepivwnumwfmvrmhkvpkqmrdjuawmurmbrscsjdmztgznwgaaexllrdllrkduridmtvjxghpsqwendqweklkqyxnpofuiaufhhbmmbzjlhqbqrsvucuspmrffitbdzzetoldoqfcmlrpxytazdyrwflaczjccltpxaimqvukvxlpdzhgebdwhuiiqbwgwyemmoltydvibmnzvvahvqnwvzskxfjixnmhdsbwkmmhabueopmrcdjgwdxnwertzicpcfpmoamuuzzqmtmnxhjtitbvntzegubjyfptwyhhptgxlmtxrihpjcqztsdluebimtvycnfqdrskgbwnqbskwispmigmletsrefwtgrdhqjjsprxkdlzoyowmemfovfwqjenpnhgzhpbpccxgszfmsqswhgujvnnlimosnliedschtqfhcwznmcajvvpduoodsvipalmnyrtgulyoacyebldejfehfhqsavtirtgwmbejlgzzbpzsconjmaqcwhbbhpumkxrbarlzgdgrecougnynybyjmfeoiyedyedmmytahcwoumttgkchpodlgxfvluzlafrfpgiidufrjbwg', 'zztsdluebimtvycnfqd', 'k', 'bzzts', 'zfbzztsdluebimtvycnfqdrskgbwnqbskwispmigmletsrefwtgrdhqjjsprxkdlzoyowmemfovfwqjenpnhgzhpbpccxgszfmsqswhgujvnnlimosnliedschtqfhcwznmcajvvpduoodsvipalmnyrtgulyoacyebldejfehfhqsavtirtgwmbejlgzzbpzsconjmaqcwhbbhpumkxrbarlzgdgrecougnynybyjmfeoiyedyedmmytahcwoumttgkchpodlgxfvluzlafrfpgiidufrjbwgmgmsigbuemqcaqsuloqhjtpmgqeshtwadyktioolziytauxiihzoupnmloioyqwurghiyprhvnbnhqjliafgjmobdflujxdajbgxqmxtfgovhyybjyvfntiocezbfvuweiityinlulfnwzeabdejhdxhknpwekdsqhbhgvvhxpmuwphakyvwtvnwzixhloriasfsqecfpyrtpoeccruztispljicgtxuamtpnokdazctnuzgwiqrguyitjdmpcufwavevjmttvaeqijozuncbcmchnwmmekpeqcwxwqamqyjzqtxansliuikkfwycbsdvtuoiugiocikjtindqgfhmdlqmxbzmtheheammvawyksywyfqgabpgnbrammklgzjdaerslshyplvsgkgcmqhcfvnlagfzvjtqcmltwisfkepivwnumwfmvrmhkvpkqmrdjuawmurmbrscsjdmztgznwgaaexllrdllrkduridmtvjxghpsqwendqweklkqyxnpofuiaufhhbmmbzjlhqbqrsvucuspmrffitbdzzetoldoqfcmlrpxytazdyrwflaczjccltpxaimqvukvxlpdzhgebdwhuiiqbwgwyemmoltydvibmnzvvahvqnwvzskxfjixnmhdsbwkmmhabueopmrcdjgwdxnwertzicpcfpmoamuuzzqmtmnxhjtitbvntzegubjyfptwyhhptgxlmtxrihpzfbzztsdluebimtvycnfqdrskgbwnqbskwispmigmletsrefwtgrdhqjjsprxkdlzoyowmemfovfwqjenpnhgzhpbpccxgszfmsqswhgujvnnlimosnliedschtqfhcwznmcajvvpduoodsvipalmnyrtgulyoacyebldejfehfhqsavtirtgwmbejlgzzbpzsconjmaqcwhbbhpumkxrbarlzgdgrecougnynybyjmfeoiyedyedmmytahcwoumttgkchpodlgxfvluzlafrfpgiidufrjbwgmgmsigbuemqcaqsuloqhjtpmgqeshtwadyktioolziytauxiihzoupnmloioyqwurghiyprhvnbnhqjliafgjmobdflujxdajbgxqmxtfgovhyybjyvfntiocezbfvuweiityinlulfnwzeabdejhdxhknpwekdsqhbhgvvhxpmuwphakyvwtvnwzixhloriasfsqecfpyrtpoeccruztispljicgtxuamtpnokdazctnuzgwiqrguyitjdmpcufwavevjmttvaeqijozuncbcmchnwmmekpeqcwxwqamqyjzqtxansliuikkfwycbsdvtuoiugiocikjtindqgfhmdlqmxbzmtheheammvawyksywyfqgabpgnbrammklgzjdaerslshyplvsgkgcmqhcfvnlagfzvjtqcmltwisfkepivwnumwfmvrmhkvpkqmrdjuawmurmbrscsjdmztgznwgaaexllrdllrkduridmtvjxghpsqwendqweklkqyxnpofuiaufhhbmmbzjlhqbqrsvucuspmrffitbdzzetoldoqfcmlrpxytazdyrwflaczjccltpxaimqvukvxlpdzhgebdwhuiiqbwgwyemmoltydvibmnzvvahvqnwvzskxfjixnmhdsbwkmmhabueopmrcdjgwdxnwertzicpcfpmoamuuzzqmtmnxhjtitbvntzegubjyfptwyhhptgxlmtxrihpzfbzztsdluebimtvycnfqdrskgbwnqbskwispmigmletsrefwtgrdhqjjsprxkdlzoyowmemfovfwqjenpnhgzhpbpccxgszfmsqswhgujvnnlimosnliedschtqfhcwznmcajvvpduoodsvipalmnyrtgulyoacyebldejfehfhqsavtirtgwmbejlgzzbpzsconjmaqcwhbbhpumkxrbarlzgdgrecougnynybyjmfeoiyedyedmmytahcwoumttgkchpodlgxfvluzlafrfpgiidufrjbwgmgmsigbuemqcaqsuloqhjtpmgqeshtwadyktioolziytauxiihzoupnmloioyqwurghiyprhvnbnhqjliafgjmobdflujxdajbgxqmxtfgovhyybjyvfntiocezbfvuweiityinlulfnwzeabdejhdxhknpwekdsqhbhgvvhxpmuwphakyvwtvnwzixhloriasfsqecfpyrtpoeccruztispljicgtxuamtpnokdazctnuzgwiqrguyitjdmpcufwavevjmttvaeqijozuncbcmchnwmmekpeqcwxwqamqyjzqtxansliuikkfwycbsdvtuoiugiocikjtindqgfhmdlqmxbzmtheheammvawyksywyfqgabpgnbrammklgzjdaerslshyplvsgkgcmqhcfvnlagfzvjtqcmltwisfkepivwnumwfmvrmhkvpkqmrdjuawmurmbrscsjdmztgznwgaaexllrdllrkduridmtvjxghpsqwendqweklkqyxnpofuiaufhhbmmbzjlhqbqrsvucuspmrffitbdzzetoldoqfcmlrpxytazdyrwflaczjccltpxaimqvukvxlpdzhgebdwhuiiqbwgwyemmoltydvibmnzvvahvqnwvzskxfjixnmhdsbwkmmhabueopmrcdjgwdxnwertzicpcfpmoamuuzzqmtmnxhjtitbvntzegubjyfptwyhhptgxlmtxrihpfbzztsdluebimtvycnfqdrskgbwnqbskwispmigmletsrefwtgrdhqjjsprxkdlzoyowmemfovfwqjenpnhgzhpbpccxgszfmsqswhgujvnnlimosnliedschtqfhcwznmcajvvpduoodsvipalmnyrtgulyoacyebldejfehfhqsavtirtgwmbejlgzzbpzsconjmaqcwhbbhpumkxrbarlzgdgrecougnynybyjmfeoiyedyedmmytahcwoumttgkchpodlgxfvluzlafrfpgiidufrjbwgmgmsigbuemqcaqsuloqhjtpmgqeshtwadyktioolziytauxiihzoupnmloioyqwurghiyprhvnbnhqjliafgjmobdflujxd', 'z', 'd', 'xzfbz', 'ajxzfbzztsdluebimtvycnfqdrskgbwnqbskwispmigmletsrefwtgrdhqjjsprxkdlzoyowmemfovfwqjenpnhgzhpbpccxgszfmsqswhgujvnnlimosnliedschtqfhcwznmcajvvpduoodsvipalmnyrtgulyoacyebldejfehfhqsavtirtgwmbejlgzzbpzsconjmaqcwhbbhpumkxrbarlzgdgrecougnynybyjmfeoiyedyedmmytahcwoumttgkchpodlgxfvluzlafrfpgiidufrjbwgmgmsigbuemqcaqsuloqhjtpmgqeshtwadyktioolziytauxiihzoupnmloioyqwurghiyprhvnbnhqjliafgjmobdflujxdajbgxqmxtfgovhyybjyvfntiocezbfvuweiityinlulfnwzeabdejhdxhknpwekdsqhbhgvvhxpmuwphakyvwtvnwzixhloriasfsqecfpyrtpoeccruztispljicgtxuamtpnokdazctnuzgwiqrguyitjdmpcufwavevjmttvaeqijozuncbcmchnwmmekpeqcwxwqamqyjzqtxansliuikkfwycbsdvtuoiugiocikjtindqgfhmdlqmxbzmtheheammvawyksywyfqgabpgnbrammklgzjdaerslshyplvsgkgcmqhcfvnlagfzvjtqcmltwisfkepivwnumwfmvrmhkvpkqmrdjuawmurmbrscsjdmztgznwgaaexllrdllrkduridmtvjxghpsqwendqweklkqyxnpofuiaufhhbmmbzjlhqbqrsvucuspmrffitbdzzetoldoqfcmlrpxytazdyrwflaczjccltpxaimqvukvxlpdzhgebdwhuiiqbwgwyemmoltydvibmnzvvahvqnwvzskxfjixnmhdsbwkmmhabueopmrcdjgwdxnwertzicpcfpmoamuuzzqmtmnxhjtitbvntzegubjyfptwyhhptgxlmtxrajxzfbzztsdluebimtvycnfqdrskgbwnqbskwispmigmletsrefwtgrdhqjjsprxkdlzoyowmemfovfwqjenpnhgzhpbpccxgszfmsqswhgujvnnlimosnliedschtqfhcwznmcajvvpduoodsvipalmnyrtgulyoacyebldejfehfhqsavtirtgwmbejlgzzbpzsconjmaqcwhbbhpumkxrbarlzgdgrecougnynybyjmfeoiyedyedmmytahcwoumttgkchpodlgxfvluzlafrfpgiidufrjbwgmgmsigbuemqcaqsuloqhjtpmgqeshtwadyktioolziytauxiihzoupnmloioyqwurghiyprhvnbnhqjliafgjmobdflujxdajbgxqmxtfgovhyybjyvfntiocezbfvuweiityinlulfnwzeabdejhdxhknpwekdsqhbhgvvhxpmuwphakyvwtvnwzixhloriasfsqecfpyrtpoeccruztispljicgtxuamtpnokdazctnuzgwiqrguyitjdmpcufwavevjmttvaeqijozuncbcmchnwmmekpeqcwxwqamqyjzqtxansliuikkfwycbsdvtuoiugiocikjtindqgfhmdlqmxbzmtheheammvawyksywyfqgabpgnbrammklgzjdaerslshyplvsgkgcmqhcfvnlagfzvjtqcmltwisfkepivwnumwfmvrmhkvpkqmrdjuawmurmbrscsjdmztgznwgaaexllrdllrkduridmtvjxghpsqwendqweklkqyxnpofuiaufhhbmmbzjlhqbqrsvucuspmrffitbdzzetoldoqfcmlrpxytazdyrwflaczjccltpxaimqvukvxlpdzhgebdwhuiiqbwgwyemmoltydvibmnzvvahvqnwvzskxfjixnmhdsbwkmmhabueopmrcdjgwdxnwertzicpcfpmoamuuzzqmtmnxhjtitbvntzegubjyfptwyhhptgxlmtxrajxzfbzztsdluebimtvycnfqdrskgbwnqbskwispmigmletsrefwtgrdhqjjsprxkdlzoyowmemfovfwqjenpnhgzhpbpccxgszfmsqswhgujvnnlimosnliedschtqfhcwznmcajvvpduoodsvipalmnyrtgulyoacyebldejfehfhqsavtirtgwmbejlgzzbpzsconjmaqcwhbbhpumkxrbarlzgdgrecougnynybyjmfeoiyedyedmmytahcwoumttgkchpodlgxfvluzlafrfpgiidufrjbwgmgmsigbuemqcaqsuloqhjtpmgqeshtwadyktioolziytauxiihzoupnmloioyqwurghiyprhvnbnhqjliafgjmobdflujxdajbgxqmxtfgovhyybjyvfntiocezbfvuweiityinlulfnwzeabdejhdxhknpwekdsqhbhgvvhxpmuwphakyvwtvnwzixhloriasfsqecfpyrtpoeccruztispljicgtxuamtpnokdazctnuzgwiqrguyitjdmpcufwavevjmttvaeqijozuncbcmchnwmmekpeqcwxwqamqyjzqtxansliuikkfwycbsdvtuoiugiocikjtindqgfhmdlqmxbzmtheheammvawyksywyfqgabpgnbrammklgzjdaerslshyplvsgkgcmqhcfvnlagfzvjtqcmltwisfkepivwnumwfmvrmhkvpkqmrdjuawmurmbrscsjdmztgznwgaaexllrdllrkduridmtvjxghpsqwendqweklkqyxnpofuiaufhhbmmbzjlhqbqrsvucuspmrffitbdzzetoldoqfcmlrpxytazdyrwflaczjccltpxaimqvukvxlpdzhgebdwhuiiqbwgwyemmoltydvibmnzvvahvqnwvzskxfjixnmhdsbwkmmhabueopmrcdjgwdxnwertzicpcfpmoamuuzzqmtmnxhjtitbvntzegubjyfptwyhhptgxlmtxrjxzfbzztsdluebimtvycnfqdrskgbwnqbskwispmigmletsrefwtgrdhqjjsprxkdlzoyowmemfovfwqjenpnhgzhpbpccxgszfmsqswhgujvnnlimosnliedschtqfhcwznmcajvvpduoodsvipalmnyrtgulyoacyebldejfehfhqsavtirtgwmbejlgzzbpzsconjmaqcwhbbhpumkxrbarlzgdgrecougnynybyjmfeoiyedyedmmytahcwoumttgkchpodlgxfvluzlafrfpgiidufrjbwgmgmsigbuemqcaqsuloqhjtpmgqeshtwadyktioolziytauxiihzoupnmloioyqwurghiyprhvnbnhqjliafgjmobdflujxdajbgxqmxtfgovhyybjyvfntiocezbfvuweiityinlulfnwzeabdejhdxhknpwekdsqhbhgvvhxpmuwphakyvwtvnwzixhloriasfsqecfpyrtpoeccruztispljicgtxuamtpnokdazctnuzgwiqrguyitjdmpcufwavevjmttvaeqijozuncbcmchnwmmekpeqcwxwqamqyjzqtxansliuikkfwycbsdvtuoiugiocikjtindqgfhmdlqmxbzmtheheammvawyksywyfqgabpgnbrammklgzjdaerslshyplvsgkgcmqhcfvnlagfzvjtqcmltwisfkepivwnumwfmvrmhkvpkqmrdjuawmurmbrscsjdmztgznwgaaexllrdllrkduridmtvjxghpsqwendqweklkqyxnpofuiaufhhbmmbzjlhqbqrsvucuspmrffitbdzzetoldoqfcmlrpxytazdyrwflaczjccltpxaimqvukvxlpdzhgebdwhuiiq', 'a', 'i', 'majxzfbzztsdluebimtv', 'mdmajxzfbzztsdluebimtvycnfqdrskgbwnqbskwispmigmletsrefwtgrdhqjjsprxkdlzoyowmemfovfwqjenpnhgzhpbpccxgszfmsqswhgujvnnlimosnliedschtqfhcwznmcajvvpduoodsvipalmnyrtgulyoacyebldejfehfhqsavtirtgwmbejlgzzbpzsconjmaqcwhbbhpumkxrbarlzgdgrecougnynybyjmfeoiyedyedmmytahcwoumttgkchpodlgxfvluzlafrfpgiidufrjbwgmgmsigbuemqcaqsuloqhjtpmgqeshtwadyktioolziytauxiihzoupnmloioyqwurghiyprhvnbnhqjliafgjmobdflujxdajbgxqmxtfgovhyybjyvfntiocezbfvuweiityinlulfnwzeabdejhdxhknpwekdsqhbhgvvhxpmuwphakyvwtvnwzixhloriasfsqecfpyrtpoeccruztispljicgtxuamtpnokdazctnuzgwiqrguyitjdmpcufwavevjmttvaeqijozuncbcmchnwmmekpeqcwxwqamqyjzqtxansliuikkfwycbsdvtuoiugiocikjtindqgfhmdlqmxbzmtheheammvawyksywyfqgabpgnbrammklgzjdaerslshyplvsgkgcmqhcfvnlagfzvjtqcmltwisfkepivwnumwfmvrmhkvpkqmrdjuawmurmbrscsjdmztgznwgaaexllrdllrkduridmtvjxghpsqwendqweklkqyxnpofuiaufhhbmmbzjlhqbqrsvucuspmrffitbdzzetoldoqfcmlrpxytazdyrwflaczjccltpxaimqvukvxlpdzhgebdwhuiiqbwgwyemmoltydvibmnzvvahvqnwvzskxfjixnmhdsbwkmmhabueopmrcdjgwdxnwertzicpcfpmoamuuzzqmtmnxhjtitbvntzegubjyfptwyhhptgxlmmdmajxzfbzztsdluebimtvycnfqdrskgbwnqbskwispmigmletsrefwtgrdhqjjsprxkdlzoyowmemfovfwqjenpnhgzhpbpccxgszfmsqswhgujvnnlimosnliedschtqfhcwznmcajvvpduoodsvipalmnyrtgulyoacyebldejfehfhqsavtirtgwmbejlgzzbpzsconjmaqcwhbbhpumkxrbarlzgdgrecougnynybyjmfeoiyedyedmmytahcwoumttgkchpodlgxfvluzlafrfpgiidufrjbwgmgmsigbuemqcaqsuloqhjtpmgqeshtwadyktioolziytauxiihzoupnmloioyqwurghiyprhvnbnhqjliafgjmobdflujxdajbgxqmxtfgovhyybjyvfntiocezbfvuweiityinlulfnwzeabdejhdxhknpwekdsqhbhgvvhxpmuwphakyvwtvnwzixhloriasfsqecfpyrtpoeccruztispljicgtxuamtpnokdazctnuzgwiqrguyitjdmpcufwavevjmttvaeqijozuncbcmchnwmmekpeqcwxwqamqyjzqtxansliuikkfwycbsdvtuoiugiocikjtindqgfhmdlqmxbzmtheheammvawyksywyfqgabpgnbrammklgzjdaerslshyplvsgkgcmqhcfvnlagfzvjtqcmltwisfkepivwnumwfmvrmhkvpkqmrdjuawmurmbrscsjdmztgznwgaaexllrdllrkduridmtvjxghpsqwendqweklkqyxnpofuiaufhhbmmbzjlhqbqrsvucuspmrffitbdzzetoldoqfcmlrpxytazdyrwflaczjccltpxaimqvukvxlpdzhgebdwhuiiqbwgwyemmoltydvibmnzvvahvqnwvzskxfjixnmhdsbwkmmhabueopmrcdjgwdxnwertzicpcfpmoamuuzzqmtmnxhjtitbvntzegubjyfptwyhhptgxlmmdmajxzfbzztsdluebimtvycnfqdrskgbwnqbskwispmigmletsrefwtgrdhqjjsprxkdlzoyowmemfovfwqjenpnhgzhpbpccxgszfmsqswhgujvnnlimosnliedschtqfhcwznmcajvvpduoodsvipalmnyrtgulyoacyebldejfehfhqsavtirtgwmbejlgzzbpzsconjmaqcwhbbhpumkxrbarlzgdgrecougnynybyjmfeoiyedyedmmytahcwoumttgkchpodlgxfvluzlafrfpgiidufrjbwgmgmsigbuemqcaqsuloqhjtpmgqeshtwadyktioolziytauxiihzoupnmloioyqwurghiyprhvnbnhqjliafgjmobdflujxdajbgxqmxtfgovhyybjyvfntiocezbfvuweiityinlulfnwzeabdejhdxhknpwekdsqhbhgvvhxpmuwphakyvwtvnwzixhloriasfsqecfpyrtpoeccruztispljicgtxuamtpnokdazctnuzgwiqrguyitjdmpcufwavevjmttvaeqijozuncbcmchnwmmekpeqcwxwqamqyjzqtxansliuikkfwycbsdvtuoiugiocikjtindqgfhmdlqmxbzmtheheammvawyksywyfqgabpgnbrammklgzjdaerslshyplvsgkgcmqhcfvnlagfzvjtqcmltwisfkepivwnumwfmvrmhkvpkqmrdjuawmurmbrscsjdmztgznwgaaexllrdllrkduridmtvjxghpsqwendqweklkqyxnpofuiaufhhbmmbzjlhqbqrsvucuspmrffitbdzzetoldoqfcmlrpxytazdyrwflaczjccltpxaimqvukvxlpdzhgebdwhuiiqbwgwyemmoltydvibmnzvvahvqnwvzskxfjixnmhdsbwkmmhabueopmrcdjgwdxnwertzicpcfpmoamuuzzqmtmnxhjtitbvntzegubjyfptwyhhptgxlmdmajxzfbzztsdluebimtvycnfqdrskgbwnqbskwispmigmletsrefwtgrdhqjjsprxkdlzoyowmemfovfwqjenpnhgzhpbpccxgszfmsqswhgujvnnlimosnliedschtqfhcwznmcajvvpduoodsvipalmnyrtgulyoacyebldejfehfhqsavtirtgwmbejlgzzbpzsconjmaqcwhbbhpumkxrbarlzgdgrecougnynybyjmfeoiyedyedmmytahcwoumttgkchpodlgxfvluzlafrfpgiidufrjbwgmgmsigbuemqcaqsuloqhjtpmgqeshtwadyktioolziytauxiihzoupnmloioyqwurghiyprhvnbnhqjliafgjmobdflujxdajbgxqmxtfgovhyybjyvfntiocezbfvuweiityinlulfnwzeabdejhdxhknpwekdsqhbhgvvhxpmuwphakyvwtvnwzixhloriasfsqecfpyrtpoeccruztispljicgtxuamtpnokdazctnuzgwiqrguyitjdmpcufwavevjmttvaeqijozuncbcmchnwmmekpeqcwxwqamqyjzqtxansliuikkfwycbsdvtuoiugiocikjtindqgfhmdlqmxbzmtheheammvawyksywyfqgabpgnbrammklgzjdaerslshyplvsgkgcmqhcfvnlagfzvjtqcmltwisfkepivwnumwfmvrmhkvpkqmrdjuawmurmbrscsjdmztgznwgaaexllrdllrkduridmtvjxghpsq', NULL, NULL, NULL, NULL, NULL, NULL, NULL, NULL, 'md', 'fmdmajxzfb' );

1 rows affected.

SQL> COMMIT;

Succeed.

SQL> DROP TABLE T_INSERT_3;

Succeed.

SQL> 
SQL> 
SQL> --
SQL> create user user_insert identified by 'Cantian_1234';

Succeed.

SQL> create table user_insert.user_insert_table1 (user_insert_table_f_int int);

Succeed.

SQL> create table user_insert.user_insert_table2 (user_insert_table_f_int int);

Succeed.

SQL> insert into user_insert.user_insert_table1 values(1);

1 rows affected.

SQL> select user_insert_table_f_int from user_insert.user_insert_table1;

USER_INSERT_TABLE_F_INT
-----------------------
1                      

1 rows fetched.

SQL> select user_insert_table_f_int from user_insert.user_insert_table1,user_insert.user_insert_table2;

CT-00601, [1:8]Sql syntax error: column 'USER_INSERT_TABLE_F_INT' ambiguously defined
SQL> select user_insert.user_insert_table1.user_insert_table_f_int from user_insert.user_insert_table1,user_insert.user_insert_table1;

CT-00601, [1:8]Sql syntax error: column ambiguously defined
SQL> commit;

Succeed.

SQL> drop user user_insert cascade;

Succeed.

SQL> 
SQL> --DTS2018022303969
SQL> DROP TABLE IF EXISTS CAR;

Succeed.

SQL> create table CAR(CAR_ID number(6),CAR_CUST number(3),ADDR_3 number(5),CAR_CODE VARCHAR2(32),CAR_STATUS CHAR(1),CAR_REGION number(6),CAR_DOUBLE number(6,4),primary key (CAR_ID));

Succeed.

SQL> DROP TABLE IF EXISTS CAR_1;

Succeed.

SQL> create table CAR_1(CAR_ID number(6),CAR_CUST number(3),ADDR_3 number(5),CAR_CODE VARCHAR2(32),CAR_STATUS CHAR(1),CAR_REGION number(6),CAR_DOUBLE number(6,4),primary key (CAR_ID)); 

Succeed.

SQL> DROP TABLE IF EXISTS CAR_2;

Succeed.

SQL> create table CAR_2(CAR_ID number(6),CAR_CUST number(3),ADDR_3 number(5),CAR_CODE VARCHAR2(32),CAR_STATUS CHAR(1),CAR_REGION number(6),CAR_DOUBLE number(6,4),primary key (CAR_ID)); 

Succeed.

SQL> DROP TABLE IF EXISTS IPHONE;

Succeed.

SQL> create table IPHONE(PHONE_ID number(6),CUST number(3),ADDR_2 number(5),PHONE_CODE VARCHAR2(32),PHONE_STATUS CHAR(1),PHONE_REGION number(10),PHONE_DOUBLE number(20,4),primary key (PHONE_ID));

Succeed.

SQL> DROP TABLE IF EXISTS IPHONE1;

Succeed.

SQL> create table IPHONE1(PHONE_ID number(6),CUST number(3),ADDR_2 number(5),PHONE_CODE VARCHAR2(32),PHONE_STATUS CHAR(1),PHONE_REGION number(10),PHONE_DOUBLE number(20,4),primary key (PHONE_ID));

Succeed.

SQL> insert into car_1(car_id, car_cust, car_code, car_region) values(1,2,'Car_A1',2);

1 rows affected.

SQL> insert into car_1(car_id, car_cust, car_code, car_region) values(2,3,'Car_A2',3);

1 rows affected.

SQL> insert into car_1(car_id, car_cust, car_code, car_region) values(3,4,'Car_A3',1);

1 rows affected.

SQL> insert into car_1(car_id, car_cust, car_code, car_region) values(4,5,'Car_A4',2);

1 rows affected.

SQL> insert into car_1(car_id, car_cust, car_code, car_region) values(5,1,'Car_A5',3);

1 rows affected.

SQL> insert into car_1(car_id, car_cust, car_code, car_region) values(6,2,'Car_A6',1);

1 rows affected.

SQL> insert into car_1(car_id, car_cust, car_code, car_region) values(7,3,'Car_A7',2);

1 rows affected.

SQL> insert into car_1(car_id, car_cust, car_code, car_region) values(8,4,'Car_A8',3);

1 rows affected.

SQL> insert into car_1(car_id, car_cust, car_code, car_region) values(9,5,'Car_A9',1);

1 rows affected.

SQL> insert into car_1(car_id, car_cust, car_code, car_region) values(10,1,'Car_A0',2);

1 rows affected.

SQL> insert into car_1(car_id, car_cust, car_code, car_region) values(11,2,'Car_A1',3);

1 rows affected.

SQL> insert into car_1(car_id, car_cust, car_code, car_region) values(12,3,'Car_A2',1);

1 rows affected.

SQL> insert into car_1(car_id, car_cust, car_code, car_region) values(13,4,'Car_A3',2);

1 rows affected.

SQL> insert into car_1(car_id, car_cust, car_code, car_region) values(14,5,'Car_A4',3);

1 rows affected.

SQL> insert into car_1(car_id, car_cust, car_code, car_region) values(15,1,'Car_A5',1);

1 rows affected.

SQL> insert into car_1(car_id, car_cust, car_code, car_region) values(16,2,'Car_A6',2);

1 rows affected.

SQL> insert into car_1(car_id, car_cust, car_code, car_region) values(17,3,'Car_A7',3);

1 rows affected.

SQL> insert into car_1(car_id, car_cust, car_code, car_region) values(18,4,'Car_A8',1);

1 rows affected.

SQL> insert into car_1(car_id, car_cust, car_code, car_region) values(19,5,'Car_A9',2);

1 rows affected.

SQL> insert into car_1(car_id, car_cust, car_code, car_region) values(20,1,'Car_A0',3);

1 rows affected.

SQL> 
SQL> insert into car_2(car_id, car_cust, car_code, car_region) values(1,2,'Car_A1',2);

1 rows affected.

SQL> insert into car_2(car_id, car_cust, car_code, car_region) values(2,3,'Car_A2',3);

1 rows affected.

SQL> insert into car_2(car_id, car_cust, car_code, car_region) values(3,4,'Car_A3',1);

1 rows affected.

SQL> insert into car_2(car_id, car_cust, car_code, car_region) values(4,5,'Car_A4',2);

1 rows affected.

SQL> insert into car_2(car_id, car_cust, car_code, car_region) values(5,1,'Car_A5',3);

1 rows affected.

SQL> insert into car_2(car_id, car_cust, car_code, car_region) values(6,2,'Car_A6',1);

1 rows affected.

SQL> insert into car_2(car_id, car_cust, car_code, car_region) values(7,3,'Car_A7',2);

1 rows affected.

SQL> insert into car_2(car_id, car_cust, car_code, car_region) values(8,4,'Car_A8',3);

1 rows affected.

SQL> insert into car_2(car_id, car_cust, car_code, car_region) values(9,5,'Car_A9',1);

1 rows affected.

SQL> insert into car_2(car_id, car_cust, car_code, car_region) values(10,1,'Car_A0',2);

1 rows affected.

SQL> insert into car_2(car_id, car_cust, car_code, car_region) values(11,2,'Car_A1',3);

1 rows affected.

SQL> insert into car_2(car_id, car_cust, car_code, car_region) values(12,3,'Car_A2',1);

1 rows affected.

SQL> insert into car_2(car_id, car_cust, car_code, car_region) values(13,4,'Car_A3',2);

1 rows affected.

SQL> insert into car_2(car_id, car_cust, car_code, car_region) values(14,5,'Car_A4',3);

1 rows affected.

SQL> insert into car_2(car_id, car_cust, car_code, car_region) values(15,1,'Car_A5',1);

1 rows affected.

SQL> insert into car_2(car_id, car_cust, car_code, car_region) values(16,2,'Car_A6',2);

1 rows affected.

SQL> insert into car_2(car_id, car_cust, car_code, car_region) values(17,3,'Car_A7',3);

1 rows affected.

SQL> insert into car_2(car_id, car_cust, car_code, car_region) values(18,4,'Car_A8',1);

1 rows affected.

SQL> insert into car_2(car_id, car_cust, car_code, car_region) values(19,5,'Car_A9',2);

1 rows affected.

SQL> insert into car_2(car_id, car_cust, car_code, car_region) values(20,1,'Car_A0',3);

1 rows affected.

SQL> 
SQL> insert into iphone(phone_id, cust, phone_code, phone_region) values(1, 1, '13800000001', 1);

1 rows affected.

SQL> insert into iphone(phone_id, cust, phone_code, phone_region) values(2, 2, '15800000002', 2);

1 rows affected.

SQL> insert into iphone(phone_id, cust, phone_code, phone_region) values(3, 3, '18800000003', 4);

1 rows affected.

SQL> insert into iphone(phone_id, cust, phone_code, phone_region) values(4, 4, '13800000004', 1);

1 rows affected.

SQL> insert into iphone(phone_id, cust, phone_code, phone_region) values(5, 5, '15800000001', 2);

1 rows affected.

SQL> insert into iphone(phone_id, cust, phone_code, phone_region) values(6, 1, '18800000002', 3);

1 rows affected.

SQL> insert into iphone(phone_id, cust, phone_code, phone_region) values(7, 2, '13800000003', 1);

1 rows affected.

SQL> insert into iphone(phone_id, cust, phone_code, phone_region) values(8, 3, '15800000004', 2);

1 rows affected.

SQL> insert into iphone(phone_id, cust, phone_code, phone_region) values(9, 4, '18800000001', 3);

1 rows affected.

SQL> insert into iphone(phone_id, cust, phone_code, phone_region) values(10, 5, '13800000002', 1);

1 rows affected.

SQL> insert into iphone(phone_id, cust, phone_code, phone_region) values(11, 1, '15800000003', 2);

1 rows affected.

SQL> insert into iphone(phone_id, cust, phone_code, phone_region) values(12, 2, '18800000004', 3);

1 rows affected.

SQL> insert into iphone(phone_id, cust, phone_code, phone_region) values(13, 3, '13800000001', 1);

1 rows affected.

SQL> insert into iphone(phone_id, cust, phone_code, phone_region) values(14, 4, '15800000002', 2);

1 rows affected.

SQL> insert into iphone(phone_id, cust, phone_code, phone_region) values(15, 5, '18800000003', 3);

1 rows affected.

SQL> insert into iphone(phone_id, cust, phone_code, phone_region) values(16, 1, '13800000004', 1);

1 rows affected.

SQL> insert into iphone(phone_id, cust, phone_code, phone_region) values(17, 2, '15800000001', 2);

1 rows affected.

SQL> insert into iphone(phone_id, cust, phone_code, phone_region) values(18, 3, '18800000002', 3);

1 rows affected.

SQL> insert into iphone(phone_id, cust, phone_code, phone_region) values(19, 4, '13800000003', 1);

1 rows affected.

SQL> insert into iphone(phone_id, cust, phone_code, phone_region) values(20, 5, '15800000004', 2);

1 rows affected.

SQL> 
SQL> insert into iphone1(phone_id, cust, phone_code, phone_region) values(1, 1, '13800000001', 1);

1 rows affected.

SQL> insert into iphone1(phone_id, cust, phone_code, phone_region) values(2, 2, '15800000002', 2);

1 rows affected.

SQL> insert into iphone1(phone_id, cust, phone_code, phone_region) values(3, 3, '18800000003', 3);

1 rows affected.

SQL> insert into iphone1(phone_id, cust, phone_code, phone_region) values(4, 4, '13800000004', 1);

1 rows affected.

SQL> insert into iphone1(phone_id, cust, phone_code, phone_region) values(5, 5, '15800000001', 2);

1 rows affected.

SQL> insert into iphone1(phone_id, cust, phone_code, phone_region) values(6, 1, '18800000002', 3);

1 rows affected.

SQL> insert into iphone1(phone_id, cust, phone_code, phone_region) values(7, 2, '13800000003', 1);

1 rows affected.

SQL> insert into iphone1(phone_id, cust, phone_code, phone_region) values(8, 3, '15800000004', 2);

1 rows affected.

SQL> insert into iphone1(phone_id, cust, phone_code, phone_region) values(9, 4, '18800000001', 3);

1 rows affected.

SQL> insert into iphone1(phone_id, cust, phone_code, phone_region) values(10, 5, '13800000002', 1);

1 rows affected.

SQL> insert into iphone1(phone_id, cust, phone_code, phone_region) values(11, 1, '15800000003', 2);

1 rows affected.

SQL> insert into iphone1(phone_id, cust, phone_code, phone_region) values(12, 2, '18800000004', 3);

1 rows affected.

SQL> insert into iphone1(phone_id, cust, phone_code, phone_region) values(13, 3, '13800000001', 1);

1 rows affected.

SQL> insert into iphone1(phone_id, cust, phone_code, phone_region) values(14, 4, '15800000002', 2);

1 rows affected.

SQL> insert into iphone1(phone_id, cust, phone_code, phone_region) values(15, 5, '18800000003', 3);

1 rows affected.

SQL> insert into iphone1(phone_id, cust, phone_code, phone_region) values(16, 1, '13800000004', 1);

1 rows affected.

SQL> insert into iphone1(phone_id, cust, phone_code, phone_region) values(17, 2, '15800000001', 2);

1 rows affected.

SQL> insert into iphone1(phone_id, cust, phone_code, phone_region) values(18, 3, '18800000002', 3);

1 rows affected.

SQL> insert into iphone1(phone_id, cust, phone_code, phone_region) values(19, 4, '13800000003', 1);

1 rows affected.

SQL> insert into iphone1(phone_id, cust, phone_code, phone_region) values(20, 5, '15800000004', 2);

1 rows affected.

SQL> insert into car(car_id, car_cust, car_code, car_region) select (a.car_id+b.car_id) CID_XXX, a.car_cust, b.car_code, a.car_region+b.car_region AS CC_XXX from car_1 a inner join car_2 b on a.car_cust=b.car_cust where a.car_region=1 and b.car_region=3 and a.car_cust in(select c.cust from iphone c where c.phone_code = '13800000001') ;

4 rows affected.

SQL> select car_id, car_cust, car_code, car_region from car where 1=1 order by car_id;

CAR_ID                                   CAR_CUST                                 CAR_CODE                         CAR_REGION                              
---------------------------------------- ---------------------------------------- -------------------------------- ----------------------------------------
14                                       3                                        Car_A2                           4                                       
20                                       1                                        Car_A5                           4                                       
29                                       3                                        Car_A7                           4                                       
35                                       1                                        Car_A0                           4                                       

4 rows fetched.

SQL> DROP TABLE IF EXISTS CAR;

Succeed.

SQL> DROP TABLE IF EXISTS CAR_1;

Succeed.

SQL> DROP TABLE IF EXISTS CAR_2;

Succeed.

SQL> DROP TABLE IF EXISTS IPHONE;

Succeed.

SQL> DROP TABLE IF EXISTS IPHONE1;

Succeed.

SQL> 
SQL> --DTS2018032203200
SQL> DROP TABLE IF EXISTS nebula_xa_ddl_range_019;

Succeed.

SQL> create table nebula_xa_ddl_range_019(
  2 c_id int,
  3 c_d_id int NOT NULL,
  4 c_w_id int NOT NULL,
  5 c_first varchar(50) NOT NULL,
  6 c_middle char(2),
  7 c_last varchar(16) NOT NULL,
  8 c_street_1 varchar(20) NOT NULL,
  9 c_street_2 varchar(20),
 10 c_city varchar(20) NOT NULL,
 11 c_state char(2) NOT NULL,
 12 c_zip char(9) NOT NULL,
 13 c_phone char(16) NOT NULL,
 14 c_since timestamp,
 15 c_credit char(2) NOT NULL,
 16 c_credit_lim numeric(12,2),
 17 c_discount numeric(4,4),
 18 c_balance numeric(12,2),
 19 c_ytd_payment real NOT NULL,
 20 c_payment_cnt number NOT NULL,
 21 c_delivery_cnt bool NOT NULL,
 22 c_end date NOT NULL,
 23 c_data varchar(1000),
 24 c_clob clob,
 25 c_text blob) 
 26 partition by range(c_id,c_first) 
 27 (
 28 partition PART_1 values less than (101,'is101'),
 29 partition PART_2 values less than (201,'is201'),
 30 partition PART_3 values less than (301,'is301'),
 31 partition PART_4 values less than (401,'is401'),
 32 partition PART_5 values less than (501,'is501'),
 33 partition PART_6 values less than (601,'is601'),
 34 partition PART_7 values less than (701,'is701'),
 35 partition PART_8 values less than (801,'is801'),
 36 partition PART_9 values less than (901,'is901'),
 37 partition PART_10 values less than (maxvalue,maxvalue)
 38 );

Succeed.

SQL> 
SQL> DROP TABLE IF EXISTS oracle_tbl_000;

Succeed.

SQL> create table oracle_tbl_000(
  2 c_id int,
  3 c_d_id int NOT NULL,
  4 c_w_id int NOT NULL,
  5 c_first varchar(50) NOT NULL,
  6 c_middle char(2),
  7 c_last varchar(16) NOT NULL,
  8 c_street_1 varchar(20) NOT NULL,
  9 c_street_2 varchar(20),
 10 c_city varchar(20) NOT NULL,
 11 c_state char(2) NOT NULL,
 12 c_zip char(9) NOT NULL,
 13 c_phone char(16) NOT NULL,
 14 c_since timestamp,
 15 c_credit char(2) NOT NULL,
 16 c_credit_lim numeric(12,2),
 17 c_discount numeric(4,4),
 18 c_balance numeric(12,2),
 19 c_ytd_payment real NOT NULL,
 20 c_payment_cnt number NOT NULL,
 21 c_delivery_cnt bool NOT NULL,
 22 c_end date NOT NULL,
 23 c_data varchar(1000),
 24 c_clob clob,
 25 c_text blob);

Succeed.

SQL> 
SQL> 
SQL> insert into oracle_tbl_000 values(1,1,1,'is'||'0'||'aaaaaabbbbbbc','OE','BAR'||'0'||'aa','bkili'||'1'||'fcrRGF'||'1','pmbwo'||'1'||'vhSDGJ'||'1','dyf'||'1'||'rDa'||'1','uq',4801||'1',940||'1'||215||'1',to_char(sysdate,'yyyy-mm-dd hh24:mi:ss'),'GC',50000.0,0.4361328,-10.0,10.0,1,true,to_char(sysdate,'yyyy-mm-dd hh24:mi:ss'),'QVLDETANRBRBURBMfhlhfrcllgfSMNTECC348493214893542NPFZCSfjlufvCDSFQVLDETANRBRBURBMfhlhfrcllgfSMNTECC348493214893542NPFZCSfjlufvCDSFQVLDETANRBRBURBMfhlhfrcllgfSMNTECC348493214893542NPFZCSfjlufvCDSFQVLDETANRBRBURBMfhlhfrcllgfSMNTECC348493214893542NPFZCSfjlufvCDSFQVLDETANRBRBURBMfhlhfrcllgfSMNTECC348493214893542NPFZCSfjlufvCDSFQVLDETANRBRBURBMfhlhfrcllgfSMNTECC348493214893542NPFZCSfjlufvCDSF'||'1','QVLDETANRBRBUflnfufscHOQNGGSMjjjjgfvmgfvdfcmkgvNPFZCSYKXXYSCDSFQVLDETANRBRBUflnfufscHOQNGGSMjjjjgfvmgfvdfcmkgvNPFZCSYKXXYSCDSFQVLDETANRBRBUflnfufscHOQNGGSMjjjjgfvmgfvdfcmkgvNPFZCSYKXXYSCDSFQVLDETANRBRBUflnfufscHOQNGGSMjjjjgfvmgfvdfcmkgvNPFZCSYKXXYSCDSFQVLDETANRBRBUflnfufscHOQNGGSMjjjjgfvmgfvdfcmkgvNPFZCSYKXXYSCDSFQVLDETANRBRBUflnfufscHOQNGGSMjjjjgfvmgfvdfcmkgvNPFZCSYKXXYSCDSF'||'1','1234354587643123455213445656723123424554566776763221132454566768767433242323445453565654542323');

1 rows affected.

SQL> alter table nebula_xa_ddl_range_019 drop column c_clob;

Succeed.

SQL> alter table nebula_xa_ddl_range_019 add c_clob clob default 'aaaaaaaaaaaaa';

Succeed.

SQL> alter table nebula_xa_ddl_range_019 drop column c_clob;

Succeed.

SQL> alter table nebula_xa_ddl_range_019 add c_clob clob default 'aaaaaaaaaaaaa';

Succeed.

SQL> alter table nebula_xa_ddl_range_019 drop column c_clob;

Succeed.

SQL> alter table nebula_xa_ddl_range_019 add c_clob clob default 'aaaaaaaaaaaaa';

Succeed.

SQL> alter table nebula_xa_ddl_range_019 drop column c_clob;

Succeed.

SQL> alter table nebula_xa_ddl_range_019 add c_clob clob default 'aaaaaaaaaaaaa';

Succeed.

SQL> alter table nebula_xa_ddl_range_019 drop column c_clob;

Succeed.

SQL> alter table nebula_xa_ddl_range_019 add c_clob clob default 'aaaaaaaaaaaaa';

Succeed.

SQL> alter table nebula_xa_ddl_range_019 drop column c_clob;

Succeed.

SQL> alter table nebula_xa_ddl_range_019 add c_clob clob default 'aaaaaaaaaaaaa';

Succeed.

SQL> alter table nebula_xa_ddl_range_019 drop column c_clob;

Succeed.

SQL> alter table nebula_xa_ddl_range_019 add c_clob clob default 'aaaaaaaaaaaaa';

Succeed.

SQL> alter table nebula_xa_ddl_range_019 drop column c_clob;

Succeed.

SQL> alter table nebula_xa_ddl_range_019 add c_clob clob default 'aaaaaaaaaaaaa';

Succeed.

SQL> alter table nebula_xa_ddl_range_019 drop column c_clob;

Succeed.

SQL> alter table nebula_xa_ddl_range_019 add c_clob clob default 'aaaaaaaaaaaaa';

Succeed.

SQL> alter table nebula_xa_ddl_range_019 drop column c_clob;

Succeed.

SQL> alter table nebula_xa_ddl_range_019 add c_clob clob default 'aaaaaaaaaaaaa';

Succeed.

SQL> insert into nebula_xa_ddl_range_019 select * from oracle_tbl_000;

CT-00606, Inconsistent datatypes, expected CLOB - got BLOB
SQL> DROP TABLE IF EXISTS nebula_xa_ddl_range_019;

Succeed.

SQL> DROP TABLE IF EXISTS oracle_tbl_000;

Succeed.

SQL> 
SQL> --- insert some values
SQL> drop table if exists t_insert1;

Succeed.

SQL> drop table if exists t_insert2;

Succeed.

SQL> drop table if exists t_insert3;

Succeed.

SQL> create table t_insert1(f1 serial primary key, f2 int);

Succeed.

SQL> create table t_insert2(f1 int, f2 int);

Succeed.

SQL> create table t_insert3(f1 int, f2 varchar(10))
  2 PARTITION BY RANGE(f1)
  3 (
  4  PARTITION p1 values less than(10),
  5  PARTITION p2 values less than(20),
  6  PARTITION p3 values less than(30),
  7  PARTITION p4 values less than(40)
  8 );

Succeed.

SQL> 
SQL> insert into t_insert1(f2) values(1),;

CT-00601, [1:37]Sql syntax error: (...) expected but  found
SQL> insert into t_insert1(f2) values(1),(;

CT-00601, [1:37]Sql syntax error: text is not completed
SQL> insert into t_insert1(f2) values(1),(2,3),(4);

CT-00601, [1:39]Sql syntax error: number of arguments in expressions is not uniform
SQL> insert into t_insert1(f2) values(1),(sysdate);

CT-00606, [1:38]Inconsistent datatypes, expected BINARY_INTEGER - got DATE
SQL> 
SQL> insert into t_insert1(f2) values(1),(2),(3);

3 rows affected.

SQL> commit;

Succeed.

SQL> select * from t_insert1 order by f1, f2;

F1                   F2          
-------------------- ------------
1                    1           
2                    2           
3                    3           

3 rows fetched.

SQL> 
SQL> insert into t_insert1 values(4,4),(5,5),(6,6);

3 rows affected.

SQL> commit;

Succeed.

SQL> select * from t_insert1 order by f1, f2;

F1                   F2          
-------------------- ------------
1                    1           
2                    2           
3                    3           
4                    4           
5                    5           
6                    6           

6 rows fetched.

SQL> 
SQL> insert into t_insert1(f1,f2) values(7,7),(8,8),(9,9);

3 rows affected.

SQL> commit;

Succeed.

SQL> select * from t_insert1 order by f1, f2;

F1                   F2          
-------------------- ------------
1                    1           
2                    2           
3                    3           
4                    4           
5                    5           
6                    6           
7                    7           
8                    8           
9                    9           

9 rows fetched.

SQL> 
SQL> insert into t_insert2 select * from t_insert1;

9 rows affected.

SQL> commit;

Succeed.

SQL> select * from t_insert2 order by f1, f2;

F1           F2          
------------ ------------
1            1           
2            2           
3            3           
4            4           
5            5           
6            6           
7            7           
8            8           
9            9           

9 rows fetched.

SQL> 
SQL> insert into t_insert2(f1,f2) select * from t_insert1;

9 rows affected.

SQL> commit;

Succeed.

SQL> select * from t_insert2 order by f1, f2;

F1           F2          
------------ ------------
1            1           
1            1           
2            2           
2            2           
3            3           
3            3           
4            4           
4            4           
5            5           
5            5           
6            6           
6            6           
7            7           
7            7           
8            8           
8            8           
9            9           
9            9           

18 rows fetched.

SQL> 
SQL> insert into t_insert3 values(2,'p1'),(12,'p2'),(22,'p3'),(33,'p4');

4 rows affected.

SQL> commit;

Succeed.

SQL> select * from t_insert3 order by f1,f2;

F1           F2        
------------ ----------
2            p1        
12           p2        
22           p3        
33           p4        

4 rows fetched.

SQL> insert into t_insert3 values(3,'p1'),(13,'p2'),(23,'p3'),(43,'p5');

CT-01103, Invalid (sub)partition key, inserted partition key does not map to any partition
SQL> commit;

Succeed.

SQL> select * from t_insert3 order by f1,f2;

F1           F2        
------------ ----------
2            p1        
12           p2        
22           p3        
33           p4        

4 rows fetched.

SQL> 
SQL> update t_insert2 set f1=(1),(2);

CT-00601, [1:32]Sql syntax error: = expected
SQL> update t_insert2 set (f1,f2)=(1,2);

CT-00601, [1:32]Sql syntax error: the word "," is not correct
SQL> update t_insert2 set f1=8;

18 rows affected.

SQL> commit;

Succeed.

SQL> select * from t_insert2 order by f1, f2;

F1           F2          
------------ ------------
8            1           
8            1           
8            2           
8            2           
8            3           
8            3           
8            4           
8            4           
8            5           
8            5           
8            6           
8            6           
8            7           
8            7           
8            8           
8            8           
8            9           
8            9           

18 rows fetched.

SQL> 
SQL> drop table if exists t_insert4;

Succeed.

SQL> create table t_insert4(a1 varchar(8000),a2 varchar(8000),a3 varchar(8000),a4 varchar(8000),a5 varchar(8000),a6 varchar(8000),a7 varchar(8000),a8 varchar(8000),a9 varchar(8000));

Succeed.

SQL> insert into t_insert4 select lpad('QVBRfSCC3484942ZCSfjvCF',8000,'QVLDBURhlhfrc484ZCSfjF'),lpad('QVBUflcHOQNvmgfvdPFZSF',4000,'QVLDfscHOQgfvmPFZDSF'),lpad('QVBUflcHOQNvmgfvdPFZSF',4000,'QVLDfscHOQgfvmPFZDSF'),lpad('QVBUflcHOQNvmgfvdPFZSF',4000,'QVLDfscHOQgfvmPFZDSF'),lpad('QVBUflcHOQNvmgfvdPFZSF',4000,'QVLDfscHOQgfvmPFZDSF'),lpad('QVBUflcHOQNvmgfvdPFZSF',4000,'QVLDfscHOQgfvmPFZDSF'),lpad('QVBUflcHOQNvmgfvdPFZSF',4000,'QVLDfscHOQgfvmPFZDSF'),lpad('QVBUflcHOQNvmgfvdPFZSF',4000,'QVLDfscHOQgfvmPFZDSF'),lpad('QVBUflcHOQNvmgfvdPFZSF',4000,'QVLDfscHOQgfvmPFZDSF') from dual;

1 rows affected.

SQL> 
SQL> drop table if exists t_insert5;

Succeed.

SQL> create table t_insert5(f1 int);

Succeed.

SQL> insert into t_insert5(sys.t_insert5.f1) values(1);

1 rows affected.

SQL> insert into t_insert5(test.t_insert5.f1) values(1);

CT-00601, [1:23]Sql syntax error: invalid column name 'test.t_insert5.f1'
SQL> insert into t_insert5(sys.t_insert5.f2) values(1);

CT-00618, [1:37]The column 'F2' was invalid
SQL> insert into t_insert5(sys.t2.f1) values(1);

CT-00601, [1:23]Sql syntax error: invalid column name 'sys.t2.f1'
SQL> insert into t_insert5(sys.t2.f2) values(1);

CT-00601, [1:23]Sql syntax error: invalid column name 'sys.t2.f2'
SQL> insert into t_insert5(sys."t_insert5".f1) values(1);

CT-00601, [1:23]Sql syntax error: invalid column name 'sys."t_insert5".f1'
SQL> insert into t_insert5(t_insert5.f1) values(2);

1 rows affected.

SQL> insert into t_insert5("T_INSERT5".f1) values(3);

1 rows affected.

SQL> insert into t_insert5("t_insert5".f1) values(3);

CT-00601, [1:23]Sql syntax error: invalid column name 't_insert5".f1'
SQL> insert into t_insert5(t2.f1) values(4);

CT-00601, [1:23]Sql syntax error: invalid column name 't2.f1'
SQL> insert into t_insert5(t_insert5.f2) values(4);

CT-00618, [1:33]The column 'F2' was invalid
SQL> 
SQL> drop table if exists t_insert6;

Succeed.

SQL> create table t_insert6
  2 (
  3  subscribersn number(38) not null,
  4  version number(38) not null,
  5  tombtime number(38) not null
  6 );

Succeed.

SQL> alter table t_insert6 add constraint PK_usersubscribe_version primary key (subscribersn);

Succeed.

SQL> create index idx_usv_version on t_insert6 (version) ;

Succeed.

SQL> 
SQL> merge into t_insert6 c
  2 using (select '8200000000' subscribersn, '20180601000000' version, '0' tombtime from dual) t 
  3 on (c.subscribersn = t.subscribersn) 
  4 when matched then update set c.version = t.version, c.tombtime = t.tombtime 
  5 when not matched then insert (c.subscribersn, c.version, c.tombtime) values (t.subscribersn, t.version, t.tombtime);

1 rows affected.

SQL> select * from t_insert6;

SUBSCRIBERSN                             VERSION                                  TOMBTIME                                
---------------------------------------- ---------------------------------------- ----------------------------------------
8200000000                               20180601000000                           0                                       

1 rows fetched.

SQL> 
SQL> drop table t_insert1;

Succeed.

SQL> drop table t_insert2;

Succeed.

SQL> drop table t_insert3;

Succeed.

SQL> drop table t_insert4;

Succeed.

SQL> drop table t_insert5;

Succeed.

SQL> drop table t_insert6;

Succeed.

SQL> 
SQL> --DTS2018092608118
SQL> DROP TABLE IF EXISTS TEST_LAST_INSERT_ID;

Succeed.

SQL> CREATE TABLE TEST_LAST_INSERT_ID(NAME VARCHAR(50),AGE INT,GENDER VARCHAR(50));

Succeed.

SQL> ALTER TABLE TEST_LAST_INSERT_ID ADD COLUMN ID INT NOT NULL AUTO_INCREMENT PRIMARY KEY;

Succeed.

SQL> INSERT INTO TEST_LAST_INSERT_ID(NAME,AGE,GENDER) VALUES('JARY',23,'��');

1 rows affected.

SQL> COMMIT;

Succeed.

SQL> SELECT ID,NAME,AGE,GENDER FROM TEST_LAST_INSERT_ID ORDER BY ID,NAME,AGE,GENDER;

ID           NAME                                               AGE          GENDER                                            
------------ -------------------------------------------------- ------------ --------------------------------------------------
1            JARY                                               23           ��                                                

1 rows fetched.

SQL> SELECT LAST_INSERT_ID();

LAST_INSERT_ID()    
--------------------
1                   

1 rows fetched.

SQL> 
SQL> --DTS2019053001343
SQL> drop table if exists ver_dml1;

Succeed.

SQL> create table ver_dml1(f1 int, f2 int, f3 int, f4 int);

Succeed.

SQL> drop table if exists ver_dml2;

Succeed.

SQL> create table ver_dml2 (f1 int, f2 int, f3 int, f4 int);

Succeed.

SQL> 
SQL> insert into ver_dml2 select * from ver_dml1 where ver_dml1.f1 = 1;

0 rows affected.

SQL> replace into ver_dml2 select * from ver_dml1 where ver_dml1.f1 = 1;

0 rows affected.

SQL> update ver_dml2 set f2 = '1' where f2 in (select f2 from ver_dml1);

0 rows affected.

SQL> delete from ver_dml2 where f2 in (select f2 from ver_dml1);

0 rows affected.

SQL> update ver_dml2 left join ver_dml1 on 1=1 set ver_dml2.f1 = '1' where ver_dml2.f2 in (select f2 from ver_dml1);

0 rows affected.

SQL> delete from ver_dml2 using ver_dml1 join ver_dml2 on 1=1 where ver_dml2.f2 in (select f2 from ver_dml1);

0 rows affected.

SQL> 
SQL> insert into sys_comments select * from ver_dml1;

CT-00130, [1:13]Operation dml is not supported on view or system table
SQL> replace into sys_comments select * from ver_dml1;

CT-00130, [1:14]Operation dml is not supported on view or system table
SQL> insert into sys_comments select * from sys_comments where table#='1111';

CT-00130, [1:13]Operation dml is not supported on view or system table
SQL> replace into sys_comments select * from ver_dml1;

CT-00130, [1:14]Operation dml is not supported on view or system table
SQL> update sys_comments set text = '1' where text in (select f2 from ver_dml1);

CT-00130, [1:8]Operation dml is not supported on view or system table
SQL> delete from sys_comments where text in (select f2 from ver_dml1);

CT-00130, [1:13]Operation dml is not supported on view or system table
SQL> update sys_comments left join ver_dml1 on 1=1 set sys_comments.text = '1' where sys_comments.text in (select f2 from ver_dml1);

CT-00130, [1:8]Operation dml is not supported on view or system table
SQL> delete from sys_comments using ver_dml1 join sys_comments on 1=1 where sys_comments.text in (select f2 from ver_dml1);

CT-00130, [1:13]Operation dml is not supported on view or system table
SQL> 
SQL> insert into SYS_USERS select * from ver_dml1;

CT-00130, [1:13]Operation dml is not supported on view or system table
SQL> replace into SYS_USERS select * from ver_dml1;

CT-00130, [1:14]Operation dml is not supported on view or system table
SQL> insert into SYS_USERS select * from SYS_USERS where table#='1111';

CT-00130, [1:13]Operation dml is not supported on view or system table
SQL> replace into SYS_USERS select * from SYS_USERS where table#='1111';

CT-00130, [1:14]Operation dml is not supported on view or system table
SQL> update SYS_USERS set NAME = '1' where NAME in (select f2 from ver_dml1);

CT-00130, [1:8]Operation dml is not supported on view or system table
SQL> delete from SYS_USERS where NAME in (select f2 from ver_dml1);

CT-00130, [1:13]Operation dml is not supported on view or system table
SQL> update SYS_USERS left join ver_dml1 on 1=1 set SYS_USERS.NAME = '1' where SYS_USERS.NAME in (select f2 from ver_dml1);

CT-00130, [1:8]Operation dml is not supported on view or system table
SQL> delete from SYS_USERS using ver_dml1 join SYS_USERS on 1=1 where SYS_USERS.id in (select f2 from ver_dml1);

CT-00130, [1:13]Operation dml is not supported on view or system table
SQL> 
SQL> drop table if exists ver_dml1;

Succeed.

SQL> drop table if exists ver_dml2;

Succeed.

SQL> 
SQL> --DTS2019061813474 DTS2019061814265
SQL> drop table if exists ver_dml1;

Succeed.

SQL> drop table if exists ver_dml2;

Succeed.

SQL> create table ver_dml1 (f1 int, f2 int);

Succeed.

SQL> create table ver_dml2 (f1 int, f2 int);

Succeed.

SQL> insert into ver_dml1 values (1,1),(2,2);

2 rows affected.

SQL> insert into ver_dml2 values (1,3);

1 rows affected.

SQL> drop view if exists ver_dml2_view;

Succeed.

SQL> create view ver_dml2_view as select * from ver_dml2;

Succeed.

SQL> select * from ver_dml1 order by f1;

F1           F2          
------------ ------------
1            1           
2            2           

2 rows fetched.

SQL> select * from ver_dml2_view order by f1;

F1           F2          
------------ ------------
1            3           

1 rows fetched.

SQL> update ver_dml1 inner join ver_dml2_view on ver_dml1.f1=ver_dml2_view.f1 set ver_dml1.f2=5;

1 rows affected.

SQL> select * from ver_dml1 order by f1;

F1           F2          
------------ ------------
1            5           
2            2           

2 rows fetched.

SQL> select * from ver_dml2_view order by f1;

F1           F2          
------------ ------------
1            3           

1 rows fetched.

SQL> update ver_dml1 inner join ver_dml2_view on ver_dml1.f1=ver_dml2_view.f1 set ver_dml2_view.f2=6;

CT-00601, [1:28]Sql syntax error: view operation UPDATE must based on instead of trigger but current view has no trigger
SQL> delete ver_dml1 from ver_dml1 inner join ver_dml2_view on ver_dml1.f1=ver_dml2_view.f1;

1 rows affected.

SQL> select * from ver_dml1 order by f1;

F1           F2          
------------ ------------
2            2           

1 rows fetched.

SQL> select * from ver_dml2_view order by f1;

F1           F2          
------------ ------------
1            3           

1 rows fetched.

SQL> delete ver_dml2_view from ver_dml1 inner join ver_dml2_view on ver_dml1.f1=ver_dml2_view.f1;

CT-00601, [1:47]Sql syntax error: view operation DELETE must based on instead of trigger but current view has no trigger
SQL> MERGE INTO ver_dml1 BD1 USING ver_dml2_view NBD1 ON (BD1.f1 = NBD1.f1) WHEN MATCHED THEN UPDATE SET BD1.f2 = 10 WHEN NOT MATCHED THEN INSERT (f1, f2) VALUES (5,5);

1 rows affected.

SQL> select * from ver_dml1 order by f1;

F1           F2          
------------ ------------
2            2           
5            5           

2 rows fetched.

SQL> select * from ver_dml2_view order by f1;

F1           F2          
------------ ------------
1            3           

1 rows fetched.

SQL> drop table if exists ver_dml1;

Succeed.

SQL> drop table if exists ver_dml2;

Succeed.

SQL> drop view if exists ver_dml2_view;

Succeed.

SQL> 
SQL> drop sequence if exists MY_DEPENDENCIES_011_Seq_01;

Succeed.

SQL> create sequence MY_DEPENDENCIES_011_Seq_01  increment by 2 start with 1 maxvalue 50 cache 10 cycle noorder;

Succeed.

SQL> drop table if exists MY_DEPENDENCIES_011_Tab_01;

Succeed.

SQL> create table  MY_DEPENDENCIES_011_Tab_01(id  int,name varchar(100),ctime date);

Succeed.

SQL> insert into MY_DEPENDENCIES_011_Tab_01 values (MY_DEPENDENCIES_011_Seq_01.nextval,'test','2018-09-17 16:10:28');

1 rows affected.

SQL> commit;

Succeed.

SQL> drop public synonym if exists MY_DEPENDENCIES_011_Syn_01;

Succeed.

SQL> create public synonym MY_DEPENDENCIES_011_Syn_01 for MY_DEPENDENCIES_011_Tab_01;

Succeed.

SQL> insert into MY_DEPENDENCIES_011_Syn_01 values (MY_DEPENDENCIES_011_Seq_01.nextval,'','2018-09-18 16:10:28');

1 rows affected.

SQL> commit;

Succeed.

SQL> select * from MY_DEPENDENCIES_011_Tab_01 order by id;

ID           NAME                                                             CTIME                 
------------ ---------------------------------------------------------------- ----------------------
1            test                                                             2018-09-17 16:10:28   
3                                                                             2018-09-18 16:10:28   

2 rows fetched.

SQL> select * from MY_DEPENDENCIES_011_Syn_01 order by id;

ID           NAME                                                             CTIME                 
------------ ---------------------------------------------------------------- ----------------------
1            test                                                             2018-09-17 16:10:28   
3                                                                             2018-09-18 16:10:28   

2 rows fetched.

SQL> drop sequence if exists MY_DEPENDENCIES_011_Seq_01;

Succeed.

SQL> drop public synonym if exists MY_DEPENDENCIES_011_Syn_01;

Succeed.

SQL> drop table if exists MY_DEPENDENCIES_011_Tab_01;

Succeed.

SQL> 
SQL> drop sequence if exists DBA_DEPENDENCIES_007_Seq_01;

Succeed.

SQL> drop sequence if exists DBA_DEPENDENCIES_008_Seq_01;

Succeed.

SQL> drop table if exists DBA_DEPENDENCIES_007_Tab_01;

Succeed.

SQL> drop table if exists DBA_DEPENDENCIES_008_Tab_01;

Succeed.

SQL> drop public synonym if exists DBA_DEPENDENCIES_007_Syn_01;

Succeed.

SQL> drop public synonym if exists DBA_DEPENDENCIES_008_Syn_01;

Succeed.

SQL> create sequence DBA_DEPENDENCIES_007_Seq_01  increment by 2 start with 1 maxvalue 50 cache 10 cycle noorder;

Succeed.

SQL> create table  DBA_DEPENDENCIES_007_Tab_01(id  int,name varchar(100),ctime date);

Succeed.

SQL> insert into DBA_DEPENDENCIES_007_Tab_01 values (DBA_DEPENDENCIES_007_Seq_01.nextval,'test','2018-09-17 16:10:28');

1 rows affected.

SQL> commit;

Succeed.

SQL> create public synonym DBA_DEPENDENCIES_007_Syn_01 for DBA_DEPENDENCIES_007_Tab_01;

Succeed.

SQL> drop function if exists DBA_DEPENDENCIES_007_Func_01;

Succeed.

SQL> create or replace function DBA_DEPENDENCIES_007_Func_01 return varchar
  2 is
  3 A varchar(30);
  4 begin
  5 insert into DBA_DEPENDENCIES_007_Syn_01 values (DBA_DEPENDENCIES_007_Seq_01.nextval,'zhongwen','2018-09-18 16:10:28');
  6 select id into A  from DBA_DEPENDENCIES_007_Syn_01 where id = DBA_DEPENDENCIES_007_Seq_01.currval;
  7 return A;
  8 end;
  9 /

Succeed.
Warning:
PL/SQL(SYS.DBA_DEPENDENCIES_007_FUNC_01) terminated with compiling errors
[6:53] PLC-00601 Sql syntax error: unexpected sequence occurs


SQL> select STATUS  from sys_procs where name = 'DBA_DEPENDENCIES_007_FUNC_01';

STATUS      
------------
0           

1 rows fetched.

SQL> select * from dba_dependencies where name ='DBA_DEPENDENCIES_007_FUNC_01'  order by REFERENCED_OWNER,REFERENCED_TYPE;

OWNER                                                            NAME                                                             TYPE         REFERENCED_OWNER                                                 REFERENCED_NAME                                                  REFERENCED_TYPE
---------------------------------------------------------------- ---------------------------------------------------------------- ------------ ---------------------------------------------------------------- ---------------------------------------------------------------- ---------------

0 rows fetched.

SQL> --in pl refactor, we changed strategy: only when compile successfully can we update the table of dependency
SQL> create or replace function DBA_DEPENDENCIES_007_Func_01 return varchar
  2 is
  3 A varchar(30);
  4 begin
  5 insert into DBA_DEPENDENCIES_007_Syn_01 values (DBA_DEPENDENCIES_007_Seq_01.nextval,'zhongwen','2018-09-18 16:10:28');
  6 return A;
  7 end;
  8 /

Succeed.

SQL> select STATUS  from sys_procs where name = 'DBA_DEPENDENCIES_007_FUNC_01';

STATUS      
------------
1           

1 rows fetched.

SQL> select * from dba_dependencies where name ='DBA_DEPENDENCIES_007_FUNC_01'  order by REFERENCED_OWNER,REFERENCED_TYPE;

OWNER                                                            NAME                                                             TYPE         REFERENCED_OWNER                                                 REFERENCED_NAME                                                  REFERENCED_TYPE
---------------------------------------------------------------- ---------------------------------------------------------------- ------------ ---------------------------------------------------------------- ---------------------------------------------------------------- ---------------
SYS                                                              DBA_DEPENDENCIES_007_FUNC_01                                     FUNCTION     PUBLIC                                                           DBA_DEPENDENCIES_007_SYN_01                                      SYNONYM        
SYS                                                              DBA_DEPENDENCIES_007_FUNC_01                                     FUNCTION     SYS                                                              DBA_DEPENDENCIES_007_SEQ_01                                      SEQUENCE       

2 rows fetched.

SQL> create sequence DBA_DEPENDENCIES_008_Seq_01  increment by 2 start with 1 maxvalue 50 cache 10 cycle noorder;

Succeed.

SQL> create table  DBA_DEPENDENCIES_008_Tab_01(id  int,name varchar(100),ctime date);

Succeed.

SQL> insert into DBA_DEPENDENCIES_008_Tab_01 values (DBA_DEPENDENCIES_008_Seq_01.nextval,'test','2018-09-17 16:10:28');

1 rows affected.

SQL> create public synonym DBA_DEPENDENCIES_008_Syn_01 for DBA_DEPENDENCIES_008_Tab_01;

Succeed.

SQL> commit;

Succeed.

SQL> insert into DBA_DEPENDENCIES_008_Syn_01 values (DBA_DEPENDENCIES_008_Seq_01.nextval,'zhongwen','2018-09-18 16:10:28');

1 rows affected.

SQL> commit;

Succeed.

SQL> drop function if exists DBA_DEPENDENCIES_007_Func_01;

Succeed.

SQL> drop sequence if exists DBA_DEPENDENCIES_007_Seq_01;

Succeed.

SQL> drop sequence if exists DBA_DEPENDENCIES_008_Seq_01;

Succeed.

SQL> drop public synonym if exists DBA_DEPENDENCIES_007_Syn_01;

Succeed.

SQL> drop public synonym if exists DBA_DEPENDENCIES_008_Syn_01;

Succeed.

SQL> drop table if exists DBA_DEPENDENCIES_007_Tab_01;

Succeed.

SQL> drop table if exists DBA_DEPENDENCIES_008_Tab_01;
Succeed.

SQL> 
SQL> --DTS2020022811308
SQL> DROP TABLE IF EXISTS "T_AGT_EXAMEXCUTELOG" CASCADE CONSTRAINTS;

Succeed.

SQL> CREATE TABLE "T_AGT_EXAMEXCUTELOG"
  2 (
  3   "LOGID" VARCHAR(20 BYTE) NOT NULL,
  4   "EXAMPLANID" VARCHAR(20 BYTE),
  5   "PAPERID" VARCHAR(20 BYTE) NOT NULL,
  6   "STAFFID" VARCHAR(20 BYTE) NOT NULL,
  7   "STAFFNO" VARCHAR(20 BYTE),
  8   "SEQUENCE" NUMBER(10),
  9   "STARTTIME" DATE NOT NULL,
 10   "ENDTIME" DATE NOT NULL,
 11   "TIMELONG" NUMBER(10),
 12   "TESTISOVER" VARCHAR(1 BYTE) DEFAULT '0',
 13   "TESTMARK" NUMBER(7, 1),
 14   "LOGONIP" VARCHAR(20 BYTE),
 15   "ISPASSED" VARCHAR(1 BYTE),
 16   "MARKSTATUS" VARCHAR(1 BYTE),
 17   "MARKPERSON" VARCHAR(20 BYTE),
 18   "MARKPERSONNO" VARCHAR(20 BYTE),
 19   "RECHECKPERSON" VARCHAR(20 BYTE),
 20   "RECHECKPERSONNO" VARCHAR(20 BYTE),
 21   "ISCONTAINSUBJECT" VARCHAR(1 BYTE),
 22   "LOCKS" VARCHAR(1 BYTE),
 23   "EXCEPTIONCOUNT" NUMBER(5) DEFAULT 0,
 24   "FIELD1" VARCHAR(200 BYTE),
 25   "FIELD2" VARCHAR(200 BYTE),
 26   "FIELD3" VARCHAR(200 BYTE),
 27   "FIELD4" VARCHAR(200 BYTE),
 28   "FIELD5" VARCHAR(200 BYTE),
 29   "DELETEFLAG" VARCHAR(1 BYTE) DEFAULT '0'
 30 )
 31 PARTITION BY RANGE ("LOGID")
 32 (
 33     PARTITION P_16_10_3 VALUES LESS THAN ('20161101')  INITRANS 2 PCTFREE 8,
 34     PARTITION P_16_11_1 VALUES LESS THAN ('20161111')  INITRANS 2 PCTFREE 8,
 35     PARTITION P_16_11_2 VALUES LESS THAN ('20161121')  INITRANS 2 PCTFREE 8,
 36     PARTITION P_16_11_3 VALUES LESS THAN ('20161201')  INITRANS 2 PCTFREE 8,
 37     PARTITION P_16_12_1 VALUES LESS THAN ('20161211')  INITRANS 2 PCTFREE 8,
 38     PARTITION P_16_12_2 VALUES LESS THAN ('20161221')  INITRANS 2 PCTFREE 8,
 39     PARTITION P_16_12_3 VALUES LESS THAN ('20170101')  INITRANS 2 PCTFREE 8,
 40     PARTITION P_MAX_VALUE VALUES LESS THAN (MAXVALUE )  INITRANS 2 PCTFREE 8
 41 )
 42 INITRANS 2
 43 MAXTRANS 255
 44 PCTFREE 8;

Succeed.

SQL> CREATE INDEX "IX_AGT_EXAMEXCUTELOG_EPLANID" ON "T_AGT_EXAMEXCUTELOG"("EXAMPLANID")
  2 LOCAL
  3 INITRANS 2
  4 PCTFREE 8;

Succeed.

SQL> CREATE INDEX "IX_AGT_EXAMEXCUTELOG_PAPERID" ON "T_AGT_EXAMEXCUTELOG"("PAPERID")
  2 LOCAL
  3 INITRANS 2
  4 PCTFREE 8;

Succeed.

SQL> CREATE INDEX "IX_AGT_EXAMEXCUTELOG_STAFFID" ON "T_AGT_EXAMEXCUTELOG"("STAFFID")
  2 LOCAL
  3 INITRANS 2
  4 PCTFREE 8;

Succeed.

SQL> ALTER TABLE "T_AGT_EXAMEXCUTELOG" ADD CONSTRAINT "PK_T_AGT_EXAMEXCUTELOG" PRIMARY KEY("LOGID") USING INDEX LOCAL;

Succeed.

SQL> insert into T_AGT_EXAMEXCUTELOG values('1','2','3','4','5',6,'2016-01-01 00:00:00','2016-01-01 00:00:00',9,'0',11,'2','3','4','5','2','3','4','5','2',3,'4','5','2','3','4','5');

1 rows affected.

SQL> call dbe_stats.collect_table_stats( schema=>'SYS', name=>'T_AGT_EXAMEXCUTELOG', sample_ratio => 100, method_opt=>'for all columns');

PL/SQL procedure successfully completed.

SQL> DROP TABLE IF EXISTS DTS_TEST_T;

Succeed.

SQL> CREATE TABLE DTS_TEST_T(F1 CHAR(1));

Succeed.

SQL> insert into DTS_TEST_T values(decode(1,1,(SELECT ELOG.ISPASSED FROM T_AGT_EXAMEXCUTELOG ELOG WHERE ELOG.EXAMPLANID = 1  AND ELOG.STAFFID = 2  AND ELOG.DELETEFLAG <> '1' AND ELOG.SEQUENCE = 3),'0'));

1 rows affected.

SQL> 
SQL> -- DTS2020041614625
SQL> drop table if exists insert_on_error1;

Succeed.

SQL> drop table if exists insert_on_error2;

Succeed.

SQL> drop table if exists insert_on_error3;

Succeed.

SQL> 
SQL> create table insert_on_error1
  2 (
  3   col1 int
  4 );

Succeed.

SQL> 
SQL> create table insert_on_error2
  2 (
  3   col1 int,
  4   col2 int,
  5   col3 varchar(20)
  6 );

Succeed.

SQL> 
SQL> create table insert_on_error3
  2 (
  3   col1 int,
  4   col2 int,
  5   col3 varchar(20)
  6 );

Succeed.

SQL> 
SQL> insert into insert_on_error1 values(
  2   case when exists(
  3     select
  4       case when exists(
  5         select 
  6           t1.col1 as c1,
  7           t2.col1 as c2,
  8           t3.col1 as c3
  9         from insert_on_error2 as t3
 10         where 0 limit 1) 
 11       then t2.col1 else t2.col1 end
 12       as c1,
 13       t2.col2 as c2
 14     from insert_on_error1 as t0
 15       inner join insert_on_error2 as t1
 16       inner join insert_on_error2 as t2 on t2.col3 is not null
 17       on (1)
 18     ) then 1 else 2 end
 19 );

CT-00601, [17:1]Sql syntax error: invalid word 'on' found
SQL> 
SQL> insert into insert_on_error1 values(
  2   case when exists(
  3     select
  4       case when exists(
  5         select 
  6           t1.col1 as c1,
  7           t2.col1 as c2,
  8           t3.col1 as c3
  9         from insert_on_error2 as t3
 10         where 0 limit 1) 
 11       then t2.col1 else t2.col1 end
 12       as c1,
 13       t2.col2 as c2
 14     from insert_on_error1 as t0
 15       inner join insert_on_error2 as t1
 16       inner join insert_on_error2 as t2 on t2.col3 is not null
 17       on duplicate key update
 18     ) then 1 else 2 end
 19 );

CT-00601, [17:4]Sql syntax error: expected end but on found
SQL> 
SQL> insert into insert_on_error2 (select * from insert_on_error3 on DUPLICATE KEY UPDATE col1 = col1*10);

CT-00601, [1:65]Sql syntax error: expected end but on found
SQL> 
SQL> drop table insert_on_error1;

Succeed.

SQL> drop table insert_on_error2;

Succeed.

SQL> drop table insert_on_error3;

Succeed.

SQL> 
SQL> --DTS202008240IRYM9P1100
SQL> DROP TABLE IF EXISTS  test_inset_upd_0;

Succeed.

SQL> DROP sequence IF EXISTS  cascade_standby_seq_000;

Succeed.

SQL> DROP sequence IF EXISTS  cascade_standby_seq_000_1;

Succeed.

SQL> CREATE TABLE  test_inset_upd_0 ( c_id INT,c_d_id BIGINT NOT NULL,c_w_id TINYINT unsigned NOT NULL,c_uint UINT NOT NULL,c_first VARCHAR(16) NOT NULL,c_middle CHAR(2),c_last VARCHAR(16) NOT NULL,c_street_1 VARCHAR(20) NOT NULL,c_street_2 VARCHAR(20),c_zero TIMESTAMP NOT NULL,c_start DATE NOT NULL,c_zip CHAR(9) NOT NULL,c_phone CHAR(16) NOT NULL,c_since TIMESTAMP,c_credit CHAR(2),c_credit_lim NUMERIC,c_discount NUMERIC(5, 2),c_balance NUMERIC(12, 2),c_ytd_payment REAL NOT NULL,c_payment_cnt number NOT NULL,c_delivery_cnt bool NOT NULL,c_end DATE NOT NULL,c_data1 VARCHAR(7744),c_data2 VARCHAR(7744),c_data3 VARCHAR(7744),c_data4 VARCHAR(7744),c_data5 VARCHAR(7744),c_data6 VARCHAR(7744),c_data7 VARCHAR(7744),c_data8 VARCHAR(7744),c_clob clob,c_blob blob);

Succeed.

SQL> CREATE sequence  cascade_standby_seq_000 start WITH 1 MAXVALUE 10 increment BY 1 CACHE 2 cycle;

Succeed.

SQL> CREATE sequence  cascade_standby_seq_000_1 start WITH 1 MAXVALUE 100 increment BY 1 CACHE 2 cycle;

Succeed.

SQL> INSERT INTO  test_inset_upd_0 (C_ID,C_D_ID,C_W_ID,C_UINT,C_FIRST,C_MIDDLE,C_LAST,C_STREET_1,C_STREET_2,C_ZERO,C_START,C_ZIP,C_PHONE,C_SINCE,C_CREDIT,C_CREDIT_LIM,C_DISCOUNT,C_BALANCE,C_YTD_PAYMENT,C_PAYMENT_CNT,C_DELIVERY_CNT,C_END,C_DATA1,C_DATA2,C_DATA3,C_DATA4,C_DATA5,C_DATA6,C_DATA7,C_DATA8,C_CLOB,C_BLOB)
  2     SELECT 0,0,0,0,'iscmRDs','OE','BARBar','RGF','SDG','2017-12-31 10:51:47','2017-12-31 10:51:47','4801','940215','2017-12-31 10:51:47','GC',50000.0,0.4361328,- 10.0,10.0,1,true,'2017-12-31 10:51:47',lpad('QVBRfSCC3484942ZCSfjvCF', 500, 'QVLDBURhlhfrc484ZCSfjF'),lpad('QVBUflcHOQNvmgfvdPFZSF', 500, 'QVLDfscHOQgfvmPFZDSF'),lpad('QVBUflcHOQNvmgfvdPFZSF', 500, 'QVLDfscHOQgfvmPFZDSF'),lpad('QVBUflcHOQNvmgfvdPFZSF', 500, 'QVLDfscHOQgfvmPFZDSF'),lpad('QVBUflcHOQNvmgfvdPFZSF', 500, 'QVLDfscHOQgfvmPFZDSF'),lpad('QVBUflcHOQNvmgfvdPFZSF', 500, 'QVLDfscHOQgfvmPFZDSF'),lpad('QVBUflcHOQNvmgfvdPFZSF', 500, 'QVLDfscHOQgfvmPFZDSF'),lpad('QVBUflcHOQNvmgfvdPFZSF', 500, 'QVLDfscHOQgfvmPFZDSF'),lpad('QVBUflcHOQNvmgfvdPFZSF', 500, 'QVLDfscHOQgfvmPFZDSF'),lpad('12314315487569809', 500, '1435764ABC7890abcdef');

1 rows affected.

SQL> 
SQL> CREATE or replace procedure  alter_table_range_proc(startall int,endall int) as
  2     i INT;
  3     j int;
  4     k int;
  5 BEGIN
  6     FOR i IN startall..endall LOOP
  7         if i%8=1 then
  8             select  cascade_standby_seq_000.nextval into j from sys_dummy;
  9             if i%40=1 then
 10                 select  cascade_standby_seq_000_1.nextval into k from sys_dummy;
 11                 commit;
 12             end if;
 13             insert into   test_inset_upd_0 ( C_ID,C_D_ID,C_W_ID,C_UINT,C_FIRST,C_MIDDLE,C_LAST,C_STREET_1,C_STREET_2,C_ZERO,C_START,C_ZIP,C_PHONE,C_SINCE,C_CREDIT,C_CREDIT_LIM,C_DISCOUNT,C_BALANCE,C_YTD_PAYMENT,C_PAYMENT_CNT,C_DELIVERY_CNT,C_END,C_DATA1,C_DATA2,C_DATA3,C_DATA4,C_DATA5,C_DATA6,C_DATA7,C_DATA8,C_CLOB,C_BLOB)
 14                 SELECT i,i % 80,j,k,'iscmRDs' || i || 'aa',C_MIDDLE,'BARBar' || (i % 80) || 'xx','RGF' || j || 'AB','RGF' || k || 'ABC',C_ZERO + i,C_START + (i % 80),C_ZIP,C_PHONE,C_SINCE + j,C_CREDIT,i || '.' || i,i % 80,j,C_YTD_PAYMENT,k,C_DELIVERY_CNT,C_END + k,C_DATA1,C_DATA2,C_DATA3,C_DATA4,C_DATA5,C_DATA6,lpad('QVBUflcHOQNvmgfvdPFZSF', 2000, 'QVLDfscHOQgfvmPFZDSF'),lpad('QVBUflcHOQNvmgfvdPFZSF', 2000, 'QVLDfscHOQgfvmPFZDSF'),lpad('QVBUflcHOQNvmgfvdPFZSF', 1000, 'QVLDfscHOQgfvmPFZDSF'),lpad('12314315487569809', 1000, '1435764ABC7890abcdef') FROM  test_inset_upd_0 WHERE c_id = 0;
 15         elsif i % 8 = 2 then
 16             INSERT INTO  test_inset_upd_0 (C_ID,C_D_ID,C_W_ID,C_UINT,C_FIRST,C_MIDDLE,C_LAST,C_STREET_1,C_STREET_2,C_ZERO,C_START,C_ZIP,C_PHONE,C_SINCE,C_CREDIT,C_CREDIT_LIM,C_DISCOUNT,C_BALANCE,C_YTD_PAYMENT,C_PAYMENT_CNT,C_DELIVERY_CNT,C_END,C_DATA1,C_DATA2,C_DATA3,C_DATA4,C_DATA5,C_DATA6,C_DATA7,C_DATA8,C_CLOB,C_BLOB)
 17                 SELECT i,i % 80,j,k,'iscmRDs' || i || 'aa',C_MIDDLE,'BARBar' || (i % 80) || 'xx','RGF' || j || 'AB','RGF' || k || 'ABC',C_ZERO + i,C_START + (i % 80),C_ZIP,C_PHONE,C_SINCE + j,C_CREDIT,i || '.' || i,i % 80,j,C_YTD_PAYMENT,k,C_DELIVERY_CNT,C_END + k,C_DATA1,C_DATA2,C_DATA3,C_DATA4,C_DATA5,C_DATA6,lpad('QVBUflcHOQNvmgfvdPFZSF', 3000, 'QVLDfscHOQgfvmPFZDSF'),lpad('QVBUflcHOQNvmgfvdPFZSF', 3000, 'QVLDfscHOQgfvmPFZDSF'),lpad('QVBUflcHOQNvmgfvdPFZSF', 5000, 'QVLDfscHOQgfvmPFZDSF'),lpad('12314315487569809', 5000, '1435764ABC7890abcdef') FROM  test_inset_upd_0 WHERE c_id = 0;
 18         elsif i % 8 = 3 then
 19             INSERT INTO  test_inset_upd_0 (C_ID,C_D_ID,C_W_ID,C_UINT,C_FIRST,C_MIDDLE,C_LAST,C_STREET_1,C_STREET_2,C_ZERO,C_START,C_ZIP,C_PHONE,C_SINCE,C_CREDIT,C_CREDIT_LIM,C_DISCOUNT,C_BALANCE,C_YTD_PAYMENT,C_PAYMENT_CNT,C_DELIVERY_CNT,C_END,C_DATA1,C_DATA2,C_DATA3,C_DATA4,C_DATA5,C_DATA6,C_DATA7,C_DATA8,C_CLOB,C_BLOB)
 20                 SELECT i,i % 80,j,k,'iscmRDs' || i || 'aa',C_MIDDLE,'BARBar' || (i % 80) || 'xx','RGF' || j || 'AB','RGF' || k || 'ABC',C_ZERO + i,C_START + (i % 80),C_ZIP,C_PHONE,C_SINCE + j,C_CREDIT,i || '.' || i,i % 80,j,C_YTD_PAYMENT,k,C_DELIVERY_CNT,C_END + k,C_DATA1,C_DATA2,C_DATA3,C_DATA4,C_DATA5,C_DATA6,lpad('QVBUflcHOQNvmgfvdPFZSF', 3000, 'QVLDfscHOQgfvmPFZDSF'),lpad('QVBUflcHOQNvmgfvdPFZSF', 3000, 'QVLDfscHOQgfvmPFZDSF'),NULL,NULL FROM  test_inset_upd_0 WHERE c_id = 0;
 21         elsif i % 8 = 4 then
 22             INSERT INTO  test_inset_upd_0 (C_ID,C_D_ID,C_W_ID,C_UINT,C_FIRST,C_MIDDLE,C_LAST,C_STREET_1,C_STREET_2,C_ZERO,C_START,C_ZIP,C_PHONE,C_SINCE,C_CREDIT,C_CREDIT_LIM,C_DISCOUNT,C_BALANCE,C_YTD_PAYMENT,C_PAYMENT_CNT,C_DELIVERY_CNT,C_END,C_DATA1,C_DATA2,C_DATA3,C_DATA4,C_DATA5,C_DATA6,C_DATA7,C_DATA8,C_CLOB,C_BLOB)
 23                 SELECT i,i % 80,j,k,'iscmRDs' || i || 'aa',C_MIDDLE,'BARBar' || (i % 80) || 'xx','RGF' || j || 'AB','RGF' || k || 'ABC',C_ZERO + i,C_START + (i % 80),C_ZIP,C_PHONE,C_SINCE + j,C_CREDIT,i || '.' || i,i % 80,j,C_YTD_PAYMENT,k,C_DELIVERY_CNT,C_END + k,C_DATA1,C_DATA2,C_DATA3,C_DATA4,C_DATA5,C_DATA6,lpad('QVBUflcHOQNvmgfvdPFZSF', 2000, 'QVLDfscHOQgfvmPFZDSF'),lpad('QVBUflcHOQNvmgfvdPFZSF', 2000, 'QVLDfscHOQgfvmPFZDSF'),lpad('QVBUflcHOQNvmgfvdPFZSF', 2000, 'QVLDfscHOQgfvmPFZDSF'),lpad('12314315487569809', 5000, '1435764ABC7890abcdef') FROM  test_inset_upd_0 WHERE c_id = 0;
 24         elsif i % 8 = 5 then
 25             INSERT INTO  test_inset_upd_0 ( C_ID,C_D_ID,C_W_ID,C_UINT,C_FIRST,C_MIDDLE,C_LAST,C_STREET_1,C_STREET_2,C_ZERO,C_START,C_ZIP,C_PHONE,C_SINCE,C_CREDIT,C_CREDIT_LIM,C_DISCOUNT,C_BALANCE,C_YTD_PAYMENT,C_PAYMENT_CNT,C_DELIVERY_CNT,C_END,C_DATA1,C_DATA2,C_DATA3,C_DATA4,C_DATA5,C_DATA6,C_DATA7,C_DATA8,C_CLOB,C_BLOB)
 26                 SELECT i,i % 80,j,k,'iscmRDs' || i || 'aa',C_MIDDLE,'BARBar' || (i % 80) || 'xx','RGF' || j || 'AB','RGF' || k || 'ABC',C_ZERO + i,C_START + (i % 80),C_ZIP,C_PHONE,C_SINCE + j,C_CREDIT,i || '.' || i,i % 80,j,C_YTD_PAYMENT,k,C_DELIVERY_CNT,C_END + k,C_DATA1,C_DATA2,C_DATA3,C_DATA4,C_DATA5,C_DATA6,lpad('QVBUflcHOQNvmgfvdPFZSF', 100, 'QVLDfscHOQgfvmPFZDSF'),lpad('QVBUflcHOQNvmgfvdPFZSF', 100, 'QVLDfscHOQgfvmPFZDSF'),lpad('QVBUflcHOQNvmgfvdPFZSF', 100, 'QVLDfscHOQgfvmPFZDSF'),lpad('12314315487569809', 100, '1435764ABC7890abcdef') FROM  test_inset_upd_0 WHERE c_id = 0;
 27         elsif i % 8 = 6 then
 28             INSERT INTO  test_inset_upd_0 ( C_ID,C_D_ID,C_W_ID,C_UINT,C_FIRST,C_MIDDLE,C_LAST,C_STREET_1,C_STREET_2,C_ZERO,C_START,C_ZIP,C_PHONE,C_SINCE,C_CREDIT,C_CREDIT_LIM,C_DISCOUNT,C_BALANCE,C_YTD_PAYMENT,C_PAYMENT_CNT,C_DELIVERY_CNT,C_END,C_DATA1,C_DATA2,C_DATA3,C_DATA4,C_DATA5,C_DATA6,C_DATA7,C_DATA8,C_CLOB,C_BLOB)
 29                 SELECT i,i % 80,j,k,'iscmRDs' || i || 'aa',C_MIDDLE,'BARBar' || (i % 80) || 'xx','RGF' || j || 'AB','RGF' || k || 'ABC',C_ZERO + i,C_START + (i % 80),C_ZIP,C_PHONE,C_SINCE + j,C_CREDIT,i || '.' || i,i % 80,j,C_YTD_PAYMENT,k,C_DELIVERY_CNT,C_END + k,C_DATA1,C_DATA2,C_DATA3,C_DATA4,C_DATA5,C_DATA6,lpad('QVBUflcHOQNvmgfvdPFZSF', 100, 'QVLDfscHOQgfvmPFZDSF'),lpad('QVBUflcHOQNvmgfvdPFZSF', 100, 'QVLDfscHOQgfvmPFZDSF'),lpad('QVBUflcHOQNvmgfvdPFZSF', 5000, 'QVLDfscHOQgfvmPFZDSF'),lpad('12314315487569809', 5000, '1435764ABC7890abcdef') FROM  test_inset_upd_0 WHERE c_id = 0;
 30         elsif i % 8 = 7 then
 31             INSERT INTO  test_inset_upd_0 (C_ID,C_D_ID,C_W_ID,C_UINT,C_FIRST,C_MIDDLE,C_LAST,C_STREET_1,C_STREET_2,C_ZERO,C_START,C_ZIP,C_PHONE,C_SINCE,C_CREDIT,C_CREDIT_LIM,C_DISCOUNT,C_BALANCE,C_YTD_PAYMENT,C_PAYMENT_CNT,C_DELIVERY_CNT,C_END,C_DATA1,C_DATA2,C_DATA3,C_DATA4,C_DATA5,C_DATA6,C_DATA7,C_DATA8,C_CLOB,C_BLOB)
 32                 SELECT i,i % 80,j,k,'iscmRDs' || i || 'aa',C_MIDDLE,'BARBar' || (i % 80) || 'xx','RGF' || j || 'AB','RGF' || k || 'ABC',C_ZERO + i,C_START + (i % 80),C_ZIP,C_PHONE,C_SINCE + j,C_CREDIT,i || '.' || i,i % 80,j,C_YTD_PAYMENT,k,C_DELIVERY_CNT,C_END + k,C_DATA1,C_DATA2,C_DATA3,C_DATA4,C_DATA5,C_DATA6,lpad('QVBUflcHOQNvmgfvdPFZSF', 100, 'QVLDfscHOQgfvmPFZDSF'),lpad('QVBUflcHOQNvmgfvdPFZSF', 100, 'QVLDfscHOQgfvmPFZDSF'),NULL,NULL FROM  test_inset_upd_0 WHERE c_id = 0;
 33         elsif i % 8 = 0 then
 34             INSERT INTO  test_inset_upd_0 (C_ID,C_D_ID,C_W_ID,C_UINT,C_FIRST,C_MIDDLE,C_LAST,C_STREET_1,C_STREET_2,C_ZERO,C_START,C_ZIP,C_PHONE,C_SINCE,C_CREDIT,C_CREDIT_LIM,C_DISCOUNT,C_BALANCE,C_YTD_PAYMENT,C_PAYMENT_CNT,C_DELIVERY_CNT,C_END,C_DATA1,C_DATA2,C_DATA3,C_DATA4,C_DATA5,C_DATA6,C_DATA7,C_DATA8,C_CLOB,C_BLOB)
 35                 SELECT i,i % 80,j,k,'iscmRDs' || i || 'aa',C_MIDDLE,'BARBar' || (i % 80) || 'xx','RGF' || j || 'AB','RGF' || k || 'ABC',C_ZERO + i,C_START + (i % 80),C_ZIP,C_PHONE,C_SINCE + j,C_CREDIT,i || '.' || i,i % 80,j,C_YTD_PAYMENT,k,C_DELIVERY_CNT,C_END + k,C_DATA1,C_DATA2,C_DATA3,C_DATA4,C_DATA5,C_DATA6,lpad('QVBUflcHOQNvmgfvdPFZSF', 100, 'QVLDfscHOQgfvmPFZDSF'),lpad('QVBUflcHOQNvmgfvdPFZSF', 100, 'QVLDfscHOQgfvmPFZDSF'),lpad('QVBUflcHOQNvmgfvdPFZSF', 100, 'QVLDfscHOQgfvmPFZDSF'),lpad('12314315487569809', 5000, '1435764ABC7890abcdef') FROM  test_inset_upd_0 WHERE c_id = 0;
 36         END IF;
 37     END LOOP;
 38 END;
 39 /

Succeed.

SQL> 
SQL> call  alter_table_range_proc(1, 10);

PL/SQL procedure successfully completed.

SQL> DELETE FROM  test_inset_upd_0 WHERE c_id = 0;

1 rows affected.

SQL> COMMIT;

Succeed.

SQL> 
SQL> SELECT count(*) FROM  test_inset_upd_0;

COUNT(*)            
--------------------
10                  

1 rows fetched.

SQL> 
SQL> DROP TABLE IF EXISTS  test_inset_upd_1;

Succeed.

SQL> CREATE TABLE  test_inset_upd_1 (c_id INT,c_d_id BIGINT NOT NULL,c_w_id TINYINT unsigned NOT NULL,c_uint UINT NOT NULL,c_first VARCHAR(16) NOT NULL,c_middle CHAR(2),c_last VARCHAR(16) NOT NULL,c_street_1 VARCHAR(20) NOT NULL,c_street_2 VARCHAR(20),c_zero TIMESTAMP NOT NULL,c_start DATE NOT NULL,c_zip CHAR(9) NOT NULL,c_phone CHAR(16) NOT NULL,c_since TIMESTAMP,c_credit CHAR(2),c_credit_lim NUMERIC,c_discount NUMERIC(5, 2),c_balance NUMERIC(12, 2),c_ytd_payment REAL NOT NULL,c_payment_cnt number NOT NULL,c_delivery_cnt bool NOT NULL,c_end DATE NOT NULL,c_data1 VARCHAR(7744),c_data2 VARCHAR(7744),c_data3 VARCHAR(7744),c_data4 VARCHAR(7744),c_data5 VARCHAR(7744),c_data6 VARCHAR(7744),c_data7 VARCHAR(7744),c_data8 VARCHAR(7744),c_clob clob,c_blob blob) PARTITION BY range (c_id) SUBPARTITION BY range (c_d_id) (
  2     PARTITION part_1 VALUES less than(161) (SUBPARTITION P11 VALUES LESS THAN (17),SUBPARTITION P12 VALUES LESS THAN (33),SUBPARTITION P13 VALUES LESS THAN (49),SUBPARTITION P14 VALUES LESS THAN (MAXVALUE)),
  3     PARTITION part_2 VALUES less than(321) (SUBPARTITION P21 VALUES LESS THAN (17),SUBPARTITION P22 VALUES LESS THAN (33),SUBPARTITION P23 VALUES LESS THAN (49),SUBPARTITION P24 VALUES LESS THAN (MAXVALUE)));

Succeed.

SQL> INSERT IGNORE INTO  test_inset_upd_1(C_ID, C_D_ID, C_W_ID, C_UINT, C_FIRST, C_MIDDLE, C_LAST, C_STREET_1, C_STREET_2, C_ZERO, C_START, C_ZIP, C_PHONE, C_SINCE, C_CREDIT, C_CREDIT_LIM, C_DISCOUNT, C_BALANCE, C_YTD_PAYMENT, C_PAYMENT_CNT, C_DELIVERY_CNT, C_END, C_DATA1, C_DATA2, C_DATA3, C_DATA4, C_DATA5, C_DATA6, C_DATA7, C_DATA8, C_CLOB, C_BLOB)
  2 SELECT C_ID,C_D_ID,C_W_ID,C_UINT,C_FIRST,C_MIDDLE,C_LAST,C_STREET_1,C_STREET_2,C_ZERO,C_START,C_ZIP,C_PHONE,C_SINCE,C_CREDIT,C_CREDIT_LIM,C_DISCOUNT,C_BALANCE,C_YTD_PAYMENT,C_PAYMENT_CNT,C_DELIVERY_CNT,C_END,C_DATA1,C_DATA2,C_DATA3,C_DATA4,C_DATA5,C_DATA6,C_DATA7,C_DATA8,C_CLOB,C_BLOB FROM  test_inset_upd_0;

10 rows affected.

SQL> COMMIT;

Succeed.

SQL> 
SQL> ALTER TABLE  test_inset_upd_1 ADD CONSTRAINT test_inset_upd_1_CONSTRAINT1 PRIMARY KEY ( c_phone,c_credit,c_credit_lim,c_zip,c_id );

Succeed.

SQL> insert into  test_inset_upd_1 select * from  test_inset_upd_0 ON DUPLICATE KEY UPDATE c_phone=C_FIRST,c_credit=c_credit,c_credit_lim=c_credit_lim,c_id=c_id;

20 rows affected.

SQL> 
SQL> DROP TABLE IF EXISTS  test_inset_upd_0;

Succeed.

SQL> DROP sequence IF EXISTS  cascade_standby_seq_000;

Succeed.

SQL> DROP sequence IF EXISTS  cascade_standby_seq_000_1;

Succeed.

SQL> DROP TABLE IF EXISTS  test_inset_upd_1;
Succeed.

SQL> 
SQL> -- DTS202011280VWZ1PP1J00
SQL> alter system set EMPTY_STRING_AS_NULL = FALSE;

Succeed.

SQL> drop table if exists test_default_empty_str;

Succeed.

SQL> create table test_default_empty_str(c int primary key, c1 varchar(10) default '');

Succeed.

SQL> replace into test_default_empty_str (c)values(123);

1 rows affected.

SQL> alter system set EMPTY_STRING_AS_NULL = TRUE;

Succeed.

SQL> drop table test_default_empty_str;

Succeed.

SQL> 
SQL> -- DTS202101190NRUPZP1D00
SQL> drop table if exists test_auto_inc;

Succeed.

SQL> create table test_auto_inc(f1 varchar(10), f2 int auto_increment primary key);

Succeed.

SQL> insert into test_auto_inc values(1, 2147483647);

1 rows affected.

SQL> alter table test_auto_inc drop f2;

Succeed.

SQL> insert into test_auto_inc(f1) values(2);

1 rows affected.

SQL> drop table test_auto_inc;

Succeed.

SQL> 