

SQL> drop table if exists abc;

Succeed.

SQL> create table abc(abort int);

Succeed.

SQL> select abort from abc;

ABORT       
------------

0 rows fetched.

SQL> drop table abc;

Succeed.

SQL> create table abc(account int);

Succeed.

SQL> select account from abc;

ACCOUNT     
------------

0 rows fetched.

SQL> drop table abc;

Succeed.

SQL> create table abc(activate int);

Succeed.

SQL> select activate from abc;

ACTIVATE    
------------

0 rows fetched.

SQL> drop table abc;

Succeed.

SQL> create table abc(active int);

Succeed.

SQL> select active from abc;

ACTIVE      
------------

0 rows fetched.

SQL> drop table abc;

Succeed.

SQL> create table abc(appendonly int);

Succeed.

SQL> select appendonly from abc;

APPENDONLY  
------------

0 rows fetched.

SQL> drop table abc;

Succeed.

SQL> create table abc(archivelog int);

Succeed.

SQL> select archivelog from abc;

ARCHIVELOG  
------------

0 rows fetched.

SQL> drop table abc;

Succeed.

SQL> create table abc(async int);

Succeed.

SQL> select async from abc;

ASYNC       
------------

0 rows fetched.

SQL> drop table abc;

Succeed.

SQL> create table abc(autoextend int);

Succeed.

SQL> select autoextend from abc;

AUTOEXTEND  
------------

0 rows fetched.

SQL> drop table abc;

Succeed.

SQL> create table abc(automatic int);

Succeed.

SQL> select automatic from abc;

AUTOMATIC   
------------

0 rows fetched.

SQL> drop table abc;

Succeed.

SQL> create table abc(autonomous_transaction int);

Succeed.

SQL> select autonomous_transaction from abc;

AUTONOMOUS_TRANSACTION
----------------------

0 rows fetched.

SQL> drop table abc;

Succeed.

SQL> create table abc(autopurge int);

Succeed.

SQL> select autopurge from abc;

AUTOPURGE   
------------

0 rows fetched.

SQL> drop table abc;

Succeed.

SQL> create table abc(availability int);

Succeed.

SQL> select availability from abc;

AVAILABILITY
------------

0 rows fetched.

SQL> drop table abc;

Succeed.

SQL> create table abc(backup int);

Succeed.

SQL> select backup from abc;

BACKUP      
------------

0 rows fetched.

SQL> drop table abc;

Succeed.

SQL> create table abc(build int);

Succeed.

SQL> select build from abc;

BUILD       
------------

0 rows fetched.

SQL> drop table abc;

Succeed.

SQL> create table abc(cache int);

Succeed.

SQL> select cache from abc;

CACHE       
------------

0 rows fetched.

SQL> drop table abc;

Succeed.

SQL> create table abc(cancel int);

Succeed.

SQL> select cancel from abc;

CANCEL      
------------

0 rows fetched.

SQL> drop table abc;

Succeed.

SQL> create table abc(cascade int);

Succeed.

SQL> select cascade from abc;

CASCADE     
------------

0 rows fetched.

SQL> drop table abc;

Succeed.

SQL> create table abc(case int);

CT-00601, [1:18]Sql syntax error: invalid column name 'case'
SQL> select case from abc;

CT-00601, [1:13]Sql syntax error: invalid expression
SQL> create table abc(cast int);

Succeed.

SQL> select cast from abc;

CAST        
------------

0 rows fetched.

SQL> drop table abc;

Succeed.

SQL> create table abc(catalog int);

Succeed.

SQL> select catalog from abc;

CATALOG     
------------

0 rows fetched.

SQL> drop table abc;

Succeed.

SQL> create table abc(character int);

Succeed.

SQL> select character from abc;

CHARACTER   
------------

0 rows fetched.

SQL> drop table abc;

Succeed.

SQL> create table abc(check int);

CT-00601, [1:27]Sql syntax error: (...) expected but int found
SQL> select check from abc;

CT-00601, [1:8]Sql syntax error: invalid expression
SQL> drop table abc;

CT-00843, The table or view SYS.ABC does not exist.
SQL> create table abc(checkpoint int);

Succeed.

SQL> select checkpoint from abc;

CHECKPOINT  
------------

0 rows fetched.

SQL> drop table abc;

Succeed.

SQL> create table abc(comment int);

Succeed.

SQL> select comment from abc;

COMMENT     
------------

0 rows fetched.

SQL> drop table abc;

Succeed.

SQL> create table abc(commit int);

Succeed.

SQL> select commit from abc;

COMMIT      
------------

0 rows fetched.

SQL> drop table abc;

Succeed.

SQL> create table abc(config int);

Succeed.

SQL> select config from abc;

CONFIG      
------------

0 rows fetched.

SQL> drop table abc;

Succeed.

SQL> create table abc(consistency int);

Succeed.

SQL> select consistency from abc;

CONSISTENCY 
------------

0 rows fetched.

SQL> drop table abc;

Succeed.

SQL> create table abc(controlfile int);

Succeed.

SQL> select controlfile from abc;

CONTROLFILE 
------------

0 rows fetched.

SQL> drop table abc;

Succeed.

SQL> create table abc(convert int);

Succeed.

SQL> select convert from abc;

CONVERT     
------------

0 rows fetched.

SQL> drop table abc;

Succeed.

SQL> create table abc(currval int);

Succeed.

SQL> select currval from abc;

CURRVAL     
------------

0 rows fetched.

SQL> drop table abc;

Succeed.

SQL> create table abc(cursor int);

Succeed.

SQL> select cursor from abc;

CURSOR      
------------

0 rows fetched.

SQL> drop table abc;

Succeed.

SQL> create table abc(cycle int);

Succeed.

SQL> select cycle from abc;

CYCLE       
------------

0 rows fetched.

SQL> drop table abc;

Succeed.

SQL> create table abc(database int);

Succeed.

SQL> select database from abc;

DATABASE    
------------

0 rows fetched.

SQL> drop table abc;

Succeed.

SQL> create table abc(datafile int);

Succeed.

SQL> select datafile from abc;

DATAFILE    
------------

0 rows fetched.

SQL> drop table abc;

Succeed.

SQL> create table abc(declare int);

Succeed.

SQL> select declare from abc;

DECLARE     
------------

0 rows fetched.

SQL> drop table abc;

Succeed.

SQL> create table abc(dictionary int);

Succeed.

SQL> select dictionary from abc;

DICTIONARY  
------------

0 rows fetched.

SQL> drop table abc;

Succeed.

SQL> create table abc(disable int);

Succeed.

SQL> select disable from abc;

DISABLE     
------------

0 rows fetched.

SQL> drop table abc;

Succeed.

SQL> create table abc(discard int);

Succeed.

SQL> select discard from abc;

DISCARD     
------------

0 rows fetched.

SQL> drop table abc;

Succeed.

SQL> create table abc(disconnect int);

Succeed.

SQL> select disconnect from abc;

DISCONNECT  
------------

0 rows fetched.

SQL> drop table abc;

Succeed.

SQL> create table abc(distribute int);

Succeed.

SQL> select distribute from abc;

DISTRIBUTE  
------------

0 rows fetched.

SQL> drop table abc;

Succeed.

SQL> create table abc(do int);

Succeed.

SQL> select do from abc;

DO          
------------

0 rows fetched.

SQL> drop table abc;

Succeed.

SQL> create table abc(dump int);

Succeed.

SQL> select dump from abc;

DUMP        
------------

0 rows fetched.

SQL> drop table abc;

Succeed.

SQL> create table abc(duplicate int);

Succeed.

SQL> select duplicate from abc;

DUPLICATE   
------------

0 rows fetched.

SQL> drop table abc;

Succeed.

SQL> create table abc(enable int);

Succeed.

SQL> select enable from abc;

ENABLE      
------------

0 rows fetched.

SQL> drop table abc;

Succeed.

SQL> create table abc(end int);

Succeed.

SQL> select end from abc;

END         
------------

0 rows fetched.

SQL> drop table abc;

Succeed.

SQL> create table abc(error int);

Succeed.

SQL> select error from abc;

ERROR       
------------

0 rows fetched.

SQL> drop table abc;

Succeed.

SQL> create table abc(exception int);

Succeed.

SQL> select exception from abc;

EXCEPTION   
------------

0 rows fetched.

SQL> drop table abc;

Succeed.

SQL> create table abc(execute int);

Succeed.

SQL> select execute from abc;

EXECUTE     
------------

0 rows fetched.

SQL> drop table abc;

Succeed.

SQL> create table abc(explain int);

Succeed.

SQL> select explain from abc;

EXPLAIN     
------------

0 rows fetched.

SQL> drop table abc;

Succeed.

SQL> create table abc(failover int);

Succeed.

SQL> select failover from abc;

FAILOVER    
------------

0 rows fetched.

SQL> drop table abc;

Succeed.

SQL> create table abc(fetch int);

Succeed.

SQL> select fetch from abc;

FETCH       
------------

0 rows fetched.

SQL> drop table abc;

Succeed.

SQL> create table abc(flashback int);

Succeed.

SQL> select flashback from abc;

FLASHBACK   
------------

0 rows fetched.

SQL> drop table abc;

Succeed.

SQL> create table abc(force int);

Succeed.

SQL> select force from abc;

FORCE       
------------

0 rows fetched.

SQL> drop table abc;

Succeed.

SQL> create table abc(foreign int);

Succeed.

SQL> select foreign from abc;

FOREIGN     
------------

0 rows fetched.

SQL> drop table abc;

Succeed.

SQL> create table abc(format int);

Succeed.

SQL> select format from abc;

FORMAT      
------------

0 rows fetched.

SQL> drop table abc;

Succeed.

SQL> create table abc(full int);

Succeed.

SQL> select full from abc;

FULL        
------------

0 rows fetched.

SQL> drop table abc;

Succeed.

SQL> create table abc(function int);

Succeed.

SQL> select function from abc;

FUNCTION    
------------

0 rows fetched.

SQL> drop table abc;

Succeed.

SQL> create table abc(global int);

Succeed.

SQL> select global from abc;

GLOBAL      
------------

0 rows fetched.

SQL> drop table abc;

Succeed.

SQL> create table abc(goto int);

Succeed.

SQL> select goto from abc;

GOTO        
------------

0 rows fetched.

SQL> drop table abc;

Succeed.

SQL> create table abc(hash int);

Succeed.

SQL> select hash from abc;

HASH        
------------

0 rows fetched.

SQL> drop table abc;

Succeed.

SQL> create table abc(if int);

Succeed.

SQL> select if from abc;

IF          
------------

0 rows fetched.

SQL> drop table abc;

Succeed.

SQL> create table abc(including int);

Succeed.

SQL> select including from abc;

INCLUDING   
------------

0 rows fetched.

SQL> drop table abc;

Succeed.

SQL> create table abc(incremental int);

Succeed.

SQL> select incremental from abc;

INCREMENTAL 
------------

0 rows fetched.

SQL> drop table abc;

Succeed.

SQL> create table abc(index_asc int);

Succeed.

SQL> select index_asc from abc;

INDEX_ASC   
------------

0 rows fetched.

SQL> drop table abc;

Succeed.

SQL> create table abc(index_desc int);

Succeed.

SQL> select index_desc from abc;

INDEX_DESC  
------------

0 rows fetched.

SQL> drop table abc;

Succeed.

SQL> create table abc(initrans int);

Succeed.

SQL> select initrans from abc;

INITRANS    
------------

0 rows fetched.

SQL> drop table abc;

Succeed.

SQL> create table abc(inner int);

Succeed.

SQL> select inner from abc;

INNER       
------------

0 rows fetched.

SQL> drop table abc;

Succeed.

SQL> create table abc(instance int);

Succeed.

SQL> select instance from abc;

INSTANCE    
------------

0 rows fetched.

SQL> drop table abc;

Succeed.

SQL> create table abc(isnot int);

Succeed.

SQL> select isnot from abc;

ISNOT       
------------

0 rows fetched.

SQL> drop table abc;

Succeed.

SQL> create table abc(join int);

Succeed.

SQL> select join from abc;

JOIN        
------------

0 rows fetched.

SQL> drop table abc;

Succeed.

SQL> create table abc(keep int);

Succeed.

SQL> select keep from abc;

KEEP        
------------

0 rows fetched.

SQL> drop table abc;

Succeed.

SQL> create table abc(key int);

Succeed.

SQL> select key from abc;

KEY         
------------

0 rows fetched.

SQL> drop table abc;

Succeed.

SQL> create table abc(kill int);

Succeed.

SQL> select kill from abc;

KILL        
------------

0 rows fetched.

SQL> drop table abc;

Succeed.

SQL> create table abc(left int);

Succeed.

SQL> select left from abc;

LEFT        
------------

0 rows fetched.

SQL> drop table abc;

Succeed.

SQL> create table abc(less int);

Succeed.

SQL> select less from abc;

LESS        
------------

0 rows fetched.

SQL> drop table abc;

Succeed.

SQL> create table limit(limit int);

Succeed.

SQL> insert into limit(limit) values(1),(2),(3);

3 rows affected.

SQL> select limit limit from limit limit order by limit limit 1;

LIMIT       
------------
1           

1 rows fetched.

SQL> update limit set limit = limit + 1;

3 rows affected.

SQL> delete from limit limit 1;

1 rows affected.

SQL> delete from limit where limit < 1;

0 rows affected.

SQL> drop table limit;

Succeed.

SQL> create table abc(load int);

Succeed.

SQL> select load from abc;

LOAD        
------------

0 rows fetched.

SQL> drop table abc;

Succeed.

SQL> create table abc(lob int);

Succeed.

SQL> select lob from abc;

LOB         
------------

0 rows fetched.

SQL> drop table abc;

Succeed.

SQL> create table abc(local int);

Succeed.

SQL> select local from abc;

LOCAL       
------------

0 rows fetched.

SQL> drop table abc;

Succeed.

SQL> create table abc(lock_wait int);

Succeed.

SQL> select lock_wait from abc;

LOCK_WAIT   
------------

0 rows fetched.

SQL> drop table abc;

Succeed.

SQL> create table abc(logfile int);

Succeed.

SQL> select logfile from abc;

LOGFILE     
------------

0 rows fetched.

SQL> drop table abc;

Succeed.

SQL> create table abc(loop int);

Succeed.

SQL> select loop from abc;

LOOP        
------------

0 rows fetched.

SQL> drop table abc;

Succeed.

SQL> create table abc(managed int);

Succeed.

SQL> select managed from abc;

MANAGED     
------------

0 rows fetched.

SQL> drop table abc;

Succeed.

SQL> create table abc(maximize int);

Succeed.

SQL> select maximize from abc;

MAXIMIZE    
------------

0 rows fetched.

SQL> drop table abc;

Succeed.

SQL> create table abc(maxtrans int);

Succeed.

SQL> select maxtrans from abc;

MAXTRANS    
------------

0 rows fetched.

SQL> drop table abc;

Succeed.

SQL> create table abc(maxvalue int);

Succeed.

SQL> select maxvalue from abc;

MAXVALUE    
------------

0 rows fetched.

SQL> drop table abc;

Succeed.

SQL> create table abc(member int);

Succeed.

SQL> select member from abc;

MEMBER      
------------

0 rows fetched.

SQL> drop table abc;

Succeed.

SQL> create table abc(memory int);

Succeed.

SQL> select memory from abc;

MEMORY      
------------

0 rows fetched.

SQL> drop table abc;

Succeed.

SQL> create table abc(merge int);

Succeed.

SQL> select merge from abc;

MERGE       
------------

0 rows fetched.

SQL> drop table abc;

Succeed.

SQL> create table abc(minvalue int);

Succeed.

SQL> select minvalue from abc;

MINVALUE    
------------

0 rows fetched.

SQL> drop table abc;

Succeed.

SQL> create table abc(mode int);

Succeed.

SQL> select mode from abc;

MODE        
------------

0 rows fetched.

SQL> drop table abc;

Succeed.

SQL> create table abc(monitor int);

Succeed.

SQL> select monitor from abc;

MONITOR     
------------

0 rows fetched.

SQL> drop table abc;

Succeed.

SQL> create table abc(mount int);

Succeed.

SQL> select mount from abc;

MOUNT       
------------

0 rows fetched.

SQL> drop table abc;

Succeed.

SQL> create table abc(move int);

Succeed.

SQL> select move from abc;

MOVE        
------------

0 rows fetched.

SQL> drop table abc;

Succeed.

SQL> create table abc(nextval int);

Succeed.

SQL> select nextval from abc;

NEXTVAL     
------------

0 rows fetched.

SQL> drop table abc;

Succeed.

SQL> create table abc(noarchivelog int);

Succeed.

SQL> select noarchivelog from abc;

NOARCHIVELOG
------------

0 rows fetched.

SQL> drop table abc;

Succeed.

SQL> create table abc(nocache int);

Succeed.

SQL> select nocache from abc;

NOCACHE     
------------

0 rows fetched.

SQL> drop table abc;

Succeed.

SQL> create table abc(nocycle int);

Succeed.

SQL> select nocycle from abc;

NOCYCLE     
------------

0 rows fetched.

SQL> drop table abc;

Succeed.

SQL> create table abc(node int);

Succeed.

SQL> select node from abc;

NODE        
------------

0 rows fetched.

SQL> drop table abc;

Succeed.

SQL> create table abc(nologging int);

Succeed.

SQL> select nologging from abc;

NOLOGGING   
------------

0 rows fetched.

SQL> drop table abc;

Succeed.

SQL> create table abc(nomaxvalue int);

Succeed.

SQL> select nomaxvalue from abc;

NOMAXVALUE  
------------

0 rows fetched.

SQL> drop table abc;

Succeed.

SQL> create table abc(nominvalue int);

Succeed.

SQL> select nominvalue from abc;

NOMINVALUE  
------------

0 rows fetched.

SQL> drop table abc;

Succeed.

SQL> create table abc(noorder int);

Succeed.

SQL> select noorder from abc;

NOORDER     
------------

0 rows fetched.

SQL> drop table abc;

Succeed.

SQL> create table abc(off int);

Succeed.

SQL> select off from abc;

OFF         
------------

0 rows fetched.

SQL> drop table abc;

Succeed.

SQL> create table abc(offset int);

Succeed.

SQL> select offset from abc;

OFFSET      
------------

0 rows fetched.

SQL> drop table abc;

Succeed.

SQL> create table abc(only int);

Succeed.

SQL> select only from abc;

ONLY        
------------

0 rows fetched.

SQL> drop table abc;

Succeed.

SQL> create table abc(open int);

Succeed.

SQL> select open from abc;

OPEN        
------------

0 rows fetched.

SQL> drop table abc;

Succeed.

SQL> create table abc(organization int);

Succeed.

SQL> select organization from abc;

ORGANIZATION
------------

0 rows fetched.

SQL> drop table abc;

Succeed.

SQL> create table abc(outer int);

Succeed.

SQL> select outer from abc;

OUTER       
------------

0 rows fetched.

SQL> drop table abc;

Succeed.

SQL> create table abc(parameter int);

Succeed.

SQL> select parameter from abc;

PARAMETER   
------------

0 rows fetched.

SQL> drop table abc;

Succeed.

SQL> create table abc(partition int);

Succeed.

SQL> select partition from abc;

PARTITION   
------------

0 rows fetched.

SQL> drop table abc;

Succeed.

SQL> create table abc(password int);

Succeed.

SQL> select password from abc;

PASSWORD    
------------

0 rows fetched.

SQL> drop table abc;

Succeed.

SQL> create table abc(path int);

Succeed.

SQL> select path from abc;

PATH        
------------

0 rows fetched.

SQL> drop table abc;

Succeed.

SQL> create table abc(pctfree int);

Succeed.

SQL> select pctfree from abc;

PCTFREE     
------------

0 rows fetched.

SQL> drop table abc;

Succeed.

SQL> create table abc(performance int);

Succeed.

SQL> select performance from abc;

PERFORMANCE 
------------

0 rows fetched.

SQL> drop table abc;

Succeed.

SQL> create table abc(physical int);

Succeed.

SQL> select physical from abc;

PHYSICAL    
------------

0 rows fetched.

SQL> drop table abc;

Succeed.

SQL> create table abc(plan int);

Succeed.

SQL> select plan from abc;

PLAN        
------------

0 rows fetched.

SQL> drop table abc;

Succeed.

SQL> create table abc(prepare int);

Succeed.

SQL> select prepare from abc;

PREPARE     
------------

0 rows fetched.

SQL> drop table abc;

Succeed.

SQL> create table abc(prepared int);

Succeed.

SQL> select prepared from abc;

PREPARED    
------------

0 rows fetched.

SQL> drop table abc;

Succeed.

SQL> create table abc(preserve int);

Succeed.

SQL> select preserve from abc;

PRESERVE    
------------

0 rows fetched.

SQL> drop table abc;

Succeed.

SQL> create table abc(primary int);

Succeed.

SQL> select primary from abc;

PRIMARY     
------------

0 rows fetched.

SQL> drop table abc;

Succeed.

SQL> create table abc(procedure int);

Succeed.

SQL> select procedure from abc;

PROCEDURE   
------------

0 rows fetched.

SQL> drop table abc;

Succeed.

SQL> create table abc(protection int);

Succeed.

SQL> select protection from abc;

PROTECTION  
------------

0 rows fetched.

SQL> drop table abc;

Succeed.

SQL> create table abc(protection int);

Succeed.

SQL> select protection from abc;

PROTECTION  
------------

0 rows fetched.

SQL> drop table abc;

Succeed.

SQL> create table abc(purge int);

Succeed.

SQL> select purge from abc;

PURGE       
------------

0 rows fetched.

SQL> drop table abc;

Succeed.

SQL> create table abc(raise int);

Succeed.

SQL> select raise from abc;

RAISE       
------------

0 rows fetched.

SQL> drop table abc;

Succeed.

SQL> create table abc(range int);

Succeed.

SQL> select range from abc;

RANGE       
------------

0 rows fetched.

SQL> drop table abc;

Succeed.

SQL> create table abc(read int);

Succeed.

SQL> select read from abc;

READ        
------------

0 rows fetched.

SQL> drop table abc;

Succeed.

SQL> create table abc(readonly int);

Succeed.

SQL> select readonly from abc;

READONLY    
------------

0 rows fetched.

SQL> drop table abc;

Succeed.

SQL> create table abc(readwrite int);

Succeed.

SQL> select readwrite from abc;

READWRITE   
------------

0 rows fetched.

SQL> drop table abc;

Succeed.

SQL> create table abc(rebuild int);

Succeed.

SQL> select rebuild from abc;

REBUILD     
------------

0 rows fetched.

SQL> drop table abc;

Succeed.

SQL> create table abc(recover int);

Succeed.

SQL> select recover from abc;

RECOVER     
------------

0 rows fetched.

SQL> drop table abc;

Succeed.

SQL> create table abc(recyclebin int);

Succeed.

SQL> select recyclebin from abc;

RECYCLEBIN  
------------

0 rows fetched.

SQL> drop table abc;

Succeed.

SQL> create table abc(redo int);

Succeed.

SQL> select redo from abc;

REDO        
------------

0 rows fetched.

SQL> drop table abc;

Succeed.

SQL> create table abc(references int);

Succeed.

SQL> select references from abc;

REFERENCES  
------------

0 rows fetched.

SQL> drop table abc;

Succeed.

SQL> create table abc(register int);

Succeed.

SQL> select register from abc;

REGISTER    
------------

0 rows fetched.

SQL> drop table abc;

Succeed.

SQL> create table abc(release int);

Succeed.

SQL> select release from abc;

RELEASE     
------------

0 rows fetched.

SQL> drop table abc;

Succeed.

SQL> create table abc(replace int);

Succeed.

SQL> select replace from abc;

REPLACE     
------------

0 rows fetched.

SQL> drop table abc;

Succeed.

SQL> create table abc(reset int);

Succeed.

SQL> select reset from abc;

RESET       
------------

0 rows fetched.

SQL> drop table abc;

Succeed.

SQL> create table abc(resize int);

Succeed.

SQL> select resize from abc;

RESIZE      
------------

0 rows fetched.

SQL> drop table abc;

Succeed.

SQL> create table abc(restore int);

Succeed.

SQL> select restore from abc;

RESTORE     
------------

0 rows fetched.

SQL> drop table abc;

Succeed.

SQL> create table abc(reuse int);

Succeed.

SQL> select reuse from abc;

REUSE       
------------

0 rows fetched.

SQL> drop table abc;

Succeed.

SQL> create table abc(right int);

Succeed.

SQL> select right from abc;

RIGHT       
------------

0 rows fetched.

SQL> drop table abc;

Succeed.

SQL> create table abc(rollback int);

Succeed.

SQL> select rollback from abc;

ROLLBACK    
------------

0 rows fetched.

SQL> drop table abc;

Succeed.

SQL> create table abc(savepoint int);

Succeed.

SQL> select savepoint from abc;

SAVEPOINT   
------------

0 rows fetched.

SQL> drop table abc;

Succeed.

SQL> create table abc(scn int);

Succeed.

SQL> select scn from abc;

SCN         
------------

0 rows fetched.

SQL> drop table abc;

Succeed.

SQL> create table abc(secondary int);

Succeed.

SQL> select secondary from abc;

SECONDARY   
------------

0 rows fetched.

SQL> drop table abc;

Succeed.

SQL> create table abc(separator int);

Succeed.

SQL> select separator from abc;

SEPARATOR   
------------

0 rows fetched.

SQL> drop table abc;

Succeed.

SQL> create table abc(sequence int);

Succeed.

SQL> select sequence from abc;

SEQUENCE    
------------

0 rows fetched.

SQL> drop table abc;

Succeed.

SQL> create table abc(serializable int);

Succeed.

SQL> select serializable from abc;

SERIALIZABLE
------------

0 rows fetched.

SQL> drop table abc;

Succeed.

SQL> create table abc(server int);

Succeed.

SQL> select server from abc;

SERVER      
------------

0 rows fetched.

SQL> drop table abc;

Succeed.

SQL> create table abc(share int);

Succeed.

SQL> select share from abc;

SHARE       
------------

0 rows fetched.

SQL> drop table abc;

Succeed.

SQL> create table abc(show int);

Succeed.

SQL> select show from abc;

SHOW        
------------

0 rows fetched.

SQL> drop table abc;

Succeed.

SQL> create table abc(shutdown int);

Succeed.

SQL> select shutdown from abc;

SHUTDOWN    
------------

0 rows fetched.

SQL> drop table abc;

Succeed.

SQL> create table abc(signal int);

Succeed.

SQL> select signal from abc;

SIGNAL      
------------

0 rows fetched.

SQL> drop table abc;

Succeed.

SQL> create table abc(size int);

Succeed.

SQL> select size from abc;

SIZE        
------------

0 rows fetched.

SQL> drop table abc;

Succeed.

SQL> create table abc(split_factor int);

Succeed.

SQL> select split_factor from abc;

SPLIT_FACTOR
------------

0 rows fetched.

SQL> drop table abc;

Succeed.

SQL> create table abc(standard int);

Succeed.

SQL> select standard from abc;

STANDARD    
------------

0 rows fetched.

SQL> drop table abc;

Succeed.

SQL> create table abc(standby int);

Succeed.

SQL> select standby from abc;

STANDBY     
------------

0 rows fetched.

SQL> drop table abc;

Succeed.

SQL> create table abc(startup int);

Succeed.

SQL> select startup from abc;

STARTUP     
------------

0 rows fetched.

SQL> drop table abc;

Succeed.

SQL> create table abc(stop int);

Succeed.

SQL> select stop from abc;

STOP        
------------

0 rows fetched.

SQL> drop table abc;

Succeed.

SQL> create table abc(storage int);

Succeed.

SQL> select storage from abc;

STORAGE     
------------

0 rows fetched.

SQL> drop table abc;

Succeed.

SQL> create table abc(switch int);

Succeed.

SQL> select switch from abc;

SWITCH      
------------

0 rows fetched.

SQL> drop table abc;

Succeed.

SQL> create table abc(switchover int);

Succeed.

SQL> select switchover from abc;

SWITCHOVER  
------------

0 rows fetched.

SQL> drop table abc;

Succeed.

SQL> create table abc(syncpoint int);

Succeed.

SQL> select syncpoint from abc;

SYNCPOINT   
------------

0 rows fetched.

SQL> drop table abc;

Succeed.

SQL> create table abc(system int);

Succeed.

SQL> select system from abc;

SYSTEM      
------------

0 rows fetched.

SQL> drop table abc;

Succeed.

SQL> create table abc(tablespace int);

Succeed.

SQL> select tablespace from abc;

TABLESPACE  
------------

0 rows fetched.

SQL> drop table abc;

Succeed.

SQL> create table abc(temp int);

Succeed.

SQL> select temp from abc;

TEMP        
------------

0 rows fetched.

SQL> drop table abc;

Succeed.

SQL> create table abc(tempfile int);

Succeed.

SQL> select tempfile from abc;

TEMPFILE    
------------

0 rows fetched.

SQL> drop table abc;

Succeed.

SQL> create table abc(temporary int);

Succeed.

SQL> select temporary from abc;

TEMPORARY   
------------

0 rows fetched.

SQL> drop table abc;

Succeed.

SQL> create table abc(than int);

Succeed.

SQL> select than from abc;

THAN        
------------

0 rows fetched.

SQL> drop table abc;

Succeed.

SQL> create table abc(thread int);

Succeed.

SQL> select thread from abc;

THREAD      
------------

0 rows fetched.

SQL> drop table abc;

Succeed.

SQL> create table abc(timeout int);

Succeed.

SQL> select timeout from abc;

TIMEOUT     
------------

0 rows fetched.

SQL> drop table abc;

Succeed.

SQL> create table abc(transaction int);

Succeed.

SQL> select transaction from abc;

TRANSACTION 
------------

0 rows fetched.

SQL> drop table abc;

Succeed.

SQL> create table abc(truncate int);

Succeed.

SQL> select truncate from abc;

TRUNCATE    
------------

0 rows fetched.

SQL> drop table abc;

Succeed.

SQL> create table abc(undo int);

Succeed.

SQL> select undo from abc;

UNDO        
------------

0 rows fetched.

SQL> drop table abc;

Succeed.

SQL> create table abc(unique int);

Succeed.

SQL> select unique from abc;

UNIQUE      
------------

0 rows fetched.

SQL> drop table abc;

Succeed.

SQL> create table abc(unlock int);

Succeed.

SQL> select unlock from abc;

UNLOCK      
------------

0 rows fetched.

SQL> drop table abc;

Succeed.

SQL> create table abc(using int);

Succeed.

SQL> select using from abc;

USING       
------------

0 rows fetched.

SQL> drop table abc;

Succeed.

SQL> create table abc(value int);

Succeed.

SQL> select value from abc;

VALUE       
------------

0 rows fetched.

SQL> drop table abc;

Succeed.

SQL> create table abc(wait int);

Succeed.

SQL> select wait from abc;

WAIT        
------------

0 rows fetched.

SQL> drop table abc;

Succeed.

SQL> create table abc(when int);

Succeed.

SQL> select when from abc;

WHEN        
------------

0 rows fetched.

SQL> drop table abc;

Succeed.

SQL> create table abc(bigint int);

Succeed.

SQL> select bigint from abc;

BIGINT      
------------

0 rows fetched.

SQL> drop table abc;

Succeed.

SQL> create table abc(binary int);

Succeed.

SQL> select binary from abc;

BINARY      
------------

0 rows fetched.

SQL> drop table abc;

Succeed.

SQL> create table abc(blob int);

Succeed.

SQL> select blob from abc;

BLOB        
------------

0 rows fetched.

SQL> drop table abc;

Succeed.

SQL> create table abc(bool int);

Succeed.

SQL> select bool from abc;

BOOL        
------------

0 rows fetched.

SQL> drop table abc;

Succeed.

SQL> create table abc(bytea int);

Succeed.

SQL> select bytea from abc;

BYTEA       
------------

0 rows fetched.

SQL> drop table abc;

Succeed.

SQL> create table abc(clob int);

Succeed.

SQL> select clob from abc;

CLOB        
------------

0 rows fetched.

SQL> drop table abc;

Succeed.

SQL> create table abc(datetime int);

Succeed.

SQL> select datetime from abc;

DATETIME    
------------

0 rows fetched.

SQL> drop table abc;

Succeed.

SQL> create table abc(double int);

Succeed.

SQL> select double from abc;

DOUBLE      
------------

0 rows fetched.

SQL> drop table abc;

Succeed.

SQL> create table abc(float int);

Succeed.

SQL> select float from abc;

FLOAT       
------------

0 rows fetched.

SQL> drop table abc;

Succeed.

SQL> create table abc(int int);

Succeed.

SQL> select int from abc;

INT         
------------

0 rows fetched.

SQL> drop table abc;

Succeed.

SQL> create table abc(interval int);

Succeed.

SQL> select interval from abc;

INTERVAL    
------------

0 rows fetched.

SQL> drop table abc;

Succeed.

SQL> create table abc(numeric int);

Succeed.

SQL> select numeric from abc;

NUMERIC     
------------

0 rows fetched.

SQL> drop table abc;

Succeed.

SQL> create table abc(real int);

Succeed.

SQL> select real from abc;

REAL        
------------

0 rows fetched.

SQL> drop table abc;

Succeed.

SQL> create table abc(serial int);

Succeed.

SQL> select serial from abc;

SERIAL      
------------

0 rows fetched.

SQL> drop table abc;

Succeed.

SQL> create table abc(text int);

Succeed.

SQL> select text from abc;

TEXT        
------------

0 rows fetched.

SQL> drop table abc;

Succeed.

SQL> create table abc(timestamp int);

Succeed.

SQL> select timestamp from abc;

TIMESTAMP   
------------

0 rows fetched.

SQL> drop table abc;

Succeed.

SQL> create table abc(varbinary int);

Succeed.

SQL> select varbinary from abc;

VARBINARY   
------------

0 rows fetched.

SQL> drop table abc;

Succeed.

SQL> create table abc(connect_by_iscycle int);

Succeed.

SQL> select connect_by_iscycle from abc;

CONNECT_BY_ISCYCLE
------------------

0 rows fetched.

SQL> drop table abc;

Succeed.

SQL> create table abc(connect_by_isleaf int);

Succeed.

SQL> select connect_by_isleaf from abc;

CONNECT_BY_ISLEAF
-----------------

0 rows fetched.

SQL> drop table abc;

Succeed.

SQL> create table abc(ctid int);

Succeed.

SQL> select ctid from abc;

CTID        
------------

0 rows fetched.

SQL> drop table abc;

Succeed.

SQL> create table abc(curdate int);

Succeed.

SQL> select curdate from abc;

CURDATE     
------------

0 rows fetched.

SQL> drop table abc;

Succeed.

SQL> create table abc(current_date int);

Succeed.

SQL> select current_date from abc;

CURRENT_DATE
------------

0 rows fetched.

SQL> drop table abc;

Succeed.

SQL> create table abc(current_timestamp int);

Succeed.

SQL> select current_timestamp from abc;

CURRENT_TIMESTAMP
-----------------

0 rows fetched.

SQL> drop table abc;

Succeed.

SQL> create table abc(false int);

CT-00601, [1:18]Sql syntax error: invalid column name 'false'
SQL> select false from abc;

CT-00843, [1:19]The table or view SYS.ABC does not exist.
SQL> drop table abc;

CT-00843, The table or view SYS.ABC does not exist.
SQL> create table abc(systimestamp int);

Succeed.

SQL> select systimestamp from abc;

SYSTIMESTAMP
------------

0 rows fetched.

SQL> drop table abc;

Succeed.

SQL> create table abc(true int);

CT-00601, [1:18]Sql syntax error: invalid column name 'true'
SQL> select true from abc;

CT-00843, [1:18]The table or view SYS.ABC does not exist.
SQL> drop table abc;

CT-00843, The table or view SYS.ABC does not exist.
SQL> create table abc(xc_node_id int);

Succeed.

SQL> select xc_node_id from abc;

XC_NODE_ID  
------------

0 rows fetched.

SQL> drop table abc;

Succeed.

SQL> 
SQL> --not namable
SQL> drop table if exists abc;

Succeed.

SQL> create table abc(add  int);

CT-00601, [1:18]Sql syntax error: invalid column name 'add'
SQL>  drop table abc;

CT-00843, The table or view SYS.ABC does not exist.
SQL> create table abc(all  int);

CT-00601, [1:18]Sql syntax error: invalid column name 'all'
SQL>  drop table abc;

CT-00843, The table or view SYS.ABC does not exist.
SQL> create table abc(alter  int);

CT-00601, [1:18]Sql syntax error: invalid column name 'alter'
SQL>  drop table abc;

CT-00843, The table or view SYS.ABC does not exist.
SQL> create table abc(and  int);

CT-00601, [1:18]Sql syntax error: invalid column name 'and'
SQL>  drop table abc;

CT-00843, The table or view SYS.ABC does not exist.
SQL> create table abc(any  int);

CT-00601, [1:18]Sql syntax error: invalid column name 'any'
SQL>  drop table abc;

CT-00843, The table or view SYS.ABC does not exist.
SQL> create table abc(as  int);

CT-00601, [1:18]Sql syntax error: invalid column name 'as'
SQL>  drop table abc;

CT-00843, The table or view SYS.ABC does not exist.
SQL> create table abc(asc  int);

CT-00601, [1:18]Sql syntax error: invalid column name 'asc'
SQL>  drop table abc;

CT-00843, The table or view SYS.ABC does not exist.
SQL> create table abc(audit  int);

CT-00601, [1:18]Sql syntax error: invalid column name 'audit'
SQL>  drop table abc;

CT-00843, The table or view SYS.ABC does not exist.
SQL> create table abc(begin  int);

Succeed.

SQL>  drop table abc;

Succeed.

SQL> create table abc(between  int);

CT-00601, [1:18]Sql syntax error: invalid column name 'between'
SQL>  drop table abc;

CT-00843, The table or view SYS.ABC does not exist.
SQL> create table abc(by  int);

CT-00601, [1:18]Sql syntax error: invalid column name 'by'
SQL>  drop table abc;

CT-00843, The table or view SYS.ABC does not exist.
SQL> create table abc(column  int);

CT-00601, [1:18]Sql syntax error: invalid column name 'column'
SQL>  drop table abc;

CT-00843, The table or view SYS.ABC does not exist.
SQL> create table abc(compress  int);

CT-00601, [1:18]Sql syntax error: invalid column name 'compress'
SQL>  drop table abc;

CT-00843, The table or view SYS.ABC does not exist.
SQL> create table abc(connect  int);

CT-00601, [1:18]Sql syntax error: invalid column name 'connect'
SQL>  drop table abc;

CT-00843, The table or view SYS.ABC does not exist.
SQL> create table abc(constraint  int);

CT-00601, [1:18]Sql syntax error: invalid column name 'constraint'
SQL>  drop table abc;

CT-00843, The table or view SYS.ABC does not exist.
SQL> create table abc(create  int);

CT-00601, [1:18]Sql syntax error: invalid column name 'create'
SQL>  drop table abc;

CT-00843, The table or view SYS.ABC does not exist.
SQL> create table abc(current  int);

CT-00601, [1:18]Sql syntax error: invalid column name 'current'
SQL>  drop table abc;

CT-00843, The table or view SYS.ABC does not exist.
SQL> create table abc(delete  int);

CT-00601, [1:18]Sql syntax error: invalid column name 'delete'
SQL>  drop table abc;

CT-00843, The table or view SYS.ABC does not exist.
SQL> create table abc(desc  int);

CT-00601, [1:18]Sql syntax error: invalid column name 'desc'
SQL>  drop table abc;

CT-00843, The table or view SYS.ABC does not exist.
SQL> create table abc(distinct  int);

CT-00601, [1:18]Sql syntax error: invalid column name 'distinct'
SQL>  drop table abc;

CT-00843, The table or view SYS.ABC does not exist.
SQL> create table abc(drop  int);

CT-00601, [1:18]Sql syntax error: invalid column name 'drop'
SQL>  drop table abc;

CT-00843, The table or view SYS.ABC does not exist.
SQL> create table abc(else  int);

CT-00601, [1:18]Sql syntax error: invalid column name 'else'
SQL>  drop table abc;

CT-00843, The table or view SYS.ABC does not exist.
SQL> create table abc(exists  int);

CT-00601, [1:18]Sql syntax error: invalid column name 'exists'
SQL>  drop table abc;

CT-00843, The table or view SYS.ABC does not exist.
SQL> create table abc(for  int);

CT-00601, [1:18]Sql syntax error: invalid column name 'for'
SQL>  drop table abc;

CT-00843, The table or view SYS.ABC does not exist.
SQL> create table abc(from  int);

CT-00601, [1:18]Sql syntax error: invalid column name 'from'
SQL>  drop table abc;

CT-00843, The table or view SYS.ABC does not exist.
SQL> create table abc(group  int);

CT-00601, [1:18]Sql syntax error: invalid column name 'group'
SQL>  drop table abc;

CT-00843, The table or view SYS.ABC does not exist.
SQL> create table abc(having  int);

CT-00601, [1:18]Sql syntax error: invalid column name 'having'
SQL>  drop table abc;

CT-00843, The table or view SYS.ABC does not exist.
SQL> create table abc(identified  int);

CT-00601, [1:18]Sql syntax error: invalid column name 'identified'
SQL>  drop table abc;

CT-00843, The table or view SYS.ABC does not exist.
SQL> create table abc(in  int);

CT-00601, [1:18]Sql syntax error: invalid column name 'in'
SQL>  drop table abc;

CT-00843, The table or view SYS.ABC does not exist.
SQL> create table abc(increment  int);

CT-00601, [1:18]Sql syntax error: invalid column name 'increment'
SQL>  drop table abc;

CT-00843, The table or view SYS.ABC does not exist.
SQL> create table abc(index  int);

CT-00601, [1:18]Sql syntax error: invalid column name 'index'
SQL>  drop table abc;

CT-00843, The table or view SYS.ABC does not exist.
SQL> create table abc(insert  int);

CT-00601, [1:18]Sql syntax error: invalid column name 'insert'
SQL>  drop table abc;

CT-00843, The table or view SYS.ABC does not exist.
SQL> create table abc(intersect  int);

CT-00601, [1:18]Sql syntax error: invalid column name 'intersect'
SQL>  drop table abc;

CT-00843, The table or view SYS.ABC does not exist.
SQL> create table abc(into  int);

CT-00601, [1:18]Sql syntax error: invalid column name 'into'
SQL>  drop table abc;

CT-00843, The table or view SYS.ABC does not exist.
SQL> create table abc(is  int);

CT-00601, [1:18]Sql syntax error: invalid column name 'is'
SQL>  drop table abc;

CT-00843, The table or view SYS.ABC does not exist.
SQL> create table abc(level  int);

CT-00601, [1:18]Sql syntax error: invalid column name 'level'
SQL>  drop table abc;

CT-00843, The table or view SYS.ABC does not exist.
SQL> create table abc(like  int);

CT-00601, [1:18]Sql syntax error: invalid column name 'like'
SQL>  drop table abc;

CT-00843, The table or view SYS.ABC does not exist.
SQL> create table abc(lock  int);

CT-00601, [1:18]Sql syntax error: invalid column name 'lock'
SQL>  drop table abc;

CT-00843, The table or view SYS.ABC does not exist.
SQL> create table abc(minus  int);

CT-00601, [1:18]Sql syntax error: invalid column name 'minus'
SQL>  drop table abc;

CT-00843, The table or view SYS.ABC does not exist.
SQL> create table abc(modify  int);

CT-00601, [1:18]Sql syntax error: invalid column name 'modify'
SQL>  drop table abc;

CT-00843, The table or view SYS.ABC does not exist.
SQL> create table abc(not  int);

CT-00601, [1:18]Sql syntax error: invalid column name 'not'
SQL>  drop table abc;

CT-00843, The table or view SYS.ABC does not exist.
SQL> create table abc(nowait  int);

CT-00601, [1:18]Sql syntax error: invalid column name 'nowait'
SQL>  drop table abc;

CT-00843, The table or view SYS.ABC does not exist.
SQL> create table abc(null  int);

CT-00601, [1:18]Sql syntax error: invalid column name 'null'
SQL>  drop table abc;

CT-00843, The table or view SYS.ABC does not exist.
SQL> create table abc(of  int);

CT-00601, [1:18]Sql syntax error: invalid column name 'of'
SQL>  drop table abc;

CT-00843, The table or view SYS.ABC does not exist.
SQL> create table abc(offline  int);

CT-00601, [1:18]Sql syntax error: invalid column name 'offline'
SQL>  drop table abc;

CT-00843, The table or view SYS.ABC does not exist.
SQL> create table abc(on  int);

CT-00601, [1:18]Sql syntax error: invalid column name 'on'
SQL>  drop table abc;

CT-00843, The table or view SYS.ABC does not exist.
SQL> create table abc(online  int);

CT-00601, [1:18]Sql syntax error: invalid column name 'online'
SQL>  drop table abc;

CT-00843, The table or view SYS.ABC does not exist.
SQL> create table abc(or  int);

CT-00601, [1:18]Sql syntax error: invalid column name 'or'
SQL>  drop table abc;

CT-00843, The table or view SYS.ABC does not exist.
SQL> create table abc(order  int);

CT-00601, [1:18]Sql syntax error: invalid column name 'order'
SQL>  drop table abc;

CT-00843, The table or view SYS.ABC does not exist.
SQL> create table abc(rename  int);

CT-00601, [1:18]Sql syntax error: invalid column name 'rename'
SQL>  drop table abc;

CT-00843, The table or view SYS.ABC does not exist.
SQL> create table abc(rows  int);

CT-00601, [1:18]Sql syntax error: invalid column name 'rows'
SQL>  drop table abc;

CT-00843, The table or view SYS.ABC does not exist.
SQL> create table abc(select  int);

CT-00601, [1:18]Sql syntax error: invalid column name 'select'
SQL>  drop table abc;

CT-00843, The table or view SYS.ABC does not exist.
SQL> create table abc(session  int);

CT-00601, [1:18]Sql syntax error: invalid column name 'session'
SQL>  drop table abc;

CT-00843, The table or view SYS.ABC does not exist.
SQL> create table abc(set  int);

CT-00601, [1:18]Sql syntax error: invalid column name 'set'
SQL>  drop table abc;

CT-00843, The table or view SYS.ABC does not exist.
SQL> create table abc(start  int);

CT-00601, [1:18]Sql syntax error: invalid column name 'start'
SQL>  drop table abc;

CT-00843, The table or view SYS.ABC does not exist.
SQL> create table abc(table  int);

CT-00601, [1:18]Sql syntax error: invalid column name 'table'
SQL>  drop table abc;

CT-00843, The table or view SYS.ABC does not exist.
SQL> create table abc(then  int);

CT-00601, [1:18]Sql syntax error: invalid column name 'then'
SQL>  drop table abc;

CT-00843, The table or view SYS.ABC does not exist.
SQL> create table abc(to  int);

CT-00601, [1:18]Sql syntax error: invalid column name 'to'
SQL>  drop table abc;

CT-00843, The table or view SYS.ABC does not exist.
SQL> create table abc(trigger  int);

CT-00601, [1:18]Sql syntax error: invalid column name 'trigger'
SQL>  drop table abc;

CT-00843, The table or view SYS.ABC does not exist.
SQL> create table abc(union  int);

CT-00601, [1:18]Sql syntax error: invalid column name 'union'
SQL>  drop table abc;

CT-00843, The table or view SYS.ABC does not exist.
SQL> create table abc(update  int);

CT-00601, [1:18]Sql syntax error: invalid column name 'update'
SQL> drop table if exists abc;

Succeed.

SQL> create table abc(f1 int);

Succeed.

SQL> alter table abc add user int;

CT-00601, [1:21]Sql syntax error: invalid column name 'user'
SQL>  drop table abc;

Succeed.

SQL> create table abc(user  int);

CT-00601, [1:18]Sql syntax error: invalid column name 'user'
SQL>  drop table abc;

CT-00843, The table or view SYS.ABC does not exist.
SQL> create table abc(values  int);

CT-00601, [1:18]Sql syntax error: invalid column name 'values'
SQL>  drop table abc;

CT-00843, The table or view SYS.ABC does not exist.
SQL> create table abc(view  int);

CT-00601, [1:18]Sql syntax error: invalid column name 'view'
SQL>  drop table abc;

CT-00843, The table or view SYS.ABC does not exist.
SQL> create table abc(where  int);

CT-00601, [1:18]Sql syntax error: invalid column name 'where'
SQL>  drop table abc;

CT-00843, The table or view SYS.ABC does not exist.
SQL> create table abc(with  int);

CT-00601, [1:18]Sql syntax error: invalid column name 'with'
SQL>  drop table abc;

CT-00843, The table or view SYS.ABC does not exist.
SQL> create table abc(   char  int);

CT-00601, [1:21]Sql syntax error: invalid column name 'char'
SQL>  drop table abc;

CT-00843, The table or view SYS.ABC does not exist.
SQL> create table abc(   date  int);

CT-00601, [1:21]Sql syntax error: invalid column name 'date'
SQL>  drop table abc;

CT-00843, The table or view SYS.ABC does not exist.
SQL> create table abc(   decimal  int);

CT-00601, [1:21]Sql syntax error: invalid column name 'decimal'
SQL>  drop table abc;

CT-00843, The table or view SYS.ABC does not exist.
SQL> create table abc(   integer  int);

CT-00601, [1:21]Sql syntax error: invalid column name 'integer'
SQL>  drop table abc;

CT-00843, The table or view SYS.ABC does not exist.
SQL> create table abc(   number  int);

CT-00601, [1:21]Sql syntax error: invalid column name 'number'
SQL>  drop table abc;

CT-00843, The table or view SYS.ABC does not exist.
SQL> create table abc(   raw  int);

CT-00601, [1:21]Sql syntax error: invalid column name 'raw'
SQL>  drop table abc;

CT-00843, The table or view SYS.ABC does not exist.
SQL> create table abc(   varchar  int);

CT-00601, [1:21]Sql syntax error: invalid column name 'varchar'
SQL>  drop table abc;

CT-00843, The table or view SYS.ABC does not exist.
SQL> create table abc(   varchar2  int);

CT-00601, [1:21]Sql syntax error: invalid column name 'varchar2'
SQL>  drop table abc;

CT-00843, The table or view SYS.ABC does not exist.
SQL> create table abc(   default  int);

CT-00601, [1:21]Sql syntax error: invalid column name 'default'
SQL>  drop table abc;

CT-00843, The table or view SYS.ABC does not exist.
SQL> create table abc(   null      int);

CT-00601, [1:21]Sql syntax error: invalid column name 'null'
SQL>  drop table abc;

CT-00843, The table or view SYS.ABC does not exist.
SQL> create table abc(   rowid  int);

CT-00601, [1:21]Sql syntax error: invalid column name 'rowid'
SQL>  drop table abc;

CT-00843, The table or view SYS.ABC does not exist.
SQL> create table abc(   rownum              int);

CT-00601, [1:21]Sql syntax error: invalid column name 'rownum'
SQL>  drop table abc;

CT-00843, The table or view SYS.ABC does not exist.
SQL> create table abc(   sysdate             int);

CT-00601, [1:21]Sql syntax error: invalid column name 'sysdate'
SQL>  drop table abc;

CT-00843, The table or view SYS.ABC does not exist.
SQL> create table abc_(id int);

Succeed.

SQL> select * FROM abc_%;

CT-00601, [1:19]Sql syntax error: invalid word '%' found
SQL> drop table abc_;

Succeed.

SQL> 
SQL> --DTS2018101007001
SQL> drop table if exists test_keyword;

Succeed.

SQL> create table test_keyword (END int);

Succeed.

SQL> insert into test_keyword values (1);

1 rows affected.

SQL> commit;

Succeed.

SQL> select END from test_keyword order by END;

END         
------------
1           

1 rows fetched.

SQL> 
SQL> drop table if exists test_keyword;

Succeed.

SQL> create table test_keyword ( WHEN int);

Succeed.

SQL> insert into test_keyword values (1);

1 rows affected.

SQL> commit;

Succeed.

SQL> select  WHEN from test_keyword order by  WHEN;

WHEN        
------------
1           

1 rows fetched.

SQL> 
SQL> drop table if exists test_keyword;

Succeed.

SQL> create table test_keyword (PRIOR int);

CT-00601, [1:28]Sql syntax error: invalid column name 'PRIOR'
SQL> create table test_keyword ( THEN int);

CT-00601, [1:29]Sql syntax error: invalid column name 'THEN'
SQL> create table test_keyword ( ELSE int);
CT-00601, [1:29]Sql syntax error: invalid column name 'ELSE'



