

SQL> set

Set failed.

Usage:
SET AUTO[COMMIT] {ON|OFF}
SET EXITC[OMMIT] {ON|OFF}
SET CHARSET {GBK|UTF8}
SET HEA[DING] {ON|OFF}
SET SERVEROUT[PUT] {ON|OFF}
SET TRIMS[POOOL] {ON|OFF}
SET LIN[ESIZE] {80|n}
SET NUM[WIDTH] {10|n}
SET PAGES[IZE] {14|n}
SET TIM[ING] {ON|OFF}
SET FEED[BACK] {n|ON|OFF}
SET ECHO {ON|OFF}
SET VER[IFY] {ON|OFF}
SET TERM[OUT] {ON|OFF}
SET NEWP[AGE] {1|n|NONE}
SET COLSEP {'text'|"text"|text}
SET LONG {n}
SET DEFINE {ON|OFF|ONE CHAR}
SET OPLOG {ON|OFF}
SET CONNECT[_TIMEOUT] {-1|n}
SET SOCKET[_TIMEOUT] {-1|n}
SET CTSQL_SSL_CA [=] {ca_file_path}
SET CTSQL_SSL_CERT [=] {cert_file_path}
SET CTSQL_SSL_KEY [=] {key_file_path}
SET CTSQL_SSL_MODE [=] {DISABLED|PREFERRED|REQUIRED|VERIFY_CA|VERIFY_FULL}
SET CTSQL_SSL_CRL [=] {crl_file_path}
SET CTSQL_SSL_KEY_PASSWD [=] {ssl_keypwd}
SET CTSQL_SSL_CIPHER [=] {ssl_cipher}
SET UDS_SERVER_PATH [=] {path}
SET UDS_CLIENT_PATH [=] {path}
SET BIND {ON|OFF}
SET SHARD_RW_FLAG {0|1|2|3}
SET HIST[ORY] {ON|OFF}
SET AUTOTRACE {ON|OFF|TRACEONLY}

SQL> show

Show failed.

Usage:
SHOW AUTO[COMMIT]
SHOW EXITC[OMMIT]
SHOW CHARSET
SHOW HEA[DING]
SHOW SERVEROUT[PUT]
SHOW TRIMS[POOL]
SHOW SPOO[L]
SHOW LIN[ESIZE]
SHOW NUM[WIDTH]
SHOW PAGES[IZE]
SHOW TIM[ING]
SHOW FEED[BACK]
SHOW ECHO
SHOW VER[IFY]
SHOW TERM[OUT]
SHOW NEWP[AGE]
SHOW COLSEP
SHOW LONG
SHOW PARAMETER[S] [PARAMETER_NAME]
SHOW DEFINE
SHOW OPLOG
SHOW CONNECT[_TIMEOUT]
SHOW SOCKET[_TIMEOUT]
SHOW CTSQL_SSL[_MODE|_CA|_CERT|_KEY|_CRL|_KEY_PASSWD|_CIPHER]
SHOW UDS_SERVER_PATH
SHOW UDS_CLIENT_PATH
SHOW BIND
SHOW SHARD_RW_FLAG
SHOW HIST[ORY]
SHOW AUTOTRACE
SHOW TENANT_NAME
SHOW TENANT_ID
SHOW CREATE TABLE

SQL> set aa

Set failed.

Usage:
SET AUTO[COMMIT] {ON|OFF}
SET EXITC[OMMIT] {ON|OFF}
SET CHARSET {GBK|UTF8}
SET HEA[DING] {ON|OFF}
SET SERVEROUT[PUT] {ON|OFF}
SET TRIMS[POOOL] {ON|OFF}
SET LIN[ESIZE] {80|n}
SET NUM[WIDTH] {10|n}
SET PAGES[IZE] {14|n}
SET TIM[ING] {ON|OFF}
SET FEED[BACK] {n|ON|OFF}
SET ECHO {ON|OFF}
SET VER[IFY] {ON|OFF}
SET TERM[OUT] {ON|OFF}
SET NEWP[AGE] {1|n|NONE}
SET COLSEP {'text'|"text"|text}
SET LONG {n}
SET DEFINE {ON|OFF|ONE CHAR}
SET OPLOG {ON|OFF}
SET CONNECT[_TIMEOUT] {-1|n}
SET SOCKET[_TIMEOUT] {-1|n}
SET CTSQL_SSL_CA [=] {ca_file_path}
SET CTSQL_SSL_CERT [=] {cert_file_path}
SET CTSQL_SSL_KEY [=] {key_file_path}
SET CTSQL_SSL_MODE [=] {DISABLED|PREFERRED|REQUIRED|VERIFY_CA|VERIFY_FULL}
SET CTSQL_SSL_CRL [=] {crl_file_path}
SET CTSQL_SSL_KEY_PASSWD [=] {ssl_keypwd}
SET CTSQL_SSL_CIPHER [=] {ssl_cipher}
SET UDS_SERVER_PATH [=] {path}
SET UDS_CLIENT_PATH [=] {path}
SET BIND {ON|OFF}
SET SHARD_RW_FLAG {0|1|2|3}
SET HIST[ORY] {ON|OFF}
SET AUTOTRACE {ON|OFF|TRACEONLY}

SQL> show bb

Show failed.

Usage:
SHOW AUTO[COMMIT]
SHOW EXITC[OMMIT]
SHOW CHARSET
SHOW HEA[DING]
SHOW SERVEROUT[PUT]
SHOW TRIMS[POOL]
SHOW SPOO[L]
SHOW LIN[ESIZE]
SHOW NUM[WIDTH]
SHOW PAGES[IZE]
SHOW TIM[ING]
SHOW FEED[BACK]
SHOW ECHO
SHOW VER[IFY]
SHOW TERM[OUT]
SHOW NEWP[AGE]
SHOW COLSEP
SHOW LONG
SHOW PARAMETER[S] [PARAMETER_NAME]
SHOW DEFINE
SHOW OPLOG
SHOW CONNECT[_TIMEOUT]
SHOW SOCKET[_TIMEOUT]
SHOW CTSQL_SSL[_MODE|_CA|_CERT|_KEY|_CRL|_KEY_PASSWD|_CIPHER]
SHOW UDS_SERVER_PATH
SHOW UDS_CLIENT_PATH
SHOW BIND
SHOW SHARD_RW_FLAG
SHOW HIST[ORY]
SHOW AUTOTRACE
SHOW TENANT_NAME
SHOW TENANT_ID
SHOW CREATE TABLE

SQL> set feed 3

Feedback is ON, and feedback row is 3.

SQL> show feed

Feedback is ON, and feedback row is 3.

SQL> set feedback off

OFF
show feedback

Feedback is OFF.

set echo on

ON
SQL> show echo
show echo

echo ON.

SQL> set echo off
set echo off

OFF
show echo

echo OFF.

set ver on

ON
show ver

verify ON.

set verify off

OFF
show verify

verify OFF.

set term off



termout OFF.



show termout

termout ON.

set newp none


show newp

newpage OFF.

set newpage 10


show newpage

newpage is 10.

set colsep %


show colsep

colsep is "%".

set long 100


show long

long is 100.




