

SQL> -- set _log_level to 0x00000007
SQL> ALTER SYSTEM SET _LOG_LEVEL = 7;

Succeed.

SQL> SHOW PARAMETER _LOG_LEVEL;

NAME                                                             DATATYPE             VALUE                                                            RUNTIME_VALUE                                                    EFFECTIVE           
---------------------------------------------------------------- -------------------- ---------------------------------------------------------------- ---------------------------------------------------------------- --------------------
AUDIT_SYSLOG_LEVEL                                               CT_TYPE_VARCHAR      LOCAL0.DEBUG                                                     LOCAL0.DEBUG                                                     immediately         
RAFT_LOG_LEVEL                                                   CT_TYPE_INTEGER      2                                                                2                                                                reboot              
_LOG_LEVEL                                                       CT_TYPE_INTEGER      7                                                                7                                                                immediately         
_LOG_LEVEL_MODE                                                  CT_TYPE_VARCHAR      RUN                                                              RUN                                                              immediately         


SQL>
SQL> 
SQL> -- set _log_level to 0x00000017
SQL> ALTER SYSTEM SET _LOG_LEVEL = 7;

Succeed.

SQL> SHOW PARAMETER _LOG_LEVEL;

NAME                                                             DATATYPE             VALUE                                                            RUNTIME_VALUE                                                    EFFECTIVE           
---------------------------------------------------------------- -------------------- ---------------------------------------------------------------- ---------------------------------------------------------------- --------------------
AUDIT_SYSLOG_LEVEL                                               CT_TYPE_VARCHAR      LOCAL0.DEBUG                                                     LOCAL0.DEBUG                                                     immediately         
RAFT_LOG_LEVEL                                                   CT_TYPE_INTEGER      2                                                                2                                                                reboot              
_LOG_LEVEL                                                       CT_TYPE_INTEGER      7                                                                7                                                                immediately         
_LOG_LEVEL_MODE                                                  CT_TYPE_VARCHAR      RUN                                                              RUN                                                              immediately         


SQL> ALTER SYSTEM SET _LOG_LEVEL = 23;

Succeed.

SQL> SHOW PARAMETER _LOG_LEVEL;

NAME                                                             DATATYPE             VALUE                                                            RUNTIME_VALUE                                                    EFFECTIVE           
---------------------------------------------------------------- -------------------- ---------------------------------------------------------------- ---------------------------------------------------------------- --------------------
AUDIT_SYSLOG_LEVEL                                               CT_TYPE_VARCHAR      LOCAL0.DEBUG                                                     LOCAL0.DEBUG                                                     immediately         
RAFT_LOG_LEVEL                                                   CT_TYPE_INTEGER      2                                                                2                                                                reboot              
_LOG_LEVEL                                                       CT_TYPE_INTEGER      23                                                               23                                                               immediately         
_LOG_LEVEL_MODE                                                  CT_TYPE_VARCHAR      ERROR                                                            ERROR                                                            immediately         


SQL>
SQL> 
SQL> -- set _log_level to 0x0000001F
SQL> ALTER SYSTEM SET _LOG_LEVEL = 7;

Succeed.

SQL> SHOW PARAMETER _LOG_LEVEL;

NAME                                                             DATATYPE             VALUE                                                            RUNTIME_VALUE                                                    EFFECTIVE           
---------------------------------------------------------------- -------------------- ---------------------------------------------------------------- ---------------------------------------------------------------- --------------------
AUDIT_SYSLOG_LEVEL                                               CT_TYPE_VARCHAR      LOCAL0.DEBUG                                                     LOCAL0.DEBUG                                                     immediately         
RAFT_LOG_LEVEL                                                   CT_TYPE_INTEGER      2                                                                2                                                                reboot              
_LOG_LEVEL                                                       CT_TYPE_INTEGER      7                                                                7                                                                immediately         
_LOG_LEVEL_MODE                                                  CT_TYPE_VARCHAR      RUN                                                              RUN                                                              immediately         


SQL> ALTER SYSTEM SET _LOG_LEVEL = 31;

Succeed.

SQL> SHOW PARAMETER _LOG_LEVEL;

NAME                                                             DATATYPE             VALUE                                                            RUNTIME_VALUE                                                    EFFECTIVE           
---------------------------------------------------------------- -------------------- ---------------------------------------------------------------- ---------------------------------------------------------------- --------------------
AUDIT_SYSLOG_LEVEL                                               CT_TYPE_VARCHAR      LOCAL0.DEBUG                                                     LOCAL0.DEBUG                                                     immediately         
RAFT_LOG_LEVEL                                                   CT_TYPE_INTEGER      2                                                                2                                                                reboot              
_LOG_LEVEL                                                       CT_TYPE_INTEGER      31                                                               31                                                               immediately         
_LOG_LEVEL_MODE                                                  CT_TYPE_VARCHAR      ERROR                                                            ERROR                                                            immediately         


SQL>
SQL> 
SQL> -- set _log_level to 0x00000097
SQL> ALTER SYSTEM SET _LOG_LEVEL = 7;

Succeed.

SQL> SHOW PARAMETER _LOG_LEVEL;

NAME                                                             DATATYPE             VALUE                                                            RUNTIME_VALUE                                                    EFFECTIVE           
---------------------------------------------------------------- -------------------- ---------------------------------------------------------------- ---------------------------------------------------------------- --------------------
AUDIT_SYSLOG_LEVEL                                               CT_TYPE_VARCHAR      LOCAL0.DEBUG                                                     LOCAL0.DEBUG                                                     immediately         
RAFT_LOG_LEVEL                                                   CT_TYPE_INTEGER      2                                                                2                                                                reboot              
_LOG_LEVEL                                                       CT_TYPE_INTEGER      7                                                                7                                                                immediately         
_LOG_LEVEL_MODE                                                  CT_TYPE_VARCHAR      RUN                                                              RUN                                                              immediately         


SQL> ALTER SYSTEM SET _LOG_LEVEL = 151;

Succeed.

SQL> SHOW PARAMETER _LOG_LEVEL;

NAME                                                             DATATYPE             VALUE                                                            RUNTIME_VALUE                                                    EFFECTIVE           
---------------------------------------------------------------- -------------------- ---------------------------------------------------------------- ---------------------------------------------------------------- --------------------
AUDIT_SYSLOG_LEVEL                                               CT_TYPE_VARCHAR      LOCAL0.DEBUG                                                     LOCAL0.DEBUG                                                     immediately         
RAFT_LOG_LEVEL                                                   CT_TYPE_INTEGER      2                                                                2                                                                reboot              
_LOG_LEVEL                                                       CT_TYPE_INTEGER      151                                                              151                                                              immediately         
_LOG_LEVEL_MODE                                                  CT_TYPE_VARCHAR      ERROR                                                            ERROR                                                            immediately         


SQL>
SQL> 
SQL> -- set _log_level to 0x0000009F
SQL> ALTER SYSTEM SET _LOG_LEVEL = 7;

Succeed.

SQL> SHOW PARAMETER _LOG_LEVEL;

NAME                                                             DATATYPE             VALUE                                                            RUNTIME_VALUE                                                    EFFECTIVE           
---------------------------------------------------------------- -------------------- ---------------------------------------------------------------- ---------------------------------------------------------------- --------------------
AUDIT_SYSLOG_LEVEL                                               CT_TYPE_VARCHAR      LOCAL0.DEBUG                                                     LOCAL0.DEBUG                                                     immediately         
RAFT_LOG_LEVEL                                                   CT_TYPE_INTEGER      2                                                                2                                                                reboot              
_LOG_LEVEL                                                       CT_TYPE_INTEGER      7                                                                7                                                                immediately         
_LOG_LEVEL_MODE                                                  CT_TYPE_VARCHAR      RUN                                                              RUN                                                              immediately         


SQL> ALTER SYSTEM SET _LOG_LEVEL = 159;

Succeed.

SQL> SHOW PARAMETER _LOG_LEVEL;

NAME                                                             DATATYPE             VALUE                                                            RUNTIME_VALUE                                                    EFFECTIVE           
---------------------------------------------------------------- -------------------- ---------------------------------------------------------------- ---------------------------------------------------------------- --------------------
AUDIT_SYSLOG_LEVEL                                               CT_TYPE_VARCHAR      LOCAL0.DEBUG                                                     LOCAL0.DEBUG                                                     immediately         
RAFT_LOG_LEVEL                                                   CT_TYPE_INTEGER      2                                                                2                                                                reboot              
_LOG_LEVEL                                                       CT_TYPE_INTEGER      159                                                              159                                                              immediately         
_LOG_LEVEL_MODE                                                  CT_TYPE_VARCHAR      ERROR                                                            ERROR                                                            immediately         


SQL>
SQL> 
SQL> -- set _log_level to 0x00000037
SQL> ALTER SYSTEM SET _LOG_LEVEL = 7;

Succeed.

SQL> SHOW PARAMETER _LOG_LEVEL;

NAME                                                             DATATYPE             VALUE                                                            RUNTIME_VALUE                                                    EFFECTIVE           
---------------------------------------------------------------- -------------------- ---------------------------------------------------------------- ---------------------------------------------------------------- --------------------
AUDIT_SYSLOG_LEVEL                                               CT_TYPE_VARCHAR      LOCAL0.DEBUG                                                     LOCAL0.DEBUG                                                     immediately         
RAFT_LOG_LEVEL                                                   CT_TYPE_INTEGER      2                                                                2                                                                reboot              
_LOG_LEVEL                                                       CT_TYPE_INTEGER      7                                                                7                                                                immediately         
_LOG_LEVEL_MODE                                                  CT_TYPE_VARCHAR      RUN                                                              RUN                                                              immediately         


SQL> ALTER SYSTEM SET _LOG_LEVEL = 55;

Succeed.

SQL> SHOW PARAMETER _LOG_LEVEL;

NAME                                                             DATATYPE             VALUE                                                            RUNTIME_VALUE                                                    EFFECTIVE           
---------------------------------------------------------------- -------------------- ---------------------------------------------------------------- ---------------------------------------------------------------- --------------------
AUDIT_SYSLOG_LEVEL                                               CT_TYPE_VARCHAR      LOCAL0.DEBUG                                                     LOCAL0.DEBUG                                                     immediately         
RAFT_LOG_LEVEL                                                   CT_TYPE_INTEGER      2                                                                2                                                                reboot              
_LOG_LEVEL                                                       CT_TYPE_INTEGER      55                                                               55                                                               immediately         
_LOG_LEVEL_MODE                                                  CT_TYPE_VARCHAR      WARN                                                             WARN                                                             immediately         


SQL>
SQL> 
SQL> -- set _log_level to 0x0000003F
SQL> ALTER SYSTEM SET _LOG_LEVEL = 7;

Succeed.

SQL> SHOW PARAMETER _LOG_LEVEL;

NAME                                                             DATATYPE             VALUE                                                            RUNTIME_VALUE                                                    EFFECTIVE           
---------------------------------------------------------------- -------------------- ---------------------------------------------------------------- ---------------------------------------------------------------- --------------------
AUDIT_SYSLOG_LEVEL                                               CT_TYPE_VARCHAR      LOCAL0.DEBUG                                                     LOCAL0.DEBUG                                                     immediately         
RAFT_LOG_LEVEL                                                   CT_TYPE_INTEGER      2                                                                2                                                                reboot              
_LOG_LEVEL                                                       CT_TYPE_INTEGER      7                                                                7                                                                immediately         
_LOG_LEVEL_MODE                                                  CT_TYPE_VARCHAR      RUN                                                              RUN                                                              immediately         


SQL> ALTER SYSTEM SET _LOG_LEVEL = 63;

Succeed.

SQL> SHOW PARAMETER _LOG_LEVEL;

NAME                                                             DATATYPE             VALUE                                                            RUNTIME_VALUE                                                    EFFECTIVE           
---------------------------------------------------------------- -------------------- ---------------------------------------------------------------- ---------------------------------------------------------------- --------------------
AUDIT_SYSLOG_LEVEL                                               CT_TYPE_VARCHAR      LOCAL0.DEBUG                                                     LOCAL0.DEBUG                                                     immediately         
RAFT_LOG_LEVEL                                                   CT_TYPE_INTEGER      2                                                                2                                                                reboot              
_LOG_LEVEL                                                       CT_TYPE_INTEGER      63                                                               63                                                               immediately         
_LOG_LEVEL_MODE                                                  CT_TYPE_VARCHAR      WARN                                                             WARN                                                             immediately         


SQL>
SQL> 
SQL> -- set _log_level to 0x000000B7
SQL> ALTER SYSTEM SET _LOG_LEVEL = 7;

Succeed.

SQL> SHOW PARAMETER _LOG_LEVEL;

NAME                                                             DATATYPE             VALUE                                                            RUNTIME_VALUE                                                    EFFECTIVE           
---------------------------------------------------------------- -------------------- ---------------------------------------------------------------- ---------------------------------------------------------------- --------------------
AUDIT_SYSLOG_LEVEL                                               CT_TYPE_VARCHAR      LOCAL0.DEBUG                                                     LOCAL0.DEBUG                                                     immediately         
RAFT_LOG_LEVEL                                                   CT_TYPE_INTEGER      2                                                                2                                                                reboot              
_LOG_LEVEL                                                       CT_TYPE_INTEGER      7                                                                7                                                                immediately         
_LOG_LEVEL_MODE                                                  CT_TYPE_VARCHAR      RUN                                                              RUN                                                              immediately         


SQL> ALTER SYSTEM SET _LOG_LEVEL = 183;

Succeed.

SQL> SHOW PARAMETER _LOG_LEVEL;

NAME                                                             DATATYPE             VALUE                                                            RUNTIME_VALUE                                                    EFFECTIVE           
---------------------------------------------------------------- -------------------- ---------------------------------------------------------------- ---------------------------------------------------------------- --------------------
AUDIT_SYSLOG_LEVEL                                               CT_TYPE_VARCHAR      LOCAL0.DEBUG                                                     LOCAL0.DEBUG                                                     immediately         
RAFT_LOG_LEVEL                                                   CT_TYPE_INTEGER      2                                                                2                                                                reboot              
_LOG_LEVEL                                                       CT_TYPE_INTEGER      183                                                              183                                                              immediately         
_LOG_LEVEL_MODE                                                  CT_TYPE_VARCHAR      WARN                                                             WARN                                                             immediately         


SQL>
SQL> 
SQL> -- set _log_level to 0x000000BF
SQL> ALTER SYSTEM SET _LOG_LEVEL = 7;

Succeed.

SQL> SHOW PARAMETER _LOG_LEVEL;

NAME                                                             DATATYPE             VALUE                                                            RUNTIME_VALUE                                                    EFFECTIVE           
---------------------------------------------------------------- -------------------- ---------------------------------------------------------------- ---------------------------------------------------------------- --------------------
AUDIT_SYSLOG_LEVEL                                               CT_TYPE_VARCHAR      LOCAL0.DEBUG                                                     LOCAL0.DEBUG                                                     immediately         
RAFT_LOG_LEVEL                                                   CT_TYPE_INTEGER      2                                                                2                                                                reboot              
_LOG_LEVEL                                                       CT_TYPE_INTEGER      7                                                                7                                                                immediately         
_LOG_LEVEL_MODE                                                  CT_TYPE_VARCHAR      RUN                                                              RUN                                                              immediately         


SQL> ALTER SYSTEM SET _LOG_LEVEL = 191;

Succeed.

SQL> SHOW PARAMETER _LOG_LEVEL;

NAME                                                             DATATYPE             VALUE                                                            RUNTIME_VALUE                                                    EFFECTIVE           
---------------------------------------------------------------- -------------------- ---------------------------------------------------------------- ---------------------------------------------------------------- --------------------
AUDIT_SYSLOG_LEVEL                                               CT_TYPE_VARCHAR      LOCAL0.DEBUG                                                     LOCAL0.DEBUG                                                     immediately         
RAFT_LOG_LEVEL                                                   CT_TYPE_INTEGER      2                                                                2                                                                reboot              
_LOG_LEVEL                                                       CT_TYPE_INTEGER      191                                                              191                                                              immediately         
_LOG_LEVEL_MODE                                                  CT_TYPE_VARCHAR      WARN                                                             WARN                                                             immediately         


SQL>
SQL> 
SQL> -- set _log_level to 0x000000FF
SQL> ALTER SYSTEM SET _LOG_LEVEL = 7;

Succeed.

SQL> SHOW PARAMETER _LOG_LEVEL;

NAME                                                             DATATYPE             VALUE                                                            RUNTIME_VALUE                                                    EFFECTIVE           
---------------------------------------------------------------- -------------------- ---------------------------------------------------------------- ---------------------------------------------------------------- --------------------
AUDIT_SYSLOG_LEVEL                                               CT_TYPE_VARCHAR      LOCAL0.DEBUG                                                     LOCAL0.DEBUG                                                     immediately         
RAFT_LOG_LEVEL                                                   CT_TYPE_INTEGER      2                                                                2                                                                reboot              
_LOG_LEVEL                                                       CT_TYPE_INTEGER      7                                                                7                                                                immediately         
_LOG_LEVEL_MODE                                                  CT_TYPE_VARCHAR      RUN                                                              RUN                                                              immediately         


SQL> ALTER SYSTEM SET _LOG_LEVEL = 255;

Succeed.

SQL> SHOW PARAMETER _LOG_LEVEL;

NAME                                                             DATATYPE             VALUE                                                            RUNTIME_VALUE                                                    EFFECTIVE           
---------------------------------------------------------------- -------------------- ---------------------------------------------------------------- ---------------------------------------------------------------- --------------------
AUDIT_SYSLOG_LEVEL                                               CT_TYPE_VARCHAR      LOCAL0.DEBUG                                                     LOCAL0.DEBUG                                                     immediately         
RAFT_LOG_LEVEL                                                   CT_TYPE_INTEGER      2                                                                2                                                                reboot              
_LOG_LEVEL                                                       CT_TYPE_INTEGER      255                                                              255                                                              immediately         
_LOG_LEVEL_MODE                                                  CT_TYPE_VARCHAR      DEBUG                                                            DEBUG                                                            immediately         


SQL>
SQL> 
SQL> -- set _log_level to 0x00000077
SQL> ALTER SYSTEM SET _LOG_LEVEL = 7;

Succeed.

SQL> SHOW PARAMETER _LOG_LEVEL;

NAME                                                             DATATYPE             VALUE                                                            RUNTIME_VALUE                                                    EFFECTIVE           
---------------------------------------------------------------- -------------------- ---------------------------------------------------------------- ---------------------------------------------------------------- --------------------
AUDIT_SYSLOG_LEVEL                                               CT_TYPE_VARCHAR      LOCAL0.DEBUG                                                     LOCAL0.DEBUG                                                     immediately         
RAFT_LOG_LEVEL                                                   CT_TYPE_INTEGER      2                                                                2                                                                reboot              
_LOG_LEVEL                                                       CT_TYPE_INTEGER      7                                                                7                                                                immediately         
_LOG_LEVEL_MODE                                                  CT_TYPE_VARCHAR      RUN                                                              RUN                                                              immediately         


SQL> ALTER SYSTEM SET _LOG_LEVEL = 119;

Succeed.

SQL> SHOW PARAMETER _LOG_LEVEL;

NAME                                                             DATATYPE             VALUE                                                            RUNTIME_VALUE                                                    EFFECTIVE           
---------------------------------------------------------------- -------------------- ---------------------------------------------------------------- ---------------------------------------------------------------- --------------------
AUDIT_SYSLOG_LEVEL                                               CT_TYPE_VARCHAR      LOCAL0.DEBUG                                                     LOCAL0.DEBUG                                                     immediately         
RAFT_LOG_LEVEL                                                   CT_TYPE_INTEGER      2                                                                2                                                                reboot              
_LOG_LEVEL                                                       CT_TYPE_INTEGER      119                                                              119                                                              immediately         
_LOG_LEVEL_MODE                                                  CT_TYPE_VARCHAR      DEBUG                                                            DEBUG                                                            immediately         


SQL>
SQL> 
SQL> -- set _log_level to 0x000000F7
SQL> ALTER SYSTEM SET _LOG_LEVEL = 7;

Succeed.

SQL> SHOW PARAMETER _LOG_LEVEL;

NAME                                                             DATATYPE             VALUE                                                            RUNTIME_VALUE                                                    EFFECTIVE           
---------------------------------------------------------------- -------------------- ---------------------------------------------------------------- ---------------------------------------------------------------- --------------------
AUDIT_SYSLOG_LEVEL                                               CT_TYPE_VARCHAR      LOCAL0.DEBUG                                                     LOCAL0.DEBUG                                                     immediately         
RAFT_LOG_LEVEL                                                   CT_TYPE_INTEGER      2                                                                2                                                                reboot              
_LOG_LEVEL                                                       CT_TYPE_INTEGER      7                                                                7                                                                immediately         
_LOG_LEVEL_MODE                                                  CT_TYPE_VARCHAR      RUN                                                              RUN                                                              immediately         


SQL> ALTER SYSTEM SET _LOG_LEVEL = 247;

Succeed.

SQL> SHOW PARAMETER _LOG_LEVEL;

NAME                                                             DATATYPE             VALUE                                                            RUNTIME_VALUE                                                    EFFECTIVE           
---------------------------------------------------------------- -------------------- ---------------------------------------------------------------- ---------------------------------------------------------------- --------------------
AUDIT_SYSLOG_LEVEL                                               CT_TYPE_VARCHAR      LOCAL0.DEBUG                                                     LOCAL0.DEBUG                                                     immediately         
RAFT_LOG_LEVEL                                                   CT_TYPE_INTEGER      2                                                                2                                                                reboot              
_LOG_LEVEL                                                       CT_TYPE_INTEGER      247                                                              247                                                              immediately         
_LOG_LEVEL_MODE                                                  CT_TYPE_VARCHAR      DEBUG                                                            DEBUG                                                            immediately         


SQL>
SQL> 
SQL> -- set _log_level to 0x0000007F
SQL> ALTER SYSTEM SET _LOG_LEVEL = 7;

Succeed.

SQL> SHOW PARAMETER _LOG_LEVEL;

NAME                                                             DATATYPE             VALUE                                                            RUNTIME_VALUE                                                    EFFECTIVE           
---------------------------------------------------------------- -------------------- ---------------------------------------------------------------- ---------------------------------------------------------------- --------------------
AUDIT_SYSLOG_LEVEL                                               CT_TYPE_VARCHAR      LOCAL0.DEBUG                                                     LOCAL0.DEBUG                                                     immediately         
RAFT_LOG_LEVEL                                                   CT_TYPE_INTEGER      2                                                                2                                                                reboot              
_LOG_LEVEL                                                       CT_TYPE_INTEGER      7                                                                7                                                                immediately         
_LOG_LEVEL_MODE                                                  CT_TYPE_VARCHAR      RUN                                                              RUN                                                              immediately         


SQL> ALTER SYSTEM SET _LOG_LEVEL = 127;

Succeed.

SQL> SHOW PARAMETER _LOG_LEVEL;

NAME                                                             DATATYPE             VALUE                                                            RUNTIME_VALUE                                                    EFFECTIVE           
---------------------------------------------------------------- -------------------- ---------------------------------------------------------------- ---------------------------------------------------------------- --------------------
AUDIT_SYSLOG_LEVEL                                               CT_TYPE_VARCHAR      LOCAL0.DEBUG                                                     LOCAL0.DEBUG                                                     immediately         
RAFT_LOG_LEVEL                                                   CT_TYPE_INTEGER      2                                                                2                                                                reboot              
_LOG_LEVEL                                                       CT_TYPE_INTEGER      127                                                              127                                                              immediately         
_LOG_LEVEL_MODE                                                  CT_TYPE_VARCHAR      DEBUG                                                            DEBUG                                                            immediately         


SQL>
SQL> 
SQL> 
SQL> -- set _log_level_mode to RUN
SQL> ALTER SYSTEM SET _LOG_LEVEL = 7;

Succeed.

SQL> SHOW PARAMETER _LOG_LEVEL;

NAME                                                             DATATYPE             VALUE                                                            RUNTIME_VALUE                                                    EFFECTIVE           
---------------------------------------------------------------- -------------------- ---------------------------------------------------------------- ---------------------------------------------------------------- --------------------
AUDIT_SYSLOG_LEVEL                                               CT_TYPE_VARCHAR      LOCAL0.DEBUG                                                     LOCAL0.DEBUG                                                     immediately         
RAFT_LOG_LEVEL                                                   CT_TYPE_INTEGER      2                                                                2                                                                reboot              
_LOG_LEVEL                                                       CT_TYPE_INTEGER      7                                                                7                                                                immediately         
_LOG_LEVEL_MODE                                                  CT_TYPE_VARCHAR      RUN                                                              RUN                                                              immediately         


SQL> ALTER SYSTEM SET _LOG_LEVEL_MODE = RUN;

Succeed.

SQL> SHOW PARAMETER _LOG_LEVEL;

NAME                                                             DATATYPE             VALUE                                                            RUNTIME_VALUE                                                    EFFECTIVE           
---------------------------------------------------------------- -------------------- ---------------------------------------------------------------- ---------------------------------------------------------------- --------------------
AUDIT_SYSLOG_LEVEL                                               CT_TYPE_VARCHAR      LOCAL0.DEBUG                                                     LOCAL0.DEBUG                                                     immediately         
RAFT_LOG_LEVEL                                                   CT_TYPE_INTEGER      2                                                                2                                                                reboot              
_LOG_LEVEL                                                       CT_TYPE_INTEGER      7                                                                7                                                                immediately         
_LOG_LEVEL_MODE                                                  CT_TYPE_VARCHAR      RUN                                                              RUN                                                              immediately         


SQL>
SQL> 
SQL> -- set _log_level_mode to ERROR
SQL> ALTER SYSTEM SET _LOG_LEVEL = 7;

Succeed.

SQL> SHOW PARAMETER _LOG_LEVEL;

NAME                                                             DATATYPE             VALUE                                                            RUNTIME_VALUE                                                    EFFECTIVE           
---------------------------------------------------------------- -------------------- ---------------------------------------------------------------- ---------------------------------------------------------------- --------------------
AUDIT_SYSLOG_LEVEL                                               CT_TYPE_VARCHAR      LOCAL0.DEBUG                                                     LOCAL0.DEBUG                                                     immediately         
RAFT_LOG_LEVEL                                                   CT_TYPE_INTEGER      2                                                                2                                                                reboot              
_LOG_LEVEL                                                       CT_TYPE_INTEGER      7                                                                7                                                                immediately         
_LOG_LEVEL_MODE                                                  CT_TYPE_VARCHAR      RUN                                                              RUN                                                              immediately         


SQL> ALTER SYSTEM SET _LOG_LEVEL_MODE = ERROR;

Succeed.

SQL> SHOW PARAMETER _LOG_LEVEL;

NAME                                                             DATATYPE             VALUE                                                            RUNTIME_VALUE                                                    EFFECTIVE           
---------------------------------------------------------------- -------------------- ---------------------------------------------------------------- ---------------------------------------------------------------- --------------------
AUDIT_SYSLOG_LEVEL                                               CT_TYPE_VARCHAR      LOCAL0.DEBUG                                                     LOCAL0.DEBUG                                                     immediately         
RAFT_LOG_LEVEL                                                   CT_TYPE_INTEGER      2                                                                2                                                                reboot              
_LOG_LEVEL                                                       CT_TYPE_INTEGER      23                                                               23                                                               immediately         
_LOG_LEVEL_MODE                                                  CT_TYPE_VARCHAR      ERROR                                                            ERROR                                                            immediately         


SQL>
SQL> 
SQL> -- set _log_level_mode to WARN
SQL> ALTER SYSTEM SET _LOG_LEVEL = 7;

Succeed.

SQL> SHOW PARAMETER _LOG_LEVEL;

NAME                                                             DATATYPE             VALUE                                                            RUNTIME_VALUE                                                    EFFECTIVE           
---------------------------------------------------------------- -------------------- ---------------------------------------------------------------- ---------------------------------------------------------------- --------------------
AUDIT_SYSLOG_LEVEL                                               CT_TYPE_VARCHAR      LOCAL0.DEBUG                                                     LOCAL0.DEBUG                                                     immediately         
RAFT_LOG_LEVEL                                                   CT_TYPE_INTEGER      2                                                                2                                                                reboot              
_LOG_LEVEL                                                       CT_TYPE_INTEGER      7                                                                7                                                                immediately         
_LOG_LEVEL_MODE                                                  CT_TYPE_VARCHAR      RUN                                                              RUN                                                              immediately         


SQL> ALTER SYSTEM SET _LOG_LEVEL_MODE = WARN;

Succeed.

SQL> SHOW PARAMETER _LOG_LEVEL;

NAME                                                             DATATYPE             VALUE                                                            RUNTIME_VALUE                                                    EFFECTIVE           
---------------------------------------------------------------- -------------------- ---------------------------------------------------------------- ---------------------------------------------------------------- --------------------
AUDIT_SYSLOG_LEVEL                                               CT_TYPE_VARCHAR      LOCAL0.DEBUG                                                     LOCAL0.DEBUG                                                     immediately         
RAFT_LOG_LEVEL                                                   CT_TYPE_INTEGER      2                                                                2                                                                reboot              
_LOG_LEVEL                                                       CT_TYPE_INTEGER      55                                                               55                                                               immediately         
_LOG_LEVEL_MODE                                                  CT_TYPE_VARCHAR      WARN                                                             WARN                                                             immediately         


SQL>
SQL> 
SQL> -- set _log_level_mode to DEBUG
SQL> ALTER SYSTEM SET _LOG_LEVEL = 7;

Succeed.

SQL> SHOW PARAMETER _LOG_LEVEL;

NAME                                                             DATATYPE             VALUE                                                            RUNTIME_VALUE                                                    EFFECTIVE           
---------------------------------------------------------------- -------------------- ---------------------------------------------------------------- ---------------------------------------------------------------- --------------------
AUDIT_SYSLOG_LEVEL                                               CT_TYPE_VARCHAR      LOCAL0.DEBUG                                                     LOCAL0.DEBUG                                                     immediately         
RAFT_LOG_LEVEL                                                   CT_TYPE_INTEGER      2                                                                2                                                                reboot              
_LOG_LEVEL                                                       CT_TYPE_INTEGER      7                                                                7                                                                immediately         
_LOG_LEVEL_MODE                                                  CT_TYPE_VARCHAR      RUN                                                              RUN                                                              immediately         


SQL> ALTER SYSTEM SET _LOG_LEVEL_MODE = DEBUG;

Succeed.

SQL> SHOW PARAMETER _LOG_LEVEL;

NAME                                                             DATATYPE             VALUE                                                            RUNTIME_VALUE                                                    EFFECTIVE           
---------------------------------------------------------------- -------------------- ---------------------------------------------------------------- ---------------------------------------------------------------- --------------------
AUDIT_SYSLOG_LEVEL                                               CT_TYPE_VARCHAR      LOCAL0.DEBUG                                                     LOCAL0.DEBUG                                                     immediately         
RAFT_LOG_LEVEL                                                   CT_TYPE_INTEGER      2                                                                2                                                                reboot              
_LOG_LEVEL                                                       CT_TYPE_INTEGER      119                                                              119                                                              immediately         
_LOG_LEVEL_MODE                                                  CT_TYPE_VARCHAR      DEBUG                                                            DEBUG                                                            immediately         


SQL>
SQL> 
SQL> -- set _log_level_mode to FATAL
SQL> ALTER SYSTEM SET _LOG_LEVEL = 7;

Succeed.

SQL> SHOW PARAMETER _LOG_LEVEL;

NAME                                                             DATATYPE             VALUE                                                            RUNTIME_VALUE                                                    EFFECTIVE           
---------------------------------------------------------------- -------------------- ---------------------------------------------------------------- ---------------------------------------------------------------- --------------------
AUDIT_SYSLOG_LEVEL                                               CT_TYPE_VARCHAR      LOCAL0.DEBUG                                                     LOCAL0.DEBUG                                                     immediately         
RAFT_LOG_LEVEL                                                   CT_TYPE_INTEGER      2                                                                2                                                                reboot              
_LOG_LEVEL                                                       CT_TYPE_INTEGER      7                                                                7                                                                immediately         
_LOG_LEVEL_MODE                                                  CT_TYPE_VARCHAR      RUN                                                              RUN                                                              immediately         


SQL> ALTER SYSTEM SET _LOG_LEVEL_MODE = FATAL;

Succeed.

SQL> SHOW PARAMETER _LOG_LEVEL;

NAME                                                             DATATYPE             VALUE                                                            RUNTIME_VALUE                                                    EFFECTIVE           
---------------------------------------------------------------- -------------------- ---------------------------------------------------------------- ---------------------------------------------------------------- --------------------
AUDIT_SYSLOG_LEVEL                                               CT_TYPE_VARCHAR      LOCAL0.DEBUG                                                     LOCAL0.DEBUG                                                     immediately         
RAFT_LOG_LEVEL                                                   CT_TYPE_INTEGER      2                                                                2                                                                reboot              
_LOG_LEVEL                                                       CT_TYPE_INTEGER      4294967295                                                       4294967295                                                       immediately         
_LOG_LEVEL_MODE                                                  CT_TYPE_VARCHAR      FATAL                                                            FATAL                                                            immediately         


SQL>
SQL> 
SQL> -- set LONGSQL_LOG_MODE to ON
SQL> ALTER SYSTEM SET _LOG_LEVEL = 7;

Succeed.

SQL> SHOW PARAMETER _LOG_LEVEL;

NAME                                                             DATATYPE             VALUE                                                            RUNTIME_VALUE                                                    EFFECTIVE           
---------------------------------------------------------------- -------------------- ---------------------------------------------------------------- ---------------------------------------------------------------- --------------------
AUDIT_SYSLOG_LEVEL                                               CT_TYPE_VARCHAR      LOCAL0.DEBUG                                                     LOCAL0.DEBUG                                                     immediately         
RAFT_LOG_LEVEL                                                   CT_TYPE_INTEGER      2                                                                2                                                                reboot              
_LOG_LEVEL                                                       CT_TYPE_INTEGER      7                                                                7                                                                immediately         
_LOG_LEVEL_MODE                                                  CT_TYPE_VARCHAR      RUN                                                              RUN                                                              immediately         


SQL> ALTER SYSTEM SET LONGSQL_LOG_MODE = ON;

Succeed.

SQL> SHOW PARAMETER _LOG_LEVEL;

NAME                                                             DATATYPE             VALUE                                                            RUNTIME_VALUE                                                    EFFECTIVE           
---------------------------------------------------------------- -------------------- ---------------------------------------------------------------- ---------------------------------------------------------------- --------------------
AUDIT_SYSLOG_LEVEL                                               CT_TYPE_VARCHAR      LOCAL0.DEBUG                                                     LOCAL0.DEBUG                                                     immediately         
RAFT_LOG_LEVEL                                                   CT_TYPE_INTEGER      2                                                                2                                                                reboot              
_LOG_LEVEL                                                       CT_TYPE_INTEGER      263                                                              263                                                              immediately         
_LOG_LEVEL_MODE                                                  CT_TYPE_VARCHAR      RUN                                                              RUN                                                              immediately         


SQL>
SQL> 
SQL> -- set LONGSQL_LOG_MODE to OFF
SQL> ALTER SYSTEM SET _LOG_LEVEL = 7;

Succeed.

SQL> SHOW PARAMETER _LOG_LEVEL;

NAME                                                             DATATYPE             VALUE                                                            RUNTIME_VALUE                                                    EFFECTIVE           
---------------------------------------------------------------- -------------------- ---------------------------------------------------------------- ---------------------------------------------------------------- --------------------
AUDIT_SYSLOG_LEVEL                                               CT_TYPE_VARCHAR      LOCAL0.DEBUG                                                     LOCAL0.DEBUG                                                     immediately         
RAFT_LOG_LEVEL                                                   CT_TYPE_INTEGER      2                                                                2                                                                reboot              
_LOG_LEVEL                                                       CT_TYPE_INTEGER      7                                                                7                                                                immediately         
_LOG_LEVEL_MODE                                                  CT_TYPE_VARCHAR      RUN                                                              RUN                                                              immediately         


SQL> ALTER SYSTEM SET LONGSQL_LOG_MODE = OFF;

Succeed.

SQL> SHOW PARAMETER _LOG_LEVEL;

NAME                                                             DATATYPE             VALUE                                                            RUNTIME_VALUE                                                    EFFECTIVE           
---------------------------------------------------------------- -------------------- ---------------------------------------------------------------- ---------------------------------------------------------------- --------------------
AUDIT_SYSLOG_LEVEL                                               CT_TYPE_VARCHAR      LOCAL0.DEBUG                                                     LOCAL0.DEBUG                                                     immediately         
RAFT_LOG_LEVEL                                                   CT_TYPE_INTEGER      2                                                                2                                                                reboot              
_LOG_LEVEL                                                       CT_TYPE_INTEGER      7                                                                7                                                                immediately         
_LOG_LEVEL_MODE                                                  CT_TYPE_VARCHAR      RUN                                                              RUN                                                              immediately         


SQL>
SQL> 
SQL> -- set _LOG_LEVEL_MODE to USER_DEFINE
SQL> ALTER SYSTEM SET _LOG_LEVEL = 7;

Succeed.

SQL> SHOW PARAMETER _LOG_LEVEL;

NAME                                                             DATATYPE             VALUE                                                            RUNTIME_VALUE                                                    EFFECTIVE           
---------------------------------------------------------------- -------------------- ---------------------------------------------------------------- ---------------------------------------------------------------- --------------------
AUDIT_SYSLOG_LEVEL                                               CT_TYPE_VARCHAR      LOCAL0.DEBUG                                                     LOCAL0.DEBUG                                                     immediately         
RAFT_LOG_LEVEL                                                   CT_TYPE_INTEGER      2                                                                2                                                                reboot              
_LOG_LEVEL                                                       CT_TYPE_INTEGER      7                                                                7                                                                immediately         
_LOG_LEVEL_MODE                                                  CT_TYPE_VARCHAR      RUN                                                              RUN                                                              immediately         


SQL> ALTER SYSTEM SET _LOG_LEVEL_MODE = USER_DEFINE;

CT-00202, [1:36]The parameter value "USER_DEFINE" was invalid
SQL> SHOW PARAMETER _LOG_LEVEL;

NAME                                                             DATATYPE             VALUE                                                            RUNTIME_VALUE                                                    EFFECTIVE           
---------------------------------------------------------------- -------------------- ---------------------------------------------------------------- ---------------------------------------------------------------- --------------------
AUDIT_SYSLOG_LEVEL                                               CT_TYPE_VARCHAR      LOCAL0.DEBUG                                                     LOCAL0.DEBUG                                                     immediately         
RAFT_LOG_LEVEL                                                   CT_TYPE_INTEGER      2                                                                2                                                                reboot              
_LOG_LEVEL                                                       CT_TYPE_INTEGER      7                                                                7                                                                immediately         
_LOG_LEVEL_MODE                                                  CT_TYPE_VARCHAR      RUN                                                              RUN                                                              immediately         


SQL>
SQL> 
SQL> -- set _LOG_LEVEL to 17
SQL> ALTER SYSTEM SET _LOG_LEVEL = 7;

Succeed.

SQL> SHOW PARAMETER _LOG_LEVEL;

NAME                                                             DATATYPE             VALUE                                                            RUNTIME_VALUE                                                    EFFECTIVE           
---------------------------------------------------------------- -------------------- ---------------------------------------------------------------- ---------------------------------------------------------------- --------------------
AUDIT_SYSLOG_LEVEL                                               CT_TYPE_VARCHAR      LOCAL0.DEBUG                                                     LOCAL0.DEBUG                                                     immediately         
RAFT_LOG_LEVEL                                                   CT_TYPE_INTEGER      2                                                                2                                                                reboot              
_LOG_LEVEL                                                       CT_TYPE_INTEGER      7                                                                7                                                                immediately         
_LOG_LEVEL_MODE                                                  CT_TYPE_VARCHAR      RUN                                                              RUN                                                              immediately         


SQL> ALTER SYSTEM SET _LOG_LEVEL = 17;

Succeed.

SQL> SHOW PARAMETER _LOG_LEVEL;

NAME                                                             DATATYPE             VALUE                                                            RUNTIME_VALUE                                                    EFFECTIVE           
---------------------------------------------------------------- -------------------- ---------------------------------------------------------------- ---------------------------------------------------------------- --------------------
AUDIT_SYSLOG_LEVEL                                               CT_TYPE_VARCHAR      LOCAL0.DEBUG                                                     LOCAL0.DEBUG                                                     immediately         
RAFT_LOG_LEVEL                                                   CT_TYPE_INTEGER      2                                                                2                                                                reboot              
_LOG_LEVEL                                                       CT_TYPE_INTEGER      17                                                               17                                                               immediately         
_LOG_LEVEL_MODE                                                  CT_TYPE_VARCHAR      USER_DEFINE                                                      USER_DEFINE                                                      immediately         


SQL>
SQL> 
SQL> ALTER SYSTEM SET _LOG_LEVEL = 7;

Succeed.

SQL> SHOW PARAMETER _LOG_LEVEL;

NAME                                                             DATATYPE             VALUE                                                            RUNTIME_VALUE                                                    EFFECTIVE           
---------------------------------------------------------------- -------------------- ---------------------------------------------------------------- ---------------------------------------------------------------- --------------------
AUDIT_SYSLOG_LEVEL                                               CT_TYPE_VARCHAR      LOCAL0.DEBUG                                                     LOCAL0.DEBUG                                                     immediately         
RAFT_LOG_LEVEL                                                   CT_TYPE_INTEGER      2                                                                2                                                                reboot              
_LOG_LEVEL                                                       CT_TYPE_INTEGER      7                                                                7                                                                immediately         
_LOG_LEVEL_MODE                                                  CT_TYPE_VARCHAR      RUN                                                              RUN                                                              immediately         


SQL>
SQL> --DTS2019122710305
SQL> alter system set audit_level="001";

Succeed.

SQL> show parameter audit_level;

NAME                                                             DATATYPE             VALUE                                                            RUNTIME_VALUE                                                    EFFECTIVE
---------------------------------------------------------------- -------------------- ---------------------------------------------------------------- ---------------------------------------------------------------- --------------------
AUDIT_LEVEL                                                      CT_TYPE_INTEGER      1                                                                1                                                                immediately


SQL> alter system set audit_level="+100";

Succeed.

SQL> show parameter audit_level;

NAME                                                             DATATYPE             VALUE                                                            RUNTIME_VALUE                                                    EFFECTIVE
---------------------------------------------------------------- -------------------- ---------------------------------------------------------------- ---------------------------------------------------------------- --------------------
AUDIT_LEVEL                                                      CT_TYPE_INTEGER      100                                                              100                                                              immediately


SQL> alter system set audit_level="256";

CT-00202, The parameter value "AUDIT_LEVEL" was invalid
SQL> alter system set audit_level=003;

Succeed.

SQL> show parameter audit_level;

NAME                                                             DATATYPE             VALUE                                                            RUNTIME_VALUE                                                    EFFECTIVE
---------------------------------------------------------------- -------------------- ---------------------------------------------------------------- ---------------------------------------------------------------- --------------------
AUDIT_LEVEL                                                      CT_TYPE_INTEGER      3                                                                3                                                                immediately


SQL> 
SQL> --SHOW PARAMETER NOT EXISTS
SQL> show parameter abcdefghit



