SQL> conn / as sysdba

connected.

SQL> drop user if exists chen cascade;

Succeed.

SQL> create user chen identified by Gauss_234;

Succeed.

SQL> grant dba to chen;

Succeed.

SQL> alter user chen password expire;

Succeed.

SQL> select USERNAME, ACCOUNT_STATUS from adm_users where USERNAME = 'CHEN';

USERNAME                                                         ACCOUNT_STATUS
---------------------------------------------------------------- ------------------------------------------
CHEN                                                             EXPIRED

1 rows fetched.

SQL> conn chen/Gauss_234@127.0.0.1:1611

The user password has expired
New password :
*********
Retype new password:
*********
Passwords do not match
Password unchanged

SQL> conn chen/Gauss_234@127.0.0.1:1611

The user password has expired
New password :
******
Retype new password:
******
missing or invalid password
Password unchanged

SQL> conn chen/Gauss_234@127.0.0.1:1611

The user password has expired
New password :
*****************************************************************
Retype new password:
*****************************************************************
missing or invalid password
Password unchanged

SQL> conn chen/Gauss_234@127.0.0.1:1611

The user password has expired
New password :
*******
Retype new password:
*******
missing or invalid password
Password unchanged

SQL> conn chen/Gauss_234@127.0.0.1:1611

The user password has expired
New password :
****************************************************************
Retype new password:
****************************************************************

Succeed.


SQL> alter user chen password expire;

Succeed.

SQL> conn chen/Gauss_234Gauss_234Gauss_234Gauss_234Gauss_234Gauss_234Gauss_234G@127.0.0.1:1611

The user password has expired
New password :
********
Retype new password:
********

Succeed.


SQL> alter user chen password expire;

Succeed.

SQL> conn chen/Gauss_23@127.0.0.1:1611

The user password has expired
New password :
*********
Retype new password:

Passwords do not match
Password unchanged

SQL> conn chen/Gauss_23@127.0.0.1:1611

The user password has expired
New password :

missing or invalid password
Password unchanged

SQL> conn chen/Gauss_23@127.0.0.1:1611

The user password has expired
New password :
*********
Retype new password:
*********

CT-00601, [1:36]Sql syntax error: illegal sql text

SQL> conn chen/Gauss_23@127.0.0.1:1611

The user password has expired
New password :
*********
Retype new password:
*********

Succeed.


SQL> select USERNAME, ACCOUNT_STATUS from my_users where USERNAME = 'CHEN';

USERNAME                                                         ACCOUNT_STATUS
---------------------------------------------------------------- ------------------------------------------
CHEN                                                             OPEN

1 rows fetched.

SQL> conn chen/Gauss_23@127.0.0.1:1611

CT-00329, Incorrect user or password

SQL> conn chen/Gauss_123@127.0.0.1:1611

connected.

SQL> conn / as sysdba

connected.

SQL> drop user chen cascade;

Succeed.

SQL> spool off