

SQL> DROP TABLE IF EXISTS T_NL_1;

Succeed.

SQL> DROP TABLE IF EXISTS T_NL_2;

Succeed.

SQL> CREATE TABLE T_NL_1 (F_INT1 INT, F_INT2 INT);

Succeed.

SQL> CREATE TABLE T_NL_2 (F_INT1 INT, F_INT2 INT);

Succeed.

SQL> 
SQL> --ERROR
SQL> SELECT A.F_INT1 FROM T_NL_1 A, T_NL_2 B ON A.F_INT1=B.F_INT1;

CT-00601, [1:41]Sql syntax error: invalid word 'ON' found
SQL> SELECT A.F_INT1 FROM T_NL_1 A JOIN T_NL_2 B;

F_INT1      
------------

0 rows fetched.

SQL> SELECT A.F_INT1 FROM T_NL_1 A LEFT JOIN T_NL_2 B ON A.F_INT1 = B.F_INT1;

F_INT1      
------------

0 rows fetched.

SQL> SELECT A.F_INT1 FROM T_NL_1 A LEFT OUTER JOIN T_NL_2 B ON A.F_INT1 = B.F_INT1;

F_INT1      
------------

0 rows fetched.

SQL> SELECT T_NL_1.F_INT1 FROM T_NL_1 LEFT JOIN T_NL_2 B ON T_NL_1.F_INT1 = B.F_INT1;

F_INT1      
------------

0 rows fetched.

SQL> SELECT T_NL_1.F_INT1 FROM T_NL_1 LEFT OUTER JOIN T_NL_2 B ON T_NL_1.F_INT1 = B.F_INT1;

F_INT1      
------------

0 rows fetched.

SQL> SELECT A.F_INT1 FROM T_NL_1 A RIGHT JOIN T_NL_2 B ON A.F_INT1 = B.F_INT1;

F_INT1      
------------

0 rows fetched.

SQL> SELECT A.F_INT1 FROM T_NL_1 A RIGHT OUTER JOIN T_NL_2 B ON A.F_INT1 = B.F_INT1;

F_INT1      
------------

0 rows fetched.

SQL> SELECT T_NL_1.F_INT1 FROM T_NL_1 RIGHT JOIN T_NL_2 B ON T_NL_1.F_INT1 = B.F_INT1;

F_INT1      
------------

0 rows fetched.

SQL> SELECT T_NL_1.F_INT1 FROM T_NL_1 RIGHT OUTER JOIN T_NL_2 B ON T_NL_1.F_INT1 = B.F_INT1;

F_INT1      
------------

0 rows fetched.

SQL> SELECT A.F_INT1 FROM T_NL_1 A FULL JOIN T_NL_2 B ON A.F_INT1 = B.F_INT1;

F_INT1      
------------

0 rows fetched.

SQL> SELECT A.F_INT1 FROM T_NL_1 A FULL OUTER JOIN T_NL_2 B ON A.F_INT1 = B.F_INT1;

F_INT1      
------------

0 rows fetched.

SQL> SELECT T_NL_1.F_INT1 FROM T_NL_1 FULL JOIN T_NL_2 B ON T_NL_1.F_INT1 = B.F_INT1;

F_INT1      
------------

0 rows fetched.

SQL> SELECT T_NL_1.F_INT1 FROM T_NL_1 FULL OUTER JOIN T_NL_2 B ON T_NL_1.F_INT1 = B.F_INT1;

F_INT1      
------------

0 rows fetched.

SQL> SELECT A.F_INT1 FROM T_NL_1 A ,T_NL_2 B WHERE A.F_INT1(+) = B.F_INT1;

F_INT1      
------------

0 rows fetched.

SQL> SELECT A.F_INT1 FROM T_NL_1 A ,T_NL_2 B WHERE A.F_INT1 = B.F_INT1(+);

F_INT1      
------------

0 rows fetched.

SQL> --NOT SUPPORT :appear column of select in subselect
SQL> SELECT F_INT1 FROM T_NL_1 WHERE F_INT1 IN (SELECT F_INT2 FROM T_NL_1 TT WHERE TT.F_INT2 = T_NL_1.F_INT1);

F_INT1      
------------

0 rows fetched.

SQL> 
SQL> --EMPTY RECORD
SQL> SELECT * FROM T_NL_1 JOIN T_NL_2 ON T_NL_1.F_INT1 = T_NL_2.F_INT1;

F_INT1       F_INT2       F_INT1       F_INT2      
------------ ------------ ------------ ------------

0 rows fetched.

SQL> SELECT * FROM T_NL_1 T1,T_NL_2 T2 WHERE T1.F_INT1 = T2.F_INT1 ORDER BY T1.F_INT1;

F_INT1       F_INT2       F_INT1       F_INT2      
------------ ------------ ------------ ------------

0 rows fetched.

SQL> SELECT * FROM T_NL_1 T1,T_NL_2 T2 WHERE T1.F_INT1 = T2.F_INT1 ORDER BY T1.F_INT1 DESC;

F_INT1       F_INT2       F_INT1       F_INT2      
------------ ------------ ------------ ------------

0 rows fetched.

SQL> SELECT * FROM T_NL_1 JOIN (SELECT * FROM T_NL_2) T2 ON T_NL_1.F_INT1 = T2.F_INT1 INNER JOIN (SELECT * FROM T_NL_2) T3 ON T_NL_1.F_INT1 = T3.F_INT1;

F_INT1       F_INT2       F_INT1       F_INT2       F_INT1       F_INT2      
------------ ------------ ------------ ------------ ------------ ------------

0 rows fetched.

SQL> SELECT * FROM T_NL_1 WHERE F_INT1 IN (SELECT F_INT2 FROM T_NL_2) AND F_INT2 IN  (SELECT F_INT2 FROM T_NL_2);

F_INT1       F_INT2      
------------ ------------

0 rows fetched.

SQL> 
SQL> INSERT INTO T_NL_1 VALUES(1,2);

1 rows affected.

SQL> INSERT INTO T_NL_1 VALUES(2,3);

1 rows affected.

SQL> INSERT INTO T_NL_2 VALUES(2,1);

1 rows affected.

SQL> INSERT INTO T_NL_2 VALUES(3,2);

1 rows affected.

SQL> 
SQL> SELECT * FROM T_NL_1 JOIN T_NL_2 ON T_NL_1.F_INT1 = T_NL_2.F_INT1;

F_INT1       F_INT2       F_INT1       F_INT2      
------------ ------------ ------------ ------------
2            3            2            1           

1 rows fetched.

SQL> --test continuous join,first join is alias
SQL> SELECT * FROM T_NL_1 JOIN JOIN T_NL_2 ON JOIN.F_INT1 = T_NL_2.F_INT1;

F_INT1       F_INT2       F_INT1       F_INT2      
------------ ------------ ------------ ------------
2            3            2            1           

1 rows fetched.

SQL> SELECT * FROM T_NL_1 INNER JOIN T_NL_2 ON T_NL_1.F_INT1 = T_NL_2.F_INT1;

F_INT1       F_INT2       F_INT1       F_INT2      
------------ ------------ ------------ ------------
2            3            2            1           

1 rows fetched.

SQL> 
SQL> INSERT INTO T_NL_1 VALUES(3,4);

1 rows affected.

SQL> 
SQL> SELECT * FROM T_NL_1 T1,T_NL_2 T2 WHERE T1.F_INT1 = T2.F_INT1 ORDER BY T1.F_INT1;

F_INT1       F_INT2       F_INT1       F_INT2      
------------ ------------ ------------ ------------
2            3            2            1           
3            4            3            2           

2 rows fetched.

SQL> SELECT * FROM T_NL_1 T1,T_NL_2 T2 WHERE T1.F_INT1 = T2.F_INT1 ORDER BY T1.F_INT1 DESC;

F_INT1       F_INT2       F_INT1       F_INT2      
------------ ------------ ------------ ------------
3            4            3            2           
2            3            2            1           

2 rows fetched.

SQL> 
SQL> SELECT t1.F_INT1 AS F1, T2.F_INT2 AS F2 FROM T_NL_1 T1,T_NL_2 T2 WHERE T1.F_INT1 = T2.F_INT1 ORDER BY F1 DESC;

F1           F2          
------------ ------------
3            2           
2            1           

2 rows fetched.

SQL> 
SQL> 
SQL> --TEST ALIAS
SQL> SELECT T.F_INT1 COL1 FROM T_NL_1, T_NL_1 T GROUP BY T.F_INT1 ORDER BY COL1;

COL1        
------------
1           
2           
3           

3 rows fetched.

SQL> 
SQL> --TEST MULTI TABLE JOIN
SQL> ROLLBACK;

Succeed.

SQL> INSERT INTO T_NL_1 VALUES(1,2);

1 rows affected.

SQL> INSERT INTO T_NL_1 VALUES(1,3);

1 rows affected.

SQL> INSERT INTO T_NL_1 VALUES(2,4);

1 rows affected.

SQL> INSERT INTO T_NL_1 VALUES(2,5);

1 rows affected.

SQL> INSERT INTO T_NL_1 VALUES(3,6);

1 rows affected.

SQL> INSERT INTO T_NL_1 VALUES(3,7);

1 rows affected.

SQL> INSERT INTO T_NL_1 VALUES(4,8);

1 rows affected.

SQL> INSERT INTO T_NL_1 VALUES(4,9);

1 rows affected.

SQL> INSERT INTO T_NL_2 VALUES(1,2);

1 rows affected.

SQL> INSERT INTO T_NL_2 VALUES(2,3);

1 rows affected.

SQL> INSERT INTO T_NL_2 VALUES(3,4);

1 rows affected.

SQL> INSERT INTO T_NL_2 VALUES(4,5);

1 rows affected.

SQL> INSERT INTO T_NL_2 VALUES(5,6);

1 rows affected.

SQL> INSERT INTO T_NL_2 VALUES(6,7);

1 rows affected.

SQL> INSERT INTO T_NL_2 VALUES(7,8);

1 rows affected.

SQL> INSERT INTO T_NL_2 VALUES(8,9);

1 rows affected.

SQL> 
SQL> --ERROR
SQL> SELECT A.F_INT1,B.F_INT1,C.F_INT1,C.F_INT2 FROM T_NL_1 A JOIN T_NL_1 B ON A.F_INT1 = C.F_INT1 JOIN T_NL_2 C ON B.F_INT1 = C.F_INT1 JOIN T_NL_2 D ON D.F_INT1 = C.F_INT1 WHERE C.F_INT2 = 5;

CT-00601, [1:86]Sql syntax error: invalid table alias 'C'
SQL> 
SQL> SELECT A.F_INT1,B.F_INT1,C.F_INT1,C.F_INT2 FROM T_NL_1 A JOIN T_NL_1 B ON A.F_INT1 = B.F_INT1 JOIN T_NL_2 C ON B.F_INT1 = C.F_INT1 JOIN T_NL_2 D ON D.F_INT1 = C.F_INT1 WHERE C.F_INT2 = 5;

F_INT1       F_INT1       F_INT1       F_INT2      
------------ ------------ ------------ ------------
4            4            4            5           
4            4            4            5           
4            4            4            5           
4            4            4            5           

4 rows fetched.

SQL> SELECT A.F_INT1,B.F_INT1,C.F_INT1,C.F_INT2 FROM T_NL_1 A JOIN T_NL_1 B ON A.F_INT1 = B.F_INT1 JOIN T_NL_2 C ON B.F_INT2 = C.F_INT2 JOIN T_NL_2 D ON D.F_INT2 = C.F_INT1 WHERE C.F_INT2 = 6;

F_INT1       F_INT1       F_INT1       F_INT2      
------------ ------------ ------------ ------------
3            3            5            6           
3            3            5            6           

2 rows fetched.

SQL> SELECT A.F_INT1,B.F_INT1,C.F_INT1,C.F_INT2 FROM T_NL_1 A JOIN T_NL_1 B ON A.F_INT1 = B.F_INT1 JOIN T_NL_2 C ON B.F_INT2 = C.F_INT2 JOIN T_NL_2 D ON D.F_INT2 = C.F_INT1 ORDER BY A.F_INT1,B.F_INT1,C.F_INT1,C.F_INT2;

F_INT1       F_INT1       F_INT1       F_INT2      
------------ ------------ ------------ ------------
1            1            2            3           
1            1            2            3           
2            2            3            4           
2            2            3            4           
2            2            4            5           
2            2            4            5           
3            3            5            6           
3            3            5            6           
3            3            6            7           
3            3            6            7           
4            4            7            8           
4            4            7            8           
4            4            8            9           
4            4            8            9           

14 rows fetched.

SQL> SELECT * FROM T_NL_1 T1,T_NL_2 T2,T_NL_2 T3 WHERE T1.F_INT1 = T2.F_INT1 AND T3.F_INT2 = T2.F_INT1 ORDER BY T1.F_INT1,T1.F_INT2;

F_INT1       F_INT2       F_INT1       F_INT2       F_INT1       F_INT2      
------------ ------------ ------------ ------------ ------------ ------------
2            4            2            3            1            2           
2            5            2            3            1            2           
3            6            3            4            2            3           
3            7            3            4            2            3           
4            8            4            5            3            4           
4            9            4            5            3            4           

6 rows fetched.

SQL> 
SQL> SELECT l.a_1, l.a_2, r.a_1, r.a_2 
  2 FROM 
  3 (SELECT t1.f_int1, t1.f_int2 FROM T_NL_1 t1 WHERE true) l(a_1, a_2) 
  4 JOIN 
  5 (SELECT t2.f_int1, t2.f_int2 FROM T_NL_1 t2 WHERE true) r(a_1, a_2) 
  6 ON true WHERE l.a_1 = r.a_1 order by l.a_1, l.a_2, r.a_1, r.a_2;

A_1          A_2          A_1          A_2         
------------ ------------ ------------ ------------
1            2            1            2           
1            2            1            3           
1            3            1            2           
1            3            1            3           
2            4            2            4           
2            4            2            5           
2            5            2            4           
2            5            2            5           
3            6            3            6           
3            6            3            7           
3            7            3            6           
3            7            3            7           
4            8            4            8           
4            8            4            9           
4            9            4            8           
4            9            4            9           

16 rows fetched.

SQL> 
SQL> SELECT l.a_1, r.a_1 
  2 FROM 
  3 (SELECT t1.f_int1 FROM T_NL_1 t1 WHERE true) l(a_1) 
  4 JOIN 
  5 (SELECT t2.f_int1 FROM T_NL_1 t2 WHERE true) r(a_1) 
  6 ON true WHERE l.a_1 = r.a_1 order by l.a_1,  r.a_1;

A_1          A_1         
------------ ------------
1            1           
1            1           
1            1           
1            1           
2            2           
2            2           
2            2           
2            2           
3            3           
3            3           
3            3           
3            3           
4            4           
4            4           
4            4           
4            4           

16 rows fetched.

SQL> 
SQL> --EXPECT EEROR
SQL> SELECT l.a_1, l.a_2, r.a_1, r.a_2 
  2 FROM 
  3 (SELECT t1.f_int1 a_1, t1.f_int2 FROM T_NL_1 t1 WHERE true) l(a_1, a_2) 
  4 JOIN 
  5 (SELECT t2.f_int1, t2.f_int2 FROM T_NL_1 t2 WHERE true) r(a_1, a_2) 
  6 ON true WHERE l.a_1 = r.a_1 order by l.a_1, l.a_2, r.a_1, r.a_2;

CT-00601, [3:63]Sql syntax error: cloumn already have alias
SQL> 
SQL> SELECT l.a_1, l.a_2, r.a_1, r.a_2 
  2 FROM 
  3 (SELECT t1.f_int1, t1.f_int2 a_2 FROM T_NL_1 t1 WHERE true) l(a_1, a_2) 
  4 JOIN 
  5 (SELECT t2.f_int1, t2.f_int2 FROM T_NL_1 t2 WHERE true) r(a_1, a_2) 
  6 ON true WHERE l.a_1 = r.a_1 order by l.a_1, l.a_2, r.a_1, r.a_2;

CT-00601, [3:68]Sql syntax error: cloumn already have alias
SQL> 
SQL> 
SQL> COMMIT;

Succeed.

SQL> drop table if exists PFA_TBL_A;

Succeed.

SQL> create table PFA_TBL_A
  2 ( 
  3 	A_NUM     number(10),
  4 	A_NAME    varchar(100)     
  5 );

Succeed.

SQL> drop table if exists PFA_TBL_B;

Succeed.

SQL> create table PFA_TBL_B
  2 ( 
  3 	B_NUM        number(10),
  4 	B_INT_CHAR   number(3),
  5 	B_CHAR       char(1),
  6 	B_NAME       varchar(100),
  7 	B_TIMESTAMP  timestamp
  8 );

Succeed.

SQL> 
SQL> insert into PFA_TBL_A values(1, 'ABCDEFG');

1 rows affected.

SQL> insert into PFA_TBL_A values(2, 'ABC');

1 rows affected.

SQL> insert into PFA_TBL_A values(3, 'PFA');

1 rows affected.

SQL> insert into PFA_TBL_A values(4, 'HELLO');

1 rows affected.

SQL> insert into PFA_TBL_A values(5, 'WORLD');

1 rows affected.

SQL> insert into PFA_TBL_A values(6, 'ZENITH');

1 rows affected.

SQL> 
SQL> insert into PFA_TBL_B values(1, 6 , 'M', 'UFO TIGER DHJ Script Shell', to_timestamp('2017-02-03 04:05:06.789123', 'YYYY-MM-DD HH24:MI:SS.FF'));

1 rows affected.

SQL> insert into PFA_TBL_B values(2, 7 , 'B', 'TIGER DHJ Script Shell', to_timestamp('2017-02-03 04:05:06.789123', 'YYYY-MM-DD HH24:MI:SS.FF'));

1 rows affected.

SQL> insert into PFA_TBL_B values(3, 70 , 'M', 'DHJ Script Shell', to_timestamp('2017-02-03 04:05:06.789123', 'YYYY-MM-DD HH24:MI:SS.FF'));

1 rows affected.

SQL> insert into PFA_TBL_B values(4, 79 , 'M', 'cript Shell', to_timestamp('2017-02-03 04:05:06.789123', 'YYYY-MM-DD HH24:MI:SS.FF'));

1 rows affected.

SQL> insert into PFA_TBL_B values(5, 85, 'F', 'Shell', to_timestamp('2017-02-03 04:05:06.789123', 'YYYY-MM-DD HH24:MI:SS.FF'));

1 rows affected.

SQL> insert into PFA_TBL_B values(6, 81, 'E', 'UFO, LeiJun: Are You OK?', to_timestamp('2017-02-03 04:05:06.789123', 'YYYY-MM-DD HH24:MI:SS.FF'));

1 rows affected.

SQL> insert into PFA_TBL_B values(1, 7, 'F', 'Fine! Thank you!', to_timestamp('2017-02-03 04:05:06.789123', 'YYYY-MM-DD HH24:MI:SS.FF'));

1 rows affected.

SQL> insert into PFA_TBL_B values(2, 93, null, 'Fine! Thank you!', to_timestamp('2017-02-03 04:05:06.789123', 'YYYY-MM-DD HH24:MI:SS.FF'));

1 rows affected.

SQL> insert into PFA_TBL_B values(3, null, 3, 'Fine! Thank you!', to_timestamp('2017-02-03 04:05:06.789123', 'YYYY-MM-DD HH24:MI:SS.FF'));

1 rows affected.

SQL> 
SQL> select a_num, b_num, b_int_char from PFA_TBL_A inner join PFA_TBL_B on PFA_TBL_A.A_NUM = PFA_TBL_B.B_NUM order by a_num, b_num, b_int_char;

A_NUM                                    B_NUM                                    B_INT_CHAR                              
---------------------------------------- ---------------------------------------- ----------------------------------------
1                                        1                                        6                                       
1                                        1                                        7                                       
2                                        2                                        7                                       
2                                        2                                        93                                      
3                                        3                                        70                                      
3                                        3                                                                                
4                                        4                                        79                                      
5                                        5                                        85                                      
6                                        6                                        81                                      

9 rows fetched.

SQL> select a_num, b_num, b_int_char from PFA_TBL_A inner join PFA_TBL_B on PFA_TBL_A.A_NUM = PFA_TBL_B.B_NUM where PFA_TBL_B.B_NUM < 3 order by a_num, b_num, b_int_char;

A_NUM                                    B_NUM                                    B_INT_CHAR                              
---------------------------------------- ---------------------------------------- ----------------------------------------
1                                        1                                        6                                       
1                                        1                                        7                                       
2                                        2                                        7                                       
2                                        2                                        93                                      

4 rows fetched.

SQL> select a_num, b_num, b_int_char from PFA_TBL_A inner join PFA_TBL_B on PFA_TBL_A.A_NUM = PFA_TBL_B.B_NUM where PFA_TBL_B.B_NUM in (1,2,3,4,5,6) order by a_num, b_num, b_int_char;

A_NUM                                    B_NUM                                    B_INT_CHAR                              
---------------------------------------- ---------------------------------------- ----------------------------------------
1                                        1                                        6                                       
1                                        1                                        7                                       
2                                        2                                        7                                       
2                                        2                                        93                                      
3                                        3                                        70                                      
3                                        3                                                                                
4                                        4                                        79                                      
5                                        5                                        85                                      
6                                        6                                        81                                      

9 rows fetched.

SQL> select a_num, b_num, b_int_char from PFA_TBL_A inner join PFA_TBL_B on PFA_TBL_A.A_NUM = PFA_TBL_B.B_NUM where PFA_TBL_B.B_NUM in (1,2,3,4,5,B_INT_CHAR) order by a_num, b_num, b_int_char;

A_NUM                                    B_NUM                                    B_INT_CHAR                              
---------------------------------------- ---------------------------------------- ----------------------------------------
1                                        1                                        6                                       
1                                        1                                        7                                       
2                                        2                                        7                                       
2                                        2                                        93                                      
3                                        3                                        70                                      
3                                        3                                                                                
4                                        4                                        79                                      
5                                        5                                        85                                      

8 rows fetched.

SQL> select a_num, b_num, b_int_char from PFA_TBL_A inner join PFA_TBL_B on PFA_TBL_A.A_NUM = PFA_TBL_B.B_NUM where PFA_TBL_B.B_NUM not in (1,2,3,4,5,B_INT_CHAR) order by a_num, b_num, b_int_char;

A_NUM                                    B_NUM                                    B_INT_CHAR                              
---------------------------------------- ---------------------------------------- ----------------------------------------
6                                        6                                        81                                      

1 rows fetched.

SQL> select a_num, b_num, b_int_char from PFA_TBL_A inner join PFA_TBL_B on PFA_TBL_A.A_NUM = PFA_TBL_B.B_NUM where PFA_TBL_B.B_NUM + 1 < 4 order by a_num, b_num, b_int_char;

A_NUM                                    B_NUM                                    B_INT_CHAR                              
---------------------------------------- ---------------------------------------- ----------------------------------------
1                                        1                                        6                                       
1                                        1                                        7                                       
2                                        2                                        7                                       
2                                        2                                        93                                      

4 rows fetched.

SQL> select a_num, b_num, b_int_char from PFA_TBL_A inner join PFA_TBL_B on PFA_TBL_A.A_NUM = PFA_TBL_B.B_NUM where PFA_TBL_B.B_NUM + 3 < PFA_TBL_A.A_NUM * 2 order by a_num, b_num, b_int_char;

A_NUM                                    B_NUM                                    B_INT_CHAR                              
---------------------------------------- ---------------------------------------- ----------------------------------------
4                                        4                                        79                                      
5                                        5                                        85                                      
6                                        6                                        81                                      

3 rows fetched.

SQL> select a_num, b_num, b_int_char from PFA_TBL_A inner join PFA_TBL_B on PFA_TBL_A.A_NUM = PFA_TBL_B.B_NUM where (PFA_TBL_B.B_NUM + 1) * 12 < 4 order by a_num, b_num, b_int_char;

A_NUM                                    B_NUM                                    B_INT_CHAR                              
---------------------------------------- ---------------------------------------- ----------------------------------------

0 rows fetched.

SQL> select a_num, b_num, b_int_char from PFA_TBL_A inner join PFA_TBL_B on PFA_TBL_A.A_NUM = PFA_TBL_B.B_NUM where PFA_TBL_B.B_NUM + PFA_TBL_A.A_NUM < 7 order by a_num, b_num, b_int_char;

A_NUM                                    B_NUM                                    B_INT_CHAR                              
---------------------------------------- ---------------------------------------- ----------------------------------------
1                                        1                                        6                                       
1                                        1                                        7                                       
2                                        2                                        7                                       
2                                        2                                        93                                      
3                                        3                                        70                                      
3                                        3                                                                                

6 rows fetched.

SQL> select a_num, b_num, b_int_char from PFA_TBL_A inner join PFA_TBL_B on PFA_TBL_A.A_NUM = PFA_TBL_B.B_NUM where PFA_TBL_A.A_NUM + PFA_TBL_B.B_NUM > 7 order by a_num, b_num, b_int_char;

A_NUM                                    B_NUM                                    B_INT_CHAR                              
---------------------------------------- ---------------------------------------- ----------------------------------------
4                                        4                                        79                                      
5                                        5                                        85                                      
6                                        6                                        81                                      

3 rows fetched.

SQL> select a_num, b_num, b_int_char from PFA_TBL_A inner join PFA_TBL_B on PFA_TBL_A.A_NUM = PFA_TBL_B.B_NUM where cast(PFA_TBL_B.B_NUM as bigint) < 4 order by a_num, b_num, b_int_char;

A_NUM                                    B_NUM                                    B_INT_CHAR                              
---------------------------------------- ---------------------------------------- ----------------------------------------
1                                        1                                        6                                       
1                                        1                                        7                                       
2                                        2                                        7                                       
2                                        2                                        93                                      
3                                        3                                        70                                      
3                                        3                                                                                

6 rows fetched.

SQL> select a_num, b_num, b_int_char from PFA_TBL_A inner join PFA_TBL_B on PFA_TBL_A.A_NUM = PFA_TBL_B.B_NUM where to_char(PFA_TBL_B.B_TIMESTAMP + A_NUM, 'YYYY-MM-DD') > to_char(PFA_TBL_B.B_TIMESTAMP, 'YYYY-MM-DD') order by a_num, b_num, b_int_char;

A_NUM                                    B_NUM                                    B_INT_CHAR                              
---------------------------------------- ---------------------------------------- ----------------------------------------
1                                        1                                        6                                       
1                                        1                                        7                                       
2                                        2                                        7                                       
2                                        2                                        93                                      
3                                        3                                        70                                      
3                                        3                                                                                
4                                        4                                        79                                      
5                                        5                                        85                                      
6                                        6                                        81                                      

9 rows fetched.

SQL> select a_num, b_num, b_int_char from PFA_TBL_A inner join PFA_TBL_B on PFA_TBL_A.A_NUM = PFA_TBL_B.B_NUM where to_char(PFA_TBL_B.B_TIMESTAMP + A_NUM, 'YYYY-MM-DD') < to_char(PFA_TBL_B.B_TIMESTAMP, 'YYYY-MM-DD') order by a_num, b_num, b_int_char;

A_NUM                                    B_NUM                                    B_INT_CHAR                              
---------------------------------------- ---------------------------------------- ----------------------------------------

0 rows fetched.

SQL> select a_num, b_num, substr(B_NAME, 0, 3), chr(85)||chr(70)||chr(79) as "UFO" from PFA_TBL_A inner join PFA_TBL_B on PFA_TBL_A.A_NUM = PFA_TBL_B.B_NUM where substr(B_NAME, 0, 3) = chr(85)||chr(70)||chr(79) order by a_num, b_num, b_int_char;

A_NUM                                    B_NUM                                    SUBSTR(B_NAME, 0, 3)                                             UFO
---------------------------------------- ---------------------------------------- ---------------------------------------------------------------- ---
1                                        1                                        UFO                                                              UFO
6                                        6                                        UFO                                                              UFO

2 rows fetched.

SQL> select a_num, b_num, b_int_char from PFA_TBL_A inner join PFA_TBL_B on PFA_TBL_A.A_NUM = PFA_TBL_B.B_NUM where chr(B_INT_CHAR) = 'U' order by a_num, b_num, b_int_char;

A_NUM                                    B_NUM                                    B_INT_CHAR                              
---------------------------------------- ---------------------------------------- ----------------------------------------
5                                        5                                        85                                      

1 rows fetched.

SQL> select a_num, b_num, b_int_char from PFA_TBL_A inner join PFA_TBL_B on PFA_TBL_A.A_NUM = PFA_TBL_B.B_NUM where chr(B_INT_CHAR) like 'U' order by a_num, b_num, b_int_char;

A_NUM                                    B_NUM                                    B_INT_CHAR                              
---------------------------------------- ---------------------------------------- ----------------------------------------
5                                        5                                        85                                      

1 rows fetched.

SQL> select a_num, b_num, b_int_char from PFA_TBL_A inner join PFA_TBL_B on PFA_TBL_A.A_NUM = PFA_TBL_B.B_NUM where chr(B_INT_CHAR) not like B_NAME order by a_num, b_num, b_int_char;

A_NUM                                    B_NUM                                    B_INT_CHAR                              
---------------------------------------- ---------------------------------------- ----------------------------------------
1                                        1                                        6                                       
1                                        1                                        7                                       
2                                        2                                        7                                       
2                                        2                                        93                                      
3                                        3                                        70                                      
4                                        4                                        79                                      
5                                        5                                        85                                      
6                                        6                                        81                                      

8 rows fetched.

SQL> select a_num, b_num, b_int_char from PFA_TBL_A inner join PFA_TBL_B on PFA_TBL_A.A_NUM = PFA_TBL_B.B_NUM where chr(B_INT_CHAR) not like B_CHAR order by a_num, b_num, b_int_char;

A_NUM                                    B_NUM                                    B_INT_CHAR                              
---------------------------------------- ---------------------------------------- ----------------------------------------
1                                        1                                        6                                       
1                                        1                                        7                                       
2                                        2                                        7                                       
3                                        3                                        70                                      
4                                        4                                        79                                      
5                                        5                                        85                                      
6                                        6                                        81                                      

7 rows fetched.

SQL> select a_num, b_num, b_int_char from PFA_TBL_A inner join PFA_TBL_B on PFA_TBL_A.A_NUM = PFA_TBL_B.B_NUM where chr(B_INT_CHAR) >= B_CHAR order by a_num, b_num, b_int_char;

A_NUM                                    B_NUM                                    B_INT_CHAR                              
---------------------------------------- ---------------------------------------- ----------------------------------------
4                                        4                                        79                                      
5                                        5                                        85                                      
6                                        6                                        81                                      

3 rows fetched.

SQL> select a_num, b_num, b_int_char from PFA_TBL_A inner join PFA_TBL_B on PFA_TBL_A.A_NUM = PFA_TBL_B.B_NUM where B_INT_CHAR between B_NUM and 30 order by a_num, b_num, b_int_char;

A_NUM                                    B_NUM                                    B_INT_CHAR                              
---------------------------------------- ---------------------------------------- ----------------------------------------
1                                        1                                        6                                       
1                                        1                                        7                                       
2                                        2                                        7                                       

3 rows fetched.

SQL> select a_num, b_num, b_int_char from PFA_TBL_A inner join PFA_TBL_B on PFA_TBL_A.A_NUM = PFA_TBL_B.B_NUM where B_INT_CHAR not between B_NUM and 30 order by a_num, b_num, b_int_char;

A_NUM                                    B_NUM                                    B_INT_CHAR                              
---------------------------------------- ---------------------------------------- ----------------------------------------
2                                        2                                        93                                      
3                                        3                                        70                                      
4                                        4                                        79                                      
5                                        5                                        85                                      
6                                        6                                        81                                      

5 rows fetched.

SQL> select a_num, b_num, b_int_char from PFA_TBL_A inner join PFA_TBL_B on PFA_TBL_A.A_NUM = PFA_TBL_B.B_NUM where B_INT_CHAR is null order by a_num, b_num, b_int_char;

A_NUM                                    B_NUM                                    B_INT_CHAR                              
---------------------------------------- ---------------------------------------- ----------------------------------------
3                                        3                                                                                

1 rows fetched.

SQL> select a_num, b_num, b_int_char from PFA_TBL_A inner join PFA_TBL_B on PFA_TBL_A.A_NUM = PFA_TBL_B.B_NUM where B_INT_CHAR is not null order by a_num, b_num, b_int_char;

A_NUM                                    B_NUM                                    B_INT_CHAR                              
---------------------------------------- ---------------------------------------- ----------------------------------------
1                                        1                                        6                                       
1                                        1                                        7                                       
2                                        2                                        7                                       
2                                        2                                        93                                      
3                                        3                                        70                                      
4                                        4                                        79                                      
5                                        5                                        85                                      
6                                        6                                        81                                      

8 rows fetched.

SQL> select a_num, b_num, b_int_char from PFA_TBL_A inner join PFA_TBL_B on PFA_TBL_A.A_NUM = PFA_TBL_B.B_NUM where B_INT_CHAR + null is null order by a_num, b_num, b_int_char;

A_NUM                                    B_NUM                                    B_INT_CHAR                              
---------------------------------------- ---------------------------------------- ----------------------------------------
1                                        1                                        6                                       
1                                        1                                        7                                       
2                                        2                                        7                                       
2                                        2                                        93                                      
3                                        3                                        70                                      
3                                        3                                                                                
4                                        4                                        79                                      
5                                        5                                        85                                      
6                                        6                                        81                                      

9 rows fetched.

SQL> select a_num, b_num, b_int_char from PFA_TBL_A inner join PFA_TBL_B on PFA_TBL_A.A_NUM = PFA_TBL_B.B_NUM where B_INT_CHAR + null is not null order by a_num, b_num, b_int_char;

A_NUM                                    B_NUM                                    B_INT_CHAR                              
---------------------------------------- ---------------------------------------- ----------------------------------------

0 rows fetched.

SQL> select a_num, b_num, b_int_char from PFA_TBL_A inner join PFA_TBL_B on PFA_TBL_A.A_NUM = PFA_TBL_B.B_NUM where B_INT_CHAR + null = null order by a_num, b_num, b_int_char;

A_NUM                                    B_NUM                                    B_INT_CHAR                              
---------------------------------------- ---------------------------------------- ----------------------------------------

0 rows fetched.

SQL> select a_num, b_num, (B_INT_CHAR | A_NUM) as bit_or from PFA_TBL_A inner join PFA_TBL_B on PFA_TBL_A.A_NUM = PFA_TBL_B.B_NUM where B_INT_CHAR | A_NUM > 0 order by a_num, b_num, b_int_char;

A_NUM                                    B_NUM                                    BIT_OR              
---------------------------------------- ---------------------------------------- --------------------
1                                        1                                        7                   
1                                        1                                        7                   
2                                        2                                        7                   
2                                        2                                        95                  
3                                        3                                        71                  
4                                        4                                        79                  
5                                        5                                        85                  
6                                        6                                        87                  

8 rows fetched.

SQL> select a_num, b_num, (B_INT_CHAR & A_NUM) as bit_or from PFA_TBL_A inner join PFA_TBL_B on PFA_TBL_A.A_NUM = PFA_TBL_B.B_NUM where B_INT_CHAR & A_NUM = 0 order by a_num, b_num, b_int_char;

A_NUM                                    B_NUM                                    BIT_OR              
---------------------------------------- ---------------------------------------- --------------------
1                                        1                                        0                   
2                                        2                                        0                   
6                                        6                                        0                   

3 rows fetched.

SQL> select a_num, b_num, (B_INT_CHAR ^ A_NUM) as bit_or from PFA_TBL_A inner join PFA_TBL_B on PFA_TBL_A.A_NUM = PFA_TBL_B.B_NUM where B_INT_CHAR ^ A_NUM <> 0 order by a_num, b_num, b_int_char;

A_NUM                                    B_NUM                                    BIT_OR              
---------------------------------------- ---------------------------------------- --------------------
1                                        1                                        7                   
1                                        1                                        6                   
2                                        2                                        5                   
2                                        2                                        95                  
3                                        3                                        69                  
4                                        4                                        75                  
5                                        5                                        80                  
6                                        6                                        87                  

8 rows fetched.

SQL> select a_num, b_num, floor(B_INT_CHAR) from PFA_TBL_A inner join PFA_TBL_B on PFA_TBL_A.A_NUM = PFA_TBL_B.B_NUM where floor(B_INT_CHAR) < 10 order by a_num, b_num, b_int_char;

A_NUM                                    B_NUM                                    FLOOR(B_INT_CHAR)                       
---------------------------------------- ---------------------------------------- ----------------------------------------
1                                        1                                        6                                       
1                                        1                                        7                                       
2                                        2                                        7                                       

3 rows fetched.

SQL> select a_num, B_CHAR, decode(B_CHAR, 'M', B_INT_CHAR, 'F', 111) from PFA_TBL_A inner join PFA_TBL_B on PFA_TBL_A.A_NUM = PFA_TBL_B.B_NUM where decode(B_CHAR, 'M', B_INT_CHAR, 'F', 111) + 5 > 80 order by a_num, b_num, b_int_char;

A_NUM                                    B_CHAR DECODE(B_CHAR, 'M', B_INT_CHAR, 'F', 111)
---------------------------------------- ------ -----------------------------------------
1                                        F      111                                      
4                                        M      79                                       
5                                        F      111                                      

3 rows fetched.

SQL> select a_num, b_num, decode(B_CHAR, 'M', 3, 5) from PFA_TBL_A inner join PFA_TBL_B on PFA_TBL_A.A_NUM = PFA_TBL_B.B_NUM where PFA_TBL_B.B_NUM < any(5, decode(B_CHAR, 'M', 3, 5)) order by a_num, b_num, b_int_char;

A_NUM                                    B_NUM                                    DECODE(B_CHAR, 'M', 3, 5)
---------------------------------------- ---------------------------------------- -------------------------
1                                        1                                        3                        
1                                        1                                        5                        
2                                        2                                        5                        
2                                        2                                        5                        
3                                        3                                        3                        
3                                        3                                        5                        
4                                        4                                        3                        

7 rows fetched.

SQL> select a_num, b_num, decode(B_CHAR, 'M', 3, 5) from PFA_TBL_A inner join PFA_TBL_B on PFA_TBL_A.A_NUM = PFA_TBL_B.B_NUM where PFA_TBL_B.B_NUM > any(5, decode(B_CHAR, 'M', 3, 5)) order by a_num, b_num, b_int_char;

A_NUM                                    B_NUM                                    DECODE(B_CHAR, 'M', 3, 5)
---------------------------------------- ---------------------------------------- -------------------------
4                                        4                                        3                        
6                                        6                                        5                        

2 rows fetched.

SQL> select a_num, b_num, b_int_char from PFA_TBL_A inner join PFA_TBL_B on PFA_TBL_A.A_NUM = PFA_TBL_B.B_NUM where PFA_TBL_B.B_NUM <> any(5,B_INT_CHAR) order by a_num, b_num, b_int_char;

A_NUM                                    B_NUM                                    B_INT_CHAR                              
---------------------------------------- ---------------------------------------- ----------------------------------------
1                                        1                                        6                                       
1                                        1                                        7                                       
2                                        2                                        7                                       
2                                        2                                        93                                      
3                                        3                                        70                                      
3                                        3                                                                                
4                                        4                                        79                                      
5                                        5                                        85                                      
6                                        6                                        81                                      

9 rows fetched.

SQL> select a_num, b_num, b_int_char from PFA_TBL_A inner join PFA_TBL_B on PFA_TBL_A.A_NUM = PFA_TBL_B.B_NUM where PFA_TBL_B.B_NUM <> any(5,B_INT_CHAR) order by a_num, b_num, b_int_char nulls first;

A_NUM                                    B_NUM                                    B_INT_CHAR                              
---------------------------------------- ---------------------------------------- ----------------------------------------
1                                        1                                        6                                       
1                                        1                                        7                                       
2                                        2                                        7                                       
2                                        2                                        93                                      
3                                        3                                                                                
3                                        3                                        70                                      
4                                        4                                        79                                      
5                                        5                                        85                                      
6                                        6                                        81                                      

9 rows fetched.

SQL> -- outer join
SQL> delete from T_NL_1;

8 rows affected.

SQL> delete from T_NL_2;

8 rows affected.

SQL> insert into T_NL_1 values(1, 11);

1 rows affected.

SQL> insert into T_NL_1 values(2, 22);

1 rows affected.

SQL> insert into T_NL_1 values(null, 22);

1 rows affected.

SQL> insert into T_NL_2 values(1, 11);

1 rows affected.

SQL> insert into T_NL_2 values(1, 11);

1 rows affected.

SQL> insert into T_NL_2 values(null, 22);

1 rows affected.

SQL> insert into T_NL_2 values(3, 33);

1 rows affected.

SQL> insert into T_NL_2 values(3, 33);

1 rows affected.

SQL> commit;

Succeed.

SQL> select T_NL_1.F_INT1, T_NL_2.F_INT1 from T_NL_1 left join T_NL_2 on T_NL_1.F_INT1 = T_NL_2.F_INT1 order by T_NL_1.F_INT1, T_NL_2.F_INT1;

F_INT1       F_INT1      
------------ ------------
1            1           
1            1           
2                        
                         

4 rows fetched.

SQL> select T_NL_1.F_INT1, T_NL_2.F_INT1 from T_NL_2 right join T_NL_1 on T_NL_1.F_INT1 = T_NL_2.F_INT1 order by T_NL_1.F_INT1, T_NL_2.F_INT1;

F_INT1       F_INT1      
------------ ------------
1            1           
1            1           
2                        
                         

4 rows fetched.

SQL> select T_NL_1.F_INT1, T_NL_2.F_INT1 from T_NL_2 right join T_NL_1 on T_NL_1.F_INT1 = T_NL_2.F_INT1 order by T_NL_2.F_INT1 NULLS FIRST, T_NL_1.F_INT1;

F_INT1       F_INT1      
------------ ------------
2                        
                         
1            1           
1            1           

4 rows fetched.

SQL> select T_NL_1.F_INT1, T_NL_2.F_INT1 from T_NL_1 right join T_NL_2 on T_NL_1.F_INT1 = T_NL_2.F_INT1 order by T_NL_1.F_INT1, T_NL_2.F_INT1;

F_INT1       F_INT1      
------------ ------------
1            1           
1            1           
             3           
             3           
                         

5 rows fetched.

SQL> select T_NL_1.F_INT1, T_NL_2.F_INT1 from T_NL_2 left join T_NL_1 on T_NL_1.F_INT1 = T_NL_2.F_INT1 order by T_NL_1.F_INT1, T_NL_2.F_INT1;

F_INT1       F_INT1      
------------ ------------
1            1           
1            1           
             3           
             3           
                         

5 rows fetched.

SQL> select T_NL_1.F_INT1, T_NL_2.F_INT1 from T_NL_2 left join T_NL_1 on T_NL_1.F_INT1 = T_NL_2.F_INT1 order by T_NL_1.F_INT1 NULLS FIRST, T_NL_2.F_INT1;

F_INT1       F_INT1      
------------ ------------
             3           
             3           
                         
1            1           
1            1           

5 rows fetched.

SQL> select T_NL_1.F_INT1, TT.F_INT1 from T_NL_1 left join (select F_INT1 from T_NL_2 minus select F_INT1 from T_NL_2) TT on T_NL_1.F_INT1 = TT.F_INT1 order by T_NL_1.F_INT1, TT.F_INT1;

F_INT1       F_INT1      
------------ ------------
1                        
2                        
                         

3 rows fetched.

SQL> select T_NL_1.F_INT1, TT.F_INT1 from T_NL_1 left join (select F_INT1 from T_NL_2 minus select 1 from dual) TT on T_NL_1.F_INT1 = TT.F_INT1 order by T_NL_1.F_INT1, TT.F_INT1;

F_INT1       F_INT1      
------------ ------------
1                        
2                        
                         

3 rows fetched.

SQL> select T_NL_1.F_INT1, TT.F_INT1 from T_NL_1 left join (select F_INT1 from T_NL_2 minus select 3 from dual) TT on T_NL_1.F_INT1 = TT.F_INT1 order by T_NL_1.F_INT1, TT.F_INT1;

F_INT1       F_INT1      
------------ ------------
1            1           
2                        
                         

3 rows fetched.

SQL> select T_NL_1.F_INT1, T_NL_2.F_INT1 from T_NL_1 full join T_NL_2 on T_NL_1.F_INT1 = T_NL_2.F_INT1 order by T_NL_1.F_INT1, T_NL_2.F_INT1;

F_INT1       F_INT1      
------------ ------------
1            1           
1            1           
2                        
             3           
             3           
                         
                         

7 rows fetched.

SQL> select T_NL_1.F_INT1, T_NL_2.F_INT1 from T_NL_1 full join T_NL_2 on T_NL_1.F_INT1 = T_NL_2.F_INT1 order by T_NL_1.F_INT1 nulls first, T_NL_2.F_INT1 nulls first;

F_INT1       F_INT1      
------------ ------------
                         
                         
             3           
             3           
1            1           
1            1           
2                        

7 rows fetched.

SQL> select T_NL_1.F_INT1, T_NL_2.F_INT1 from T_NL_2 full join T_NL_1 on T_NL_1.F_INT1 = T_NL_2.F_INT1 order by T_NL_1.F_INT1, T_NL_2.F_INT1;

F_INT1       F_INT1      
------------ ------------
1            1           
1            1           
2                        
             3           
             3           
                         
                         

7 rows fetched.

SQL> select T_NL_1.F_INT1, T_NL_2.F_INT1 from T_NL_1 full join T_NL_2 on 1 = 1 order by T_NL_1.F_INT1, T_NL_2.F_INT1;

F_INT1       F_INT1      
------------ ------------
1            1           
1            1           
1            3           
1            3           
1                        
2            1           
2            1           
2            3           
2            3           
2                        
             1           
             1           
             3           
             3           
                         

15 rows fetched.

SQL> select T_NL_1.F_INT1, T_NL_2.F_INT1 from T_NL_1 full join T_NL_2 on 1 = 1 order by T_NL_1.F_INT1, T_NL_2.F_INT1 NULLS FIRST;

F_INT1       F_INT1      
------------ ------------
1                        
1            1           
1            1           
1            3           
1            3           
2                        
2            1           
2            1           
2            3           
2            3           
                         
             1           
             1           
             3           
             3           

15 rows fetched.

SQL> select T_NL_1.F_INT1, T_NL_2.F_INT1 from T_NL_1 full join T_NL_2 on 1 = 1 order by T_NL_1.F_INT1 NULLS FIRST, T_NL_2.F_INT1;

F_INT1       F_INT1      
------------ ------------
             1           
             1           
             3           
             3           
                         
1            1           
1            1           
1            3           
1            3           
1                        
2            1           
2            1           
2            3           
2            3           
2                        

15 rows fetched.

SQL> select T_NL_1.F_INT1, T_NL_2.F_INT1 from T_NL_1 full join T_NL_2 on 1 = 1 order by T_NL_1.F_INT1 DESC NULLS FIRST, T_NL_2.F_INT1;

F_INT1       F_INT1      
------------ ------------
             1           
             1           
             3           
             3           
                         
2            1           
2            1           
2            3           
2            3           
2                        
1            1           
1            1           
1            3           
1            3           
1                        

15 rows fetched.

SQL> select T_NL_1.F_INT1, T_NL_2.F_INT1 from T_NL_1 full join T_NL_2 on 1 = 1 order by T_NL_1.F_INT1 DESC NULLS LAST, T_NL_2.F_INT1;

F_INT1       F_INT1      
------------ ------------
2            1           
2            1           
2            3           
2            3           
2                        
1            1           
1            1           
1            3           
1            3           
1                        
             1           
             1           
             3           
             3           
                         

15 rows fetched.

SQL> select T_NL_1.F_INT1, TT.F_INT1 from T_NL_1 full join (select F_INT1 from T_NL_2 minus select F_INT1 from T_NL_2) TT on T_NL_1.F_INT1 = TT.F_INT1 order by T_NL_1.F_INT1, TT.F_INT1;

F_INT1       F_INT1      
------------ ------------
1                        
2                        
                         

3 rows fetched.

SQL> select T_NL_1.F_INT1, TT.F_INT1 from T_NL_1 full join (select F_INT1 from T_NL_2 minus select 1 from dual) TT on T_NL_1.F_INT1 = TT.F_INT1 order by T_NL_1.F_INT1, TT.F_INT1;

F_INT1       F_INT1      
------------ ------------
1                        
2                        
             3           
                         
                         

5 rows fetched.

SQL> select T_NL_1.F_INT1, TT.F_INT1 from T_NL_1 full join (select F_INT1 from T_NL_2 minus select 3 from dual) TT on T_NL_1.F_INT1 = TT.F_INT1 order by T_NL_1.F_INT1, TT.F_INT1;

F_INT1       F_INT1      
------------ ------------
1            1           
2                        
                         
                         

4 rows fetched.

SQL> select * from T_NL_1 left join T_NL_2 on T_NL_1.F_INT1=T_NL_2.F_INT1 where exists (select 1 from dual);

F_INT1       F_INT2       F_INT1       F_INT2      
------------ ------------ ------------ ------------
1            11           1            11          
1            11           1            11          
2            22                                    
             22                                    

4 rows fetched.

SQL> --as alias
SQL> SELECT * FROM T_NL_1 AS T1 WHERE T1.F_INT1=10;

F_INT1       F_INT2      
------------ ------------

0 rows fetched.

SQL> SELECT * FROM T_NL_1 AS T1 JOIN T_NL_2 AS T2 ON T1.F_INT1=T2.F_INT1 WHERE T1.F_INT1=10;

F_INT1       F_INT2       F_INT1       F_INT2      
------------ ------------ ------------ ------------

0 rows fetched.

SQL> SELECT * FROM T_NL_1 AS;

CT-00601, [1:24]Sql syntax error: more text expected but terminated
SQL> SELECT * FROM T_NL_1 AS AS;

CT-00601, [1:25]Sql syntax error: invalid variant/object name was found
SQL> -- contain index
SQL> --DTS2019122604117，DTS2019122512986
SQL> drop table if exists tableDTS2019122604117_1;

Succeed.

SQL> drop table if exists tableDTS2019122604117_2;

Succeed.

SQL> drop table if exists tableDTS2019122604117_3;

Succeed.

SQL> drop table if exists tableDTS2019122604117_4;

Succeed.

SQL> drop table if exists tableDTS2019122604117_5;

Succeed.

SQL> drop table if exists tableDTS2019122604117_6;

Succeed.

SQL> drop table if exists tableDTS2019122604117_7;

Succeed.

SQL> drop table if exists tableDTS2019122604117_8;

Succeed.

SQL> drop table if exists tableDTS2019122604117_9;

Succeed.

SQL> drop table if exists tableDTS2019122604117_10;

Succeed.

SQL> drop table if exists tableDTS2019122604117_11;

Succeed.

SQL> drop table if exists tableDTS2019122604117_12;

Succeed.

SQL> drop table if exists tableDTS2019122604117_13;

Succeed.

SQL> drop table if exists tableDTS2019122604117_14;

Succeed.

SQL> drop table if exists tableDTS2019122604117_15;

Succeed.

SQL> drop table if exists tableDTS2019122604117_16;

Succeed.

SQL> drop table if exists tableDTS2019122604117_17;

Succeed.

SQL> drop table if exists tableDTS2019122604117_18;

Succeed.

SQL> drop table if exists tableDTS2019122604117_19;

Succeed.

SQL> drop table if exists tableDTS2019122604117_20;

Succeed.

SQL> drop table if exists tableDTS2019122604117_21;

Succeed.

SQL> drop table if exists tableDTS2019122604117_22;

Succeed.

SQL> drop table if exists tableDTS2019122604117_23;

Succeed.

SQL> drop table if exists tableDTS2019122604117_24;

Succeed.

SQL> drop table if exists tableDTS2019122604117_25;

Succeed.

SQL> drop table if exists tableDTS2019122604117_26;

Succeed.

SQL> drop table if exists tableDTS2019122604117_27;

Succeed.

SQL> drop table if exists tableDTS2019122604117_28;

Succeed.

SQL> drop table if exists tableDTS2019122604117_29;

Succeed.

SQL> drop table if exists tableDTS2019122604117_30;

Succeed.

SQL> drop table if exists tableDTS2019122604117_31;

Succeed.

SQL> drop table if exists tableDTS2019122604117_32;

Succeed.

SQL> drop table if exists tableDTS2019122604117_33;

Succeed.

SQL> drop table if exists tableDTS2019122604117_34;

Succeed.

SQL> drop table if exists tableDTS2019122604117_35;

Succeed.

SQL> drop table if exists tableDTS2019122604117_36;

Succeed.

SQL> drop table if exists tableDTS2019122604117_37;

Succeed.

SQL> drop table if exists tableDTS2019122604117_38;

Succeed.

SQL> drop table if exists tableDTS2019122604117_39;

Succeed.

SQL> drop table if exists tableDTS2019122604117_40;

Succeed.

SQL> drop table if exists tableDTS2019122604117_41;

Succeed.

SQL> drop table if exists tableDTS2019122604117_42;

Succeed.

SQL> drop table if exists tableDTS2019122604117_43;

Succeed.

SQL> drop table if exists tableDTS2019122604117_44;

Succeed.

SQL> drop table if exists tableDTS2019122604117_45;

Succeed.

SQL> drop table if exists tableDTS2019122604117_46;

Succeed.

SQL> drop table if exists tableDTS2019122604117_47;

Succeed.

SQL> drop table if exists tableDTS2019122604117_48;

Succeed.

SQL> drop table if exists tableDTS2019122604117_49;

Succeed.

SQL> drop table if exists tableDTS2019122604117_50;

Succeed.

SQL> drop table if exists tableDTS2019122604117_51;

Succeed.

SQL> drop table if exists tableDTS2019122604117_52;

Succeed.

SQL> drop table if exists tableDTS2019122604117_53;

Succeed.

SQL> drop table if exists tableDTS2019122604117_54;

Succeed.

SQL> drop table if exists tableDTS2019122604117_55;

Succeed.

SQL> drop table if exists tableDTS2019122604117_56;

Succeed.

SQL> drop table if exists tableDTS2019122604117_57;

Succeed.

SQL> drop table if exists tableDTS2019122604117_58;

Succeed.

SQL> drop table if exists tableDTS2019122604117_59;

Succeed.

SQL> drop table if exists tableDTS2019122604117_60;

Succeed.

SQL> drop table if exists tableDTS2019122604117_61;

Succeed.

SQL> drop table if exists tableDTS2019122604117_62;

Succeed.

SQL> drop table if exists tableDTS2019122604117_63;

Succeed.

SQL> drop table if exists tableDTS2019122604117_64;

Succeed.

SQL> drop table if exists tableDTS2019122604117_65;

Succeed.

SQL> drop table if exists tableDTS2019122604117_66;

Succeed.

SQL> drop table if exists tableDTS2019122604117_67;

Succeed.

SQL> drop table if exists tableDTS2019122604117_68;

Succeed.

SQL> drop table if exists tableDTS2019122604117_69;

Succeed.

SQL> drop table if exists tableDTS2019122604117_70;

Succeed.

SQL> drop table if exists tableDTS2019122604117_71;

Succeed.

SQL> drop table if exists tableDTS2019122604117_72;

Succeed.

SQL> drop table if exists tableDTS2019122604117_73;

Succeed.

SQL> drop table if exists tableDTS2019122604117_74;

Succeed.

SQL> drop table if exists tableDTS2019122604117_75;

Succeed.

SQL> drop table if exists tableDTS2019122604117_76;

Succeed.

SQL> drop table if exists tableDTS2019122604117_77;

Succeed.

SQL> drop table if exists tableDTS2019122604117_78;

Succeed.

SQL> drop table if exists tableDTS2019122604117_79;

Succeed.

SQL> drop table if exists tableDTS2019122604117_80;

Succeed.

SQL> drop table if exists tableDTS2019122604117_81;

Succeed.

SQL> drop table if exists tableDTS2019122604117_82;

Succeed.

SQL> drop table if exists tableDTS2019122604117_83;

Succeed.

SQL> drop table if exists tableDTS2019122604117_84;

Succeed.

SQL> drop table if exists tableDTS2019122604117_85;

Succeed.

SQL> drop table if exists tableDTS2019122604117_86;

Succeed.

SQL> drop table if exists tableDTS2019122604117_87;

Succeed.

SQL> drop table if exists tableDTS2019122604117_88;

Succeed.

SQL> drop table if exists tableDTS2019122604117_89;

Succeed.

SQL> drop table if exists tableDTS2019122604117_90;

Succeed.

SQL> drop table if exists tableDTS2019122604117_91;

Succeed.

SQL> drop table if exists tableDTS2019122604117_92;

Succeed.

SQL> drop table if exists tableDTS2019122604117_93;

Succeed.

SQL> drop table if exists tableDTS2019122604117_94;

Succeed.

SQL> drop table if exists tableDTS2019122604117_95;

Succeed.

SQL> drop table if exists tableDTS2019122604117_96;

Succeed.

SQL> drop table if exists tableDTS2019122604117_97;

Succeed.

SQL> drop table if exists tableDTS2019122604117_98;

Succeed.

SQL> drop table if exists tableDTS2019122604117_99;

Succeed.

SQL> drop table if exists tableDTS2019122604117_100;

Succeed.

SQL> drop table if exists tableDTS2019122604117_101;

Succeed.

SQL> drop table if exists tableDTS2019122604117_102;

Succeed.

SQL> drop table if exists tableDTS2019122604117_103;

Succeed.

SQL> drop table if exists tableDTS2019122604117_104;

Succeed.

SQL> drop table if exists tableDTS2019122604117_105;

Succeed.

SQL> drop table if exists tableDTS2019122604117_106;

Succeed.

SQL> drop table if exists tableDTS2019122604117_107;

Succeed.

SQL> drop table if exists tableDTS2019122604117_108;

Succeed.

SQL> drop table if exists tableDTS2019122604117_109;

Succeed.

SQL> drop table if exists tableDTS2019122604117_110;

Succeed.

SQL> drop table if exists tableDTS2019122604117_111;

Succeed.

SQL> drop table if exists tableDTS2019122604117_112;

Succeed.

SQL> drop table if exists tableDTS2019122604117_113;

Succeed.

SQL> drop table if exists tableDTS2019122604117_114;

Succeed.

SQL> drop table if exists tableDTS2019122604117_115;

Succeed.

SQL> drop table if exists tableDTS2019122604117_116;

Succeed.

SQL> drop table if exists tableDTS2019122604117_117;

Succeed.

SQL> drop table if exists tableDTS2019122604117_118;

Succeed.

SQL> drop table if exists tableDTS2019122604117_119;

Succeed.

SQL> drop table if exists tableDTS2019122604117_120;

Succeed.

SQL> drop table if exists tableDTS2019122604117_121;

Succeed.

SQL> drop table if exists tableDTS2019122604117_122;

Succeed.

SQL> drop table if exists tableDTS2019122604117_123;

Succeed.

SQL> drop table if exists tableDTS2019122604117_124;

Succeed.

SQL> drop table if exists tableDTS2019122604117_125;

Succeed.

SQL> drop table if exists tableDTS2019122604117_126;

Succeed.

SQL> drop table if exists tableDTS2019122604117_127;

Succeed.

SQL> drop table if exists tableDTS2019122604117_128;

Succeed.

SQL> create table tableDTS2019122604117_1(id number);

Succeed.

SQL> create table tableDTS2019122604117_2(id number);

Succeed.

SQL> create table tableDTS2019122604117_3(id number);

Succeed.

SQL> create table tableDTS2019122604117_4(id number);

Succeed.

SQL> create table tableDTS2019122604117_5(id number);

Succeed.

SQL> create table tableDTS2019122604117_6(id number);

Succeed.

SQL> create table tableDTS2019122604117_7(id number);

Succeed.

SQL> create table tableDTS2019122604117_8(id number);

Succeed.

SQL> create table tableDTS2019122604117_9(id number);

Succeed.

SQL> create table tableDTS2019122604117_10(id number);

Succeed.

SQL> create table tableDTS2019122604117_11(id number);

Succeed.

SQL> create table tableDTS2019122604117_12(id number);

Succeed.

SQL> create table tableDTS2019122604117_13(id number);

Succeed.

SQL> create table tableDTS2019122604117_14(id number);

Succeed.

SQL> create table tableDTS2019122604117_15(id number);

Succeed.

SQL> create table tableDTS2019122604117_16(id number);

Succeed.

SQL> create table tableDTS2019122604117_17(id number);

Succeed.

SQL> create table tableDTS2019122604117_18(id number);

Succeed.

SQL> create table tableDTS2019122604117_19(id number);

Succeed.

SQL> create table tableDTS2019122604117_20(id number);

Succeed.

SQL> create table tableDTS2019122604117_21(id number);

Succeed.

SQL> create table tableDTS2019122604117_22(id number);

Succeed.

SQL> create table tableDTS2019122604117_23(id number);

Succeed.

SQL> create table tableDTS2019122604117_24(id number);

Succeed.

SQL> create table tableDTS2019122604117_25(id number);

Succeed.

SQL> create table tableDTS2019122604117_26(id number);

Succeed.

SQL> create table tableDTS2019122604117_27(id number);

Succeed.

SQL> create table tableDTS2019122604117_28(id number);

Succeed.

SQL> create table tableDTS2019122604117_29(id number);

Succeed.

SQL> create table tableDTS2019122604117_30(id number);

Succeed.

SQL> create table tableDTS2019122604117_31(id number);

Succeed.

SQL> create table tableDTS2019122604117_32(id number);

Succeed.

SQL> create table tableDTS2019122604117_33(id number);

Succeed.

SQL> create table tableDTS2019122604117_34(id number);

Succeed.

SQL> create table tableDTS2019122604117_35(id number);

Succeed.

SQL> create table tableDTS2019122604117_36(id number);

Succeed.

SQL> create table tableDTS2019122604117_37(id number);

Succeed.

SQL> create table tableDTS2019122604117_38(id number);

Succeed.

SQL> create table tableDTS2019122604117_39(id number);

Succeed.

SQL> create table tableDTS2019122604117_40(id number);

Succeed.

SQL> create table tableDTS2019122604117_41(id number);

Succeed.

SQL> create table tableDTS2019122604117_42(id number);

Succeed.

SQL> create table tableDTS2019122604117_43(id number);

Succeed.

SQL> create table tableDTS2019122604117_44(id number);

Succeed.

SQL> create table tableDTS2019122604117_45(id number);

Succeed.

SQL> create table tableDTS2019122604117_46(id number);

Succeed.

SQL> create table tableDTS2019122604117_47(id number);

Succeed.

SQL> create table tableDTS2019122604117_48(id number);

Succeed.

SQL> create table tableDTS2019122604117_49(id number);

Succeed.

SQL> create table tableDTS2019122604117_50(id number);

Succeed.

SQL> create table tableDTS2019122604117_51(id number);

Succeed.

SQL> create table tableDTS2019122604117_52(id number);

Succeed.

SQL> create table tableDTS2019122604117_53(id number);

Succeed.

SQL> create table tableDTS2019122604117_54(id number);

Succeed.

SQL> create table tableDTS2019122604117_55(id number);

Succeed.

SQL> create table tableDTS2019122604117_56(id number);

Succeed.

SQL> create table tableDTS2019122604117_57(id number);

Succeed.

SQL> create table tableDTS2019122604117_58(id number);

Succeed.

SQL> create table tableDTS2019122604117_59(id number);

Succeed.

SQL> create table tableDTS2019122604117_60(id number);

Succeed.

SQL> create table tableDTS2019122604117_61(id number);

Succeed.

SQL> create table tableDTS2019122604117_62(id number);

Succeed.

SQL> create table tableDTS2019122604117_63(id number);

Succeed.

SQL> create table tableDTS2019122604117_64(id number);

Succeed.

SQL> create table tableDTS2019122604117_65(id number);

Succeed.

SQL> create table tableDTS2019122604117_66(id number);

Succeed.

SQL> create table tableDTS2019122604117_67(id number);

Succeed.

SQL> create table tableDTS2019122604117_68(id number);

Succeed.

SQL> create table tableDTS2019122604117_69(id number);

Succeed.

SQL> create table tableDTS2019122604117_70(id number);

Succeed.

SQL> create table tableDTS2019122604117_71(id number);

Succeed.

SQL> create table tableDTS2019122604117_72(id number);

Succeed.

SQL> create table tableDTS2019122604117_73(id number);

Succeed.

SQL> create table tableDTS2019122604117_74(id number);

Succeed.

SQL> create table tableDTS2019122604117_75(id number);

Succeed.

SQL> create table tableDTS2019122604117_76(id number);

Succeed.

SQL> create table tableDTS2019122604117_77(id number);

Succeed.

SQL> create table tableDTS2019122604117_78(id number);

Succeed.

SQL> create table tableDTS2019122604117_79(id number);

Succeed.

SQL> create table tableDTS2019122604117_80(id number);

Succeed.

SQL> create table tableDTS2019122604117_81(id number);

Succeed.

SQL> create table tableDTS2019122604117_82(id number);

Succeed.

SQL> create table tableDTS2019122604117_83(id number);

Succeed.

SQL> create table tableDTS2019122604117_84(id number);

Succeed.

SQL> create table tableDTS2019122604117_85(id number);

Succeed.

SQL> create table tableDTS2019122604117_86(id number);

Succeed.

SQL> create table tableDTS2019122604117_87(id number);

Succeed.

SQL> create table tableDTS2019122604117_88(id number);

Succeed.

SQL> create table tableDTS2019122604117_89(id number);

Succeed.

SQL> create table tableDTS2019122604117_90(id number);

Succeed.

SQL> create table tableDTS2019122604117_91(id number);

Succeed.

SQL> create table tableDTS2019122604117_92(id number);

Succeed.

SQL> create table tableDTS2019122604117_93(id number);

Succeed.

SQL> create table tableDTS2019122604117_94(id number);

Succeed.

SQL> create table tableDTS2019122604117_95(id number);

Succeed.

SQL> create table tableDTS2019122604117_96(id number);

Succeed.

SQL> create table tableDTS2019122604117_97(id number);

Succeed.

SQL> create table tableDTS2019122604117_98(id number);

Succeed.

SQL> create table tableDTS2019122604117_99(id number);

Succeed.

SQL> create table tableDTS2019122604117_100(id number);

Succeed.

SQL> create table tableDTS2019122604117_101(id number);

Succeed.

SQL> create table tableDTS2019122604117_102(id number);

Succeed.

SQL> create table tableDTS2019122604117_103(id number);

Succeed.

SQL> create table tableDTS2019122604117_104(id number);

Succeed.

SQL> create table tableDTS2019122604117_105(id number);

Succeed.

SQL> create table tableDTS2019122604117_106(id number);

Succeed.

SQL> create table tableDTS2019122604117_107(id number);

Succeed.

SQL> create table tableDTS2019122604117_108(id number);

Succeed.

SQL> create table tableDTS2019122604117_109(id number);

Succeed.

SQL> create table tableDTS2019122604117_110(id number);

Succeed.

SQL> create table tableDTS2019122604117_111(id number);

Succeed.

SQL> create table tableDTS2019122604117_112(id number);

Succeed.

SQL> create table tableDTS2019122604117_113(id number);

Succeed.

SQL> create table tableDTS2019122604117_114(id number);

Succeed.

SQL> create table tableDTS2019122604117_115(id number);

Succeed.

SQL> create table tableDTS2019122604117_116(id number);

Succeed.

SQL> create table tableDTS2019122604117_117(id number);

Succeed.

SQL> create table tableDTS2019122604117_118(id number);

Succeed.

SQL> create table tableDTS2019122604117_119(id number);

Succeed.

SQL> create table tableDTS2019122604117_120(id number);

Succeed.

SQL> create table tableDTS2019122604117_121(id number);

Succeed.

SQL> create table tableDTS2019122604117_122(id number);

Succeed.

SQL> create table tableDTS2019122604117_123(id number);

Succeed.

SQL> create table tableDTS2019122604117_124(id number);

Succeed.

SQL> create table tableDTS2019122604117_125(id number);

Succeed.

SQL> create table tableDTS2019122604117_126(id number);

Succeed.

SQL> create table tableDTS2019122604117_127(id number);

Succeed.

SQL> create table tableDTS2019122604117_128(id number);

Succeed.

SQL> select  1 from tableDTS2019122604117_1 join tableDTS2019122604117_2 join tableDTS2019122604117_3 join tableDTS2019122604117_4 join tableDTS2019122604117_5 join tableDTS2019122604117_6 join tableDTS2019122604117_7
  2 join tableDTS2019122604117_8 join tableDTS2019122604117_9 join tableDTS2019122604117_10 join tableDTS2019122604117_11 join tableDTS2019122604117_12 join tableDTS2019122604117_13 join tableDTS2019122604117_14
  3 join tableDTS2019122604117_15 join tableDTS2019122604117_16 join tableDTS2019122604117_17 join tableDTS2019122604117_18 join tableDTS2019122604117_19 join tableDTS2019122604117_20 join tableDTS2019122604117_21
  4 join tableDTS2019122604117_22 join tableDTS2019122604117_23 join tableDTS2019122604117_24 join tableDTS2019122604117_25 join tableDTS2019122604117_26 join tableDTS2019122604117_27 join tableDTS2019122604117_28
  5 join tableDTS2019122604117_29 join tableDTS2019122604117_30 join tableDTS2019122604117_31 join tableDTS2019122604117_32 join tableDTS2019122604117_33 join tableDTS2019122604117_34 join tableDTS2019122604117_35
  6 join tableDTS2019122604117_36 join tableDTS2019122604117_37 join tableDTS2019122604117_38 join tableDTS2019122604117_39 join tableDTS2019122604117_40 join tableDTS2019122604117_41 join tableDTS2019122604117_42
  7 join tableDTS2019122604117_43 join tableDTS2019122604117_44 join tableDTS2019122604117_45 join tableDTS2019122604117_46 join tableDTS2019122604117_47 join tableDTS2019122604117_48 join tableDTS2019122604117_49
  8 join tableDTS2019122604117_50 join tableDTS2019122604117_51 join tableDTS2019122604117_52 join tableDTS2019122604117_53 join tableDTS2019122604117_54 join tableDTS2019122604117_55 join tableDTS2019122604117_56
  9 join tableDTS2019122604117_57 join tableDTS2019122604117_58 join tableDTS2019122604117_59 join tableDTS2019122604117_60 join tableDTS2019122604117_61 join tableDTS2019122604117_62 join tableDTS2019122604117_63
 10 join tableDTS2019122604117_64 join tableDTS2019122604117_65 join tableDTS2019122604117_66 join tableDTS2019122604117_67 join tableDTS2019122604117_68 join tableDTS2019122604117_69 join tableDTS2019122604117_70
 11 join tableDTS2019122604117_71 join tableDTS2019122604117_72 join tableDTS2019122604117_73 join tableDTS2019122604117_74 join tableDTS2019122604117_75 join tableDTS2019122604117_76 join tableDTS2019122604117_77
 12 join tableDTS2019122604117_78 join tableDTS2019122604117_79 join tableDTS2019122604117_80 join tableDTS2019122604117_81 join tableDTS2019122604117_82 join tableDTS2019122604117_83 join tableDTS2019122604117_84
 13 join tableDTS2019122604117_85 join tableDTS2019122604117_86 join tableDTS2019122604117_87 join tableDTS2019122604117_88 join tableDTS2019122604117_89 join tableDTS2019122604117_90 join tableDTS2019122604117_91
 14 join tableDTS2019122604117_92 join tableDTS2019122604117_93 join tableDTS2019122604117_94 join tableDTS2019122604117_95 join tableDTS2019122604117_96 join tableDTS2019122604117_97 join tableDTS2019122604117_98
 15 join tableDTS2019122604117_99 join tableDTS2019122604117_100 join tableDTS2019122604117_101 join tableDTS2019122604117_102 join tableDTS2019122604117_103 join tableDTS2019122604117_104 join tableDTS2019122604117_105
 16 join tableDTS2019122604117_106 join tableDTS2019122604117_107 join tableDTS2019122604117_108 join tableDTS2019122604117_109 join tableDTS2019122604117_110 join tableDTS2019122604117_111 join tableDTS2019122604117_112
 17 join tableDTS2019122604117_113 join tableDTS2019122604117_114 join tableDTS2019122604117_115 join tableDTS2019122604117_116 join tableDTS2019122604117_117 join tableDTS2019122604117_118 join tableDTS2019122604117_119
 18 join tableDTS2019122604117_120 join tableDTS2019122604117_121 join tableDTS2019122604117_122 join tableDTS2019122604117_123 join tableDTS2019122604117_124 join tableDTS2019122604117_125 join tableDTS2019122604117_126
 19 join tableDTS2019122604117_127 join tableDTS2019122604117_128;

1
------------

0 rows fetched.

SQL> select 1 from (select  1 from tableDTS2019122604117_1 join tableDTS2019122604117_2 join tableDTS2019122604117_3 join tableDTS2019122604117_4 join tableDTS2019122604117_5 join tableDTS2019122604117_6 join tableDTS2019122604117_7
  2 join tableDTS2019122604117_8 join tableDTS2019122604117_9 join tableDTS2019122604117_10 join tableDTS2019122604117_11 join tableDTS2019122604117_12 join tableDTS2019122604117_13 join tableDTS2019122604117_14
  3 join tableDTS2019122604117_15 join tableDTS2019122604117_16 join tableDTS2019122604117_17 join tableDTS2019122604117_18 join tableDTS2019122604117_19 join tableDTS2019122604117_20 join tableDTS2019122604117_21
  4 join tableDTS2019122604117_22 join tableDTS2019122604117_23 join tableDTS2019122604117_24 join tableDTS2019122604117_25 join tableDTS2019122604117_26 join tableDTS2019122604117_27 join tableDTS2019122604117_28
  5 join tableDTS2019122604117_29 join tableDTS2019122604117_30 join tableDTS2019122604117_31 join tableDTS2019122604117_32 join tableDTS2019122604117_33 join tableDTS2019122604117_34 join tableDTS2019122604117_35
  6 join tableDTS2019122604117_36 join tableDTS2019122604117_37 join tableDTS2019122604117_38 join tableDTS2019122604117_39 join tableDTS2019122604117_40 join tableDTS2019122604117_41 join tableDTS2019122604117_42
  7 join tableDTS2019122604117_43 join tableDTS2019122604117_44 join tableDTS2019122604117_45 join tableDTS2019122604117_46 join tableDTS2019122604117_47 join tableDTS2019122604117_48 join tableDTS2019122604117_49
  8 join tableDTS2019122604117_50 join tableDTS2019122604117_51 join tableDTS2019122604117_52 join tableDTS2019122604117_53 join tableDTS2019122604117_54 join tableDTS2019122604117_55 join tableDTS2019122604117_56
  9 join tableDTS2019122604117_57 join tableDTS2019122604117_58 join tableDTS2019122604117_59 join tableDTS2019122604117_60 join tableDTS2019122604117_61 join tableDTS2019122604117_62 join tableDTS2019122604117_63
 10 join tableDTS2019122604117_64 join tableDTS2019122604117_65 join tableDTS2019122604117_66 join tableDTS2019122604117_67 join tableDTS2019122604117_68 join tableDTS2019122604117_69 join tableDTS2019122604117_70
 11 join tableDTS2019122604117_71 join tableDTS2019122604117_72 join tableDTS2019122604117_73 join tableDTS2019122604117_74 join tableDTS2019122604117_75 join tableDTS2019122604117_76 join tableDTS2019122604117_77
 12 join tableDTS2019122604117_78 join tableDTS2019122604117_79 join tableDTS2019122604117_80 join tableDTS2019122604117_81 join tableDTS2019122604117_82 join tableDTS2019122604117_83 join tableDTS2019122604117_84
 13 join tableDTS2019122604117_85 join tableDTS2019122604117_86 join tableDTS2019122604117_87 join tableDTS2019122604117_88 join tableDTS2019122604117_89 join tableDTS2019122604117_90 join tableDTS2019122604117_91
 14 join tableDTS2019122604117_92 join tableDTS2019122604117_93 join tableDTS2019122604117_94 join tableDTS2019122604117_95 join tableDTS2019122604117_96 join tableDTS2019122604117_97 join tableDTS2019122604117_98
 15 join tableDTS2019122604117_99 join tableDTS2019122604117_100 join tableDTS2019122604117_101 join tableDTS2019122604117_102 join tableDTS2019122604117_103 join tableDTS2019122604117_104 join tableDTS2019122604117_105
 16 join tableDTS2019122604117_106 join tableDTS2019122604117_107 join tableDTS2019122604117_108 join tableDTS2019122604117_109 join tableDTS2019122604117_110 join tableDTS2019122604117_111 join tableDTS2019122604117_112
 17 join tableDTS2019122604117_113 join tableDTS2019122604117_114 join tableDTS2019122604117_115 join tableDTS2019122604117_116 join tableDTS2019122604117_117 join tableDTS2019122604117_118 join tableDTS2019122604117_119
 18 join tableDTS2019122604117_120 join tableDTS2019122604117_121 join tableDTS2019122604117_122 join tableDTS2019122604117_123 join tableDTS2019122604117_124 join tableDTS2019122604117_125 join tableDTS2019122604117_126
 19 join tableDTS2019122604117_127 join tableDTS2019122604117_128)tableDTS20200117102001,(select  1 from tableDTS2019122604117_1 join tableDTS2019122604117_2 join tableDTS2019122604117_3 join tableDTS2019122604117_4 join tableDTS2019122604117_5 join tableDTS2019122604117_6 join tableDTS2019122604117_7
 20 join tableDTS2019122604117_8 join tableDTS2019122604117_9 join tableDTS2019122604117_10 join tableDTS2019122604117_11 join tableDTS2019122604117_12 join tableDTS2019122604117_13 join tableDTS2019122604117_14
 21 join tableDTS2019122604117_15 join tableDTS2019122604117_16 join tableDTS2019122604117_17 join tableDTS2019122604117_18 join tableDTS2019122604117_19 join tableDTS2019122604117_20 join tableDTS2019122604117_21
 22 join tableDTS2019122604117_22 join tableDTS2019122604117_23 join tableDTS2019122604117_24 join tableDTS2019122604117_25 join tableDTS2019122604117_26 join tableDTS2019122604117_27 join tableDTS2019122604117_28
 23 join tableDTS2019122604117_29 join tableDTS2019122604117_30 join tableDTS2019122604117_31 join tableDTS2019122604117_32 join tableDTS2019122604117_33 join tableDTS2019122604117_34 join tableDTS2019122604117_35
 24 join tableDTS2019122604117_36 join tableDTS2019122604117_37 join tableDTS2019122604117_38 join tableDTS2019122604117_39 join tableDTS2019122604117_40 join tableDTS2019122604117_41 join tableDTS2019122604117_42
 25 join tableDTS2019122604117_43 join tableDTS2019122604117_44 join tableDTS2019122604117_45 join tableDTS2019122604117_46 join tableDTS2019122604117_47 join tableDTS2019122604117_48 join tableDTS2019122604117_49
 26 join tableDTS2019122604117_50 join tableDTS2019122604117_51 join tableDTS2019122604117_52 join tableDTS2019122604117_53 join tableDTS2019122604117_54 join tableDTS2019122604117_55 join tableDTS2019122604117_56
 27 join tableDTS2019122604117_57 join tableDTS2019122604117_58 join tableDTS2019122604117_59 join tableDTS2019122604117_60 join tableDTS2019122604117_61 join tableDTS2019122604117_62 join tableDTS2019122604117_63
 28 join tableDTS2019122604117_64 join tableDTS2019122604117_65 join tableDTS2019122604117_66 join tableDTS2019122604117_67 join tableDTS2019122604117_68 join tableDTS2019122604117_69 join tableDTS2019122604117_70
 29 join tableDTS2019122604117_71 join tableDTS2019122604117_72 join tableDTS2019122604117_73 join tableDTS2019122604117_74 join tableDTS2019122604117_75 join tableDTS2019122604117_76 join tableDTS2019122604117_77
 30 join tableDTS2019122604117_78 join tableDTS2019122604117_79 join tableDTS2019122604117_80 join tableDTS2019122604117_81 join tableDTS2019122604117_82 join tableDTS2019122604117_83 join tableDTS2019122604117_84
 31 join tableDTS2019122604117_85 join tableDTS2019122604117_86 join tableDTS2019122604117_87 join tableDTS2019122604117_88 join tableDTS2019122604117_89 join tableDTS2019122604117_90 join tableDTS2019122604117_91
 32 join tableDTS2019122604117_92 join tableDTS2019122604117_93 join tableDTS2019122604117_94 join tableDTS2019122604117_95 join tableDTS2019122604117_96 join tableDTS2019122604117_97 join tableDTS2019122604117_98
 33 join tableDTS2019122604117_99 join tableDTS2019122604117_100 join tableDTS2019122604117_101 join tableDTS2019122604117_102 join tableDTS2019122604117_103 join tableDTS2019122604117_104 join tableDTS2019122604117_105
 34 join tableDTS2019122604117_106 join tableDTS2019122604117_107 join tableDTS2019122604117_108 join tableDTS2019122604117_109 join tableDTS2019122604117_110 join tableDTS2019122604117_111 join tableDTS2019122604117_112
 35 join tableDTS2019122604117_113 join tableDTS2019122604117_114 join tableDTS2019122604117_115 join tableDTS2019122604117_116 join tableDTS2019122604117_117 join tableDTS2019122604117_118 join tableDTS2019122604117_119
 36 join tableDTS2019122604117_120 join tableDTS2019122604117_121 join tableDTS2019122604117_122 join tableDTS2019122604117_123 join tableDTS2019122604117_124 join tableDTS2019122604117_125 join tableDTS2019122604117_126
 37 join tableDTS2019122604117_127 join tableDTS2019122604117_128)tableDTS20200117102002,(select  1 from tableDTS2019122604117_1 join tableDTS2019122604117_2 join tableDTS2019122604117_3 join tableDTS2019122604117_4 join tableDTS2019122604117_5 join tableDTS2019122604117_6 join tableDTS2019122604117_7
 38 join tableDTS2019122604117_8 join tableDTS2019122604117_9 join tableDTS2019122604117_10 join tableDTS2019122604117_11 join tableDTS2019122604117_12 join tableDTS2019122604117_13 join tableDTS2019122604117_14
 39 join tableDTS2019122604117_15 join tableDTS2019122604117_16 join tableDTS2019122604117_17 join tableDTS2019122604117_18 join tableDTS2019122604117_19 join tableDTS2019122604117_20 join tableDTS2019122604117_21
 40 join tableDTS2019122604117_22 join tableDTS2019122604117_23 join tableDTS2019122604117_24 join tableDTS2019122604117_25 join tableDTS2019122604117_26 join tableDTS2019122604117_27 join tableDTS2019122604117_28
 41 join tableDTS2019122604117_29 join tableDTS2019122604117_30 join tableDTS2019122604117_31 join tableDTS2019122604117_32 join tableDTS2019122604117_33 join tableDTS2019122604117_34 join tableDTS2019122604117_35
 42 join tableDTS2019122604117_36 join tableDTS2019122604117_37 join tableDTS2019122604117_38 join tableDTS2019122604117_39 join tableDTS2019122604117_40 join tableDTS2019122604117_41 join tableDTS2019122604117_42
 43 join tableDTS2019122604117_43 join tableDTS2019122604117_44 join tableDTS2019122604117_45 join tableDTS2019122604117_46 join tableDTS2019122604117_47 join tableDTS2019122604117_48 join tableDTS2019122604117_49
 44 join tableDTS2019122604117_50 join tableDTS2019122604117_51 join tableDTS2019122604117_52 join tableDTS2019122604117_53 join tableDTS2019122604117_54 join tableDTS2019122604117_55 join tableDTS2019122604117_56
 45 join tableDTS2019122604117_57 join tableDTS2019122604117_58 join tableDTS2019122604117_59 join tableDTS2019122604117_60 join tableDTS2019122604117_61 join tableDTS2019122604117_62 join tableDTS2019122604117_63
 46 join tableDTS2019122604117_64 join tableDTS2019122604117_65 join tableDTS2019122604117_66 join tableDTS2019122604117_67 join tableDTS2019122604117_68 join tableDTS2019122604117_69 join tableDTS2019122604117_70
 47 join tableDTS2019122604117_71 join tableDTS2019122604117_72 join tableDTS2019122604117_73 join tableDTS2019122604117_74 join tableDTS2019122604117_75 join tableDTS2019122604117_76 join tableDTS2019122604117_77
 48 join tableDTS2019122604117_78 join tableDTS2019122604117_79 join tableDTS2019122604117_80 join tableDTS2019122604117_81 join tableDTS2019122604117_82 join tableDTS2019122604117_83 join tableDTS2019122604117_84
 49 join tableDTS2019122604117_85 join tableDTS2019122604117_86 join tableDTS2019122604117_87 join tableDTS2019122604117_88 join tableDTS2019122604117_89 join tableDTS2019122604117_90 join tableDTS2019122604117_91
 50 join tableDTS2019122604117_92 join tableDTS2019122604117_93 join tableDTS2019122604117_94 join tableDTS2019122604117_95 join tableDTS2019122604117_96 join tableDTS2019122604117_97 join tableDTS2019122604117_98
 51 join tableDTS2019122604117_99 join tableDTS2019122604117_100 join tableDTS2019122604117_101 join tableDTS2019122604117_102 join tableDTS2019122604117_103 join tableDTS2019122604117_104 join tableDTS2019122604117_105
 52 join tableDTS2019122604117_106 join tableDTS2019122604117_107 join tableDTS2019122604117_108 join tableDTS2019122604117_109 join tableDTS2019122604117_110 join tableDTS2019122604117_111 join tableDTS2019122604117_112
 53 join tableDTS2019122604117_113 join tableDTS2019122604117_114 join tableDTS2019122604117_115 join tableDTS2019122604117_116 join tableDTS2019122604117_117 join tableDTS2019122604117_118 join tableDTS2019122604117_119
 54 join tableDTS2019122604117_120 join tableDTS2019122604117_121 join tableDTS2019122604117_122 join tableDTS2019122604117_123 join tableDTS2019122604117_124 join tableDTS2019122604117_125 join tableDTS2019122604117_126
 55 join tableDTS2019122604117_127 join tableDTS2019122604117_128)tableDTS20200117102003,(select  1 from tableDTS2019122604117_1 join tableDTS2019122604117_2 join tableDTS2019122604117_3 join tableDTS2019122604117_4 join tableDTS2019122604117_5 join tableDTS2019122604117_6 join tableDTS2019122604117_7
 56 join tableDTS2019122604117_8 join tableDTS2019122604117_9 join tableDTS2019122604117_10 join tableDTS2019122604117_11 join tableDTS2019122604117_12 join tableDTS2019122604117_13 join tableDTS2019122604117_14
 57 join tableDTS2019122604117_15 join tableDTS2019122604117_16 join tableDTS2019122604117_17 join tableDTS2019122604117_18 join tableDTS2019122604117_19 join tableDTS2019122604117_20 join tableDTS2019122604117_21
 58 join tableDTS2019122604117_22 join tableDTS2019122604117_23 join tableDTS2019122604117_24 join tableDTS2019122604117_25 join tableDTS2019122604117_26 join tableDTS2019122604117_27 join tableDTS2019122604117_28
 59 join tableDTS2019122604117_29 join tableDTS2019122604117_30 join tableDTS2019122604117_31 join tableDTS2019122604117_32 join tableDTS2019122604117_33 join tableDTS2019122604117_34 join tableDTS2019122604117_35
 60 join tableDTS2019122604117_36 join tableDTS2019122604117_37 join tableDTS2019122604117_38 join tableDTS2019122604117_39 join tableDTS2019122604117_40 join tableDTS2019122604117_41 join tableDTS2019122604117_42
 61 join tableDTS2019122604117_43 join tableDTS2019122604117_44 join tableDTS2019122604117_45 join tableDTS2019122604117_46 join tableDTS2019122604117_47 join tableDTS2019122604117_48 join tableDTS2019122604117_49
 62 join tableDTS2019122604117_50 join tableDTS2019122604117_51 join tableDTS2019122604117_52 join tableDTS2019122604117_53 join tableDTS2019122604117_54 join tableDTS2019122604117_55 join tableDTS2019122604117_56
 63 join tableDTS2019122604117_57 join tableDTS2019122604117_58 join tableDTS2019122604117_59 join tableDTS2019122604117_60 join tableDTS2019122604117_61 join tableDTS2019122604117_62 join tableDTS2019122604117_63
 64 join tableDTS2019122604117_64 join tableDTS2019122604117_65 join tableDTS2019122604117_66 join tableDTS2019122604117_67 join tableDTS2019122604117_68 join tableDTS2019122604117_69 join tableDTS2019122604117_70
 65 join tableDTS2019122604117_71 join tableDTS2019122604117_72 join tableDTS2019122604117_73 join tableDTS2019122604117_74 join tableDTS2019122604117_75 join tableDTS2019122604117_76 join tableDTS2019122604117_77
 66 join tableDTS2019122604117_78 join tableDTS2019122604117_79 join tableDTS2019122604117_80 join tableDTS2019122604117_81 join tableDTS2019122604117_82 join tableDTS2019122604117_83 join tableDTS2019122604117_84
 67 join tableDTS2019122604117_85 join tableDTS2019122604117_86 join tableDTS2019122604117_87 join tableDTS2019122604117_88 join tableDTS2019122604117_89 join tableDTS2019122604117_90 join tableDTS2019122604117_91
 68 join tableDTS2019122604117_92 join tableDTS2019122604117_93 join tableDTS2019122604117_94 join tableDTS2019122604117_95 join tableDTS2019122604117_96 join tableDTS2019122604117_97 join tableDTS2019122604117_98
 69 join tableDTS2019122604117_99 join tableDTS2019122604117_100 join tableDTS2019122604117_101 join tableDTS2019122604117_102 join tableDTS2019122604117_103 join tableDTS2019122604117_104 join tableDTS2019122604117_105
 70 join tableDTS2019122604117_106 join tableDTS2019122604117_107 join tableDTS2019122604117_108 join tableDTS2019122604117_109 join tableDTS2019122604117_110 join tableDTS2019122604117_111 join tableDTS2019122604117_112
 71 join tableDTS2019122604117_113 join tableDTS2019122604117_114 join tableDTS2019122604117_115 join tableDTS2019122604117_116 join tableDTS2019122604117_117 join tableDTS2019122604117_118 join tableDTS2019122604117_119
 72 join tableDTS2019122604117_120 join tableDTS2019122604117_121 join tableDTS2019122604117_122 join tableDTS2019122604117_123 join tableDTS2019122604117_124 join tableDTS2019122604117_125 join tableDTS2019122604117_126
 73 join tableDTS2019122604117_127 join tableDTS2019122604117_128)tableDTS20200117102004,(select  1 from tableDTS2019122604117_1 join tableDTS2019122604117_2 join tableDTS2019122604117_3 join tableDTS2019122604117_4 join tableDTS2019122604117_5 join tableDTS2019122604117_6 join tableDTS2019122604117_7
 74 join tableDTS2019122604117_8 join tableDTS2019122604117_9 join tableDTS2019122604117_10 join tableDTS2019122604117_11 join tableDTS2019122604117_12 join tableDTS2019122604117_13 join tableDTS2019122604117_14
 75 join tableDTS2019122604117_15 join tableDTS2019122604117_16 join tableDTS2019122604117_17 join tableDTS2019122604117_18 join tableDTS2019122604117_19 join tableDTS2019122604117_20 join tableDTS2019122604117_21
 76 join tableDTS2019122604117_22 join tableDTS2019122604117_23 join tableDTS2019122604117_24 join tableDTS2019122604117_25 join tableDTS2019122604117_26 join tableDTS2019122604117_27 join tableDTS2019122604117_28
 77 join tableDTS2019122604117_29 join tableDTS2019122604117_30 join tableDTS2019122604117_31 join tableDTS2019122604117_32 join tableDTS2019122604117_33 join tableDTS2019122604117_34 join tableDTS2019122604117_35
 78 join tableDTS2019122604117_36 join tableDTS2019122604117_37 join tableDTS2019122604117_38 join tableDTS2019122604117_39 join tableDTS2019122604117_40 join tableDTS2019122604117_41 join tableDTS2019122604117_42
 79 join tableDTS2019122604117_43 join tableDTS2019122604117_44 join tableDTS2019122604117_45 join tableDTS2019122604117_46 join tableDTS2019122604117_47 join tableDTS2019122604117_48 join tableDTS2019122604117_49
 80 join tableDTS2019122604117_50 join tableDTS2019122604117_51 join tableDTS2019122604117_52 join tableDTS2019122604117_53 join tableDTS2019122604117_54 join tableDTS2019122604117_55 join tableDTS2019122604117_56
 81 join tableDTS2019122604117_57 join tableDTS2019122604117_58 join tableDTS2019122604117_59 join tableDTS2019122604117_60 join tableDTS2019122604117_61 join tableDTS2019122604117_62 join tableDTS2019122604117_63
 82 join tableDTS2019122604117_64 join tableDTS2019122604117_65 join tableDTS2019122604117_66 join tableDTS2019122604117_67 join tableDTS2019122604117_68 join tableDTS2019122604117_69 join tableDTS2019122604117_70
 83 join tableDTS2019122604117_71 join tableDTS2019122604117_72 join tableDTS2019122604117_73 join tableDTS2019122604117_74 join tableDTS2019122604117_75 join tableDTS2019122604117_76 join tableDTS2019122604117_77
 84 join tableDTS2019122604117_78 join tableDTS2019122604117_79 join tableDTS2019122604117_80 join tableDTS2019122604117_81 join tableDTS2019122604117_82 join tableDTS2019122604117_83 join tableDTS2019122604117_84
 85 join tableDTS2019122604117_85 join tableDTS2019122604117_86 join tableDTS2019122604117_87 join tableDTS2019122604117_88 join tableDTS2019122604117_89 join tableDTS2019122604117_90 join tableDTS2019122604117_91
 86 join tableDTS2019122604117_92 join tableDTS2019122604117_93 join tableDTS2019122604117_94 join tableDTS2019122604117_95 join tableDTS2019122604117_96 join tableDTS2019122604117_97 join tableDTS2019122604117_98
 87 join tableDTS2019122604117_99 join tableDTS2019122604117_100 join tableDTS2019122604117_101 join tableDTS2019122604117_102 join tableDTS2019122604117_103 join tableDTS2019122604117_104 join tableDTS2019122604117_105
 88 join tableDTS2019122604117_106 join tableDTS2019122604117_107 join tableDTS2019122604117_108 join tableDTS2019122604117_109 join tableDTS2019122604117_110 join tableDTS2019122604117_111 join tableDTS2019122604117_112
 89 join tableDTS2019122604117_113 join tableDTS2019122604117_114 join tableDTS2019122604117_115 join tableDTS2019122604117_116 join tableDTS2019122604117_117 join tableDTS2019122604117_118 join tableDTS2019122604117_119
 90 join tableDTS2019122604117_120 join tableDTS2019122604117_121 join tableDTS2019122604117_122 join tableDTS2019122604117_123 join tableDTS2019122604117_124 join tableDTS2019122604117_125 join tableDTS2019122604117_126
 91 join tableDTS2019122604117_127 join tableDTS2019122604117_128)tableDTS20200117102005,(select  1 from tableDTS2019122604117_1 join tableDTS2019122604117_2 join tableDTS2019122604117_3 join tableDTS2019122604117_4 join tableDTS2019122604117_5 join tableDTS2019122604117_6 join tableDTS2019122604117_7
 92 join tableDTS2019122604117_8 join tableDTS2019122604117_9 join tableDTS2019122604117_10 join tableDTS2019122604117_11 join tableDTS2019122604117_12 join tableDTS2019122604117_13 join tableDTS2019122604117_14
 93 join tableDTS2019122604117_15 join tableDTS2019122604117_16 join tableDTS2019122604117_17 join tableDTS2019122604117_18 join tableDTS2019122604117_19 join tableDTS2019122604117_20 join tableDTS2019122604117_21
 94 join tableDTS2019122604117_22 join tableDTS2019122604117_23 join tableDTS2019122604117_24 join tableDTS2019122604117_25 join tableDTS2019122604117_26 join tableDTS2019122604117_27 join tableDTS2019122604117_28
 95 join tableDTS2019122604117_29 join tableDTS2019122604117_30 join tableDTS2019122604117_31 join tableDTS2019122604117_32 join tableDTS2019122604117_33 join tableDTS2019122604117_34 join tableDTS2019122604117_35
 96 join tableDTS2019122604117_36 join tableDTS2019122604117_37 join tableDTS2019122604117_38 join tableDTS2019122604117_39 join tableDTS2019122604117_40 join tableDTS2019122604117_41 join tableDTS2019122604117_42
 97 join tableDTS2019122604117_43 join tableDTS2019122604117_44 join tableDTS2019122604117_45 join tableDTS2019122604117_46 join tableDTS2019122604117_47 join tableDTS2019122604117_48 join tableDTS2019122604117_49
 98 join tableDTS2019122604117_50 join tableDTS2019122604117_51 join tableDTS2019122604117_52 join tableDTS2019122604117_53 join tableDTS2019122604117_54 join tableDTS2019122604117_55 join tableDTS2019122604117_56
 99 join tableDTS2019122604117_57 join tableDTS2019122604117_58 join tableDTS2019122604117_59 join tableDTS2019122604117_60 join tableDTS2019122604117_61 join tableDTS2019122604117_62 join tableDTS2019122604117_63
100 join tableDTS2019122604117_64 join tableDTS2019122604117_65 join tableDTS2019122604117_66 join tableDTS2019122604117_67 join tableDTS2019122604117_68 join tableDTS2019122604117_69 join tableDTS2019122604117_70
101 join tableDTS2019122604117_71 join tableDTS2019122604117_72 join tableDTS2019122604117_73 join tableDTS2019122604117_74 join tableDTS2019122604117_75 join tableDTS2019122604117_76 join tableDTS2019122604117_77
102 join tableDTS2019122604117_78 join tableDTS2019122604117_79 join tableDTS2019122604117_80 join tableDTS2019122604117_81 join tableDTS2019122604117_82 join tableDTS2019122604117_83 join tableDTS2019122604117_84
103 join tableDTS2019122604117_85 join tableDTS2019122604117_86 join tableDTS2019122604117_87 join tableDTS2019122604117_88 join tableDTS2019122604117_89 join tableDTS2019122604117_90 join tableDTS2019122604117_91
104 join tableDTS2019122604117_92 join tableDTS2019122604117_93 join tableDTS2019122604117_94 join tableDTS2019122604117_95 join tableDTS2019122604117_96 join tableDTS2019122604117_97 join tableDTS2019122604117_98
105 join tableDTS2019122604117_99 join tableDTS2019122604117_100 join tableDTS2019122604117_101 join tableDTS2019122604117_102 join tableDTS2019122604117_103 join tableDTS2019122604117_104 join tableDTS2019122604117_105
106 join tableDTS2019122604117_106 join tableDTS2019122604117_107 join tableDTS2019122604117_108 join tableDTS2019122604117_109 join tableDTS2019122604117_110 join tableDTS2019122604117_111 join tableDTS2019122604117_112
107 join tableDTS2019122604117_113 join tableDTS2019122604117_114 join tableDTS2019122604117_115 join tableDTS2019122604117_116 join tableDTS2019122604117_117 join tableDTS2019122604117_118 join tableDTS2019122604117_119
108 join tableDTS2019122604117_120 join tableDTS2019122604117_121 join tableDTS2019122604117_122 join tableDTS2019122604117_123 join tableDTS2019122604117_124 join tableDTS2019122604117_125 join tableDTS2019122604117_126
109 join tableDTS2019122604117_127 join tableDTS2019122604117_128)tableDTS20200117102006,(select  1 from tableDTS2019122604117_1 join tableDTS2019122604117_2 join tableDTS2019122604117_3 join tableDTS2019122604117_4 join tableDTS2019122604117_5 join tableDTS2019122604117_6 join tableDTS2019122604117_7
110 join tableDTS2019122604117_8 join tableDTS2019122604117_9 join tableDTS2019122604117_10 join tableDTS2019122604117_11 join tableDTS2019122604117_12 join tableDTS2019122604117_13 join tableDTS2019122604117_14
111 join tableDTS2019122604117_15 join tableDTS2019122604117_16 join tableDTS2019122604117_17 join tableDTS2019122604117_18 join tableDTS2019122604117_19 join tableDTS2019122604117_20 join tableDTS2019122604117_21
112 join tableDTS2019122604117_22 join tableDTS2019122604117_23 join tableDTS2019122604117_24 join tableDTS2019122604117_25 join tableDTS2019122604117_26 join tableDTS2019122604117_27 join tableDTS2019122604117_28
113 join tableDTS2019122604117_29 join tableDTS2019122604117_30 join tableDTS2019122604117_31 join tableDTS2019122604117_32 join tableDTS2019122604117_33 join tableDTS2019122604117_34 join tableDTS2019122604117_35
114 join tableDTS2019122604117_36 join tableDTS2019122604117_37 join tableDTS2019122604117_38 join tableDTS2019122604117_39 join tableDTS2019122604117_40 join tableDTS2019122604117_41 join tableDTS2019122604117_42
115 join tableDTS2019122604117_43 join tableDTS2019122604117_44 join tableDTS2019122604117_45 join tableDTS2019122604117_46 join tableDTS2019122604117_47 join tableDTS2019122604117_48 join tableDTS2019122604117_49
116 join tableDTS2019122604117_50 join tableDTS2019122604117_51 join tableDTS2019122604117_52 join tableDTS2019122604117_53 join tableDTS2019122604117_54 join tableDTS2019122604117_55 join tableDTS2019122604117_56
117 join tableDTS2019122604117_57 join tableDTS2019122604117_58 join tableDTS2019122604117_59 join tableDTS2019122604117_60 join tableDTS2019122604117_61 join tableDTS2019122604117_62 join tableDTS2019122604117_63
118 join tableDTS2019122604117_64 join tableDTS2019122604117_65 join tableDTS2019122604117_66 join tableDTS2019122604117_67 join tableDTS2019122604117_68 join tableDTS2019122604117_69 join tableDTS2019122604117_70
119 join tableDTS2019122604117_71 join tableDTS2019122604117_72 join tableDTS2019122604117_73 join tableDTS2019122604117_74 join tableDTS2019122604117_75 join tableDTS2019122604117_76 join tableDTS2019122604117_77
120 join tableDTS2019122604117_78 join tableDTS2019122604117_79 join tableDTS2019122604117_80 join tableDTS2019122604117_81 join tableDTS2019122604117_82 join tableDTS2019122604117_83 join tableDTS2019122604117_84
121 join tableDTS2019122604117_85 join tableDTS2019122604117_86 join tableDTS2019122604117_87 join tableDTS2019122604117_88 join tableDTS2019122604117_89 join tableDTS2019122604117_90 join tableDTS2019122604117_91
122 join tableDTS2019122604117_92 join tableDTS2019122604117_93 join tableDTS2019122604117_94 join tableDTS2019122604117_95 join tableDTS2019122604117_96 join tableDTS2019122604117_97 join tableDTS2019122604117_98
123 join tableDTS2019122604117_99 join tableDTS2019122604117_100 join tableDTS2019122604117_101 join tableDTS2019122604117_102 join tableDTS2019122604117_103 join tableDTS2019122604117_104 join tableDTS2019122604117_105
124 join tableDTS2019122604117_106 join tableDTS2019122604117_107 join tableDTS2019122604117_108 join tableDTS2019122604117_109 join tableDTS2019122604117_110 join tableDTS2019122604117_111 join tableDTS2019122604117_112
125 join tableDTS2019122604117_113 join tableDTS2019122604117_114 join tableDTS2019122604117_115 join tableDTS2019122604117_116 join tableDTS2019122604117_117 join tableDTS2019122604117_118 join tableDTS2019122604117_119
126 join tableDTS2019122604117_120 join tableDTS2019122604117_121 join tableDTS2019122604117_122 join tableDTS2019122604117_123 join tableDTS2019122604117_124 join tableDTS2019122604117_125 join tableDTS2019122604117_126
127 join tableDTS2019122604117_127 join tableDTS2019122604117_128)tableDTS20200117102007,(select  1 from tableDTS2019122604117_1 join tableDTS2019122604117_2 join tableDTS2019122604117_3 join tableDTS2019122604117_4 join tableDTS2019122604117_5 join tableDTS2019122604117_6 join tableDTS2019122604117_7
128 join tableDTS2019122604117_8 join tableDTS2019122604117_9 join tableDTS2019122604117_10 join tableDTS2019122604117_11 join tableDTS2019122604117_12 join tableDTS2019122604117_13 join tableDTS2019122604117_14
129 join tableDTS2019122604117_15 join tableDTS2019122604117_16 join tableDTS2019122604117_17 join tableDTS2019122604117_18 join tableDTS2019122604117_19 join tableDTS2019122604117_20 join tableDTS2019122604117_21
130 join tableDTS2019122604117_22 join tableDTS2019122604117_23 join tableDTS2019122604117_24 join tableDTS2019122604117_25 join tableDTS2019122604117_26 join tableDTS2019122604117_27 join tableDTS2019122604117_28
131 join tableDTS2019122604117_29 join tableDTS2019122604117_30 join tableDTS2019122604117_31 join tableDTS2019122604117_32 join tableDTS2019122604117_33 join tableDTS2019122604117_34 join tableDTS2019122604117_35
132 join tableDTS2019122604117_36 join tableDTS2019122604117_37 join tableDTS2019122604117_38 join tableDTS2019122604117_39 join tableDTS2019122604117_40 join tableDTS2019122604117_41 join tableDTS2019122604117_42
133 join tableDTS2019122604117_43 join tableDTS2019122604117_44 join tableDTS2019122604117_45 join tableDTS2019122604117_46 join tableDTS2019122604117_47 join tableDTS2019122604117_48 join tableDTS2019122604117_49
134 join tableDTS2019122604117_50 join tableDTS2019122604117_51 join tableDTS2019122604117_52 join tableDTS2019122604117_53 join tableDTS2019122604117_54 join tableDTS2019122604117_55 join tableDTS2019122604117_56
135 join tableDTS2019122604117_57 join tableDTS2019122604117_58 join tableDTS2019122604117_59 join tableDTS2019122604117_60 join tableDTS2019122604117_61 join tableDTS2019122604117_62 join tableDTS2019122604117_63
136 join tableDTS2019122604117_64 join tableDTS2019122604117_65 join tableDTS2019122604117_66 join tableDTS2019122604117_67 join tableDTS2019122604117_68 join tableDTS2019122604117_69 join tableDTS2019122604117_70
137 join tableDTS2019122604117_71 join tableDTS2019122604117_72 join tableDTS2019122604117_73 join tableDTS2019122604117_74 join tableDTS2019122604117_75 join tableDTS2019122604117_76 join tableDTS2019122604117_77
138 join tableDTS2019122604117_78 join tableDTS2019122604117_79 join tableDTS2019122604117_80 join tableDTS2019122604117_81 join tableDTS2019122604117_82 join tableDTS2019122604117_83 join tableDTS2019122604117_84
139 join tableDTS2019122604117_85 join tableDTS2019122604117_86 join tableDTS2019122604117_87 join tableDTS2019122604117_88 join tableDTS2019122604117_89 join tableDTS2019122604117_90 join tableDTS2019122604117_91
140 join tableDTS2019122604117_92 join tableDTS2019122604117_93 join tableDTS2019122604117_94 join tableDTS2019122604117_95 join tableDTS2019122604117_96 join tableDTS2019122604117_97 join tableDTS2019122604117_98
141 join tableDTS2019122604117_99 join tableDTS2019122604117_100 join tableDTS2019122604117_101 join tableDTS2019122604117_102 join tableDTS2019122604117_103 join tableDTS2019122604117_104 join tableDTS2019122604117_105
142 join tableDTS2019122604117_106 join tableDTS2019122604117_107 join tableDTS2019122604117_108 join tableDTS2019122604117_109 join tableDTS2019122604117_110 join tableDTS2019122604117_111 join tableDTS2019122604117_112
143 join tableDTS2019122604117_113 join tableDTS2019122604117_114 join tableDTS2019122604117_115 join tableDTS2019122604117_116 join tableDTS2019122604117_117 join tableDTS2019122604117_118 join tableDTS2019122604117_119
144 join tableDTS2019122604117_120 join tableDTS2019122604117_121 join tableDTS2019122604117_122 join tableDTS2019122604117_123 join tableDTS2019122604117_124 join tableDTS2019122604117_125 join tableDTS2019122604117_126
145 join tableDTS2019122604117_127 join tableDTS2019122604117_128)tableDTS20200117102008,(select  1 from tableDTS2019122604117_1 join tableDTS2019122604117_2 join tableDTS2019122604117_3 join tableDTS2019122604117_4 join tableDTS2019122604117_5 join tableDTS2019122604117_6 join tableDTS2019122604117_7
146 join tableDTS2019122604117_8 join tableDTS2019122604117_9 join tableDTS2019122604117_10 join tableDTS2019122604117_11 join tableDTS2019122604117_12 join tableDTS2019122604117_13 join tableDTS2019122604117_14
147 join tableDTS2019122604117_15 join tableDTS2019122604117_16 join tableDTS2019122604117_17 join tableDTS2019122604117_18 join tableDTS2019122604117_19 join tableDTS2019122604117_20 join tableDTS2019122604117_21
148 join tableDTS2019122604117_22 join tableDTS2019122604117_23 join tableDTS2019122604117_24 join tableDTS2019122604117_25 join tableDTS2019122604117_26 join tableDTS2019122604117_27 join tableDTS2019122604117_28
149 join tableDTS2019122604117_29 join tableDTS2019122604117_30 join tableDTS2019122604117_31 join tableDTS2019122604117_32 join tableDTS2019122604117_33 join tableDTS2019122604117_34 join tableDTS2019122604117_35
150 join tableDTS2019122604117_36 join tableDTS2019122604117_37 join tableDTS2019122604117_38 join tableDTS2019122604117_39 join tableDTS2019122604117_40 join tableDTS2019122604117_41 join tableDTS2019122604117_42
151 join tableDTS2019122604117_43 join tableDTS2019122604117_44 join tableDTS2019122604117_45 join tableDTS2019122604117_46 join tableDTS2019122604117_47 join tableDTS2019122604117_48 join tableDTS2019122604117_49
152 join tableDTS2019122604117_50 join tableDTS2019122604117_51 join tableDTS2019122604117_52 join tableDTS2019122604117_53 join tableDTS2019122604117_54 join tableDTS2019122604117_55 join tableDTS2019122604117_56
153 join tableDTS2019122604117_57 join tableDTS2019122604117_58 join tableDTS2019122604117_59 join tableDTS2019122604117_60 join tableDTS2019122604117_61 join tableDTS2019122604117_62 join tableDTS2019122604117_63
154 join tableDTS2019122604117_64 join tableDTS2019122604117_65 join tableDTS2019122604117_66 join tableDTS2019122604117_67 join tableDTS2019122604117_68 join tableDTS2019122604117_69 join tableDTS2019122604117_70
155 join tableDTS2019122604117_71 join tableDTS2019122604117_72 join tableDTS2019122604117_73 join tableDTS2019122604117_74 join tableDTS2019122604117_75 join tableDTS2019122604117_76 join tableDTS2019122604117_77
156 join tableDTS2019122604117_78 join tableDTS2019122604117_79 join tableDTS2019122604117_80 join tableDTS2019122604117_81 join tableDTS2019122604117_82 join tableDTS2019122604117_83 join tableDTS2019122604117_84
157 join tableDTS2019122604117_85 join tableDTS2019122604117_86 join tableDTS2019122604117_87 join tableDTS2019122604117_88 join tableDTS2019122604117_89 join tableDTS2019122604117_90 join tableDTS2019122604117_91
158 join tableDTS2019122604117_92 join tableDTS2019122604117_93 join tableDTS2019122604117_94 join tableDTS2019122604117_95 join tableDTS2019122604117_96 join tableDTS2019122604117_97 join tableDTS2019122604117_98
159 join tableDTS2019122604117_99 join tableDTS2019122604117_100 join tableDTS2019122604117_101 join tableDTS2019122604117_102 join tableDTS2019122604117_103 join tableDTS2019122604117_104 join tableDTS2019122604117_105
160 join tableDTS2019122604117_106 join tableDTS2019122604117_107 join tableDTS2019122604117_108 join tableDTS2019122604117_109 join tableDTS2019122604117_110 join tableDTS2019122604117_111 join tableDTS2019122604117_112
161 join tableDTS2019122604117_113 join tableDTS2019122604117_114 join tableDTS2019122604117_115 join tableDTS2019122604117_116 join tableDTS2019122604117_117 join tableDTS2019122604117_118 join tableDTS2019122604117_119
162 join tableDTS2019122604117_120 join tableDTS2019122604117_121 join tableDTS2019122604117_122 join tableDTS2019122604117_123 join tableDTS2019122604117_124 join tableDTS2019122604117_125 join tableDTS2019122604117_126
163 join tableDTS2019122604117_127 join tableDTS2019122604117_128)tableDTS20200117102009,(select  1 from tableDTS2019122604117_1 join tableDTS2019122604117_2 join tableDTS2019122604117_3 join tableDTS2019122604117_4 join tableDTS2019122604117_5 join tableDTS2019122604117_6 join tableDTS2019122604117_7
164 join tableDTS2019122604117_8 join tableDTS2019122604117_9 join tableDTS2019122604117_10 join tableDTS2019122604117_11 join tableDTS2019122604117_12 join tableDTS2019122604117_13 join tableDTS2019122604117_14
165 join tableDTS2019122604117_15 join tableDTS2019122604117_16 join tableDTS2019122604117_17 join tableDTS2019122604117_18 join tableDTS2019122604117_19 join tableDTS2019122604117_20 join tableDTS2019122604117_21
166 join tableDTS2019122604117_22 join tableDTS2019122604117_23 join tableDTS2019122604117_24 join tableDTS2019122604117_25 join tableDTS2019122604117_26 join tableDTS2019122604117_27 join tableDTS2019122604117_28
167 join tableDTS2019122604117_29 join tableDTS2019122604117_30 join tableDTS2019122604117_31 join tableDTS2019122604117_32 join tableDTS2019122604117_33 join tableDTS2019122604117_34 join tableDTS2019122604117_35
168 join tableDTS2019122604117_36 join tableDTS2019122604117_37 join tableDTS2019122604117_38 join tableDTS2019122604117_39 join tableDTS2019122604117_40 join tableDTS2019122604117_41 join tableDTS2019122604117_42
169 join tableDTS2019122604117_43 join tableDTS2019122604117_44 join tableDTS2019122604117_45 join tableDTS2019122604117_46 join tableDTS2019122604117_47 join tableDTS2019122604117_48 join tableDTS2019122604117_49
170 join tableDTS2019122604117_50 join tableDTS2019122604117_51 join tableDTS2019122604117_52 join tableDTS2019122604117_53 join tableDTS2019122604117_54 join tableDTS2019122604117_55 join tableDTS2019122604117_56
171 join tableDTS2019122604117_57 join tableDTS2019122604117_58 join tableDTS2019122604117_59 join tableDTS2019122604117_60 join tableDTS2019122604117_61 join tableDTS2019122604117_62 join tableDTS2019122604117_63
172 join tableDTS2019122604117_64 join tableDTS2019122604117_65 join tableDTS2019122604117_66 join tableDTS2019122604117_67 join tableDTS2019122604117_68 join tableDTS2019122604117_69 join tableDTS2019122604117_70
173 join tableDTS2019122604117_71 join tableDTS2019122604117_72 join tableDTS2019122604117_73 join tableDTS2019122604117_74 join tableDTS2019122604117_75 join tableDTS2019122604117_76 join tableDTS2019122604117_77
174 join tableDTS2019122604117_78 join tableDTS2019122604117_79 join tableDTS2019122604117_80 join tableDTS2019122604117_81 join tableDTS2019122604117_82 join tableDTS2019122604117_83 join tableDTS2019122604117_84
175 join tableDTS2019122604117_85 join tableDTS2019122604117_86 join tableDTS2019122604117_87 join tableDTS2019122604117_88 join tableDTS2019122604117_89 join tableDTS2019122604117_90 join tableDTS2019122604117_91
176 join tableDTS2019122604117_92 join tableDTS2019122604117_93 join tableDTS2019122604117_94 join tableDTS2019122604117_95 join tableDTS2019122604117_96 join tableDTS2019122604117_97 join tableDTS2019122604117_98
177 join tableDTS2019122604117_99 join tableDTS2019122604117_100 join tableDTS2019122604117_101 join tableDTS2019122604117_102 join tableDTS2019122604117_103 join tableDTS2019122604117_104 join tableDTS2019122604117_105
178 join tableDTS2019122604117_106 join tableDTS2019122604117_107 join tableDTS2019122604117_108 join tableDTS2019122604117_109 join tableDTS2019122604117_110 join tableDTS2019122604117_111 join tableDTS2019122604117_112
179 join tableDTS2019122604117_113 join tableDTS2019122604117_114 join tableDTS2019122604117_115 join tableDTS2019122604117_116 join tableDTS2019122604117_117 join tableDTS2019122604117_118 join tableDTS2019122604117_119
180 join tableDTS2019122604117_120 join tableDTS2019122604117_121 join tableDTS2019122604117_122 join tableDTS2019122604117_123 join tableDTS2019122604117_124 join tableDTS2019122604117_125 join tableDTS2019122604117_126
181 join tableDTS2019122604117_127 join tableDTS2019122604117_128)tableDTS202001171020010,(select  1 from tableDTS2019122604117_1 join tableDTS2019122604117_2 join tableDTS2019122604117_3 join tableDTS2019122604117_4 join tableDTS2019122604117_5 join tableDTS2019122604117_6 join tableDTS2019122604117_7
182 join tableDTS2019122604117_8 join tableDTS2019122604117_9 join tableDTS2019122604117_10 join tableDTS2019122604117_11 join tableDTS2019122604117_12 join tableDTS2019122604117_13 join tableDTS2019122604117_14
183 join tableDTS2019122604117_15 join tableDTS2019122604117_16 join tableDTS2019122604117_17 join tableDTS2019122604117_18 join tableDTS2019122604117_19 join tableDTS2019122604117_20 join tableDTS2019122604117_21
184 join tableDTS2019122604117_22 join tableDTS2019122604117_23 join tableDTS2019122604117_24 join tableDTS2019122604117_25 join tableDTS2019122604117_26 join tableDTS2019122604117_27 join tableDTS2019122604117_28
185 join tableDTS2019122604117_29 join tableDTS2019122604117_30 join tableDTS2019122604117_31 join tableDTS2019122604117_32 join tableDTS2019122604117_33 join tableDTS2019122604117_34 join tableDTS2019122604117_35
186 join tableDTS2019122604117_36 join tableDTS2019122604117_37 join tableDTS2019122604117_38 join tableDTS2019122604117_39 join tableDTS2019122604117_40 join tableDTS2019122604117_41 join tableDTS2019122604117_42
187 join tableDTS2019122604117_43 join tableDTS2019122604117_44 join tableDTS2019122604117_45 join tableDTS2019122604117_46 join tableDTS2019122604117_47 join tableDTS2019122604117_48 join tableDTS2019122604117_49
188 join tableDTS2019122604117_50 join tableDTS2019122604117_51 join tableDTS2019122604117_52 join tableDTS2019122604117_53 join tableDTS2019122604117_54 join tableDTS2019122604117_55 join tableDTS2019122604117_56
189 join tableDTS2019122604117_57 join tableDTS2019122604117_58 join tableDTS2019122604117_59 join tableDTS2019122604117_60 join tableDTS2019122604117_61 join tableDTS2019122604117_62 join tableDTS2019122604117_63
190 join tableDTS2019122604117_64 join tableDTS2019122604117_65 join tableDTS2019122604117_66 join tableDTS2019122604117_67 join tableDTS2019122604117_68 join tableDTS2019122604117_69 join tableDTS2019122604117_70
191 join tableDTS2019122604117_71 join tableDTS2019122604117_72 join tableDTS2019122604117_73 join tableDTS2019122604117_74 join tableDTS2019122604117_75 join tableDTS2019122604117_76 join tableDTS2019122604117_77
192 join tableDTS2019122604117_78 join tableDTS2019122604117_79 join tableDTS2019122604117_80 join tableDTS2019122604117_81 join tableDTS2019122604117_82 join tableDTS2019122604117_83 join tableDTS2019122604117_84
193 join tableDTS2019122604117_85 join tableDTS2019122604117_86 join tableDTS2019122604117_87 join tableDTS2019122604117_88 join tableDTS2019122604117_89 join tableDTS2019122604117_90 join tableDTS2019122604117_91
194 join tableDTS2019122604117_92 join tableDTS2019122604117_93 join tableDTS2019122604117_94 join tableDTS2019122604117_95 join tableDTS2019122604117_96 join tableDTS2019122604117_97 join tableDTS2019122604117_98
195 join tableDTS2019122604117_99 join tableDTS2019122604117_100 join tableDTS2019122604117_101 join tableDTS2019122604117_102 join tableDTS2019122604117_103 join tableDTS2019122604117_104 join tableDTS2019122604117_105
196 join tableDTS2019122604117_106 join tableDTS2019122604117_107 join tableDTS2019122604117_108 join tableDTS2019122604117_109 join tableDTS2019122604117_110 join tableDTS2019122604117_111 join tableDTS2019122604117_112
197 join tableDTS2019122604117_113 join tableDTS2019122604117_114 join tableDTS2019122604117_115 join tableDTS2019122604117_116 join tableDTS2019122604117_117 join tableDTS2019122604117_118 join tableDTS2019122604117_119
198 join tableDTS2019122604117_120 join tableDTS2019122604117_121 join tableDTS2019122604117_122 join tableDTS2019122604117_123 join tableDTS2019122604117_124 join tableDTS2019122604117_125 join tableDTS2019122604117_126
199 join tableDTS2019122604117_127 join tableDTS2019122604117_128)tableDTS202001171020011,(select  1 from tableDTS2019122604117_1 join tableDTS2019122604117_2 join tableDTS2019122604117_3 join tableDTS2019122604117_4 join tableDTS2019122604117_5 join tableDTS2019122604117_6 join tableDTS2019122604117_7
200 join tableDTS2019122604117_8 join tableDTS2019122604117_9 join tableDTS2019122604117_10 join tableDTS2019122604117_11 join tableDTS2019122604117_12 join tableDTS2019122604117_13 join tableDTS2019122604117_14
201 join tableDTS2019122604117_15 join tableDTS2019122604117_16 join tableDTS2019122604117_17 join tableDTS2019122604117_18 join tableDTS2019122604117_19 join tableDTS2019122604117_20 join tableDTS2019122604117_21
202 join tableDTS2019122604117_22 join tableDTS2019122604117_23 join tableDTS2019122604117_24 join tableDTS2019122604117_25 join tableDTS2019122604117_26 join tableDTS2019122604117_27 join tableDTS2019122604117_28
203 join tableDTS2019122604117_29 join tableDTS2019122604117_30 join tableDTS2019122604117_31 join tableDTS2019122604117_32 join tableDTS2019122604117_33 join tableDTS2019122604117_34 join tableDTS2019122604117_35
204 join tableDTS2019122604117_36 join tableDTS2019122604117_37 join tableDTS2019122604117_38 join tableDTS2019122604117_39 join tableDTS2019122604117_40 join tableDTS2019122604117_41 join tableDTS2019122604117_42
205 join tableDTS2019122604117_43 join tableDTS2019122604117_44 join tableDTS2019122604117_45 join tableDTS2019122604117_46 join tableDTS2019122604117_47 join tableDTS2019122604117_48 join tableDTS2019122604117_49
206 join tableDTS2019122604117_50 join tableDTS2019122604117_51 join tableDTS2019122604117_52 join tableDTS2019122604117_53 join tableDTS2019122604117_54 join tableDTS2019122604117_55 join tableDTS2019122604117_56
207 join tableDTS2019122604117_57 join tableDTS2019122604117_58 join tableDTS2019122604117_59 join tableDTS2019122604117_60 join tableDTS2019122604117_61 join tableDTS2019122604117_62 join tableDTS2019122604117_63
208 join tableDTS2019122604117_64 join tableDTS2019122604117_65 join tableDTS2019122604117_66 join tableDTS2019122604117_67 join tableDTS2019122604117_68 join tableDTS2019122604117_69 join tableDTS2019122604117_70
209 join tableDTS2019122604117_71 join tableDTS2019122604117_72 join tableDTS2019122604117_73 join tableDTS2019122604117_74 join tableDTS2019122604117_75 join tableDTS2019122604117_76 join tableDTS2019122604117_77
210 join tableDTS2019122604117_78 join tableDTS2019122604117_79 join tableDTS2019122604117_80 join tableDTS2019122604117_81 join tableDTS2019122604117_82 join tableDTS2019122604117_83 join tableDTS2019122604117_84
211 join tableDTS2019122604117_85 join tableDTS2019122604117_86 join tableDTS2019122604117_87 join tableDTS2019122604117_88 join tableDTS2019122604117_89 join tableDTS2019122604117_90 join tableDTS2019122604117_91
212 join tableDTS2019122604117_92 join tableDTS2019122604117_93 join tableDTS2019122604117_94 join tableDTS2019122604117_95 join tableDTS2019122604117_96 join tableDTS2019122604117_97 join tableDTS2019122604117_98
213 join tableDTS2019122604117_99 join tableDTS2019122604117_100 join tableDTS2019122604117_101 join tableDTS2019122604117_102 join tableDTS2019122604117_103 join tableDTS2019122604117_104 join tableDTS2019122604117_105
214 join tableDTS2019122604117_106 join tableDTS2019122604117_107 join tableDTS2019122604117_108 join tableDTS2019122604117_109 join tableDTS2019122604117_110 join tableDTS2019122604117_111 join tableDTS2019122604117_112
215 join tableDTS2019122604117_113 join tableDTS2019122604117_114 join tableDTS2019122604117_115 join tableDTS2019122604117_116 join tableDTS2019122604117_117 join tableDTS2019122604117_118 join tableDTS2019122604117_119
216 join tableDTS2019122604117_120 join tableDTS2019122604117_121 join tableDTS2019122604117_122 join tableDTS2019122604117_123 join tableDTS2019122604117_124 join tableDTS2019122604117_125 join tableDTS2019122604117_126
217 join tableDTS2019122604117_127 join tableDTS2019122604117_128)tableDTS202001171020012,(select  1 from tableDTS2019122604117_1 join tableDTS2019122604117_2 join tableDTS2019122604117_3 join tableDTS2019122604117_4 join tableDTS2019122604117_5 join tableDTS2019122604117_6 join tableDTS2019122604117_7
218 join tableDTS2019122604117_8 join tableDTS2019122604117_9 join tableDTS2019122604117_10 join tableDTS2019122604117_11 join tableDTS2019122604117_12 join tableDTS2019122604117_13 join tableDTS2019122604117_14
219 join tableDTS2019122604117_15 join tableDTS2019122604117_16 join tableDTS2019122604117_17 join tableDTS2019122604117_18 join tableDTS2019122604117_19 join tableDTS2019122604117_20 join tableDTS2019122604117_21
220 join tableDTS2019122604117_22 join tableDTS2019122604117_23 join tableDTS2019122604117_24 join tableDTS2019122604117_25 join tableDTS2019122604117_26 join tableDTS2019122604117_27 join tableDTS2019122604117_28
221 join tableDTS2019122604117_29 join tableDTS2019122604117_30 join tableDTS2019122604117_31 join tableDTS2019122604117_32 join tableDTS2019122604117_33 join tableDTS2019122604117_34 join tableDTS2019122604117_35
222 join tableDTS2019122604117_36 join tableDTS2019122604117_37 join tableDTS2019122604117_38 join tableDTS2019122604117_39 join tableDTS2019122604117_40 join tableDTS2019122604117_41 join tableDTS2019122604117_42
223 join tableDTS2019122604117_43 join tableDTS2019122604117_44 join tableDTS2019122604117_45 join tableDTS2019122604117_46 join tableDTS2019122604117_47 join tableDTS2019122604117_48 join tableDTS2019122604117_49
224 join tableDTS2019122604117_50 join tableDTS2019122604117_51 join tableDTS2019122604117_52 join tableDTS2019122604117_53 join tableDTS2019122604117_54 join tableDTS2019122604117_55 join tableDTS2019122604117_56
225 join tableDTS2019122604117_57 join tableDTS2019122604117_58 join tableDTS2019122604117_59 join tableDTS2019122604117_60 join tableDTS2019122604117_61 join tableDTS2019122604117_62 join tableDTS2019122604117_63
226 join tableDTS2019122604117_64 join tableDTS2019122604117_65 join tableDTS2019122604117_66 join tableDTS2019122604117_67 join tableDTS2019122604117_68 join tableDTS2019122604117_69 join tableDTS2019122604117_70
227 join tableDTS2019122604117_71 join tableDTS2019122604117_72 join tableDTS2019122604117_73 join tableDTS2019122604117_74 join tableDTS2019122604117_75 join tableDTS2019122604117_76 join tableDTS2019122604117_77
228 join tableDTS2019122604117_78 join tableDTS2019122604117_79 join tableDTS2019122604117_80 join tableDTS2019122604117_81 join tableDTS2019122604117_82 join tableDTS2019122604117_83 join tableDTS2019122604117_84
229 join tableDTS2019122604117_85 join tableDTS2019122604117_86 join tableDTS2019122604117_87 join tableDTS2019122604117_88 join tableDTS2019122604117_89 join tableDTS2019122604117_90 join tableDTS2019122604117_91
230 join tableDTS2019122604117_92 join tableDTS2019122604117_93 join tableDTS2019122604117_94 join tableDTS2019122604117_95 join tableDTS2019122604117_96 join tableDTS2019122604117_97 join tableDTS2019122604117_98
231 join tableDTS2019122604117_99 join tableDTS2019122604117_100 join tableDTS2019122604117_101 join tableDTS2019122604117_102 join tableDTS2019122604117_103 join tableDTS2019122604117_104 join tableDTS2019122604117_105
232 join tableDTS2019122604117_106 join tableDTS2019122604117_107 join tableDTS2019122604117_108 join tableDTS2019122604117_109 join tableDTS2019122604117_110 join tableDTS2019122604117_111 join tableDTS2019122604117_112
233 join tableDTS2019122604117_113 join tableDTS2019122604117_114 join tableDTS2019122604117_115 join tableDTS2019122604117_116 join tableDTS2019122604117_117 join tableDTS2019122604117_118 join tableDTS2019122604117_119
234 join tableDTS2019122604117_120 join tableDTS2019122604117_121 join tableDTS2019122604117_122 join tableDTS2019122604117_123 join tableDTS2019122604117_124 join tableDTS2019122604117_125 join tableDTS2019122604117_126
235 join tableDTS2019122604117_127 join tableDTS2019122604117_128)tableDTS202001171020013,(select  1 from tableDTS2019122604117_1 join tableDTS2019122604117_2 join tableDTS2019122604117_3 join tableDTS2019122604117_4 join tableDTS2019122604117_5 join tableDTS2019122604117_6 join tableDTS2019122604117_7
236 join tableDTS2019122604117_8 join tableDTS2019122604117_9 join tableDTS2019122604117_10 join tableDTS2019122604117_11 join tableDTS2019122604117_12 join tableDTS2019122604117_13 join tableDTS2019122604117_14
237 join tableDTS2019122604117_15 join tableDTS2019122604117_16 join tableDTS2019122604117_17 join tableDTS2019122604117_18 join tableDTS2019122604117_19 join tableDTS2019122604117_20 join tableDTS2019122604117_21
238 join tableDTS2019122604117_22 join tableDTS2019122604117_23 join tableDTS2019122604117_24 join tableDTS2019122604117_25 join tableDTS2019122604117_26 join tableDTS2019122604117_27 join tableDTS2019122604117_28
239 join tableDTS2019122604117_29 join tableDTS2019122604117_30 join tableDTS2019122604117_31 join tableDTS2019122604117_32 join tableDTS2019122604117_33 join tableDTS2019122604117_34 join tableDTS2019122604117_35
240 join tableDTS2019122604117_36 join tableDTS2019122604117_37 join tableDTS2019122604117_38 join tableDTS2019122604117_39 join tableDTS2019122604117_40 join tableDTS2019122604117_41 join tableDTS2019122604117_42
241 join tableDTS2019122604117_43 join tableDTS2019122604117_44 join tableDTS2019122604117_45 join tableDTS2019122604117_46 join tableDTS2019122604117_47 join tableDTS2019122604117_48 join tableDTS2019122604117_49
242 join tableDTS2019122604117_50 join tableDTS2019122604117_51 join tableDTS2019122604117_52 join tableDTS2019122604117_53 join tableDTS2019122604117_54 join tableDTS2019122604117_55 join tableDTS2019122604117_56
243 join tableDTS2019122604117_57 join tableDTS2019122604117_58 join tableDTS2019122604117_59 join tableDTS2019122604117_60 join tableDTS2019122604117_61 join tableDTS2019122604117_62 join tableDTS2019122604117_63
244 join tableDTS2019122604117_64 join tableDTS2019122604117_65 join tableDTS2019122604117_66 join tableDTS2019122604117_67 join tableDTS2019122604117_68 join tableDTS2019122604117_69 join tableDTS2019122604117_70
245 join tableDTS2019122604117_71 join tableDTS2019122604117_72 join tableDTS2019122604117_73 join tableDTS2019122604117_74 join tableDTS2019122604117_75 join tableDTS2019122604117_76 join tableDTS2019122604117_77
246 join tableDTS2019122604117_78 join tableDTS2019122604117_79 join tableDTS2019122604117_80 join tableDTS2019122604117_81 join tableDTS2019122604117_82 join tableDTS2019122604117_83 join tableDTS2019122604117_84
247 join tableDTS2019122604117_85 join tableDTS2019122604117_86 join tableDTS2019122604117_87 join tableDTS2019122604117_88 join tableDTS2019122604117_89 join tableDTS2019122604117_90 join tableDTS2019122604117_91
248 join tableDTS2019122604117_92 join tableDTS2019122604117_93 join tableDTS2019122604117_94 join tableDTS2019122604117_95 join tableDTS2019122604117_96 join tableDTS2019122604117_97 join tableDTS2019122604117_98
249 join tableDTS2019122604117_99 join tableDTS2019122604117_100 join tableDTS2019122604117_101 join tableDTS2019122604117_102 join tableDTS2019122604117_103 join tableDTS2019122604117_104 join tableDTS2019122604117_105
250 join tableDTS2019122604117_106 join tableDTS2019122604117_107 join tableDTS2019122604117_108 join tableDTS2019122604117_109 join tableDTS2019122604117_110 join tableDTS2019122604117_111 join tableDTS2019122604117_112
251 join tableDTS2019122604117_113 join tableDTS2019122604117_114 join tableDTS2019122604117_115 join tableDTS2019122604117_116 join tableDTS2019122604117_117 join tableDTS2019122604117_118 join tableDTS2019122604117_119
252 join tableDTS2019122604117_120 join tableDTS2019122604117_121 join tableDTS2019122604117_122 join tableDTS2019122604117_123 join tableDTS2019122604117_124 join tableDTS2019122604117_125 join tableDTS2019122604117_126
253 join tableDTS2019122604117_127 join tableDTS2019122604117_128)tableDTS202001171020014,(select  1 from tableDTS2019122604117_1 join tableDTS2019122604117_2 join tableDTS2019122604117_3 join tableDTS2019122604117_4 join tableDTS2019122604117_5 join tableDTS2019122604117_6 join tableDTS2019122604117_7
254 join tableDTS2019122604117_8 join tableDTS2019122604117_9 join tableDTS2019122604117_10 join tableDTS2019122604117_11 join tableDTS2019122604117_12 join tableDTS2019122604117_13 join tableDTS2019122604117_14
255 join tableDTS2019122604117_15 join tableDTS2019122604117_16 join tableDTS2019122604117_17 join tableDTS2019122604117_18 join tableDTS2019122604117_19 join tableDTS2019122604117_20 join tableDTS2019122604117_21
256 join tableDTS2019122604117_22 join tableDTS2019122604117_23 join tableDTS2019122604117_24 join tableDTS2019122604117_25 join tableDTS2019122604117_26 join tableDTS2019122604117_27 join tableDTS2019122604117_28
257 join tableDTS2019122604117_29 join tableDTS2019122604117_30 join tableDTS2019122604117_31 join tableDTS2019122604117_32 join tableDTS2019122604117_33 join tableDTS2019122604117_34 join tableDTS2019122604117_35
258 join tableDTS2019122604117_36 join tableDTS2019122604117_37 join tableDTS2019122604117_38 join tableDTS2019122604117_39 join tableDTS2019122604117_40 join tableDTS2019122604117_41 join tableDTS2019122604117_42
259 join tableDTS2019122604117_43 join tableDTS2019122604117_44 join tableDTS2019122604117_45 join tableDTS2019122604117_46 join tableDTS2019122604117_47 join tableDTS2019122604117_48 join tableDTS2019122604117_49
260 join tableDTS2019122604117_50 join tableDTS2019122604117_51 join tableDTS2019122604117_52 join tableDTS2019122604117_53 join tableDTS2019122604117_54 join tableDTS2019122604117_55 join tableDTS2019122604117_56
261 join tableDTS2019122604117_57 join tableDTS2019122604117_58 join tableDTS2019122604117_59 join tableDTS2019122604117_60 join tableDTS2019122604117_61 join tableDTS2019122604117_62 join tableDTS2019122604117_63
262 join tableDTS2019122604117_64 join tableDTS2019122604117_65 join tableDTS2019122604117_66 join tableDTS2019122604117_67 join tableDTS2019122604117_68 join tableDTS2019122604117_69 join tableDTS2019122604117_70
263 join tableDTS2019122604117_71 join tableDTS2019122604117_72 join tableDTS2019122604117_73 join tableDTS2019122604117_74 join tableDTS2019122604117_75 join tableDTS2019122604117_76 join tableDTS2019122604117_77
264 join tableDTS2019122604117_78 join tableDTS2019122604117_79 join tableDTS2019122604117_80 join tableDTS2019122604117_81 join tableDTS2019122604117_82 join tableDTS2019122604117_83 join tableDTS2019122604117_84
265 join tableDTS2019122604117_85 join tableDTS2019122604117_86 join tableDTS2019122604117_87 join tableDTS2019122604117_88 join tableDTS2019122604117_89 join tableDTS2019122604117_90 join tableDTS2019122604117_91
266 join tableDTS2019122604117_92 join tableDTS2019122604117_93 join tableDTS2019122604117_94 join tableDTS2019122604117_95 join tableDTS2019122604117_96 join tableDTS2019122604117_97 join tableDTS2019122604117_98
267 join tableDTS2019122604117_99 join tableDTS2019122604117_100 join tableDTS2019122604117_101 join tableDTS2019122604117_102 join tableDTS2019122604117_103 join tableDTS2019122604117_104 join tableDTS2019122604117_105
268 join tableDTS2019122604117_106 join tableDTS2019122604117_107 join tableDTS2019122604117_108 join tableDTS2019122604117_109 join tableDTS2019122604117_110 join tableDTS2019122604117_111 join tableDTS2019122604117_112
269 join tableDTS2019122604117_113 join tableDTS2019122604117_114 join tableDTS2019122604117_115 join tableDTS2019122604117_116 join tableDTS2019122604117_117 join tableDTS2019122604117_118 join tableDTS2019122604117_119
270 join tableDTS2019122604117_120 join tableDTS2019122604117_121 join tableDTS2019122604117_122 join tableDTS2019122604117_123 join tableDTS2019122604117_124 join tableDTS2019122604117_125 join tableDTS2019122604117_126
271 join tableDTS2019122604117_127 join tableDTS2019122604117_128)tableDTS202001171020015,(select  1 from tableDTS2019122604117_1 join tableDTS2019122604117_2 join tableDTS2019122604117_3 join tableDTS2019122604117_4 join tableDTS2019122604117_5 join tableDTS2019122604117_6 join tableDTS2019122604117_7
272 join tableDTS2019122604117_8 join tableDTS2019122604117_9 join tableDTS2019122604117_10 join tableDTS2019122604117_11 join tableDTS2019122604117_12 join tableDTS2019122604117_13 join tableDTS2019122604117_14
273 join tableDTS2019122604117_15 join tableDTS2019122604117_16 join tableDTS2019122604117_17 join tableDTS2019122604117_18 join tableDTS2019122604117_19 join tableDTS2019122604117_20 join tableDTS2019122604117_21
274 join tableDTS2019122604117_22 join tableDTS2019122604117_23 join tableDTS2019122604117_24 join tableDTS2019122604117_25 join tableDTS2019122604117_26 join tableDTS2019122604117_27 join tableDTS2019122604117_28
275 join tableDTS2019122604117_29 join tableDTS2019122604117_30 join tableDTS2019122604117_31 join tableDTS2019122604117_32 join tableDTS2019122604117_33 join tableDTS2019122604117_34 join tableDTS2019122604117_35
276 join tableDTS2019122604117_36 join tableDTS2019122604117_37 join tableDTS2019122604117_38 join tableDTS2019122604117_39 join tableDTS2019122604117_40 join tableDTS2019122604117_41 join tableDTS2019122604117_42
277 join tableDTS2019122604117_43 join tableDTS2019122604117_44 join tableDTS2019122604117_45 join tableDTS2019122604117_46 join tableDTS2019122604117_47 join tableDTS2019122604117_48 join tableDTS2019122604117_49
278 join tableDTS2019122604117_50 join tableDTS2019122604117_51 join tableDTS2019122604117_52 join tableDTS2019122604117_53 join tableDTS2019122604117_54 join tableDTS2019122604117_55 join tableDTS2019122604117_56
279 join tableDTS2019122604117_57 join tableDTS2019122604117_58 join tableDTS2019122604117_59 join tableDTS2019122604117_60 join tableDTS2019122604117_61 join tableDTS2019122604117_62 join tableDTS2019122604117_63
280 join tableDTS2019122604117_64 join tableDTS2019122604117_65 join tableDTS2019122604117_66 join tableDTS2019122604117_67 join tableDTS2019122604117_68 join tableDTS2019122604117_69 join tableDTS2019122604117_70
281 join tableDTS2019122604117_71 join tableDTS2019122604117_72 join tableDTS2019122604117_73 join tableDTS2019122604117_74 join tableDTS2019122604117_75 join tableDTS2019122604117_76 join tableDTS2019122604117_77
282 join tableDTS2019122604117_78 join tableDTS2019122604117_79 join tableDTS2019122604117_80 join tableDTS2019122604117_81 join tableDTS2019122604117_82 join tableDTS2019122604117_83 join tableDTS2019122604117_84
283 join tableDTS2019122604117_85 join tableDTS2019122604117_86 join tableDTS2019122604117_87 join tableDTS2019122604117_88 join tableDTS2019122604117_89 join tableDTS2019122604117_90 join tableDTS2019122604117_91
284 join tableDTS2019122604117_92 join tableDTS2019122604117_93 join tableDTS2019122604117_94 join tableDTS2019122604117_95 join tableDTS2019122604117_96 join tableDTS2019122604117_97 join tableDTS2019122604117_98
285 join tableDTS2019122604117_99 join tableDTS2019122604117_100 join tableDTS2019122604117_101 join tableDTS2019122604117_102 join tableDTS2019122604117_103 join tableDTS2019122604117_104 join tableDTS2019122604117_105
286 join tableDTS2019122604117_106 join tableDTS2019122604117_107 join tableDTS2019122604117_108 join tableDTS2019122604117_109 join tableDTS2019122604117_110 join tableDTS2019122604117_111 join tableDTS2019122604117_112
287 join tableDTS2019122604117_113 join tableDTS2019122604117_114 join tableDTS2019122604117_115 join tableDTS2019122604117_116 join tableDTS2019122604117_117 join tableDTS2019122604117_118 join tableDTS2019122604117_119
288 join tableDTS2019122604117_120 join tableDTS2019122604117_121 join tableDTS2019122604117_122 join tableDTS2019122604117_123 join tableDTS2019122604117_124 join tableDTS2019122604117_125 join tableDTS2019122604117_126
289 join tableDTS2019122604117_127 join tableDTS2019122604117_128)tableDTS202001171020016;

1
------------

0 rows fetched.

SQL> drop table tableDTS2019122604117_1;

Succeed.

SQL> drop table tableDTS2019122604117_2;

Succeed.

SQL> drop table tableDTS2019122604117_3;

Succeed.

SQL> drop table tableDTS2019122604117_4;

Succeed.

SQL> drop table tableDTS2019122604117_5;

Succeed.

SQL> drop table tableDTS2019122604117_6;

Succeed.

SQL> drop table tableDTS2019122604117_7;

Succeed.

SQL> drop table tableDTS2019122604117_8;

Succeed.

SQL> drop table tableDTS2019122604117_9;

Succeed.

SQL> drop table tableDTS2019122604117_10;

Succeed.

SQL> drop table tableDTS2019122604117_11;

Succeed.

SQL> drop table tableDTS2019122604117_12;

Succeed.

SQL> drop table tableDTS2019122604117_13;

Succeed.

SQL> drop table tableDTS2019122604117_14;

Succeed.

SQL> drop table tableDTS2019122604117_15;

Succeed.

SQL> drop table tableDTS2019122604117_16;

Succeed.

SQL> drop table tableDTS2019122604117_17;

Succeed.

SQL> drop table tableDTS2019122604117_18;

Succeed.

SQL> drop table tableDTS2019122604117_19;

Succeed.

SQL> drop table tableDTS2019122604117_20;

Succeed.

SQL> drop table tableDTS2019122604117_21;

Succeed.

SQL> drop table tableDTS2019122604117_22;

Succeed.

SQL> drop table tableDTS2019122604117_23;

Succeed.

SQL> drop table tableDTS2019122604117_24;

Succeed.

SQL> drop table tableDTS2019122604117_25;

Succeed.

SQL> drop table tableDTS2019122604117_26;

Succeed.

SQL> drop table tableDTS2019122604117_27;

Succeed.

SQL> drop table tableDTS2019122604117_28;

Succeed.

SQL> drop table tableDTS2019122604117_29;

Succeed.

SQL> drop table tableDTS2019122604117_30;

Succeed.

SQL> drop table tableDTS2019122604117_31;

Succeed.

SQL> drop table tableDTS2019122604117_32;

Succeed.

SQL> drop table tableDTS2019122604117_33;

Succeed.

SQL> drop table tableDTS2019122604117_34;

Succeed.

SQL> drop table tableDTS2019122604117_35;

Succeed.

SQL> drop table tableDTS2019122604117_36;

Succeed.

SQL> drop table tableDTS2019122604117_37;

Succeed.

SQL> drop table tableDTS2019122604117_38;

Succeed.

SQL> drop table tableDTS2019122604117_39;

Succeed.

SQL> drop table tableDTS2019122604117_40;

Succeed.

SQL> drop table tableDTS2019122604117_41;

Succeed.

SQL> drop table tableDTS2019122604117_42;

Succeed.

SQL> drop table tableDTS2019122604117_43;

Succeed.

SQL> drop table tableDTS2019122604117_44;

Succeed.

SQL> drop table tableDTS2019122604117_45;

Succeed.

SQL> drop table tableDTS2019122604117_46;

Succeed.

SQL> drop table tableDTS2019122604117_47;

Succeed.

SQL> drop table tableDTS2019122604117_48;

Succeed.

SQL> drop table tableDTS2019122604117_49;

Succeed.

SQL> drop table tableDTS2019122604117_50;

Succeed.

SQL> drop table tableDTS2019122604117_51;

Succeed.

SQL> drop table tableDTS2019122604117_52;

Succeed.

SQL> drop table tableDTS2019122604117_53;

Succeed.

SQL> drop table tableDTS2019122604117_54;

Succeed.

SQL> drop table tableDTS2019122604117_55;

Succeed.

SQL> drop table tableDTS2019122604117_56;

Succeed.

SQL> drop table tableDTS2019122604117_57;

Succeed.

SQL> drop table tableDTS2019122604117_58;

Succeed.

SQL> drop table tableDTS2019122604117_59;

Succeed.

SQL> drop table tableDTS2019122604117_60;

Succeed.

SQL> drop table tableDTS2019122604117_61;

Succeed.

SQL> drop table tableDTS2019122604117_62;

Succeed.

SQL> drop table tableDTS2019122604117_63;

Succeed.

SQL> drop table tableDTS2019122604117_64;

Succeed.

SQL> drop table tableDTS2019122604117_65;

Succeed.

SQL> drop table tableDTS2019122604117_66;

Succeed.

SQL> drop table tableDTS2019122604117_67;

Succeed.

SQL> drop table tableDTS2019122604117_68;

Succeed.

SQL> drop table tableDTS2019122604117_69;

Succeed.

SQL> drop table tableDTS2019122604117_70;

Succeed.

SQL> drop table tableDTS2019122604117_71;

Succeed.

SQL> drop table tableDTS2019122604117_72;

Succeed.

SQL> drop table tableDTS2019122604117_73;

Succeed.

SQL> drop table tableDTS2019122604117_74;

Succeed.

SQL> drop table tableDTS2019122604117_75;

Succeed.

SQL> drop table tableDTS2019122604117_76;

Succeed.

SQL> drop table tableDTS2019122604117_77;

Succeed.

SQL> drop table tableDTS2019122604117_78;

Succeed.

SQL> drop table tableDTS2019122604117_79;

Succeed.

SQL> drop table tableDTS2019122604117_80;

Succeed.

SQL> drop table tableDTS2019122604117_81;

Succeed.

SQL> drop table tableDTS2019122604117_82;

Succeed.

SQL> drop table tableDTS2019122604117_83;

Succeed.

SQL> drop table tableDTS2019122604117_84;

Succeed.

SQL> drop table tableDTS2019122604117_85;

Succeed.

SQL> drop table tableDTS2019122604117_86;

Succeed.

SQL> drop table tableDTS2019122604117_87;

Succeed.

SQL> drop table tableDTS2019122604117_88;

Succeed.

SQL> drop table tableDTS2019122604117_89;

Succeed.

SQL> drop table tableDTS2019122604117_90;

Succeed.

SQL> drop table tableDTS2019122604117_91;

Succeed.

SQL> drop table tableDTS2019122604117_92;

Succeed.

SQL> drop table tableDTS2019122604117_93;

Succeed.

SQL> drop table tableDTS2019122604117_94;

Succeed.

SQL> drop table tableDTS2019122604117_95;

Succeed.

SQL> drop table tableDTS2019122604117_96;

Succeed.

SQL> drop table tableDTS2019122604117_97;

Succeed.

SQL> drop table tableDTS2019122604117_98;

Succeed.

SQL> drop table tableDTS2019122604117_99;

Succeed.

SQL> drop table tableDTS2019122604117_100;

Succeed.

SQL> drop table tableDTS2019122604117_101;

Succeed.

SQL> drop table tableDTS2019122604117_102;

Succeed.

SQL> drop table tableDTS2019122604117_103;

Succeed.

SQL> drop table tableDTS2019122604117_104;

Succeed.

SQL> drop table tableDTS2019122604117_105;

Succeed.

SQL> drop table tableDTS2019122604117_106;

Succeed.

SQL> drop table tableDTS2019122604117_107;

Succeed.

SQL> drop table tableDTS2019122604117_108;

Succeed.

SQL> drop table tableDTS2019122604117_109;

Succeed.

SQL> drop table tableDTS2019122604117_110;

Succeed.

SQL> drop table tableDTS2019122604117_111;

Succeed.

SQL> drop table tableDTS2019122604117_112;

Succeed.

SQL> drop table tableDTS2019122604117_113;

Succeed.

SQL> drop table tableDTS2019122604117_114;

Succeed.

SQL> drop table tableDTS2019122604117_115;

Succeed.

SQL> drop table tableDTS2019122604117_116;

Succeed.

SQL> drop table tableDTS2019122604117_117;

Succeed.

SQL> drop table tableDTS2019122604117_118;

Succeed.

SQL> drop table tableDTS2019122604117_119;

Succeed.

SQL> drop table tableDTS2019122604117_120;

Succeed.

SQL> drop table tableDTS2019122604117_121;

Succeed.

SQL> drop table tableDTS2019122604117_122;

Succeed.

SQL> drop table tableDTS2019122604117_123;

Succeed.

SQL> drop table tableDTS2019122604117_124;

Succeed.

SQL> drop table tableDTS2019122604117_125;

Succeed.

SQL> drop table tableDTS2019122604117_126;

Succeed.

SQL> drop table tableDTS2019122604117_127;

Succeed.

SQL> drop table tableDTS2019122604117_128;

Succeed.

SQL> -- DTS2019012907740 : join condition table visible
SQL> drop table if exists t_join_base_001;

Succeed.

SQL> 
SQL> create table t_join_base_001(
  2 id int,c_int int,c_real real,c_float float,c_decimal decimal,c_number number,
  3 c_char char(10),c_vchar varchar(10),c_vchar2 varchar2(100),c_clob clob,
  4 c_long clob,c_blob blob,c_raw raw(100),c_date date,c_timestamp timestamp)
  5 PARTITION BY RANGE(id)
  6 (
  7 PARTITION id1 VALUES LESS than(10),
  8 PARTITION id2 VALUES LESS than(100),
  9 PARTITION id3 VALUES LESS than(1000),
 10 PARTITION id4 VALUES LESS than(MAXVALUE)
 11 );

Succeed.

SQL> 
SQL> SELECT COUNT(*)
  2 FROM t_join_base_001 t1
  3 	JOIN t_join_base_001 t2
  4 	ON t1.id = t2.id
  5 		AND EXISTS (
  6 			SELECT t3.id
  7 			FROM t_join_base_001
  8 		)
  9 	JOIN t_join_base_001 t3 ON t3.id = t2.id;

CT-00601, [6:8]Sql syntax error: invalid table alias 'T3'
SQL> 
SQL> 
SQL> DROP TABLE IF EXISTS "T_D_BTSBRD_C2" CASCADE CONSTRAINTS;

Succeed.

SQL> CREATE TABLE "T_D_BTSBRD_C2"
  2 (
  3   "SAVEPOINTID" BINARY_INTEGER NOT NULL,
  4   "OPERTYPE" BINARY_INTEGER NOT NULL,
  5   "PLANID" BINARY_INTEGER NOT NULL,
  6   "CMENEID" BINARY_INTEGER NOT NULL,
  7   "BTSID" BINARY_INTEGER NOT NULL,
  8   "CN" BINARY_INTEGER NOT NULL,
  9   "SRN" BINARY_INTEGER NOT NULL,
 10   "SN" BINARY_INTEGER NOT NULL,
 11   "BT" BINARY_INTEGER,
 12   "CABINETNO" BINARY_INTEGER,
 13   "ACTSTATUS" BINARY_INTEGER,
 14   "UCBOARDCATEGORY" BINARY_INTEGER,
 15   "UCBTSCARDSTATE" BINARY_INTEGER,
 16   "CARDFREATTR" BINARY_INTEGER,
 17   "BOARDNO" BINARY_INTEGER,
 18   "DEFAULTADDED" BINARY_INTEGER,
 19   "ACTSTATUSFORUPGRADE" BINARY_INTEGER,
 20   "SBT" BINARY_INTEGER,
 21   "BLKSTATUS" BINARY_INTEGER,
 22   "LOGUPTID" VARCHAR(383 BYTE),
 23   "NBI_RECID" BINARY_INTEGER,
 24   "ISGENMML" BINARY_INTEGER,
 25   PRIMARY KEY("PLANID", "CMENEID", "BTSID", "CN", "SRN", "SN", "OPERTYPE", "SAVEPOINTID")
 26 )
 27 INITRANS 2
 28 MAXTRANS 255
 29 PCTFREE 8;

Succeed.

SQL> 
SQL> DROP TABLE IF EXISTS "T_P_BTS_C2" CASCADE CONSTRAINTS;

Succeed.

SQL> CREATE TABLE "T_P_BTS_C2"
  2 (
  3   "PLANID" BINARY_INTEGER NOT NULL,
  4   "CMENEID" BINARY_INTEGER NOT NULL,
  5   "BTSID" BINARY_INTEGER NOT NULL,
  6   "BTSNAME" VARCHAR(96 BYTE),
  7   "BTSTYPE" BINARY_INTEGER,
  8   "SEPERATEMODE" BINARY_INTEGER,
  9   "SERVICEMODE" BINARY_INTEGER,
 10   "FLEXABISMODE" BINARY_INTEGER,
 11   "ABISBYPASSMODE" BINARY_INTEGER,
 12   "ISCONFIGEDRING" BINARY_INTEGER,
 13   "MPMODE" BINARY_INTEGER,
 14   "ACTSTATUS" BINARY_INTEGER,
 15   "E1CONNREL" VARCHAR(27 BYTE),
 16   "FATHERSITEINDEX" BINARY_INTEGER,
 17   "ABISMODE" BINARY_INTEGER,
 18   "LOWERSITEID" BINARY_INTEGER,
 19   "WORKMODE" BINARY_INTEGER,
 20   "SITENOINHUB" BINARY_INTEGER,
 21   "UPOMLINPORTNO" BINARY_INTEGER,
 22   "UPOMLINTSNO" BINARY_INTEGER,
 23   "UPESLINPORTNO" BINARY_INTEGER,
 24   "UPESLINTSNO" BINARY_INTEGER,
 25   "TEI" BINARY_INTEGER,
 26   "OMLINHDLCINDEX" BINARY_INTEGER,
 27   "REVOMLINHDLCINDEX" BINARY_INTEGER,
 28   "OMLINHUBHDLCINDEX" BINARY_INTEGER,
 29   "OMLLOGICNO" BINARY_INTEGER,
 30   "REVOMLLOGICNO" BINARY_INTEGER,
 31   "CURE1INPORTNUM" NUMBER(17),
 32   "OBTAINDATAFLAG" BINARY_INTEGER,
 33   "BLKSTATUS" BINARY_INTEGER,
 34   "TSTURNINGOFFENABLE" BINARY_INTEGER,
 35   "BTSDESC" VARCHAR(96 BYTE),
 36   "MAINPORTNO" BINARY_INTEGER,
 37   "RESETBTSFLAG" BINARY_INTEGER,
 38   "MAINCTRLTRANBRDSYNFLAG" BINARY_INTEGER,
 39   "UPOMLOUTBSCSUBRACKNO" BINARY_INTEGER,
 40   "UPOMLOUTBSCSLOTNO" BINARY_INTEGER,
 41   "UPOMLOUTBSCE1PORTNO" BINARY_INTEGER,
 42   "UPOMLOUTBSCTSNO" BINARY_INTEGER,
 43   "NEWNAME" VARCHAR(96 BYTE),
 44   "HYBRIDGRPTAG" BINARY_INTEGER,
 45   "HYBRIDCABINETTYPE" VARCHAR(122 BYTE),
 46   "CTRLSRN" BINARY_INTEGER,
 47   "CTRLSN" BINARY_INTEGER,
 48   "CPUNO" BINARY_INTEGER,
 49   "REVINBTSPORTNO" BINARY_INTEGER,
 50   "REVINBTSTSNO" BINARY_INTEGER,
 51   "REVOUTBSCSUBRACKNO" BINARY_INTEGER,
 52   "REVOUTBSCSLOTNO" BINARY_INTEGER,
 53   "REVOUTBSCE1PORTNO" BINARY_INTEGER,
 54   "REVOUTBSCTSNO" BINARY_INTEGER,
 55   "TSPROPFLAG" BINARY_INTEGER,
 56   "TSASSIGNFLAG" BINARY_INTEGER,
 57   "MUTECHECKALLOWED" BINARY_INTEGER,
 58   "BACKUPUPESLINPORTNO" BINARY_INTEGER,
 59   "BACKUPUPESLINTSNO" BINARY_INTEGER,
 60   "BACKUPOUTBSCSUBRACKNO" BINARY_INTEGER,
 61   "BACKUPOUTBSCSLOTNO" BINARY_INTEGER,
 62   "BACKUPOUTBSCE1PORTNO" BINARY_INTEGER,
 63   "BACKUPOUTBSCTSNO" BINARY_INTEGER,
 64   "BACKUPHDLCINDEX" BINARY_INTEGER,
 65   "BACKUPHUBHDLCINDEX" BINARY_INTEGER,
 66   "BACKUPHDLCPIUINDEX" BINARY_INTEGER,
 67   "IPPHYTRANSTYPE" BINARY_INTEGER,
 68   "SRANMODE" BINARY_INTEGER,
 69   "CPUID" NUMBER(17),
 70   "FATHERDXXINDEX" BINARY_INTEGER,
 71   "SRANUPGRADEFLAG" BINARY_INTEGER,
 72   "RFUCFGBYSLOT" BINARY_INTEGER,
 73   "ACTSTATUSFORUPGRADE" BINARY_INTEGER,
 74   "SUPPORTDML" BINARY_INTEGER,
 75   "TSASSIGNOPTISW" BINARY_INTEGER,
 76   "TRANSRULE" BINARY_INTEGER,
 77   "MASTERTMUFLAG" BINARY_INTEGER,
 78   "BTS3012SRANMODE" BINARY_INTEGER,
 79   "MAINBMPMODE" BINARY_INTEGER,
 80   "RXUSERIESCAPACITY" BINARY_INTEGER,
 81   "INTRABBPOOLSWITCH" BINARY_INTEGER,
 82   "INNBBULICSHAEN" BINARY_INTEGER,
 83   "INNBBULICNUM" BINARY_INTEGER,
 84   "ISSUPPORTRFULOCGRP" BINARY_INTEGER,
 85   "TRANDETSWITCH" BINARY_INTEGER,
 86   "HOSTTYPE" BINARY_INTEGER,
 87   "LOCGRPCELLTYPE" BINARY_INTEGER,
 88   "SIGNALCREATETYPE" BINARY_INTEGER,
 89   "RSLLINKTYPE" BINARY_INTEGER,
 90   "CTRLSRNLAST" BINARY_INTEGER,
 91   "CTRLSNLAST" BINARY_INTEGER,
 92   "CPUNOLAST" BINARY_INTEGER,
 93   "HASCFGANTGRP" BINARY_INTEGER,
 94   "HASCFG4T4R" BINARY_INTEGER,
 95   "TSOFFSETGRP" BINARY_INTEGER,
 96   "ACTCELLLIST" VARCHAR(300 BYTE),
 97   "ACTTRXLIST" VARCHAR(1500 BYTE),
 98   "ACTTRXNAMELIST" CLOB,
 99   PRIMARY KEY("PLANID", "CMENEID", "BTSID")
100 )
101 INITRANS 2
102 MAXTRANS 255
103 PCTFREE 8;

Succeed.

SQL> 
SQL> DROP TABLE IF EXISTS "T_P_BTSCABINET_C2" CASCADE CONSTRAINTS;

Succeed.

SQL> CREATE TABLE "T_P_BTSCABINET_C2"
  2 (
  3   "PLANID" BINARY_INTEGER NOT NULL,
  4   "CMENEID" BINARY_INTEGER NOT NULL,
  5   "CN" BINARY_INTEGER NOT NULL,
  6   "BTSID" BINARY_INTEGER NOT NULL,
  7   "TYPE" BINARY_INTEGER,
  8   "CABINETGRPNO" BINARY_INTEGER,
  9   "ACTSTATUS" BINARY_INTEGER,
 10   "DEFAULTADDED" BINARY_INTEGER,
 11   "CABINETDESC" VARCHAR(300 BYTE),
 12   "SRANMODE" BINARY_INTEGER,
 13   "ACTSTATUSFORUPGRADE" BINARY_INTEGER,
 14   "ISMAINCABINET" BINARY_INTEGER,
 15   "MAINCABINETSRN" BINARY_INTEGER,
 16   "ISFAKECABINET" BINARY_INTEGER,
 17   "BBUSUBRACKTYPE" BINARY_INTEGER,
 18   PRIMARY KEY("PLANID", "CMENEID", "CN", "BTSID")
 19 )
 20 INITRANS 2
 21 MAXTRANS 255
 22 PCTFREE 8;

Succeed.

SQL> 
SQL> DROP TABLE IF EXISTS "T_BSCBTS_TRXBOARDLST" CASCADE CONSTRAINTS;

Succeed.

SQL> CREATE TABLE "T_BSCBTS_TRXBOARDLST"
  2 (
  3   "VERSION" VARCHAR(48 BYTE) NOT NULL,
  4   "BT" BINARY_INTEGER NOT NULL,
  5   "NAME" VARCHAR(96 BYTE),
  6   "CMEUID" BINARY_INTEGER NOT NULL,
  7   PRIMARY KEY("VERSION", "CMEUID")
  8 )
  9 INITRANS 2
 10 MAXTRANS 255
 11 PCTFREE 8;

Succeed.

SQL> CREATE INDEX "IDX_BSCBTS_TRXBOARDLST" ON "T_BSCBTS_TRXBOARDLST"("VERSION", "BT")
  2 INITRANS 2
  3 PCTFREE 8;

Succeed.

SQL> 
SQL> create global temporary table t_TEsp_Chk_DeleteBTSBRD_C21
  2 as (
  3             select  distinct 'C2' as Version, a.PlanID, a.CMENEID, 'CMENEID:' || to_char(a.CMENEID) || ',BTSID:' || to_char(a.BTSID) || ',CN:' || to_char(a.CN) || ',SRN:' || to_char(a.SRN) || ',SN:' || to_char(a.SN) as MoID, 'BTSBRD' as MoName, 'GEN_CM_MML_SITE_MML_TRX_BOARD_CANNOT_DELETE_ERROR' as ErrInfo, b.BTSNAME as ErrPara, b.BTSTYPE, a.BT, q.CN
  4             , c.BT as BT_C from t_D_BTSBRD_C2 a
  5              join t_P_BTS_C2 b on a.PlanID = b.PlanID and a.CMENEID = b.CMENEID and a.BTSID = b.BTSID
  6              left join t_P_BTSCABINET_C2 q on a.PlanID = q.PlanID and a.CMENEID = q.CMENEID and a.BTSID = q.BTSID
  7                  and a.CN = q.CN
  8              left join t_BSCBTS_TRXBoardLst c on c.VERSION = 'C2' and a.BT = c.BT where 1 = 0
  9 );

Succeed.

SQL> 
SQL> desc t_TEsp_Chk_DeleteBTSBRD_C21

Name                                Null?    Type                                
----------------------------------- -------- ------------------------------------
VERSION                                      CHAR(2 BYTE)                        
PLANID                              NOT NULL BINARY_INTEGER                      
CMENEID                             NOT NULL BINARY_INTEGER                      
MOID                                         VARCHAR(83 BYTE)                    
MONAME                                       CHAR(6 BYTE)                        
ERRINFO                                      CHAR(49 BYTE)                       
ERRPARA                                      VARCHAR(96 BYTE)                    
BTSTYPE                                      BINARY_INTEGER                      
BT                                           BINARY_INTEGER                      
CN                                           BINARY_INTEGER                      
BT_C                                         BINARY_INTEGER                      

SQL> DROP TABLE IF EXISTS t_TEsp_Chk_DeleteBTSBRD_C21;

Succeed.

SQL> DROP TABLE IF EXISTS "T_D_BTSBRD_C2" CASCADE CONSTRAINTS;

Succeed.

SQL> DROP TABLE IF EXISTS "T_P_BTS_C2" CASCADE CONSTRAINTS;

Succeed.

SQL> DROP TABLE IF EXISTS "T_P_BTSCABINET_C2" CASCADE CONSTRAINTS;

Succeed.

SQL> DROP TABLE IF EXISTS "T_BSCBTS_TRXBOARDLST" CASCADE CONSTRAINTS;

Succeed.

SQL> 
SQL> --DTS2020051406073
SQL> create or replace function json_arry(a int) return clob
  2 as
  3 s1 clob;
  4 s2 clob;
  5 i int :=1;
  6 begin
  7 for i in 1..a loop
  8 s1 := '"' || 'nice' || i || '"';
  9 s2 := s2 || ',' || s1;
 10 end loop;
 11 --dbe_output.print_line(s2);
 12
 13 return s2;
 14 end json_arry;
 15 /

Succeed.

SQL> select right(cast(json_arry(2) as varchar(8000)),length(cast(json_arry(2) as varchar(8000))) -1);

RIGHT(CAST(JSON_ARRY(2) AS VARCHAR(8000)),LENGTH(CAST(JSON_ARRY(
----------------------------------------------------------------
"nice1","nice2"

1 rows fetched.

SQL> select right(cast(json_arry(2) as varchar(8000)),15);

RIGHT(CAST(JSON_ARRY(2) AS VARCHAR(8000)),15)
----------------------------------------------------------------
"nice1","nice2"

1 rows fetched.

SQL>
SQL> SELECT
  2   1
  3 FROM
  4   ((SYS.SYS_TABLE_PARTS AS ref_0)
  5       FULL JOIN (SYS.DB_HISTOGRAMS AS ref_1 )
  6       ON (ref_0.AVGRLN = ref_1.ENDPOINT_VALUE ))
  7     INNER JOIN ((((SELECT
  8               (SELECT MAX(AUTO_COMMIT) FROM SYS.ADM_HIST_SESSION_SQL) AS C13
  9             FROM
 10               SYS.WSR_EXCEPTION_LOG AS ref_2) AS subq_1)
 11         FULL JOIN ((SYS.ADM_HIST_SQLAREA AS ref_6)
 12             LEFT JOIN (SYS.MY_IND_STATISTICS AS ref_11)
 13             ON (ref_6.IS_FREE <> ref_6.IS_FREE)
 14           )
 15         ON ( (false )))
 16       INNER JOIN (SYS.DV_ME AS ref_15)
 17       ON (ref_11.PARTITION_POSITION IS NOT NULL))
 18     ON ((true))
 19 WHERE ref_6.CLEANED < subq_1.C13;

1
------------

0 rows fetched.

SQL>
SQL> SELECT
  2   1
  3 FROM
  4   ((SYS.SYS_TABLE_PARTS AS ref_0)
  5       FULL JOIN (SYS.DB_HISTOGRAMS AS ref_1 )
  6       ON (ref_0.AVGRLN = ref_1.ENDPOINT_VALUE ))
  7     INNER JOIN ((
  8         ((SYS.ADM_HIST_SQLAREA AS ref_6)
  9              inner JOIN (SYS.MY_IND_STATISTICS AS ref_11)
 10             ON (ref_6.IS_FREE <> ref_6.IS_FREE)
 11           ) full join ((SELECT
 12               (SELECT MAX(AUTO_COMMIT) FROM SYS.ADM_HIST_SESSION_SQL) AS C13
 13             FROM
 14               SYS.WSR_EXCEPTION_LOG AS ref_2) AS subq_1)
 15         ON ( (false )))
 16       INNER JOIN (SYS.DV_ME AS ref_15)
 17       ON (true))
 18     ON ((true))
 19 WHERE subq_1.C13 is null;

1
------------

0 rows fetched.

SQL> 
SQL> -- parse error
SQL> drop table if exists parse_error;

Succeed.

SQL> create table parse_error(id number(8));

Succeed.

SQL> select *
  2 from parse_error
  3     LEFT OUTER JOIN (
  4         (
  5             (parse_error AS REF_6)
  6             JOIN (parse_error AS REF_7) 
  7             ON (REF_6.id = REF_7.id)
  8         )
  9         RIGHT OUTER JOIN (parse_error AS REF_8) ON TRUE
 10     ) ON true;
ID                                       ID                                       ID                                       ID                                      
---------------------------------------- ---------------------------------------- ---------------------------------------- ----------------------------------------

0 rows fetched.

SQL> 
SQL> -- package pending
SQL> drop table if exists dbe_diagnose_pending_t1;

Succeed.

SQL> drop table if exists dbe_diagnose_pending_t2;

Succeed.

SQL> create table dbe_diagnose_pending_t1
  2 (
  3     id number(8),
  4     c_int number(10)
  5 );

Succeed.

SQL> insert into dbe_diagnose_pending_t1 values(1,10);

1 rows affected.

SQL> commit;

Succeed.

SQL> 
SQL> create table dbe_diagnose_pending_t2
  2 (
  3     id number(8),
  4     c_int number(10),
  5     c_tab_name varchar(50),
  6     c_index_name varchar(50),
  7     c_lob clob
  8 )
  9 partition by range(id)
 10 (
 11     partition p1 values less than(10),
 12     partition p2 values less than(20),
 13     partition p3 values less than(MAXVALUE)
 14 );

Succeed.

SQL> create index dbe_diagnose_pending_t2_idx on dbe_diagnose_pending_t2(c_int);

Succeed.

SQL> 
SQL> insert into dbe_diagnose_pending_t2 values(1, 10, 'dbe_diagnose_pending_t2', 'dbe_diagnose_pending_t2_idx', 'yyyy');

1 rows affected.

SQL> insert into dbe_diagnose_pending_t2 values(10, 20, 'dbe_diagnose_pending_t2', 'dbe_diagnose_pending_t2_idx', 'ssss');

1 rows affected.

SQL> insert into dbe_diagnose_pending_t2 values(20, 30, 'dbe_diagnose_pending_t2', 'dbe_diagnose_pending_t2_idx', 'dddd');

1 rows affected.

SQL> commit;

Succeed.

SQL> 
SQL> -- sql_func_partitioned_indsize pending
SQL> select 
  2   ref_0.c_int as c1
  3 from 
  4     (dbe_diagnose_pending_t1 as ref_0)
  5     inner join (dbe_diagnose_pending_t2 as ref_1)
  6 where dbe_diagnose.dba_partitioned_indsize(0, 'sys', ref_1.c_tab_name, ref_1.c_index_name) is not null;

C1                                      
----------------------------------------
10                                      
10                                      
10                                      

3 rows fetched.

SQL> 
SQL> -- sql_func_partitioned_lobsize pending
SQL> select 
  2   ref_0.c_int as c1
  3 from 
  4     (dbe_diagnose_pending_t1 as ref_0)
  5     inner join (dbe_diagnose_pending_t2 as ref_1)
  6 where dbe_diagnose.dba_partitioned_lobsize(0, 'sys', ref_1.c_tab_name) is not null;

C1                                      
----------------------------------------
10                                      
10                                      
10                                      

3 rows fetched.

SQL> 
SQL> -- sql_func_partitioned_tabsize pending
SQL> select 
  2   ref_0.c_int as c1
  3 from 
  4     (dbe_diagnose_pending_t1 as ref_0)
  5     inner join (dbe_diagnose_pending_t2 as ref_1)
  6 where dbe_diagnose.dba_partitioned_tabsize(0, 'sys', ref_1.c_tab_name) is not null;

C1                                      
----------------------------------------
10                                      
10                                      
10                                      

3 rows fetched.

SQL> 
SQL> -- sql_func_table_partsize pending
SQL> select 
  2   ref_0.c_int as c1
  3 from 
  4     (dbe_diagnose_pending_t1 as ref_0)
  5     inner join (dbe_diagnose_pending_t2 as ref_1)
  6 where dbe_diagnose.dba_table_partsize(0, 'sys', ref_1.c_tab_name, 'p1') is not null;

C1                                      
----------------------------------------
10                                      
10                                      
10                                      

3 rows fetched.

SQL> 
SQL> -- sql_func_table_size pending
SQL> select 
  2   ref_0.c_int as c1
  3 from 
  4     (dbe_diagnose_pending_t1 as ref_0)
  5     inner join (dbe_diagnose_pending_t2 as ref_1)
  6 where dbe_diagnose.dba_table_size(0, 'sys', ref_1.c_tab_name) is not null;

C1                                      
----------------------------------------
10                                      
10                                      
10                                      

3 rows fetched.

SQL> 
SQL> drop table dbe_diagnose_pending_t1;

Succeed.

SQL> drop table dbe_diagnose_pending_t2;
Succeed.

SQL> 
SQL> -- empty join testcases
SQL> drop table if exists empty_mix_join_t1;

Succeed.

SQL> drop table if exists empty_mix_join_t2;

Succeed.

SQL> drop table if exists empty_mix_join_t3;

Succeed.

SQL> 
SQL> create table empty_mix_join_t1(col_1 number(8), col_2 number(8), col_3 varchar(10));

Succeed.

SQL> create index empty_mix_join_t1_idx1 on empty_mix_join_t1(col_1);

Succeed.

SQL> 
SQL> create table empty_mix_join_t2(col_1 number(8), col_2 number(8), col_3 varchar(10));

Succeed.

SQL> create index empty_mix_join_t2_idx2 on empty_mix_join_t2(col_1);

Succeed.

SQL> insert into empty_mix_join_t2 values(1,2,'test_1');

1 rows affected.

SQL> insert into empty_mix_join_t2 values(2,4,'test_2');

1 rows affected.

SQL> insert into empty_mix_join_t2 values(3,6,'test_3');

1 rows affected.

SQL> commit;

Succeed.

SQL> 
SQL> create table empty_mix_join_t3(col_1 number(8), col_2 number(8), col_3 varchar(10));

Succeed.

SQL> create index empty_mix_join_t3_idx3 on empty_mix_join_t3(col_1);

Succeed.

SQL> insert into empty_mix_join_t3 values(1,2,'test_1');

1 rows affected.

SQL> insert into empty_mix_join_t3 values(2,4,'test_2');

1 rows affected.

SQL> insert into empty_mix_join_t3 values(3,8,'test_3');

1 rows affected.

SQL> insert into empty_mix_join_t3 values(4,16,'test_4');

1 rows affected.

SQL> commit;

Succeed.

SQL> -- NL + NL_FULL
SQL> select /*+rule*/ t1.col_3 from empty_mix_join_t2 t2 inner join (empty_mix_join_t3 t3 full join empty_mix_join_t1 t1 on 1 = 1) on t1.col_1 = t3.col_1;

COL_3     
----------

0 rows fetched.

SQL> -- NL_LEFT + NL_FULL
SQL> select /*+rule*/ t1.col_3 from (empty_mix_join_t1 t1 full join empty_mix_join_t2 t2 on t1.col_1 != t2.col_1) left join empty_mix_join_t3 t3 on t1.col_1 = t3.col_1;

COL_3     
----------
          
          
          

3 rows fetched.

SQL> select /*+rule*/ t1.col_3 from (empty_mix_join_t2 t2 full join empty_mix_join_t3 t3 on t2.col_1 != t3.col_1) left join empty_mix_join_t1 t1 on t1.col_1 = t2.col_1;

COL_3     
----------
          
          
          
          
          
          
          
          
          

9 rows fetched.

SQL> -- NL_FULL + NL
SQL> select /*+rule*/ t1.col_3 from (empty_mix_join_t2 t2 inner join empty_mix_join_t1 t1 on t1.col_1 = t2.col_1) full join empty_mix_join_t3 t3 on t2.col_1 != t3.col_1;

COL_3     
----------
          
          
          
          

4 rows fetched.

SQL> select /*+rule*/ t1.col_3 from empty_mix_join_t1 t1 full join (empty_mix_join_t2 t2 inner join empty_mix_join_t3 t3 on t2.col_1 = t3.col_1) on t1.col_1 != t2.col_1;

COL_3     
----------
          
          
          

3 rows fetched.

SQL> -- NL_FULL + NL_LEFT
SQL> select /*+rule*/ t1.col_3 from (empty_mix_join_t1 t1 left join empty_mix_join_t2 t2 on t1.col_1 = t2.col_1) full join empty_mix_join_t3 t3 on t1.col_1 != t3.col_1;

COL_3     
----------
          
          
          
          

4 rows fetched.

SQL> select /*+rule*/ t1.col_3 from (empty_mix_join_t2 t2 left join empty_mix_join_t1 t1 on t1.col_1 = t2.col_1) full join empty_mix_join_t3 t3 on t2.col_1 != t3.col_1;

COL_3     
----------
          
          
          
          
          
          
          
          
          

9 rows fetched.

SQL> select /*+rule*/ t1.col_3 from empty_mix_join_t1 t1 full join (empty_mix_join_t2 t2 left join empty_mix_join_t3 t3 on t2.col_1 = t3.col_1) on t1.col_1 != t2.col_1;

COL_3     
----------
          
          
          

3 rows fetched.

SQL> select /*+rule*/ t1.col_3 from empty_mix_join_t2 t2 full join (empty_mix_join_t3 t3 left join empty_mix_join_t1 t1 on t1.col_1 = t3.col_1) on t2.col_1 != t3.col_1;

COL_3     
----------
          
          
          
          
          
          
          
          
          

9 rows fetched.

SQL> -- NL_FULL + NL_FULL
SQL> select /*+rule*/ t1.col_3 from (empty_mix_join_t1 t1 full join empty_mix_join_t2 t2 on t1.col_1 != t2.col_1) full join empty_mix_join_t3 t3 on t1.col_1 != t3.col_1;

COL_3     
----------
          
          
          
          
          
          
          

7 rows fetched.

SQL> select /*+rule*/ t1.col_3 from (empty_mix_join_t2 t2 full join empty_mix_join_t1 t1 on t1.col_1 != t2.col_1) full join empty_mix_join_t3 t3 on t2.col_1 != t3.col_1;

COL_3     
----------
          
          
          
          
          
          
          
          
          

9 rows fetched.

SQL> select /*+rule*/ t1.col_3 from (empty_mix_join_t2 t2 full join empty_mix_join_t3 t3 on t2.col_1 != t3.col_1) full join empty_mix_join_t1 t1 on t1.col_1 != t2.col_1;

COL_3     
----------
          
          
          
          
          
          
          
          
          

9 rows fetched.

SQL> select /*+rule*/ t1.col_3 from empty_mix_join_t1 t1 full join (empty_mix_join_t2 t2 full join empty_mix_join_t3 t3 on t2.col_1 != t3.col_1) on t1.col_1 != t2.col_1;

COL_3     
----------
          
          
          
          
          
          
          
          
          

9 rows fetched.

SQL> select /*+rule*/ t1.col_3 from empty_mix_join_t2 t2 full join (empty_mix_join_t1 t1 full join empty_mix_join_t3 t3 on t1.col_1 != t3.col_1) on t1.col_1 != t2.col_1;

COL_3     
----------
          
          
          
          
          
          
          

7 rows fetched.

SQL> select /*+rule*/ t1.col_3 from empty_mix_join_t2 t2 full join (empty_mix_join_t3 t3 full join empty_mix_join_t1 t1 on t1.col_1 != t3.col_1) on t2.col_1 != t3.col_1;

COL_3     
----------
          
          
          
          
          
          
          
          
          

9 rows fetched.

SQL> -- NL_FULL + HASH
SQL> select /*+rule*/ t1.col_3 from (empty_mix_join_t1 t1 inner join empty_mix_join_t2 t2 on t1.col_2 = t2.col_2) full join empty_mix_join_t3 t3 on t2.col_1 != t3.col_1;

COL_3     
----------
          
          
          
          

4 rows fetched.

SQL> select /*+rule*/ t1.col_3 from (empty_mix_join_t2 t2 inner join empty_mix_join_t1 t1 on t1.col_2 = t2.col_2) full join empty_mix_join_t3 t3 on t2.col_1 != t3.col_1;

COL_3     
----------
          
          
          
          

4 rows fetched.

SQL> -- NL_FULL + HASH_LEFT
SQL> select /*+rule*/ t1.col_3 from (empty_mix_join_t1 t1 left join empty_mix_join_t2 t2 on t1.col_2 = t2.col_2) full join empty_mix_join_t3 t3 on t2.col_1 != t3.col_1;

COL_3     
----------
          
          
          
          

4 rows fetched.

SQL> select /*+rule*/ t1.col_3 from (empty_mix_join_t2 t2 left join empty_mix_join_t1 t1 on t1.col_2 = t2.col_2) full join empty_mix_join_t3 t3 on t2.col_1 != t3.col_1;

COL_3     
----------
          
          
          
          
          
          
          
          
          

9 rows fetched.

SQL> select /*+rule*/ t1.col_3 from empty_mix_join_t1 t1 full join (empty_mix_join_t2 t2 left join empty_mix_join_t3 t3 on t2.col_2 = t3.col_2) on t1.col_1 != t2.col_1;

COL_3     
----------
          
          
          

3 rows fetched.

SQL> select /*+rule*/ t1.col_3 from empty_mix_join_t2 t2 full join (empty_mix_join_t3 t3 left join empty_mix_join_t1 t1 on t1.col_2 = t3.col_2) on t2.col_1 != t3.col_1;

COL_3     
----------
          
          
          
          
          
          
          
          
          

9 rows fetched.

SQL> -- HASH_LEFT + NL_FULL
SQL> select /*+rule*/ t1.col_3 from (empty_mix_join_t1 t1 full join empty_mix_join_t2 t2 on t1.col_1 != t2.col_1) left join empty_mix_join_t3 t3 on t1.col_2 = t3.col_2;

COL_3     
----------
          
          
          

3 rows fetched.

SQL> select /*+rule*/ t1.col_3 from (empty_mix_join_t2 t2 full join empty_mix_join_t3 t3 on t2.col_1 != t3.col_1) left join empty_mix_join_t1 t1 on t1.col_2 = t2.col_2;

COL_3     
----------
          
          
          
          
          
          
          
          
          

9 rows fetched.

SQL> -- HASH_SEMI + NL_FULL
SQL> select /*+rule*/ t1.col_3 from (empty_mix_join_t1 t1 full join empty_mix_join_t3 t3 on t1.col_1 != t3.col_1) where exists(select * from empty_mix_join_t2 t2);

COL_3     
----------
          
          
          
          

4 rows fetched.

SQL> -- HASH_ANTI + NL_FULL
SQL> select /*+rule*/ t2.col_3 from (empty_mix_join_t2 t2 full join empty_mix_join_t3 t3 on t2.col_1 != t3.col_1) where not exists(select * from empty_mix_join_t1 t1);

COL_3     
----------
test_1    
test_1    
test_1    
test_2    
test_2    
test_2    
test_3    
test_3    
test_3    

9 rows fetched.

SQL> -- HASH_FULL + NL
SQL> select /*+rule*/ t1.col_3 from empty_mix_join_t2 t2 full join (empty_mix_join_t1 t1 inner join empty_mix_join_t3 t3 on t1.col_1 = t3.col_1) on t1.col_2 = t2.col_2;

COL_3     
----------

0 rows fetched.

SQL> -- HASH_FULL + MERGE_JOIN
SQL> select /*+rule*/ t1.col_3 from empty_mix_join_t2 t2 full join (empty_mix_join_t1 t1 inner join empty_mix_join_t3 t3 on t1.col_2 > t3.col_2) on t1.col_2 = t2.col_2;

COL_3     
----------

0 rows fetched.

SQL> select /*+rule*/ t1.col_3 from empty_mix_join_t2 t2 full join (empty_mix_join_t3 t3 inner join empty_mix_join_t1 t1 on t1.col_2 > t3.col_2) on t1.col_2 = t2.col_2;

COL_3     
----------

0 rows fetched.

SQL> -- NL_FULL + NL
SQL> select /*+rule*/ t1.col_3 from (empty_mix_join_t1 t1 inner join empty_mix_join_t2 t2 on t1.col_1 = t2.col_1) full join empty_mix_join_t3 t3 on t2.col_1 != t3.col_1;

COL_3     
----------
          
          
          
          

4 rows fetched.

SQL> -- NL_FULL + MERGE_JOIN
SQL> select /*+rule*/ t1.col_3 from (empty_mix_join_t1 t1 inner join empty_mix_join_t2 t2 on t1.col_2 > t2.col_2) full join empty_mix_join_t3 t3 on t2.col_1 != t3.col_1;

COL_3     
----------
          
          
          
          

4 rows fetched.

SQL> select /*+rule*/ t1.col_3 from (empty_mix_join_t2 t2 inner join empty_mix_join_t1 t1 on t1.col_2 > t2.col_2) full join empty_mix_join_t3 t3 on t2.col_1 != t3.col_1;

COL_3     
----------
          
          
          
          

4 rows fetched.

SQL> 
SQL> drop table empty_mix_join_t1;

Succeed.

SQL> drop table empty_mix_join_t2;

Succeed.

SQL> drop table empty_mix_join_t3;

Succeed.

SQL> 
SQL> DROP TABLE IF EXISTS "T_DBLINK_001";

Succeed.

SQL> CREATE TABLE "T_DBLINK_001"
  2 (
  3   "COL_10" CHAR(30 BYTE),
  4   "COL_16" TIMESTAMP(6),
  5   "COL_18" TIMESTAMP(6) WITH LOCAL TIME ZONE
  6 );

Succeed.

SQL> DROP TABLE IF EXISTS "HASH_CSF_TABLE_001";

Succeed.

SQL> CREATE TABLE "HASH_CSF_TABLE_001"
  2 (
  3   "C_FIRST" VARCHAR(16 BYTE) NOT NULL,
  4   "C_STREET_1" VARCHAR(20 BYTE) NOT NULL,
  5   "C_STREET_2" VARCHAR(20 BYTE),
  6   "C_START" DATE NOT NULL,
  7   "C_YTD_PAYMENT" BINARY_DOUBLE NOT NULL,
  8   "C_END" DATE NOT NULL
  9 );

Succeed.

SQL> DROP TABLE IF EXISTS "SP_OUT_PARAM_INSTANCE_HIS";

Succeed.

SQL> CREATE TABLE "SP_OUT_PARAM_INSTANCE_HIS"
  2 (
  3   "SEQ_ID" NUMBER(20) NOT NULL
  4 );

Succeed.

SQL> INSERT INTO "T_DBLINK_001" values('@@@@@@@abc                    ','2019-01-03 14:58:54.000000','2019-08-18 15:36:00.000000');

1 rows affected.

SQL> INSERT INTO "T_DBLINK_001" values('@@@@@@@abc                    ','2019-01-03 14:58:54.000000','2019-08-19 15:36:00.000000');

1 rows affected.

SQL> INSERT INTO "T_DBLINK_001" values('@@@@@@@abc                    ','2019-01-03 14:58:54.000000','2019-08-20 15:36:00.000000');

1 rows affected.

SQL> INSERT INTO "T_DBLINK_001" values('@@@@@@@abc                    ','2019-01-03 14:58:54.000000','2019-08-21 15:36:00.000000');

1 rows affected.

SQL> INSERT INTO "T_DBLINK_001" values('@@@@@@@abc                    ','2019-01-03 14:58:54.000000','2019-08-18 15:36:00.000000');

1 rows affected.

SQL> INSERT INTO "T_DBLINK_001" values('@@@@@@@abc                    ','2019-01-03 14:58:54.000000','2019-08-19 15:36:00.000000');

1 rows affected.

SQL> INSERT INTO "T_DBLINK_001" values('@@@@@@@abc                    ','2019-01-03 14:58:54.000000','2019-08-20 15:36:00.000000');

1 rows affected.

SQL> INSERT INTO "T_DBLINK_001" values('@@@@@@@abc                    ','2019-01-03 14:58:54.000000','2019-08-21 15:36:00.000000');

1 rows affected.

SQL> INSERT INTO "T_DBLINK_001" values('@@@@@@@abc                    ','2019-01-03 14:58:54.000000','2019-08-18 15:36:00.000000');

1 rows affected.

SQL> INSERT INTO "T_DBLINK_001" values('@@@@@@@abc                    ','2019-01-03 14:58:54.000000','2019-08-19 15:36:00.000000');

1 rows affected.

SQL> INSERT INTO "T_DBLINK_001" values('@@@@@@@abc                    ','2019-01-03 14:58:54.000000','2019-08-20 15:36:00.000000');

1 rows affected.

SQL> INSERT INTO "T_DBLINK_001" values('@@@@@@@abc                    ','2019-01-03 14:58:54.000000','2019-08-21 15:36:00.000000');

1 rows affected.

SQL> INSERT INTO "T_DBLINK_001" values('@@@@@@@abc                    ','2019-01-03 14:58:54.000000','2019-08-18 15:36:00.000000');

1 rows affected.

SQL> INSERT INTO "T_DBLINK_001" values('@@@@@@@abc                    ','2019-01-03 14:58:54.000000','2019-08-19 15:36:00.000000');

1 rows affected.

SQL> INSERT INTO "T_DBLINK_001" values('@@@@@@@abc                    ','2019-01-03 14:58:54.000000','2019-08-20 15:36:00.000000');

1 rows affected.

SQL> INSERT INTO "T_DBLINK_001" values('@@@@@@@abc                    ','2019-01-03 14:58:54.000000','2019-08-21 15:36:00.000000');

1 rows affected.

SQL> declare
  2 i int;
  3 begin
  4  i := 1;
  5 loop
  6  insert into HASH_CSF_TABLE_001 values('iscmRDs83aa','RGF1AB','RGF3ABC','2018-01-03 10:51:47',i,'2018-01-03 10:51:47');
  7 i := i+1;
  8  exit when i>800;
  9 end loop;
 10  commit;
 11  end;
 12 /

PL/SQL procedure successfully completed.

SQL> INSERT INTO "SP_OUT_PARAM_INSTANCE_HIS" values(6689837152733186);

1 rows affected.

SQL> COMMIT;

Succeed.

SQL> 
SQL> alter system set HASH_AREA_SIZE = 0;

Succeed.

SQL> SELECT 
  2   REF_0.NEWCOL_1 AS C1
  3   FROM((HASH_CSF_TABLE_001 UNPIVOT ((NEWCOL_0, NEWCOL_1, NEWCOL_2)
  4   FOR (FORCOL_0)
  5   IN ((C_YTD_PAYMENT, C_START, C_STREET_2) AS ('UNPIVOT_VALUE_0'), (C_YTD_PAYMENT, C_END, C_STREET_1), (C_YTD_PAYMENT, C_START, C_STREET_1), (C_YTD_PAYMENT, C_START, C_STREET_2) AS ('UNPIVOT_VALUE_0'), (C_YTD_PAYMENT, C_END, C_STREET_2), (C_YTD_PAYMENT, C_END, C_STREET_1))) AS REF_0) 
  6   FULL OUTER JOIN(SP_OUT_PARAM_INSTANCE_HIS AS REF_1) 
  7   ON(TRUE)) 
  8   RIGHT JOIN(T_DBLINK_001 UNPIVOT INCLUDE NULLS ((NEWCOL_0, NEWCOL_1)
  9   FOR (FORCOL_0, FORCOL_1, FORCOL_2)
 10   IN ((COL_18, COL_16) AS ('UNPIVOT_VALUE_0', 'UNPIVOT_VALUE_1', 'UNPIVOT_VALUE_2'))) AS REF_2) 
 11   ON(REF_0.C_FIRST = REF_2.COL_10);

C1                    
----------------------
                      
                      
                      
                      
                      
                      
                      
                      
                      
                      
                      
                      
                      
                      
                      
                      

16 rows fetched.

SQL> alter system set HASH_AREA_SIZE = 4M;

Succeed.

SQL> DROP TABLE "T_DBLINK_001";

Succeed.

SQL> DROP TABLE "HASH_CSF_TABLE_001";

Succeed.

SQL> DROP TABLE "SP_OUT_PARAM_INSTANCE_HIS";

Succeed.
