

SQL> select * from nls_session_parameters;

PARAMETER                      VALUE                                                       
------------------------------ ------------------------------------------------------------
NLS_DATE_FORMAT                YYYY-MM-DD HH24:MI:SS                                       
NLS_TIMESTAMP_FORMAT           YYYY-MM-DD HH24:MI:SS.FF                                    
NLS_TIMESTAMP_TZ_FORMAT        YYYY-MM-DD HH24:MI:SS.FF TZH:TZM                            
NLS_TIME_FORMAT                HH:MI:SS.FF AM                                              
NLS_TIME_TZ_FORMAT             HH:MI:SS.FF AM TZR                                          

5 rows fetched.

SQL> 
SQL> select to_char(to_date('2018-06-28 13:14:15', 'YYYY-MM-DD HH24:MI:SS')) from dual;

TO_CHAR(TO_DATE('2018-06-28 13:14:15', 'YYYY-MM-DD HH24:MI:SS'))
----------------------------------------------------------------
2018-06-28 13:14:15                                             

1 rows fetched.

SQL> alter session set nls_date_format = 'YYYY/MM/DD HH24/MI/SS';

Succeed.

SQL> select to_char(to_date('2018-06-28 13:14:15', 'YYYY-MM-DD HH24:MI:SS')) from dual;

TO_CHAR(TO_DATE('2018-06-28 13:14:15', 'YYYY-MM-DD HH24:MI:SS'))
----------------------------------------------------------------
2018/06/28 13/14/15                                             

1 rows fetched.

SQL> select to_char(to_date('2018/06/28 13/14/15')) from dual;

TO_CHAR(TO_DATE('2018/06/28 13/14/15'))         
------------------------------------------------
2018/06/28 13/14/15                             

1 rows fetched.

SQL> 
SQL> select to_char(to_timestamp('2018-06-28 13:14:15.66666', 'YYYY-MM-DD HH24:MI:SS.FF5')) from dual;

TO_CHAR(TO_TIMESTAMP('2018-06-28 13:14:15.66666', 'YYYY-MM-DD HH
----------------------------------------------------------------
2018-06-28 13:14:15.666660                                      

1 rows fetched.

SQL> alter session set nls_timestamp_format = 'YYYY-MM/DD HH24-MI-SS.FF5';

Succeed.

SQL> select to_char(to_timestamp('2018-06-28 13:14:15.66666', 'YYYY-MM-DD HH24:MI:SS.FF5')) from dual;

TO_CHAR(TO_TIMESTAMP('2018-06-28 13:14:15.66666', 'YYYY-MM-DD HH
----------------------------------------------------------------
2018-06/28 13-14-15.66666                                       

1 rows fetched.

SQL> select to_char(to_timestamp('2018-06/28 13-14-15.6666')) from dual;

TO_CHAR(TO_TIMESTAMP('2018-06/28 13-14-15.6666'))
-------------------------------------------------
2018-06/28 13-14-15.66660                        

1 rows fetched.

SQL> select to_char(to_timestamp('2018-06/28 13-14-15.66666')) from dual;

TO_CHAR(TO_TIMESTAMP('2018-06/28 13-14-15.66666'))
--------------------------------------------------
2018-06/28 13-14-15.66666                         

1 rows fetched.

SQL> 
SQL> select * from nls_session_parameters;

PARAMETER                      VALUE                                                       
------------------------------ ------------------------------------------------------------
NLS_DATE_FORMAT                YYYY/MM/DD HH24/MI/SS                                       
NLS_TIMESTAMP_FORMAT           YYYY-MM/DD HH24-MI-SS.FF5                                   
NLS_TIMESTAMP_TZ_FORMAT        YYYY-MM-DD HH24:MI:SS.FF TZH:TZM                            
NLS_TIME_FORMAT                HH:MI:SS.FF AM                                              
NLS_TIME_TZ_FORMAT             HH:MI:SS.FF AM TZR                                          

5 rows fetched.

SQL> 
SQL> alter session set nls_timestamp_format = '                           "213123"YYYY-MM/DD HH24-MI-SS.FF6';

Succeed.

SQL> select to_char(to_timestamp('2018-06-28 13:14:15.66666', 'YYYY-MM-DD HH24:MI:SS.FF5')) from dual;

TO_CHAR(TO_TIMESTAMP('2018-06-28 13:14:15.66666', 'YYYY-MM-DD HH
----------------------------------------------------------------
2131232018-06/28 13-14-15.666660                                

1 rows fetched.

SQL> alter session set nls_timestamp_format = '"213asdfsddddddddddddddddddddddddddddddddddddddddddddddddddddddddddddddddddddddddddddddddd123"YYYY-MM/DD HH24-MI-SS.FF6';

CT-00210, The value of parameter "NLS_TIMESTAMP_FORMAT" is too large, at most 60
SQL> select to_char(to_timestamp('2018-06-28 13:14:15.66666', 'YYYY-MM-DD HH24:MI:SS.FF5')) from dual;

TO_CHAR(TO_TIMESTAMP('2018-06-28 13:14:15.66666', 'YYYY-MM-DD HH
----------------------------------------------------------------
2131232018-06/28 13-14-15.666660                                

1 rows fetched.

SQL> alter session set nls_date_format = 'YYYY-MM-DD HH:MI:SS SS';

CT-00119, There were duplicate strings in the time format
SQL> alter session set nls_date_format = 'YYYY-MM-DD HH:MI:SS qq';

CT-00105, Invalid format of date
SQL> alter session set nls_date_format = 'YYYY-MM-DD HH:MI:SS asx';

CT-00105, Invalid format of datetime
SQL> alter session set nls_date_format = 'YYYY-MM-DD HH:MI:SS.FF';

CT-00105, Invalid format of date
SQL> 
SQL> alter session set nls_timestamp_format = 'YYYY-MM-DD HH:MI:SS.FFFF3';

CT-00119, There were duplicate strings in the time format
SQL> alter session set nls_timestamp_format = 'YYYY-MM-DD HH:MI:SS.FF Q';

CT-00105, Invalid format of timestamp
SQL> alter session set nls_timestamp_format = 'YYYY-MM-DD HH:MI:SS.FF asx';

CT-00105, Invalid format of datetime
SQL> alter session set nls_timestamp_format = 'YYYY-MM-DD HH:MI:SS.FF';

Succeed.

SQL> 
SQL> alter session set nls_date_format = 'YYYY-MM-DD HH:MI:SS"abcdefg"';

Succeed.

SQL> select to_char(to_date('2018-06-28 13:14:15', 'YYYY-MM-DD HH24:MI:SS')) from dual;

TO_CHAR(TO_DATE('2018-06-28 13:14:15', 'YYYY-MM-DD HH24:MI:SS'))
----------------------------------------------------------------
2018-06-28 01:14:15abcdefg                                      

1 rows fetched.

SQL> select to_date('2018-06-28 13:14:15', 'YYYY-MM-DD HH24:MI:SS') from dual;

TO_DATE('2018-06-28 13:14:15', 'YYYY-MM-DD HH24:MI:SS')
-------------------------------------------------------
2018-06-28 01:14:15abcdefg                             

1 rows fetched.

SQL> 
SQL> alter session set nls_date_format = '"This is a text in date format! ^_^"';

Succeed.

SQL> select sysdate from dual;

SYSDATE               
----------------------
This is a text in date format! ^_^

1 rows fetched.

SQL> select to_char(sysdate) from dual;

TO_CHAR(SYSDATE)                                
------------------------------------------------
This is a text in date format! ^_^              

1 rows fetched.

SQL> 


