

SQL> DROP TABLE IF EXISTS bms_frm_MemTable;

Succeed.

SQL> CREATE TABLE bms_frm_MemTable
  2 (
  3   strTableLabel VARCHAR(64 BYTE) NOT NULL,
  4   strColumnName VARCHAR(64 BYTE) NOT NULL,
  5   iIndexGroupID BINARY_INTEGER NOT NULL DEFAULT -1,
  6   iReserve BINARY_INTEGER,
  7   strReserve VARCHAR(64 BYTE),
  8   PRIMARY KEY(strTableLabel, strColumnName, iIndexGroupID)
  9 )
 10 TABLESPACE USERS
 11 INITRANS 2
 12 MAXTRANS 255
 13 PCTFREE 8;

Succeed.

SQL> INSERT INTO bms_frm_MemTable (strTableLabel,strColumnName,iIndexGroupID,iReserve,strReserve) values('bms_cpesvc_mission','ResID2',9,0,null);

1 rows affected.

SQL> INSERT INTO bms_frm_MemTable (strTableLabel,strColumnName,iIndexGroupID,iReserve,strReserve) values('bms_cpesvc_mission','ResID2',8,0,null);

1 rows affected.

SQL> INSERT INTO bms_frm_MemTable (strTableLabel,strColumnName,iIndexGroupID,iReserve,strReserve) values('bms_cpesvc_mission','ResID2',7,0,null);

1 rows affected.

SQL> INSERT INTO bms_frm_MemTable (strTableLabel,strColumnName,iIndexGroupID,iReserve,strReserve) values('bms_cpesvc_mission','ResID1',12,0,null);

1 rows affected.

SQL> INSERT INTO bms_frm_MemTable (strTableLabel,strColumnName,iIndexGroupID,iReserve,strReserve) values('bms_cpesvc_mission','ResID1',11,0,null);

1 rows affected.

SQL> INSERT INTO bms_frm_MemTable (strTableLabel,strColumnName,iIndexGroupID,iReserve,strReserve) values('bms_cpesvc_mission','ResID1',10,0,null);

1 rows affected.

SQL> INSERT INTO bms_frm_MemTable (strTableLabel,strColumnName,iIndexGroupID,iReserve,strReserve) values('bms_cpesvc_mission','ResID1',9,0,null);

1 rows affected.

SQL> INSERT INTO bms_frm_MemTable (strTableLabel,strColumnName,iIndexGroupID,iReserve,strReserve) values('bms_cpesvc_mission','ResID1',8,0,null);

1 rows affected.

SQL> INSERT INTO bms_frm_MemTable (strTableLabel,strColumnName,iIndexGroupID,iReserve,strReserve) values('bms_cpesvc_mission','ResID1',7,0,null);

1 rows affected.

SQL> INSERT INTO bms_frm_MemTable (strTableLabel,strColumnName,iIndexGroupID,iReserve,strReserve) values('bms_cpesvc_mission','ResID0',12,0,null);

1 rows affected.

SQL> INSERT INTO bms_frm_MemTable (strTableLabel,strColumnName,iIndexGroupID,iReserve,strReserve) values('bms_cpesvc_mission','ResID0',11,0,null);

1 rows affected.

SQL> INSERT INTO bms_frm_MemTable (strTableLabel,strColumnName,iIndexGroupID,iReserve,strReserve) values('bms_cpesvc_mission','ResID0',10,0,null);

1 rows affected.

SQL> INSERT INTO bms_frm_MemTable (strTableLabel,strColumnName,iIndexGroupID,iReserve,strReserve) values('bms_cpesvc_mission','ResID0',9,0,null);

1 rows affected.

SQL> INSERT INTO bms_frm_MemTable (strTableLabel,strColumnName,iIndexGroupID,iReserve,strReserve) values('bms_cpesvc_mission','ResID0',8,0,null);

1 rows affected.

SQL> INSERT INTO bms_frm_MemTable (strTableLabel,strColumnName,iIndexGroupID,iReserve,strReserve) values('bms_cpesvc_mission','ResID0',7,0,null);

1 rows affected.

SQL> INSERT INTO bms_frm_MemTable (strTableLabel,strColumnName,iIndexGroupID,iReserve,strReserve) values('bms_cpesvc_mission','ResID0',6,0,null);

1 rows affected.

SQL> INSERT INTO bms_frm_MemTable (strTableLabel,strColumnName,iIndexGroupID,iReserve,strReserve) values('bms_cpesvc_mission','ResID0',5,0,null);

1 rows affected.

SQL> INSERT INTO bms_frm_MemTable (strTableLabel,strColumnName,iIndexGroupID,iReserve,strReserve) values('bms_cpesvc_mission','ResID0',4,0,null);

1 rows affected.

SQL> INSERT INTO bms_frm_MemTable (strTableLabel,strColumnName,iIndexGroupID,iReserve,strReserve) values('bms_cpesvc_mission','RebootNum',-1,0,null);

1 rows affected.

SQL> INSERT INTO bms_frm_MemTable (strTableLabel,strColumnName,iIndexGroupID,iReserve,strReserve) values('bms_cpesvc_mission','ProtocolType',-1,0,null);

1 rows affected.

SQL> INSERT INTO bms_frm_MemTable (strTableLabel,strColumnName,iIndexGroupID,iReserve,strReserve) values('bms_cpesvc_mission','ProtocolPort',-1,0,null);

1 rows affected.

SQL> INSERT INTO bms_frm_MemTable (strTableLabel,strColumnName,iIndexGroupID,iReserve,strReserve) values('bms_cpesvc_mission','Password',-1,0,null);

1 rows affected.

SQL> INSERT INTO bms_frm_MemTable (strTableLabel,strColumnName,iIndexGroupID,iReserve,strReserve) values('bms_cpesvc_mission','OperType',-1,0,null);

1 rows affected.

SQL> INSERT INTO bms_frm_MemTable (strTableLabel,strColumnName,iIndexGroupID,iReserve,strReserve) values('bms_cpesvc_mission','MissionStatus',12,0,null);

1 rows affected.

SQL> INSERT INTO bms_frm_MemTable (strTableLabel,strColumnName,iIndexGroupID,iReserve,strReserve) values('bms_cpesvc_mission','MissionStatus',10,0,null);

1 rows affected.

SQL> INSERT INTO bms_frm_MemTable (strTableLabel,strColumnName,iIndexGroupID,iReserve,strReserve) values('bms_cpesvc_mission','MissionStatus',8,0,null);

1 rows affected.

SQL> INSERT INTO bms_frm_MemTable (strTableLabel,strColumnName,iIndexGroupID,iReserve,strReserve) values('bms_cpesvc_mission','MissionStatus',7,0,null);

1 rows affected.

SQL> INSERT INTO bms_frm_MemTable (strTableLabel,strColumnName,iIndexGroupID,iReserve,strReserve) values('bms_cpesvc_mission','MissionStatus',6,0,null);

1 rows affected.

SQL> INSERT INTO bms_frm_MemTable (strTableLabel,strColumnName,iIndexGroupID,iReserve,strReserve) values('bms_cpesvc_mission','MissionStatus',4,0,null);

1 rows affected.

SQL> INSERT INTO bms_frm_MemTable (strTableLabel,strColumnName,iIndexGroupID,iReserve,strReserve) values('bms_cpesvc_mission','MissionStatus',3,0,null);

1 rows affected.

SQL> INSERT INTO bms_frm_MemTable (strTableLabel,strColumnName,iIndexGroupID,iReserve,strReserve) values('bms_cpesvc_mission','MissionStatus',2,0,null);

1 rows affected.

SQL> INSERT INTO bms_frm_MemTable (strTableLabel,strColumnName,iIndexGroupID,iReserve,strReserve) values('bms_cpesvc_mission','MissionID',1,0,null);

1 rows affected.

SQL> INSERT INTO bms_frm_MemTable (strTableLabel,strColumnName,iIndexGroupID,iReserve,strReserve) values('bms_cpesvc_mission','MidTargetVersion',-1,0,null);

1 rows affected.

SQL> INSERT INTO bms_frm_MemTable (strTableLabel,strColumnName,iIndexGroupID,iReserve,strReserve) values('bms_cpesvc_mission','MidFilePath',-1,0,null);

1 rows affected.

SQL> INSERT INTO bms_frm_MemTable (strTableLabel,strColumnName,iIndexGroupID,iReserve,strReserve) values('bms_cpesvc_mission','MainType',-1,0,null);

1 rows affected.

SQL> INSERT INTO bms_frm_MemTable (strTableLabel,strColumnName,iIndexGroupID,iReserve,strReserve) values('bms_cpesvc_mission','LoadType',-1,0,null);

1 rows affected.

SQL> INSERT INTO bms_frm_MemTable (strTableLabel,strColumnName,iIndexGroupID,iReserve,strReserve) values('bms_cpesvc_mission','LoadStartTime',-1,0,null);

1 rows affected.

SQL> INSERT INTO bms_frm_MemTable (strTableLabel,strColumnName,iIndexGroupID,iReserve,strReserve) values('bms_cpesvc_mission','LoadFinishTime',-1,0,null);

1 rows affected.

SQL> INSERT INTO bms_frm_MemTable (strTableLabel,strColumnName,iIndexGroupID,iReserve,strReserve) values('bms_cpesvc_mission','IsNeedXML',-1,0,null);

1 rows affected.

SQL> INSERT INTO bms_frm_MemTable (strTableLabel,strColumnName,iIndexGroupID,iReserve,strReserve) values('bms_cpesvc_mission','IsNeedMidVersion',-1,0,null);

1 rows affected.

SQL> INSERT INTO bms_frm_MemTable (strTableLabel,strColumnName,iIndexGroupID,iReserve,strReserve) values('bms_cpesvc_mission','FinishTime',-1,0,null);

1 rows affected.

SQL> INSERT INTO bms_frm_MemTable (strTableLabel,strColumnName,iIndexGroupID,iReserve,strReserve) values('bms_cpesvc_mission','FileType',11,0,null);

1 rows affected.

SQL> INSERT INTO bms_frm_MemTable (strTableLabel,strColumnName,iIndexGroupID,iReserve,strReserve) values('bms_cpesvc_mission','FileType',9,0,null);

1 rows affected.

SQL> INSERT INTO bms_frm_MemTable (strTableLabel,strColumnName,iIndexGroupID,iReserve,strReserve) values('bms_cpesvc_mission','FileType',8,0,null);

1 rows affected.

SQL> INSERT INTO bms_frm_MemTable (strTableLabel,strColumnName,iIndexGroupID,iReserve,strReserve) values('bms_cpesvc_mission','FileType',7,0,null);

1 rows affected.

SQL> INSERT INTO bms_frm_MemTable (strTableLabel,strColumnName,iIndexGroupID,iReserve,strReserve) values('bms_cpesvc_mission','FileType',5,0,null);

1 rows affected.

SQL> INSERT INTO bms_frm_MemTable (strTableLabel,strColumnName,iIndexGroupID,iReserve,strReserve) values('bms_cpesvc_mission','FileType',4,0,null);

1 rows affected.

SQL> INSERT INTO bms_frm_MemTable (strTableLabel,strColumnName,iIndexGroupID,iReserve,strReserve) values('bms_cpesvc_mission','FileType',3,0,null);

1 rows affected.

SQL> INSERT INTO bms_frm_MemTable (strTableLabel,strColumnName,iIndexGroupID,iReserve,strReserve) values('bms_cpesvc_mission','FileServerAddr',-1,0,null);

1 rows affected.

SQL> INSERT INTO bms_frm_MemTable (strTableLabel,strColumnName,iIndexGroupID,iReserve,strReserve) values('bms_cpesvc_mission','FilePath',-1,0,null);

1 rows affected.

SQL> INSERT INTO bms_frm_MemTable (strTableLabel,strColumnName,iIndexGroupID,iReserve,strReserve) values('bms_cpesvc_mission','FailedNum',-1,0,null);

1 rows affected.

SQL> INSERT INTO bms_frm_MemTable (strTableLabel,strColumnName,iIndexGroupID,iReserve,strReserve) values('bms_cpesvc_mission','ErrorCode',-1,0,null);

1 rows affected.

SQL> INSERT INTO bms_frm_MemTable (strTableLabel,strColumnName,iIndexGroupID,iReserve,strReserve) values('bms_cpesvc_mission','CreateTime',-1,0,null);

1 rows affected.

SQL> INSERT INTO bms_frm_MemTable (strTableLabel,strColumnName,iIndexGroupID,iReserve,strReserve) values('bms_cpesvc_mission','AesKey',-1,0,null);

1 rows affected.

SQL> INSERT INTO bms_frm_MemTable (strTableLabel,strColumnName,iIndexGroupID,iReserve,strReserve) values('bms_cpesvc_mission','ActiveFlag',10,0,null);

1 rows affected.

SQL> INSERT INTO bms_frm_MemTable (strTableLabel,strColumnName,iIndexGroupID,iReserve,strReserve) values('bms_cpesvc_mission','ActiveFlag',9,0,null);

1 rows affected.

SQL> INSERT INTO bms_frm_MemTable (strTableLabel,strColumnName,iIndexGroupID,iReserve,strReserve) values('bms_cpesvc_mission','ActiveFlag',7,0,null);

1 rows affected.

SQL> INSERT INTO bms_frm_MemTable (strTableLabel,strColumnName,iIndexGroupID,iReserve,strReserve) values('bms_cpesvc_mission','ActiveFlag',6,0,null);

1 rows affected.

SQL> INSERT INTO bms_frm_MemTable (strTableLabel,strColumnName,iIndexGroupID,iReserve,strReserve) values('bms_cpesvc_mission','ActiveFlag',5,0,null);

1 rows affected.

SQL> INSERT INTO bms_frm_MemTable (strTableLabel,strColumnName,iIndexGroupID,iReserve,strReserve) values('bms_cpesvc_mission','ActiveFlag',4,0,null);

1 rows affected.

SQL> INSERT INTO bms_frm_MemTable (strTableLabel,strColumnName,iIndexGroupID,iReserve,strReserve) values('bms_cpesvc_mission','ActiveFlag',-1,0,null);

1 rows affected.

SQL> INSERT INTO bms_frm_MemTable (strTableLabel,strColumnName,iIndexGroupID,iReserve,strReserve) values('bms_cpesvc_fileserver','UserName',-1,0,null);

1 rows affected.

SQL> INSERT INTO bms_frm_MemTable (strTableLabel,strColumnName,iIndexGroupID,iReserve,strReserve) values('bms_cpesvc_fileserver','ProtocolType',-1,0,null);

1 rows affected.

SQL> INSERT INTO bms_frm_MemTable (strTableLabel,strColumnName,iIndexGroupID,iReserve,strReserve) values('bms_cpesvc_fileserver','ProtocolPort',-1,0,null);

1 rows affected.

SQL> INSERT INTO bms_frm_MemTable (strTableLabel,strColumnName,iIndexGroupID,iReserve,strReserve) values('bms_cpesvc_fileserver','Password',-1,0,null);

1 rows affected.

SQL> INSERT INTO bms_frm_MemTable (strTableLabel,strColumnName,iIndexGroupID,iReserve,strReserve) values('bms_cpesvc_fileserver','FileServerStatus',-1,0,null);

1 rows affected.

SQL> INSERT INTO bms_frm_MemTable (strTableLabel,strColumnName,iIndexGroupID,iReserve,strReserve) values('bms_cpesvc_fileserver','FileServerName',-1,0,null);

1 rows affected.

SQL> INSERT INTO bms_frm_MemTable (strTableLabel,strColumnName,iIndexGroupID,iReserve,strReserve) values('bms_cpesvc_fileserver','FileServerID',1,0,null);

1 rows affected.

SQL> INSERT INTO bms_frm_MemTable (strTableLabel,strColumnName,iIndexGroupID,iReserve,strReserve) values('bms_cpesvc_fileserver','FileServerAddrStandby',-1,0,null);

1 rows affected.

SQL> INSERT INTO bms_frm_MemTable (strTableLabel,strColumnName,iIndexGroupID,iReserve,strReserve) values('bms_cpesvc_fileserver','FileServerAddrNEStandby',-1,0,null);

1 rows affected.

SQL> INSERT INTO bms_frm_MemTable (strTableLabel,strColumnName,iIndexGroupID,iReserve,strReserve) values('bms_cpesvc_fileserver','FileServerAddrNE',-1,0,null);

1 rows affected.

SQL> INSERT INTO bms_frm_MemTable (strTableLabel,strColumnName,iIndexGroupID,iReserve,strReserve) values('bms_cpesvc_fileserver','FileServerAddr',-1,0,null);

1 rows affected.

SQL> INSERT INTO bms_frm_MemTable (strTableLabel,strColumnName,iIndexGroupID,iReserve,strReserve) values('bms_cpesvc_autoupgrade_tactic','iStartTime',-1,0,null);

1 rows affected.

SQL> INSERT INTO bms_frm_MemTable (strTableLabel,strColumnName,iIndexGroupID,iReserve,strReserve) values('bms_cpesvc_autoupgrade_tactic','iFinishTime',-1,0,null);

1 rows affected.

SQL> INSERT INTO bms_frm_MemTable (strTableLabel,strColumnName,iIndexGroupID,iReserve,strReserve) values('bms_cpesvc_autoupgrade_tactic','VendorID',3,0,null);

1 rows affected.

SQL> INSERT INTO bms_frm_MemTable (strTableLabel,strColumnName,iIndexGroupID,iReserve,strReserve) values('bms_cpesvc_autoupgrade_tactic','UpgradeWhenInstall',3,0,null);

1 rows affected.

SQL> INSERT INTO bms_frm_MemTable (strTableLabel,strColumnName,iIndexGroupID,iReserve,strReserve) values('bms_cpesvc_autoupgrade_tactic','UpgradeNumPerOLT',-1,0,null);

1 rows affected.

SQL> INSERT INTO bms_frm_MemTable (strTableLabel,strColumnName,iIndexGroupID,iReserve,strReserve) values('bms_cpesvc_autoupgrade_tactic','TargetVersion',-1,0,null);

1 rows affected.

SQL> INSERT INTO bms_frm_MemTable (strTableLabel,strColumnName,iIndexGroupID,iReserve,strReserve) values('bms_cpesvc_autoupgrade_tactic','StartTime',-1,0,null);

1 rows affected.

SQL> INSERT INTO bms_frm_MemTable (strTableLabel,strColumnName,iIndexGroupID,iReserve,strReserve) values('bms_cpesvc_autoupgrade_tactic','SrvLevelProfName',-1,0,null);

1 rows affected.

SQL> INSERT INTO bms_frm_MemTable (strTableLabel,strColumnName,iIndexGroupID,iReserve,strReserve) values('bms_cpesvc_autoupgrade_tactic','Remark',-1,0,null);

1 rows affected.

SQL> INSERT INTO bms_frm_MemTable (strTableLabel,strColumnName,iIndexGroupID,iReserve,strReserve) values('bms_cpesvc_autoupgrade_tactic','Region',-1,0,null);

1 rows affected.

SQL> INSERT INTO bms_frm_MemTable (strTableLabel,strColumnName,iIndexGroupID,iReserve,strReserve) values('bms_cpesvc_autoupgrade_tactic','RebootMode',-1,0,null);

1 rows affected.

SQL> INSERT INTO bms_frm_MemTable (strTableLabel,strColumnName,iIndexGroupID,iReserve,strReserve) values('bms_cpesvc_autoupgrade_tactic','OriginalVersion',-1,0,null);

1 rows affected.

SQL> INSERT INTO bms_frm_MemTable (strTableLabel,strColumnName,iIndexGroupID,iReserve,strReserve) values('bms_cpesvc_autoupgrade_tactic','Name',2,0,null);

1 rows affected.

SQL> INSERT INTO bms_frm_MemTable (strTableLabel,strColumnName,iIndexGroupID,iReserve,strReserve) values('bms_cpesvc_autoupgrade_tactic','MidTargetVersion',-1,0,null);

1 rows affected.

SQL> INSERT INTO bms_frm_MemTable (strTableLabel,strColumnName,iIndexGroupID,iReserve,strReserve) values('bms_cpesvc_autoupgrade_tactic','MidFilePath',-1,0,null);

1 rows affected.

SQL> INSERT INTO bms_frm_MemTable (strTableLabel,strColumnName,iIndexGroupID,iReserve,strReserve) values('bms_cpesvc_autoupgrade_tactic','IsNeedXML',-1,0,null);

1 rows affected.

SQL> INSERT INTO bms_frm_MemTable (strTableLabel,strColumnName,iIndexGroupID,iReserve,strReserve) values('bms_cpesvc_autoupgrade_tactic','IsE8CUpgrade',-1,0,null);

1 rows affected.

SQL> INSERT INTO bms_frm_MemTable (strTableLabel,strColumnName,iIndexGroupID,iReserve,strReserve) values('bms_cpesvc_autoupgrade_tactic','ID',1,0,null);

1 rows affected.

SQL> INSERT INTO bms_frm_MemTable (strTableLabel,strColumnName,iIndexGroupID,iReserve,strReserve) values('bms_cpesvc_autoupgrade_tactic','FinishTime',-1,0,null);

1 rows affected.

SQL> INSERT INTO bms_frm_MemTable (strTableLabel,strColumnName,iIndexGroupID,iReserve,strReserve) values('bms_cpesvc_autoupgrade_tactic','FilePath',-1,0,null);

1 rows affected.

SQL> INSERT INTO bms_frm_MemTable (strTableLabel,strColumnName,iIndexGroupID,iReserve,strReserve) values('bms_cpesvc_autoupgrade_tactic','FSID',-1,0,null);

1 rows affected.

SQL> INSERT INTO bms_frm_MemTable (strTableLabel,strColumnName,iIndexGroupID,iReserve,strReserve) values('bms_cpesvc_autoupgrade_tactic','EquipmentID',3,0,null);

1 rows affected.

SQL> INSERT INTO bms_frm_MemTable (strTableLabel,strColumnName,iIndexGroupID,iReserve,strReserve) values('bms_cpesvc_autoupgrade_tactic','EffectStartTime',-1,0,null);

1 rows affected.

SQL> INSERT INTO bms_frm_MemTable (strTableLabel,strColumnName,iIndexGroupID,iReserve,strReserve) values('bms_cpesvc_autoupgrade_tactic','EffectEndTime',-1,0,null);

1 rows affected.

SQL> INSERT INTO bms_frm_MemTable (strTableLabel,strColumnName,iIndexGroupID,iReserve,strReserve) values('bms_cpesvc_autoupgrade_tactic','DevVersion',-1,0,null);

1 rows affected.

SQL> INSERT INTO bms_frm_MemTable (strTableLabel,strColumnName,iIndexGroupID,iReserve,strReserve) values('bms_cpesvc_autoupgrade_tactic','DevType',-1,0,null);

1 rows affected.

SQL> INSERT INTO bms_frm_MemTable (strTableLabel,strColumnName,iIndexGroupID,iReserve,strReserve) values('bms_cpesvc_autoupgrade_tactic','CMPDevVersion',-1,0,null);

1 rows affected.

SQL> INSERT INTO bms_frm_MemTable (strTableLabel,strColumnName,iIndexGroupID,iReserve,strReserve) values('bms_cpesvc_autoupgrade_tactic','AutoUpgrade',3,0,null);

1 rows affected.

SQL> INSERT INTO bms_frm_MemTable (strTableLabel,strColumnName,iIndexGroupID,iReserve,strReserve) values('bms_cfg_tab','strLocateName',0,0,null);

1 rows affected.

SQL> INSERT INTO bms_frm_MemTable (strTableLabel,strColumnName,iIndexGroupID,iReserve,strReserve) values('bms_cfg_tab','DevType',0,0,null);

1 rows affected.

SQL> INSERT INTO bms_frm_MemTable (strTableLabel,strColumnName,iIndexGroupID,iReserve,strReserve) values('bms_cfg_tab','CfgValue',-1,0,null);

1 rows affected.

SQL> INSERT INTO bms_frm_MemTable (strTableLabel,strColumnName,iIndexGroupID,iReserve,strReserve) values('bms_cfg_tab','CfgName',0,0,null);

1 rows affected.

SQL> INSERT INTO bms_frm_MemTable (strTableLabel,strColumnName,iIndexGroupID,iReserve,strReserve) values('bms_adsl_adslmode','iDevID',0,0,null);

1 rows affected.

SQL> INSERT INTO bms_frm_MemTable (strTableLabel,strColumnName,iIndexGroupID,iReserve,strReserve) values('bms_adsl_adslmode','iAdslModeCfg',0,0,null);

1 rows affected.

SQL> INSERT INTO bms_frm_MemTable (strTableLabel,strColumnName,iIndexGroupID,iReserve,strReserve) values('bms_tl1_NotSetDev','CmdName',0,0,null);

1 rows affected.

SQL> INSERT INTO bms_frm_MemTable (strTableLabel,strColumnName,iIndexGroupID,iReserve,strReserve) values('bms_prof_QuerySubProfKeyTabNE','TableName',-1,0,null);

1 rows affected.

SQL> INSERT INTO bms_frm_MemTable (strTableLabel,strColumnName,iIndexGroupID,iReserve,strReserve) values('bms_prof_QuerySubProfKeyTabNE','ProfileType',0,0,null);

1 rows affected.

SQL> INSERT INTO bms_frm_MemTable (strTableLabel,strColumnName,iIndexGroupID,iReserve,strReserve) values('bms_prof_QuerySubProfKeyTabNE','KeyName',-1,0,null);

1 rows affected.

SQL> INSERT INTO bms_frm_MemTable (strTableLabel,strColumnName,iIndexGroupID,iReserve,strReserve) values('bms_prof_QuerySubProfKeyTabNE','KeyID',-1,0,null);

1 rows affected.

SQL> INSERT INTO bms_frm_MemTable (strTableLabel,strColumnName,iIndexGroupID,iReserve,strReserve) values('bms_prof_QuerySubProfKeyTab','TableName',-1,0,null);

1 rows affected.

SQL> INSERT INTO bms_frm_MemTable (strTableLabel,strColumnName,iIndexGroupID,iReserve,strReserve) values('bms_prof_QuerySubProfKeyTab','ProfileType',0,0,null);

1 rows affected.

SQL> INSERT INTO bms_frm_MemTable (strTableLabel,strColumnName,iIndexGroupID,iReserve,strReserve) values('bms_prof_QuerySubProfKeyTab','KeyName',-1,0,null);

1 rows affected.

SQL> INSERT INTO bms_frm_MemTable (strTableLabel,strColumnName,iIndexGroupID,iReserve,strReserve) values('bms_prof_QuerySubProfKeyTab','KeyID',-1,0,null);

1 rows affected.

SQL> INSERT INTO bms_frm_MemTable (strTableLabel,strColumnName,iIndexGroupID,iReserve,strReserve) values('bms_pontl1_NotSetDev','CmdName',0,0,null);

1 rows affected.

SQL> INSERT INTO bms_frm_MemTable (strTableLabel,strColumnName,iIndexGroupID,iReserve,strReserve) values('bms_pon_mxu','ServiceType',-1,0,null);

1 rows affected.

SQL> INSERT INTO bms_frm_MemTable (strTableLabel,strColumnName,iIndexGroupID,iReserve,strReserve) values('bms_pon_mxu','MxUID',2,0,null);

1 rows affected.

SQL> INSERT INTO bms_frm_MemTable (strTableLabel,strColumnName,iIndexGroupID,iReserve,strReserve) values('bms_pon_mxu','ID7',-1,0,null);

1 rows affected.

SQL> INSERT INTO bms_frm_MemTable (strTableLabel,strColumnName,iIndexGroupID,iReserve,strReserve) values('bms_pon_mxu','ID6',-1,0,null);

1 rows affected.

SQL> INSERT INTO bms_frm_MemTable (strTableLabel,strColumnName,iIndexGroupID,iReserve,strReserve) values('bms_pon_mxu','ID5',1,0,null);

1 rows affected.

SQL> INSERT INTO bms_frm_MemTable (strTableLabel,strColumnName,iIndexGroupID,iReserve,strReserve) values('bms_pon_mxu','ID4',1,0,null);

1 rows affected.

SQL> INSERT INTO bms_frm_MemTable (strTableLabel,strColumnName,iIndexGroupID,iReserve,strReserve) values('bms_pon_mxu','ID3',1,0,null);

1 rows affected.

SQL> INSERT INTO bms_frm_MemTable (strTableLabel,strColumnName,iIndexGroupID,iReserve,strReserve) values('bms_pon_mxu','ID2',1,0,null);

1 rows affected.

SQL> INSERT INTO bms_frm_MemTable (strTableLabel,strColumnName,iIndexGroupID,iReserve,strReserve) values('bms_pon_mxu','ID1',1,0,null);

1 rows affected.

SQL> INSERT INTO bms_frm_MemTable (strTableLabel,strColumnName,iIndexGroupID,iReserve,strReserve) values('bms_pon_mxu','ID0',3,0,null);

1 rows affected.

SQL> INSERT INTO bms_frm_MemTable (strTableLabel,strColumnName,iIndexGroupID,iReserve,strReserve) values('bms_pon_mxu','ID0',1,0,null);

1 rows affected.

SQL> INSERT INTO bms_frm_MemTable (strTableLabel,strColumnName,iIndexGroupID,iReserve,strReserve) values('bms_pon_fttxviewont','ID7',-1,0,null);

1 rows affected.

SQL> INSERT INTO bms_frm_MemTable (strTableLabel,strColumnName,iIndexGroupID,iReserve,strReserve) values('bms_pon_fttxviewont','ID6',-1,0,null);

1 rows affected.

SQL> INSERT INTO bms_frm_MemTable (strTableLabel,strColumnName,iIndexGroupID,iReserve,strReserve) values('bms_pon_fttxviewont','ID5',1,0,null);

1 rows affected.

SQL> INSERT INTO bms_frm_MemTable (strTableLabel,strColumnName,iIndexGroupID,iReserve,strReserve) values('bms_pon_fttxviewont','ID4',1,0,null);

1 rows affected.

SQL> INSERT INTO bms_frm_MemTable (strTableLabel,strColumnName,iIndexGroupID,iReserve,strReserve) values('bms_pon_fttxviewont','ID3',1,0,null);

1 rows affected.

SQL> INSERT INTO bms_frm_MemTable (strTableLabel,strColumnName,iIndexGroupID,iReserve,strReserve) values('bms_pon_fttxviewont','ID2',1,0,null);

1 rows affected.

SQL> INSERT INTO bms_frm_MemTable (strTableLabel,strColumnName,iIndexGroupID,iReserve,strReserve) values('bms_pon_fttxviewont','ID1',1,0,null);

1 rows affected.

SQL> INSERT INTO bms_frm_MemTable (strTableLabel,strColumnName,iIndexGroupID,iReserve,strReserve) values('bms_pon_fttxviewont','ID0',1,0,null);

1 rows affected.

SQL> INSERT INTO bms_frm_MemTable (strTableLabel,strColumnName,iIndexGroupID,iReserve,strReserve) values('bms_pf_XponMibTableDesc','ProfileType',1,0,null);

1 rows affected.

SQL> INSERT INTO bms_frm_MemTable (strTableLabel,strColumnName,iIndexGroupID,iReserve,strReserve) values('bms_pf_XponMibTableDesc','ProfileType',0,0,null);

1 rows affected.

SQL> INSERT INTO bms_frm_MemTable (strTableLabel,strColumnName,iIndexGroupID,iReserve,strReserve) values('bms_pf_XponMibTableDesc','OperType',-1,0,null);

1 rows affected.

SQL> INSERT INTO bms_frm_MemTable (strTableLabel,strColumnName,iIndexGroupID,iReserve,strReserve) values('bms_pf_XponMibTableDesc','NMSOperation',0,0,null);

1 rows affected.

SQL> INSERT INTO bms_frm_MemTable (strTableLabel,strColumnName,iIndexGroupID,iReserve,strReserve) values('bms_pf_XponMibTableDesc','MibTableName',-1,0,null);

1 rows affected.

SQL> INSERT INTO bms_frm_MemTable (strTableLabel,strColumnName,iIndexGroupID,iReserve,strReserve) values('bms_pf_XponMibTableDesc','MibLevel',1,0,null);

1 rows affected.

SQL> INSERT INTO bms_frm_MemTable (strTableLabel,strColumnName,iIndexGroupID,iReserve,strReserve) values('bms_pf_TrapPara_register_ASC','TrapPara',-1,0,null);

1 rows affected.

SQL> INSERT INTO bms_frm_MemTable (strTableLabel,strColumnName,iIndexGroupID,iReserve,strReserve) values('bms_pf_TrapPara_register_ASC','ProfileType',0,0,null);

1 rows affected.

SQL> INSERT INTO bms_frm_MemTable (strTableLabel,strColumnName,iIndexGroupID,iReserve,strReserve) values('bms_pf_TrapPara_register_ASC','HostParaOrder',0,0,null);

1 rows affected.

SQL> INSERT INTO bms_frm_MemTable (strTableLabel,strColumnName,iIndexGroupID,iReserve,strReserve) values('bms_pf_TrapIDAlias_register','TrapIDAlias',-1,0,null);

1 rows affected.

SQL> INSERT INTO bms_frm_MemTable (strTableLabel,strColumnName,iIndexGroupID,iReserve,strReserve) values('bms_pf_TrapIDAlias_register','ProfileType',0,0,null);

1 rows affected.

SQL> INSERT INTO bms_frm_MemTable (strTableLabel,strColumnName,iIndexGroupID,iReserve,strReserve) values('bms_pf_ProfileTypeDescOneDRETableName','ProfileType',0,0,null);

1 rows affected.

SQL> INSERT INTO bms_frm_MemTable (strTableLabel,strColumnName,iIndexGroupID,iReserve,strReserve) values('bms_pf_ProfileTypeDescOneDRETableName','NETableName',1,0,null);

1 rows affected.

SQL> INSERT INTO bms_frm_MemTable (strTableLabel,strColumnName,iIndexGroupID,iReserve,strReserve) values('bms_pf_ProfileTypeDescOneDRETableName','InterfaceTableName',2,0,null);

1 rows affected.

SQL> INSERT INTO bms_frm_MemTable (strTableLabel,strColumnName,iIndexGroupID,iReserve,strReserve) values('bms_pf_ProfileTypeDescDllName','DllName',0,0,null);

1 rows affected.

SQL> INSERT INTO bms_frm_MemTable (strTableLabel,strColumnName,iIndexGroupID,iReserve,strReserve) values('bms_pf_ProfileTypeDescDRETableName','NETableName',0,0,null);

1 rows affected.

SQL> INSERT INTO bms_frm_MemTable (strTableLabel,strColumnName,iIndexGroupID,iReserve,strReserve) values('bms_pf_ProfCatalogDesc','ProfileType',1,0,null);

1 rows affected.

SQL> INSERT INTO bms_frm_MemTable (strTableLabel,strColumnName,iIndexGroupID,iReserve,strReserve) values('bms_pf_ProfCatalogDesc','DevType',2,0,null);

1 rows affected.

SQL> INSERT INTO bms_frm_MemTable (strTableLabel,strColumnName,iIndexGroupID,iReserve,strReserve) values('bms_pf_ProfCatalogDesc','DevType',0,0,null);

1 rows affected.

SQL> INSERT INTO bms_frm_MemTable (strTableLabel,strColumnName,iIndexGroupID,iReserve,strReserve) values('bms_pf_ProfCatalogDesc','BusinessType',0,0,null);

1 rows affected.

SQL> INSERT INTO bms_frm_MemTable (strTableLabel,strColumnName,iIndexGroupID,iReserve,strReserve) values('bms_pf_PortTabName_register','SubTypeColName',-1,0,null);

1 rows affected.

SQL> INSERT INTO bms_frm_MemTable (strTableLabel,strColumnName,iIndexGroupID,iReserve,strReserve) values('bms_pf_PortTabName_register','SpecialRefTypeDesc',-1,0,null);

1 rows affected.

SQL> INSERT INTO bms_frm_MemTable (strTableLabel,strColumnName,iIndexGroupID,iReserve,strReserve) values('bms_pf_PortTabName_register','SpecialRefType',-1,0,null);

1 rows affected.

SQL> INSERT INTO bms_frm_MemTable (strTableLabel,strColumnName,iIndexGroupID,iReserve,strReserve) values('bms_pf_PortTabName_register','ResIDColName7',-1,0,null);

1 rows affected.

SQL> INSERT INTO bms_frm_MemTable (strTableLabel,strColumnName,iIndexGroupID,iReserve,strReserve) values('bms_pf_PortTabName_register','ResIDColName6',-1,0,null);

1 rows affected.

SQL> INSERT INTO bms_frm_MemTable (strTableLabel,strColumnName,iIndexGroupID,iReserve,strReserve) values('bms_pf_PortTabName_register','ResIDColName5',-1,0,null);

1 rows affected.

SQL> INSERT INTO bms_frm_MemTable (strTableLabel,strColumnName,iIndexGroupID,iReserve,strReserve) values('bms_pf_PortTabName_register','ResIDColName4',-1,0,null);

1 rows affected.

SQL> INSERT INTO bms_frm_MemTable (strTableLabel,strColumnName,iIndexGroupID,iReserve,strReserve) values('bms_pf_PortTabName_register','ResIDColName3',-1,0,null);

1 rows affected.

SQL> INSERT INTO bms_frm_MemTable (strTableLabel,strColumnName,iIndexGroupID,iReserve,strReserve) values('bms_pf_PortTabName_register','ResIDColName2',-1,0,null);

1 rows affected.

SQL> INSERT INTO bms_frm_MemTable (strTableLabel,strColumnName,iIndexGroupID,iReserve,strReserve) values('bms_pf_PortTabName_register','ResIDColName1',-1,0,null);

1 rows affected.

SQL> INSERT INTO bms_frm_MemTable (strTableLabel,strColumnName,iIndexGroupID,iReserve,strReserve) values('bms_pf_PortTabName_register','ResIDColName0',-1,0,null);

1 rows affected.

SQL> INSERT INTO bms_frm_MemTable (strTableLabel,strColumnName,iIndexGroupID,iReserve,strReserve) values('bms_pf_PortTabName_register','RealDevType',0,0,null);

1 rows affected.

SQL> INSERT INTO bms_frm_MemTable (strTableLabel,strColumnName,iIndexGroupID,iReserve,strReserve) values('bms_pf_PortTabName_register','ProfIDColName',-1,0,null);

1 rows affected.

SQL> INSERT INTO bms_frm_MemTable (strTableLabel,strColumnName,iIndexGroupID,iReserve,strReserve) values('bms_pf_PortTabName_register','PortTabName',0,0,null);

1 rows affected.

SQL> INSERT INTO bms_frm_MemTable (strTableLabel,strColumnName,iIndexGroupID,iReserve,strReserve) values('bms_pf_PortTabName_register','MainTypeColName',-1,0,null);

1 rows affected.

SQL> INSERT INTO bms_frm_MemTable (strTableLabel,strColumnName,iIndexGroupID,iReserve,strReserve) values('bms_pf_PortTabName_register','DevType',0,0,null);

1 rows affected.

SQL> INSERT INTO bms_frm_MemTable (strTableLabel,strColumnName,iIndexGroupID,iReserve,strReserve) values('bms_pf_PortTabName_register','BusinessType',0,0,null);

1 rows affected.

SQL> INSERT INTO bms_frm_MemTable (strTableLabel,strColumnName,iIndexGroupID,iReserve,strReserve) values('bms_pf_MibOperDesc','OperType',0,0,null);

1 rows affected.

SQL> INSERT INTO bms_frm_MemTable (strTableLabel,strColumnName,iIndexGroupID,iReserve,strReserve) values('bms_pf_MibOperDesc','OperID',1,0,null);

1 rows affected.

SQL> INSERT INTO bms_frm_MemTable (strTableLabel,strColumnName,iIndexGroupID,iReserve,strReserve) values('bms_pf_MibOperDesc','MibTabName',0,0,null);

1 rows affected.

SQL> INSERT INTO bms_frm_MemTable (strTableLabel,strColumnName,iIndexGroupID,iReserve,strReserve) values('bms_pf_MibDescOrderByKeyID','ProfileType',0,0,null);

1 rows affected.

SQL> INSERT INTO bms_frm_MemTable (strTableLabel,strColumnName,iIndexGroupID,iReserve,strReserve) values('bms_pf_MibDescOrderByKeyID','MibTabName',0,0,null);

1 rows affected.

SQL> INSERT INTO bms_frm_MemTable (strTableLabel,strColumnName,iIndexGroupID,iReserve,strReserve) values('bms_pf_MibDescOrderByKeyID','MibIndexFlag',-1,0,null);

1 rows affected.

SQL> INSERT INTO bms_frm_MemTable (strTableLabel,strColumnName,iIndexGroupID,iReserve,strReserve) values('bms_pf_MibDescOrderByKeyID','KeyName',-1,0,null);

1 rows affected.

SQL> INSERT INTO bms_frm_MemTable (strTableLabel,strColumnName,iIndexGroupID,iReserve,strReserve) values('bms_pf_MibDescOrderByKeyID','DataType',-1,0,null);

1 rows affected.

SQL> INSERT INTO bms_frm_MemTable (strTableLabel,strColumnName,iIndexGroupID,iReserve,strReserve) values('bms_pf_MibDescDist','ProfileType',0,0,null);

1 rows affected.

SQL> INSERT INTO bms_frm_MemTable (strTableLabel,strColumnName,iIndexGroupID,iReserve,strReserve) values('bms_pf_MibDescDist','MibTabName',-1,0,null);

1 rows affected.

SQL> INSERT INTO bms_frm_MemTable (strTableLabel,strColumnName,iIndexGroupID,iReserve,strReserve) values('bms_pf_MibDesc','ProfileType',0,0,null);

1 rows affected.

SQL> INSERT INTO bms_frm_MemTable (strTableLabel,strColumnName,iIndexGroupID,iReserve,strReserve) values('bms_pf_MibDesc','MibTabName',-1,0,null);

1 rows affected.

SQL> INSERT INTO bms_frm_MemTable (strTableLabel,strColumnName,iIndexGroupID,iReserve,strReserve) values('bms_pf_MibDesc','MibIndexFlag',0,0,null);

1 rows affected.

SQL> INSERT INTO bms_frm_MemTable (strTableLabel,strColumnName,iIndexGroupID,iReserve,strReserve) values('bms_pf_MibDesc','KeyName',-1,0,null);

1 rows affected.

SQL> INSERT INTO bms_frm_MemTable (strTableLabel,strColumnName,iIndexGroupID,iReserve,strReserve) values('bms_pf_MibDesc','KeyID',-1,0,null);

1 rows affected.

SQL> INSERT INTO bms_frm_MemTable (strTableLabel,strColumnName,iIndexGroupID,iReserve,strReserve) values('bms_pf_MibDesc','DataType',-1,0,null);

1 rows affected.

SQL> INSERT INTO bms_frm_MemTable (strTableLabel,strColumnName,iIndexGroupID,iReserve,strReserve) values('bms_pf_CmdCodeRegister','ProfileType',-1,0,null);

1 rows affected.

SQL> INSERT INTO bms_frm_MemTable (strTableLabel,strColumnName,iIndexGroupID,iReserve,strReserve) values('bms_pf_CmdCodeRegister','CmdCode',0,0,null);

1 rows affected.

SQL> INSERT INTO bms_frm_MemTable (strTableLabel,strColumnName,iIndexGroupID,iReserve,strReserve) values('bms_pf_CmdCodDesc','RspMsgType',-1,0,null);

1 rows affected.

SQL> INSERT INTO bms_frm_MemTable (strTableLabel,strColumnName,iIndexGroupID,iReserve,strReserve) values('bms_pf_CmdCodDesc','ReqMsgType',-1,0,null);

1 rows affected.

SQL> INSERT INTO bms_frm_MemTable (strTableLabel,strColumnName,iIndexGroupID,iReserve,strReserve) values('bms_pf_CmdCodDesc','OperName',-1,0,null);

1 rows affected.

SQL> INSERT INTO bms_frm_MemTable (strTableLabel,strColumnName,iIndexGroupID,iReserve,strReserve) values('bms_pf_CmdCodDesc','OperDesc',-1,0,null);

1 rows affected.

SQL> INSERT INTO bms_frm_MemTable (strTableLabel,strColumnName,iIndexGroupID,iReserve,strReserve) values('bms_pf_CmdCodDesc','CmdCode',0,0,null);

1 rows affected.

SQL> INSERT INTO bms_frm_MemTable (strTableLabel,strColumnName,iIndexGroupID,iReserve,strReserve) values('bms_pf_AttribsDescOrderByKeyID','ProfileType',0,0,null);

1 rows affected.

SQL> INSERT INTO bms_frm_MemTable (strTableLabel,strColumnName,iIndexGroupID,iReserve,strReserve) values('bms_pf_AttribsDescOrderByKeyID','KeyName',-1,0,null);

1 rows affected.

SQL> INSERT INTO bms_frm_MemTable (strTableLabel,strColumnName,iIndexGroupID,iReserve,strReserve) values('bms_pf_AttribsDescOrderByKeyID','DataType',-1,0,null);

1 rows affected.

SQL> INSERT INTO bms_frm_MemTable (strTableLabel,strColumnName,iIndexGroupID,iReserve,strReserve) values('bms_pf_AttribsDesc','SingleOrMulti',-1,0,null);

1 rows affected.

SQL> INSERT INTO bms_frm_MemTable (strTableLabel,strColumnName,iIndexGroupID,iReserve,strReserve) values('bms_pf_AttribsDesc','ProfileType',0,0,null);

1 rows affected.

SQL> INSERT INTO bms_frm_MemTable (strTableLabel,strColumnName,iIndexGroupID,iReserve,strReserve) values('bms_pf_AttribsDesc','NE',-1,0,null);

1 rows affected.

SQL> INSERT INTO bms_frm_MemTable (strTableLabel,strColumnName,iIndexGroupID,iReserve,strReserve) values('bms_pf_AttribsDesc','Location',-1,0,null);

1 rows affected.

SQL> INSERT INTO bms_frm_MemTable (strTableLabel,strColumnName,iIndexGroupID,iReserve,strReserve) values('bms_pf_AttribsDesc','KeyName',-1,0,null);

1 rows affected.

SQL> INSERT INTO bms_frm_MemTable (strTableLabel,strColumnName,iIndexGroupID,iReserve,strReserve) values('bms_pf_AttribsDesc','KeyID',-1,0,null);

1 rows affected.

SQL> INSERT INTO bms_frm_MemTable (strTableLabel,strColumnName,iIndexGroupID,iReserve,strReserve) values('bms_pf_AttribsDesc','EMS',-1,0,null);

1 rows affected.

SQL> INSERT INTO bms_frm_MemTable (strTableLabel,strColumnName,iIndexGroupID,iReserve,strReserve) values('bms_pf_AttribsDesc','DataType',-1,0,null);

1 rows affected.

SQL> INSERT INTO bms_frm_MemTable (strTableLabel,strColumnName,iIndexGroupID,iReserve,strReserve) values('bms_ont_capability','PortType',0,0,null);

1 rows affected.

SQL> INSERT INTO bms_frm_MemTable (strTableLabel,strColumnName,iIndexGroupID,iReserve,strReserve) values('bms_ont_capability','PortNum',-1,0,null);

1 rows affected.

SQL> INSERT INTO bms_frm_MemTable (strTableLabel,strColumnName,iIndexGroupID,iReserve,strReserve) values('bms_ont_capability','EquipmentID',0,0,null);

1 rows affected.

SQL> INSERT INTO bms_frm_MemTable (strTableLabel,strColumnName,iIndexGroupID,iReserve,strReserve) values('bms_gdm_TypeDefineTab','SubType',3,0,null);

1 rows affected.

SQL> INSERT INTO bms_frm_MemTable (strTableLabel,strColumnName,iIndexGroupID,iReserve,strReserve) values('bms_gdm_TypeDefineTab','SubType',2,0,null);

1 rows affected.

SQL> INSERT INTO bms_frm_MemTable (strTableLabel,strColumnName,iIndexGroupID,iReserve,strReserve) values('bms_gdm_TypeDefineTab','SubType',1,0,null);

1 rows affected.

SQL> INSERT INTO bms_frm_MemTable (strTableLabel,strColumnName,iIndexGroupID,iReserve,strReserve) values('bms_gdm_TypeDefineTab','Name',-1,0,null);

1 rows affected.

SQL> INSERT INTO bms_frm_MemTable (strTableLabel,strColumnName,iIndexGroupID,iReserve,strReserve) values('bms_gdm_TypeDefineTab','MainType',3,0,null);

1 rows affected.

SQL> INSERT INTO bms_frm_MemTable (strTableLabel,strColumnName,iIndexGroupID,iReserve,strReserve) values('bms_gdm_TypeDefineTab','MainType',2,0,null);

1 rows affected.

SQL> INSERT INTO bms_frm_MemTable (strTableLabel,strColumnName,iIndexGroupID,iReserve,strReserve) values('bms_gdm_TypeDefineTab','DevType',2,0,null);

1 rows affected.

SQL> INSERT INTO bms_frm_MemTable (strTableLabel,strColumnName,iIndexGroupID,iReserve,strReserve) values('bms_gdm_TypeDefineTab','DevType',1,0,null);

1 rows affected.

SQL> INSERT INTO bms_frm_MemTable (strTableLabel,strColumnName,iIndexGroupID,iReserve,strReserve) values('bms_gdm_TypeDefineTab','DevType',0,0,null);

1 rows affected.

SQL> INSERT INTO bms_frm_MemTable (strTableLabel,strColumnName,iIndexGroupID,iReserve,strReserve) values('bms_gdm_TypeDefineTab','DescName',-1,0,null);

1 rows affected.

SQL> INSERT INTO bms_frm_MemTable (strTableLabel,strColumnName,iIndexGroupID,iReserve,strReserve) values('bms_gdm_TypeDefineTab','Capability',-1,0,null);

1 rows affected.

SQL> INSERT INTO bms_frm_MemTable (strTableLabel,strColumnName,iIndexGroupID,iReserve,strReserve) values('bms_gdm_SlotType_view','TestType',-1,0,null);

1 rows affected.

SQL> INSERT INTO bms_frm_MemTable (strTableLabel,strColumnName,iIndexGroupID,iReserve,strReserve) values('bms_gdm_SlotType_view','SlotSubType',0,0,null);

1 rows affected.

SQL> INSERT INTO bms_frm_MemTable (strTableLabel,strColumnName,iIndexGroupID,iReserve,strReserve) values('bms_gdm_SlotType_view','SlotMapType',1,0,null);

1 rows affected.

SQL> INSERT INTO bms_frm_MemTable (strTableLabel,strColumnName,iIndexGroupID,iReserve,strReserve) values('bms_gdm_SlotType_view','SlotCount',-1,0,null);

1 rows affected.

SQL> INSERT INTO bms_frm_MemTable (strTableLabel,strColumnName,iIndexGroupID,iReserve,strReserve) values('bms_gdm_SlotType_view','Reserve3',-1,0,null);

1 rows affected.

SQL> INSERT INTO bms_frm_MemTable (strTableLabel,strColumnName,iIndexGroupID,iReserve,strReserve) values('bms_gdm_SlotType_view','Reserve2',-1,0,null);

1 rows affected.

SQL> INSERT INTO bms_frm_MemTable (strTableLabel,strColumnName,iIndexGroupID,iReserve,strReserve) values('bms_gdm_SlotType_view','Reserve1',-1,0,null);

1 rows affected.

SQL> INSERT INTO bms_frm_MemTable (strTableLabel,strColumnName,iIndexGroupID,iReserve,strReserve) values('bms_gdm_SlotType_view','PortNum',-1,0,null);

1 rows affected.

SQL> INSERT INTO bms_frm_MemTable (strTableLabel,strColumnName,iIndexGroupID,iReserve,strReserve) values('bms_gdm_SlotType_view','Name',-1,0,null);

1 rows affected.

SQL> INSERT INTO bms_frm_MemTable (strTableLabel,strColumnName,iIndexGroupID,iReserve,strReserve) values('bms_gdm_SlotType_view','DevType',1,0,null);

1 rows affected.

SQL> INSERT INTO bms_frm_MemTable (strTableLabel,strColumnName,iIndexGroupID,iReserve,strReserve) values('bms_gdm_SlotType_view','DevType',0,0,null);

1 rows affected.

SQL> INSERT INTO bms_frm_MemTable (strTableLabel,strColumnName,iIndexGroupID,iReserve,strReserve) values('bms_gdm_SlotType_view','DescName',-1,0,null);

1 rows affected.

SQL> INSERT INTO bms_frm_MemTable (strTableLabel,strColumnName,iIndexGroupID,iReserve,strReserve) values('bms_gdm_ResCompatible','SubType',0,0,null);

1 rows affected.

SQL> INSERT INTO bms_frm_MemTable (strTableLabel,strColumnName,iIndexGroupID,iReserve,strReserve) values('bms_gdm_ResCompatible','MainType',0,0,null);

1 rows affected.

SQL> INSERT INTO bms_frm_MemTable (strTableLabel,strColumnName,iIndexGroupID,iReserve,strReserve) values('bms_gdm_ResCompatible','DevType',0,0,null);

1 rows affected.

SQL> INSERT INTO bms_frm_MemTable (strTableLabel,strColumnName,iIndexGroupID,iReserve,strReserve) values('bms_gdm_ResCompatible','CompatibleType',-1,0,null);

1 rows affected.

SQL> INSERT INTO bms_frm_MemTable (strTableLabel,strColumnName,iIndexGroupID,iReserve,strReserve) values('bms_gdm_DeviceTab','Version',-1,0,null);

1 rows affected.

SQL> INSERT INTO bms_frm_MemTable (strTableLabel,strColumnName,iIndexGroupID,iReserve,strReserve) values('bms_gdm_DeviceTab','VerID',-1,0,null);

1 rows affected.

SQL> INSERT INTO bms_frm_MemTable (strTableLabel,strColumnName,iIndexGroupID,iReserve,strReserve) values('bms_gdm_DeviceTab','UserLabel',-1,0,null);

1 rows affected.

SQL> INSERT INTO bms_frm_MemTable (strTableLabel,strColumnName,iIndexGroupID,iReserve,strReserve) values('bms_gdm_DeviceTab','Type',3,0,null);

1 rows affected.

SQL> INSERT INTO bms_frm_MemTable (strTableLabel,strColumnName,iIndexGroupID,iReserve,strReserve) values('bms_gdm_DeviceTab','RoleType',-1,0,null);

1 rows affected.

SQL> INSERT INTO bms_frm_MemTable (strTableLabel,strColumnName,iIndexGroupID,iReserve,strReserve) values('bms_gdm_DeviceTab','ReplaceStatus',-1,0,null);

1 rows affected.

SQL> INSERT INTO bms_frm_MemTable (strTableLabel,strColumnName,iIndexGroupID,iReserve,strReserve) values('bms_gdm_DeviceTab','PollStatus',-1,0,null);

1 rows affected.

SQL> INSERT INTO bms_frm_MemTable (strTableLabel,strColumnName,iIndexGroupID,iReserve,strReserve) values('bms_gdm_DeviceTab','Name',-1,0,null);

1 rows affected.

SQL> INSERT INTO bms_frm_MemTable (strTableLabel,strColumnName,iIndexGroupID,iReserve,strReserve) values('bms_gdm_DeviceTab','MoveStatus',-1,0,null);

1 rows affected.

SQL> INSERT INTO bms_frm_MemTable (strTableLabel,strColumnName,iIndexGroupID,iReserve,strReserve) values('bms_gdm_DeviceTab','MAC',2,0,null);

1 rows affected.

SQL> INSERT INTO bms_frm_MemTable (strTableLabel,strColumnName,iIndexGroupID,iReserve,strReserve) values('bms_gdm_DeviceTab','IP',1,0,null);

1 rows affected.

SQL> INSERT INTO bms_frm_MemTable (strTableLabel,strColumnName,iIndexGroupID,iReserve,strReserve) values('bms_gdm_DeviceTab','ID',0,0,null);

1 rows affected.

SQL> INSERT INTO bms_frm_MemTable (strTableLabel,strColumnName,iIndexGroupID,iReserve,strReserve) values('bms_gdm_DeviceTab','AdminStatus',-1,0,null);

1 rows affected.

SQL> INSERT INTO bms_frm_MemTable (strTableLabel,strColumnName,iIndexGroupID,iReserve,strReserve) values('bms_gdm_DeviceTab','AdaptVer',2,0,null);

1 rows affected.

SQL> INSERT INTO bms_frm_MemTable (strTableLabel,strColumnName,iIndexGroupID,iReserve,strReserve) values('bms_gdm_DeviceTab','AdaptVer',1,0,null);

1 rows affected.

SQL> INSERT INTO bms_frm_MemTable (strTableLabel,strColumnName,iIndexGroupID,iReserve,strReserve) values('bms_frm_MemTableLoad','strTableName',0,0,null);

1 rows affected.

SQL> INSERT INTO bms_frm_MemTable (strTableLabel,strColumnName,iIndexGroupID,iReserve,strReserve) values('bms_frm_MemTableLoad','iProcessID',-1,0,null);

1 rows affected.

SQL> INSERT INTO bms_frm_MemTable (strTableLabel,strColumnName,iIndexGroupID,iReserve,strReserve) values('bms_frm_IfType2Service','szInfo',-1,0,null);

1 rows affected.

SQL> INSERT INTO bms_frm_MemTable (strTableLabel,strColumnName,iIndexGroupID,iReserve,strReserve) values('bms_frm_IfType2Service','iServiceType',-1,0,null);

1 rows affected.

SQL> INSERT INTO bms_frm_MemTable (strTableLabel,strColumnName,iIndexGroupID,iReserve,strReserve) values('bms_frm_IfType2Service','iIfType',0,0,null);

1 rows affected.

SQL> INSERT INTO bms_frm_MemTable (strTableLabel,strColumnName,iIndexGroupID,iReserve,strReserve) values('bms_frm_IfType2Service','iDevType',0,0,null);

1 rows affected.

SQL> INSERT INTO bms_frm_MemTable (strTableLabel,strColumnName,iIndexGroupID,iReserve,strReserve) values('bms_frm_CtrlResCalReg','iPortSubType',0,0,null);

1 rows affected.

SQL> INSERT INTO bms_frm_MemTable (strTableLabel,strColumnName,iIndexGroupID,iReserve,strReserve) values('bms_frm_CtrlResCalReg','iPortMainType',0,0,null);

1 rows affected.

SQL> INSERT INTO bms_frm_MemTable (strTableLabel,strColumnName,iIndexGroupID,iReserve,strReserve) values('bms_frm_CtrlResCalReg','iPortCount',-1,0,null);

1 rows affected.

SQL> INSERT INTO bms_frm_MemTable (strTableLabel,strColumnName,iIndexGroupID,iReserve,strReserve) values('bms_frm_CtrlResCalReg','iDevType',1,0,null);

1 rows affected.

SQL> INSERT INTO bms_frm_MemTable (strTableLabel,strColumnName,iIndexGroupID,iReserve,strReserve) values('bms_frm_CtrlResCalReg','iDevType',0,0,null);

1 rows affected.

SQL> INSERT INTO bms_frm_MemTable (strTableLabel,strColumnName,iIndexGroupID,iReserve,strReserve) values('bms_frm_CtrlResCalReg','iCtrlResSubType',1,0,null);

1 rows affected.

SQL> INSERT INTO bms_frm_MemTable (strTableLabel,strColumnName,iIndexGroupID,iReserve,strReserve) values('bms_frm_CtrlResCalReg','iCtrlResSubType',-1,0,null);

1 rows affected.

SQL> INSERT INTO bms_frm_MemTable (strTableLabel,strColumnName,iIndexGroupID,iReserve,strReserve) values('bms_frm_CtrlResCalReg','iCtrlResMainType',1,0,null);

1 rows affected.

SQL> INSERT INTO bms_frm_MemTable (strTableLabel,strColumnName,iIndexGroupID,iReserve,strReserve) values('bms_frm_CtrlResCalReg','iCtrlResMainType',-1,0,null);

1 rows affected.

SQL> INSERT INTO bms_frm_MemTable (strTableLabel,strColumnName,iIndexGroupID,iReserve,strReserve) values('bms_desc_SerFlowDesc','strLocateName',0,0,null);

1 rows affected.

SQL> INSERT INTO bms_frm_MemTable (strTableLabel,strColumnName,iIndexGroupID,iReserve,strReserve) values('bms_desc_SerFlowDesc','VerType',-1,0,null);

1 rows affected.

SQL> INSERT INTO bms_frm_MemTable (strTableLabel,strColumnName,iIndexGroupID,iReserve,strReserve) values('bms_desc_SerFlowDesc','StepID',-1,0,null);

1 rows affected.

SQL> INSERT INTO bms_frm_MemTable (strTableLabel,strColumnName,iIndexGroupID,iReserve,strReserve) values('bms_desc_SerFlowDesc','OperID',-1,0,null);

1 rows affected.

SQL> INSERT INTO bms_frm_MemTable (strTableLabel,strColumnName,iIndexGroupID,iReserve,strReserve) values('bms_desc_SerFlowDesc','OperDesc',-1,0,null);

1 rows affected.

SQL> INSERT INTO bms_frm_MemTable (strTableLabel,strColumnName,iIndexGroupID,iReserve,strReserve) values('bms_desc_SerFlowDesc','NextStepOK',-1,0,null);

1 rows affected.

SQL> INSERT INTO bms_frm_MemTable (strTableLabel,strColumnName,iIndexGroupID,iReserve,strReserve) values('bms_desc_SerFlowDesc','NextStepErr',-1,0,null);

1 rows affected.

SQL> INSERT INTO bms_frm_MemTable (strTableLabel,strColumnName,iIndexGroupID,iReserve,strReserve) values('bms_desc_SerFlowDesc','FuncName',-1,0,null);

1 rows affected.

SQL> INSERT INTO bms_frm_MemTable (strTableLabel,strColumnName,iIndexGroupID,iReserve,strReserve) values('bms_desc_SerFlowDesc','ErrCode',-1,0,null);

1 rows affected.

SQL> INSERT INTO bms_frm_MemTable (strTableLabel,strColumnName,iIndexGroupID,iReserve,strReserve) values('bms_desc_SerFlowDesc','DevType',0,0,null);

1 rows affected.

SQL> INSERT INTO bms_frm_MemTable (strTableLabel,strColumnName,iIndexGroupID,iReserve,strReserve) values('bms_desc_SerFlowDesc','DealPara',-1,0,null);

1 rows affected.

SQL> INSERT INTO bms_frm_MemTable (strTableLabel,strColumnName,iIndexGroupID,iReserve,strReserve) values('bms_desc_SerFlowDesc','CmdID',0,0,null);

1 rows affected.

SQL> INSERT INTO bms_frm_MemTable (strTableLabel,strColumnName,iIndexGroupID,iReserve,strReserve) values('bms_desc_SerFlowDesc','AppOwner',-1,0,null);

1 rows affected.

SQL> INSERT INTO bms_frm_MemTable (strTableLabel,strColumnName,iIndexGroupID,iReserve,strReserve) values('bms_desc_MIBOperDesc','strLocateName',0,0,null);

1 rows affected.

SQL> INSERT INTO bms_frm_MemTable (strTableLabel,strColumnName,iIndexGroupID,iReserve,strReserve) values('bms_desc_MIBOperDesc','TableName',-1,0,null);

1 rows affected.

SQL> INSERT INTO bms_frm_MemTable (strTableLabel,strColumnName,iIndexGroupID,iReserve,strReserve) values('bms_desc_MIBOperDesc','StepID',-1,0,null);

1 rows affected.

SQL> INSERT INTO bms_frm_MemTable (strTableLabel,strColumnName,iIndexGroupID,iReserve,strReserve) values('bms_desc_MIBOperDesc','SetFields',-1,0,null);

1 rows affected.

SQL> INSERT INTO bms_frm_MemTable (strTableLabel,strColumnName,iIndexGroupID,iReserve,strReserve) values('bms_desc_MIBOperDesc','OperType',-1,0,null);

1 rows affected.

SQL> INSERT INTO bms_frm_MemTable (strTableLabel,strColumnName,iIndexGroupID,iReserve,strReserve) values('bms_desc_MIBOperDesc','OperID',0,0,null);

1 rows affected.

SQL> INSERT INTO bms_frm_MemTable (strTableLabel,strColumnName,iIndexGroupID,iReserve,strReserve) values('bms_desc_MIBOperDesc','MibIndex',-1,0,null);

1 rows affected.

SQL> INSERT INTO bms_frm_MemTable (strTableLabel,strColumnName,iIndexGroupID,iReserve,strReserve) values('bms_desc_MIBOperDesc','DevType',0,0,null);

1 rows affected.

SQL> INSERT INTO bms_frm_MemTable (strTableLabel,strColumnName,iIndexGroupID,iReserve,strReserve) values('bms_desc_MIBOperDesc','CmdDesc',-1,0,null);

1 rows affected.

SQL> INSERT INTO bms_frm_MemTable (strTableLabel,strColumnName,iIndexGroupID,iReserve,strReserve) values('bms_desc_DevTypePath','strPath',-1,0,null);

1 rows affected.

SQL> INSERT INTO bms_frm_MemTable (strTableLabel,strColumnName,iIndexGroupID,iReserve,strReserve) values('bms_desc_DevTypePath','strIsDevID',-1,0,null);

1 rows affected.

SQL> INSERT INTO bms_frm_MemTable (strTableLabel,strColumnName,iIndexGroupID,iReserve,strReserve) values('bms_desc_DevTypePath','strAsnDesc',-1,0,null);

1 rows affected.

SQL> INSERT INTO bms_frm_MemTable (strTableLabel,strColumnName,iIndexGroupID,iReserve,strReserve) values('bms_desc_DevTypePath','iAsnID',0,0,null);

1 rows affected.

SQL> INSERT INTO bms_frm_MemTable (strTableLabel,strColumnName,iIndexGroupID,iReserve,strReserve) values('bms_desc_DBOperDesc','strLocateName',0,0,null);

1 rows affected.

SQL> INSERT INTO bms_frm_MemTable (strTableLabel,strColumnName,iIndexGroupID,iReserve,strReserve) values('bms_desc_DBOperDesc','StepID',-1,0,null);

1 rows affected.

SQL> INSERT INTO bms_frm_MemTable (strTableLabel,strColumnName,iIndexGroupID,iReserve,strReserve) values('bms_desc_DBOperDesc','OperType',-1,0,null);

1 rows affected.

SQL> INSERT INTO bms_frm_MemTable (strTableLabel,strColumnName,iIndexGroupID,iReserve,strReserve) values('bms_desc_DBOperDesc','OperID',0,0,null);

1 rows affected.

SQL> INSERT INTO bms_frm_MemTable (strTableLabel,strColumnName,iIndexGroupID,iReserve,strReserve) values('bms_desc_DBOperDesc','DevType',0,0,null);

1 rows affected.

SQL> INSERT INTO bms_frm_MemTable (strTableLabel,strColumnName,iIndexGroupID,iReserve,strReserve) values('bms_desc_DBOperDesc','CmdDesc',-1,0,null);

1 rows affected.

SQL> INSERT INTO bms_frm_MemTable (strTableLabel,strColumnName,iIndexGroupID,iReserve,strReserve) values('bms_desc_CmdDesc','strLocateName',0,0,null);

1 rows affected.

SQL> INSERT INTO bms_frm_MemTable (strTableLabel,strColumnName,iIndexGroupID,iReserve,strReserve) values('bms_desc_CmdDesc','RetMsg',-1,0,null);

1 rows affected.

SQL> INSERT INTO bms_frm_MemTable (strTableLabel,strColumnName,iIndexGroupID,iReserve,strReserve) values('bms_desc_CmdDesc','OutAsnID',-1,0,null);

1 rows affected.

SQL> INSERT INTO bms_frm_MemTable (strTableLabel,strColumnName,iIndexGroupID,iReserve,strReserve) values('bms_desc_CmdDesc','InAsnID',-1,0,null);

1 rows affected.

SQL> INSERT INTO bms_frm_MemTable (strTableLabel,strColumnName,iIndexGroupID,iReserve,strReserve) values('bms_desc_CmdDesc','DevType',0,0,null);

1 rows affected.

SQL> INSERT INTO bms_frm_MemTable (strTableLabel,strColumnName,iIndexGroupID,iReserve,strReserve) values('bms_desc_CmdDesc','CmdType',-1,0,null);

1 rows affected.

SQL> INSERT INTO bms_frm_MemTable (strTableLabel,strColumnName,iIndexGroupID,iReserve,strReserve) values('bms_desc_CmdDesc','CmdID',0,0,null);

1 rows affected.

SQL> INSERT INTO bms_frm_MemTable (strTableLabel,strColumnName,iIndexGroupID,iReserve,strReserve) values('bms_desc_CmdDesc','CmdDesc',-1,0,null);

1 rows affected.

SQL> INSERT INTO bms_frm_MemTable (strTableLabel,strColumnName,iIndexGroupID,iReserve,strReserve) values('bms_cpesvc_mission','iSpiltPackNum',-1,0,null);

1 rows affected.

SQL> INSERT INTO bms_frm_MemTable (strTableLabel,strColumnName,iIndexGroupID,iReserve,strReserve) values('bms_cpesvc_mission','iSpiltFlag',-1,0,null);

1 rows affected.

SQL> INSERT INTO bms_frm_MemTable (strTableLabel,strColumnName,iIndexGroupID,iReserve,strReserve) values('bms_cpesvc_mission','iLoadStartTime',-1,0,null);

1 rows affected.

SQL> INSERT INTO bms_frm_MemTable (strTableLabel,strColumnName,iIndexGroupID,iReserve,strReserve) values('bms_cpesvc_mission','iLoadFinishTime',-1,0,null);

1 rows affected.

SQL> INSERT INTO bms_frm_MemTable (strTableLabel,strColumnName,iIndexGroupID,iReserve,strReserve) values('bms_cpesvc_mission','XmlLoadErrorInfo',-1,0,null);

1 rows affected.

SQL> INSERT INTO bms_frm_MemTable (strTableLabel,strColumnName,iIndexGroupID,iReserve,strReserve) values('bms_cpesvc_mission','XmlLoadErrorCode',-1,0,null);

1 rows affected.

SQL> INSERT INTO bms_frm_MemTable (strTableLabel,strColumnName,iIndexGroupID,iReserve,strReserve) values('bms_cpesvc_mission','UserName',-1,0,null);

1 rows affected.

SQL> INSERT INTO bms_frm_MemTable (strTableLabel,strColumnName,iIndexGroupID,iReserve,strReserve) values('bms_cpesvc_mission','UpgradeXMLMission',12,0,null);

1 rows affected.

SQL> INSERT INTO bms_frm_MemTable (strTableLabel,strColumnName,iIndexGroupID,iReserve,strReserve) values('bms_cpesvc_mission','TaskPriority',-1,0,null);

1 rows affected.

SQL> INSERT INTO bms_frm_MemTable (strTableLabel,strColumnName,iIndexGroupID,iReserve,strReserve) values('bms_cpesvc_mission','TargetVersion',-1,0,null);

1 rows affected.

SQL> INSERT INTO bms_frm_MemTable (strTableLabel,strColumnName,iIndexGroupID,iReserve,strReserve) values('bms_cpesvc_mission','SubType',-1,0,null);

1 rows affected.

SQL> INSERT INTO bms_frm_MemTable (strTableLabel,strColumnName,iIndexGroupID,iReserve,strReserve) values('bms_cpesvc_mission','StrategyID',-1,0,null);

1 rows affected.

SQL> INSERT INTO bms_frm_MemTable (strTableLabel,strColumnName,iIndexGroupID,iReserve,strReserve) values('bms_cpesvc_mission','StartTime',-1,0,null);

1 rows affected.

SQL> INSERT INTO bms_frm_MemTable (strTableLabel,strColumnName,iIndexGroupID,iReserve,strReserve) values('bms_cpesvc_mission','ResetFlag',-1,0,null);

1 rows affected.

SQL> INSERT INTO bms_frm_MemTable (strTableLabel,strColumnName,iIndexGroupID,iReserve,strReserve) values('bms_cpesvc_mission','Reserved1',-1,0,null);

1 rows affected.

SQL> INSERT INTO bms_frm_MemTable (strTableLabel,strColumnName,iIndexGroupID,iReserve,strReserve) values('bms_cpesvc_mission','ResID4',12,0,null);

1 rows affected.

SQL> INSERT INTO bms_frm_MemTable (strTableLabel,strColumnName,iIndexGroupID,iReserve,strReserve) values('bms_cpesvc_mission','ResID4',11,0,null);

1 rows affected.

SQL> INSERT INTO bms_frm_MemTable (strTableLabel,strColumnName,iIndexGroupID,iReserve,strReserve) values('bms_cpesvc_mission','ResID4',10,0,null);

1 rows affected.

SQL> INSERT INTO bms_frm_MemTable (strTableLabel,strColumnName,iIndexGroupID,iReserve,strReserve) values('bms_cpesvc_mission','ResID4',9,0,null);

1 rows affected.

SQL> INSERT INTO bms_frm_MemTable (strTableLabel,strColumnName,iIndexGroupID,iReserve,strReserve) values('bms_cpesvc_mission','ResID4',8,0,null);

1 rows affected.

SQL> INSERT INTO bms_frm_MemTable (strTableLabel,strColumnName,iIndexGroupID,iReserve,strReserve) values('bms_cpesvc_mission','ResID4',7,0,null);

1 rows affected.

SQL> INSERT INTO bms_frm_MemTable (strTableLabel,strColumnName,iIndexGroupID,iReserve,strReserve) values('bms_cpesvc_mission','ResID3',12,0,null);

1 rows affected.

SQL> INSERT INTO bms_frm_MemTable (strTableLabel,strColumnName,iIndexGroupID,iReserve,strReserve) values('bms_cpesvc_mission','ResID3',11,0,null);

1 rows affected.

SQL> INSERT INTO bms_frm_MemTable (strTableLabel,strColumnName,iIndexGroupID,iReserve,strReserve) values('bms_cpesvc_mission','ResID3',10,0,null);

1 rows affected.

SQL> INSERT INTO bms_frm_MemTable (strTableLabel,strColumnName,iIndexGroupID,iReserve,strReserve) values('bms_cpesvc_mission','ResID3',9,0,null);

1 rows affected.

SQL> INSERT INTO bms_frm_MemTable (strTableLabel,strColumnName,iIndexGroupID,iReserve,strReserve) values('bms_cpesvc_mission','ResID3',8,0,null);

1 rows affected.

SQL> INSERT INTO bms_frm_MemTable (strTableLabel,strColumnName,iIndexGroupID,iReserve,strReserve) values('bms_cpesvc_mission','ResID3',7,0,null);

1 rows affected.

SQL> INSERT INTO bms_frm_MemTable (strTableLabel,strColumnName,iIndexGroupID,iReserve,strReserve) values('bms_cpesvc_mission','ResID2',12,0,null);

1 rows affected.

SQL> INSERT INTO bms_frm_MemTable (strTableLabel,strColumnName,iIndexGroupID,iReserve,strReserve) values('bms_cpesvc_mission','ResID2',11,0,null);

1 rows affected.

SQL> INSERT INTO bms_frm_MemTable (strTableLabel,strColumnName,iIndexGroupID,iReserve,strReserve) values('bms_cpesvc_mission','ResID2',10,0,null);

1 rows affected.

SQL> COMMIT;

Succeed.

SQL> 
SQL> DROP TABLE IF EXISTS bms_frm_MemTableLoad;

Succeed.

SQL> CREATE TABLE bms_frm_MemTableLoad
  2 (
  3   iProcessID BINARY_INTEGER NOT NULL,
  4   strTableLabel VARCHAR(64 BYTE) NOT NULL,
  5   strTableName VARCHAR(64 BYTE) NOT NULL,
  6   iIsAutoLoad BINARY_INTEGER NOT NULL DEFAULT 1,
  7   strWhere VARCHAR(255 BYTE),
  8   strSql VARCHAR(255 BYTE),
  9   iReserve BINARY_INTEGER,
 10   strReserve VARCHAR(64 BYTE),
 11   PRIMARY KEY(iProcessID, strTableLabel)
 12 )
 13 TABLESPACE USERS
 14 INITRANS 2
 15 MAXTRANS 255
 16 PCTFREE 8;

Succeed.

SQL> INSERT INTO bms_frm_MemTableLoad (iProcessID,strTableLabel,strTableName,iIsAutoLoad,strWhere,strSql,iReserve,strReserve) values(4008,'bms_pon_mxu','bms_pon_mxu',1,null,null,0,null);

1 rows affected.

SQL> INSERT INTO bms_frm_MemTableLoad (iProcessID,strTableLabel,strTableName,iIsAutoLoad,strWhere,strSql,iReserve,strReserve) values(4008,'bms_gdm_TypeDefineTab','bms_gdm_TypeDefineTab',1,' ',null,0,null);

1 rows affected.

SQL> INSERT INTO bms_frm_MemTableLoad (iProcessID,strTableLabel,strTableName,iIsAutoLoad,strWhere,strSql,iReserve,strReserve) values(4008,'bms_gdm_SlotType_view','bms_gdm_SlotType_view',1,' ',null,0,null);

1 rows affected.

SQL> INSERT INTO bms_frm_MemTableLoad (iProcessID,strTableLabel,strTableName,iIsAutoLoad,strWhere,strSql,iReserve,strReserve) values(4008,'bms_gdm_ResCompatible','bms_gdm_ResCompatible',1,' ',null,0,null);

1 rows affected.

SQL> INSERT INTO bms_frm_MemTableLoad (iProcessID,strTableLabel,strTableName,iIsAutoLoad,strWhere,strSql,iReserve,strReserve) values(4008,'bms_gdm_DeviceTab','bms_gdm_DeviceTab',1,null,null,0,null);

1 rows affected.

SQL> INSERT INTO bms_frm_MemTableLoad (iProcessID,strTableLabel,strTableName,iIsAutoLoad,strWhere,strSql,iReserve,strReserve) values(4007,'bms_pontl1_NotSetDev','bms_pontl1_NotSetDev',1,' ',null,0,null);

1 rows affected.

SQL> INSERT INTO bms_frm_MemTableLoad (iProcessID,strTableLabel,strTableName,iIsAutoLoad,strWhere,strSql,iReserve,strReserve) values(4007,'bms_gdm_TypeDefineTab','bms_gdm_TypeDefineTab',1,' ',null,0,null);

1 rows affected.

SQL> INSERT INTO bms_frm_MemTableLoad (iProcessID,strTableLabel,strTableName,iIsAutoLoad,strWhere,strSql,iReserve,strReserve) values(4007,'bms_gdm_SlotType_view','bms_gdm_SlotType_view',1,' ',null,0,null);

1 rows affected.

SQL> INSERT INTO bms_frm_MemTableLoad (iProcessID,strTableLabel,strTableName,iIsAutoLoad,strWhere,strSql,iReserve,strReserve) values(4007,'bms_gdm_ResCompatible','bms_gdm_ResCompatible',1,' ',null,0,null);

1 rows affected.

SQL> INSERT INTO bms_frm_MemTableLoad (iProcessID,strTableLabel,strTableName,iIsAutoLoad,strWhere,strSql,iReserve,strReserve) values(4007,'bms_gdm_DeviceTab','bms_gdm_DeviceTab',1,null,null,0,null);

1 rows affected.

SQL> INSERT INTO bms_frm_MemTableLoad (iProcessID,strTableLabel,strTableName,iIsAutoLoad,strWhere,strSql,iReserve,strReserve) values(242,'bms_prof_QuerySubProfKeyTabNE','bms_prof_QuerySubProfKeyTabNE',1,null,'select * from bms_prof_QuerySubProfKeyTabNE order by KeyID asc',0,null);

1 rows affected.

SQL> INSERT INTO bms_frm_MemTableLoad (iProcessID,strTableLabel,strTableName,iIsAutoLoad,strWhere,strSql,iReserve,strReserve) values(242,'bms_prof_QuerySubProfKeyTab','bms_prof_QuerySubProfKeyTab',1,null,'select * from bms_prof_QuerySubProfKeyTab order by KeyID asc',0,null);

1 rows affected.

SQL> INSERT INTO bms_frm_MemTableLoad (iProcessID,strTableLabel,strTableName,iIsAutoLoad,strWhere,strSql,iReserve,strReserve) values(242,'bms_pf_XponMibTableDesc','bms_pf_XponMibTableDesc',1,null,'SELECT ProfileType,NMSOperation,MibTableName,MibLevel,OperType FROM bms_pf_XponMibTableDesc order by OperOrder asc',0,null);

1 rows affected.

SQL> INSERT INTO bms_frm_MemTableLoad (iProcessID,strTableLabel,strTableName,iIsAutoLoad,strWhere,strSql,iReserve,strReserve) values(242,'bms_pf_TrapPara_register_ASC','bms_pf_TrapPara_register',1,null,'select ProfileType,HostParaOrder,TrapPara FROM bms_pf_TrapPara_register order by HostParaOrder asc',0,null);

1 rows affected.

SQL> INSERT INTO bms_frm_MemTableLoad (iProcessID,strTableLabel,strTableName,iIsAutoLoad,strWhere,strSql,iReserve,strReserve) values(242,'bms_pf_TrapIDAlias_register','bms_pf_TrapIDAlias_register',1,null,null,0,null);

1 rows affected.

SQL> INSERT INTO bms_frm_MemTableLoad (iProcessID,strTableLabel,strTableName,iIsAutoLoad,strWhere,strSql,iReserve,strReserve) values(242,'bms_pf_ProfileTypeDescOneDRETableName','bms_pf_ProfileTypeDesc',1,null,'select ProfileType, NETableName,InterfaceTableName FROM bms_pf_ProfileTypeDesc',0,null);

1 rows affected.

SQL> INSERT INTO bms_frm_MemTableLoad (iProcessID,strTableLabel,strTableName,iIsAutoLoad,strWhere,strSql,iReserve,strReserve) values(242,'bms_pf_ProfileTypeDescDllName','bms_pf_ProfileTypeDesc',1,null,'select distinct DllName from bms_pf_ProfileTypeDesc',0,null);

1 rows affected.

SQL> INSERT INTO bms_frm_MemTableLoad (iProcessID,strTableLabel,strTableName,iIsAutoLoad,strWhere,strSql,iReserve,strReserve) values(242,'bms_pf_ProfileTypeDescDRETableName','bms_pf_ProfileTypeDesc',1,null,'select distinct NETableName from bms_pf_ProfileTypeDesc where NETableName is not null',0,null);

1 rows affected.

SQL> INSERT INTO bms_frm_MemTableLoad (iProcessID,strTableLabel,strTableName,iIsAutoLoad,strWhere,strSql,iReserve,strReserve) values(242,'bms_pf_ProfCatalogDesc','bms_pf_ProfCatalogDesc',1,null,null,0,null);

1 rows affected.

SQL> INSERT INTO bms_frm_MemTableLoad (iProcessID,strTableLabel,strTableName,iIsAutoLoad,strWhere,strSql,iReserve,strReserve) values(242,'bms_pf_PortTabName_register','bms_pf_PortTabName_register',1,null,null,0,null);

1 rows affected.

SQL> INSERT INTO bms_frm_MemTableLoad (iProcessID,strTableLabel,strTableName,iIsAutoLoad,strWhere,strSql,iReserve,strReserve) values(242,'bms_pf_MibOperDesc','bms_pf_MibOperDesc',1,null,'SELECT MibTabName,OperType,OperID FROM bms_pf_MibOperDesc',0,null);

1 rows affected.

SQL> INSERT INTO bms_frm_MemTableLoad (iProcessID,strTableLabel,strTableName,iIsAutoLoad,strWhere,strSql,iReserve,strReserve) values(242,'bms_pf_MibDescOrderByKeyID','bms_pf_MibDesc',1,null,'SELECT * FROM bms_pf_MibDesc order by KeyID asc',0,null);

1 rows affected.

SQL> INSERT INTO bms_frm_MemTableLoad (iProcessID,strTableLabel,strTableName,iIsAutoLoad,strWhere,strSql,iReserve,strReserve) values(242,'bms_pf_MibDescDist','bms_pf_MibDesc',1,null,'select distinct MibTabName, ProfileType from bms_pf_MibDesc',0,null);

1 rows affected.

SQL> INSERT INTO bms_frm_MemTableLoad (iProcessID,strTableLabel,strTableName,iIsAutoLoad,strWhere,strSql,iReserve,strReserve) values(242,'bms_pf_MibDesc','bms_pf_MibDesc',1,null,null,0,null);

1 rows affected.

SQL> INSERT INTO bms_frm_MemTableLoad (iProcessID,strTableLabel,strTableName,iIsAutoLoad,strWhere,strSql,iReserve,strReserve) values(242,'bms_pf_CmdCodeRegister','bms_pf_CmdCodeRegister',1,null,null,0,null);

1 rows affected.

SQL> INSERT INTO bms_frm_MemTableLoad (iProcessID,strTableLabel,strTableName,iIsAutoLoad,strWhere,strSql,iReserve,strReserve) values(242,'bms_pf_CmdCodDesc','bms_pf_CmdCodDesc',1,null,null,0,null);

1 rows affected.

SQL> INSERT INTO bms_frm_MemTableLoad (iProcessID,strTableLabel,strTableName,iIsAutoLoad,strWhere,strSql,iReserve,strReserve) values(242,'bms_pf_AttribsDescOrderByKeyID','bms_pf_AttribsDesc',1,null,'select * from bms_pf_AttribsDesc order by KeyID asc',0,null);

1 rows affected.

SQL> INSERT INTO bms_frm_MemTableLoad (iProcessID,strTableLabel,strTableName,iIsAutoLoad,strWhere,strSql,iReserve,strReserve) values(242,'bms_pf_AttribsDesc','bms_pf_AttribsDesc',1,null,null,0,null);

1 rows affected.

SQL> INSERT INTO bms_frm_MemTableLoad (iProcessID,strTableLabel,strTableName,iIsAutoLoad,strWhere,strSql,iReserve,strReserve) values(242,'bms_gdm_TypeDefineTab','bms_gdm_TypeDefineTab',1,' ',null,0,null);

1 rows affected.

SQL> INSERT INTO bms_frm_MemTableLoad (iProcessID,strTableLabel,strTableName,iIsAutoLoad,strWhere,strSql,iReserve,strReserve) values(242,'bms_gdm_SlotType_view','bms_gdm_SlotType_view',1,' ',null,0,null);

1 rows affected.

SQL> INSERT INTO bms_frm_MemTableLoad (iProcessID,strTableLabel,strTableName,iIsAutoLoad,strWhere,strSql,iReserve,strReserve) values(242,'bms_gdm_ResCompatible','bms_gdm_ResCompatible',1,' ',null,0,null);

1 rows affected.

SQL> INSERT INTO bms_frm_MemTableLoad (iProcessID,strTableLabel,strTableName,iIsAutoLoad,strWhere,strSql,iReserve,strReserve) values(242,'bms_gdm_DeviceTab','bms_gdm_DeviceTab',1,' ',null,0,null);

1 rows affected.

SQL> INSERT INTO bms_frm_MemTableLoad (iProcessID,strTableLabel,strTableName,iIsAutoLoad,strWhere,strSql,iReserve,strReserve) values(237,'bms_tl1_NotSetDev','bms_tl1_NotSetDev',1,' ',null,0,null);

1 rows affected.

SQL> INSERT INTO bms_frm_MemTableLoad (iProcessID,strTableLabel,strTableName,iIsAutoLoad,strWhere,strSql,iReserve,strReserve) values(237,'bms_pon_mxu','bms_pon_mxu',1,null,null,0,null);

1 rows affected.

SQL> INSERT INTO bms_frm_MemTableLoad (iProcessID,strTableLabel,strTableName,iIsAutoLoad,strWhere,strSql,iReserve,strReserve) values(237,'bms_gdm_TypeDefineTab','bms_gdm_TypeDefineTab',1,' ',null,0,null);

1 rows affected.

SQL> INSERT INTO bms_frm_MemTableLoad (iProcessID,strTableLabel,strTableName,iIsAutoLoad,strWhere,strSql,iReserve,strReserve) values(237,'bms_gdm_SlotType_view','bms_gdm_SlotType_view',1,' ',null,0,null);

1 rows affected.

SQL> INSERT INTO bms_frm_MemTableLoad (iProcessID,strTableLabel,strTableName,iIsAutoLoad,strWhere,strSql,iReserve,strReserve) values(237,'bms_gdm_ResCompatible','bms_gdm_ResCompatible',1,' ',null,0,null);

1 rows affected.

SQL> INSERT INTO bms_frm_MemTableLoad (iProcessID,strTableLabel,strTableName,iIsAutoLoad,strWhere,strSql,iReserve,strReserve) values(237,'bms_gdm_DeviceTab','bms_gdm_DeviceTab',1,null,null,0,null);

1 rows affected.

SQL> INSERT INTO bms_frm_MemTableLoad (iProcessID,strTableLabel,strTableName,iIsAutoLoad,strWhere,strSql,iReserve,strReserve) values(88,'bms_gdm_TypeDefineTab','bms_gdm_TypeDefineTab',1,' ',null,0,null);

1 rows affected.

SQL> INSERT INTO bms_frm_MemTableLoad (iProcessID,strTableLabel,strTableName,iIsAutoLoad,strWhere,strSql,iReserve,strReserve) values(88,'bms_gdm_SlotType_view','bms_gdm_SlotType_view',1,' ',null,0,null);

1 rows affected.

SQL> INSERT INTO bms_frm_MemTableLoad (iProcessID,strTableLabel,strTableName,iIsAutoLoad,strWhere,strSql,iReserve,strReserve) values(88,'bms_gdm_ResCompatible','bms_gdm_ResCompatible',1,' ',null,0,null);

1 rows affected.

SQL> INSERT INTO bms_frm_MemTableLoad (iProcessID,strTableLabel,strTableName,iIsAutoLoad,strWhere,strSql,iReserve,strReserve) values(88,'bms_gdm_DeviceTab','bms_gdm_DeviceTab',1,' ',null,0,null);

1 rows affected.

SQL> INSERT INTO bms_frm_MemTableLoad (iProcessID,strTableLabel,strTableName,iIsAutoLoad,strWhere,strSql,iReserve,strReserve) values(86,'bms_gdm_TypeDefineTab','bms_gdm_TypeDefineTab',1,' ',null,0,null);

1 rows affected.

SQL> INSERT INTO bms_frm_MemTableLoad (iProcessID,strTableLabel,strTableName,iIsAutoLoad,strWhere,strSql,iReserve,strReserve) values(86,'bms_gdm_SlotType_view','bms_gdm_SlotType_view',1,' ',null,0,null);

1 rows affected.

SQL> INSERT INTO bms_frm_MemTableLoad (iProcessID,strTableLabel,strTableName,iIsAutoLoad,strWhere,strSql,iReserve,strReserve) values(86,'bms_gdm_ResCompatible','bms_gdm_ResCompatible',1,' ',null,0,null);

1 rows affected.

SQL> INSERT INTO bms_frm_MemTableLoad (iProcessID,strTableLabel,strTableName,iIsAutoLoad,strWhere,strSql,iReserve,strReserve) values(86,'bms_gdm_DeviceTab','bms_gdm_DeviceTab',1,' ',null,0,null);

1 rows affected.

SQL> INSERT INTO bms_frm_MemTableLoad (iProcessID,strTableLabel,strTableName,iIsAutoLoad,strWhere,strSql,iReserve,strReserve) values(81,'bms_gdm_TypeDefineTab','bms_gdm_TypeDefineTab',1,' ',null,0,null);

1 rows affected.

SQL> INSERT INTO bms_frm_MemTableLoad (iProcessID,strTableLabel,strTableName,iIsAutoLoad,strWhere,strSql,iReserve,strReserve) values(81,'bms_gdm_SlotType_view','bms_gdm_SlotType_view',1,' ',null,0,null);

1 rows affected.

SQL> INSERT INTO bms_frm_MemTableLoad (iProcessID,strTableLabel,strTableName,iIsAutoLoad,strWhere,strSql,iReserve,strReserve) values(81,'bms_gdm_ResCompatible','bms_gdm_ResCompatible',1,' ',null,0,null);

1 rows affected.

SQL> INSERT INTO bms_frm_MemTableLoad (iProcessID,strTableLabel,strTableName,iIsAutoLoad,strWhere,strSql,iReserve,strReserve) values(81,'bms_gdm_DeviceTab','bms_gdm_DeviceTab',1,' ',null,0,null);

1 rows affected.

SQL> INSERT INTO bms_frm_MemTableLoad (iProcessID,strTableLabel,strTableName,iIsAutoLoad,strWhere,strSql,iReserve,strReserve) values(80,'bms_gdm_TypeDefineTab','bms_gdm_TypeDefineTab',1,' ',null,0,null);

1 rows affected.

SQL> INSERT INTO bms_frm_MemTableLoad (iProcessID,strTableLabel,strTableName,iIsAutoLoad,strWhere,strSql,iReserve,strReserve) values(80,'bms_gdm_SlotType_view','bms_gdm_SlotType_view',1,' ',null,0,null);

1 rows affected.

SQL> INSERT INTO bms_frm_MemTableLoad (iProcessID,strTableLabel,strTableName,iIsAutoLoad,strWhere,strSql,iReserve,strReserve) values(80,'bms_gdm_ResCompatible','bms_gdm_ResCompatible',1,' ',null,0,null);

1 rows affected.

SQL> INSERT INTO bms_frm_MemTableLoad (iProcessID,strTableLabel,strTableName,iIsAutoLoad,strWhere,strSql,iReserve,strReserve) values(80,'bms_gdm_DeviceTab','bms_gdm_DeviceTab',1,' ',null,0,null);

1 rows affected.

SQL> INSERT INTO bms_frm_MemTableLoad (iProcessID,strTableLabel,strTableName,iIsAutoLoad,strWhere,strSql,iReserve,strReserve) values(79,'bms_gdm_TypeDefineTab','bms_gdm_TypeDefineTab',1,' ',null,0,null);

1 rows affected.

SQL> INSERT INTO bms_frm_MemTableLoad (iProcessID,strTableLabel,strTableName,iIsAutoLoad,strWhere,strSql,iReserve,strReserve) values(79,'bms_gdm_SlotType_view','bms_gdm_SlotType_view',1,' ',null,0,null);

1 rows affected.

SQL> INSERT INTO bms_frm_MemTableLoad (iProcessID,strTableLabel,strTableName,iIsAutoLoad,strWhere,strSql,iReserve,strReserve) values(79,'bms_gdm_ResCompatible','bms_gdm_ResCompatible',1,' ',null,0,null);

1 rows affected.

SQL> INSERT INTO bms_frm_MemTableLoad (iProcessID,strTableLabel,strTableName,iIsAutoLoad,strWhere,strSql,iReserve,strReserve) values(79,'bms_gdm_DeviceTab','bms_gdm_DeviceTab',1,null,null,0,null);

1 rows affected.

SQL> INSERT INTO bms_frm_MemTableLoad (iProcessID,strTableLabel,strTableName,iIsAutoLoad,strWhere,strSql,iReserve,strReserve) values(74,'bms_adsl_adslmode','bms_adsl_adslmode',1,null,null,0,null);

1 rows affected.

SQL> INSERT INTO bms_frm_MemTableLoad (iProcessID,strTableLabel,strTableName,iIsAutoLoad,strWhere,strSql,iReserve,strReserve) values(47,'bms_tl1_NotSetDev','bms_tl1_NotSetDev',1,' ',null,0,null);

1 rows affected.

SQL> INSERT INTO bms_frm_MemTableLoad (iProcessID,strTableLabel,strTableName,iIsAutoLoad,strWhere,strSql,iReserve,strReserve) values(47,'bms_pon_mxu','bms_pon_mxu',1,null,null,0,null);

1 rows affected.

SQL> INSERT INTO bms_frm_MemTableLoad (iProcessID,strTableLabel,strTableName,iIsAutoLoad,strWhere,strSql,iReserve,strReserve) values(47,'bms_gdm_TypeDefineTab','bms_gdm_TypeDefineTab',1,' ',null,0,null);

1 rows affected.

SQL> INSERT INTO bms_frm_MemTableLoad (iProcessID,strTableLabel,strTableName,iIsAutoLoad,strWhere,strSql,iReserve,strReserve) values(47,'bms_gdm_SlotType_view','bms_gdm_SlotType_view',1,' ',null,0,null);

1 rows affected.

SQL> INSERT INTO bms_frm_MemTableLoad (iProcessID,strTableLabel,strTableName,iIsAutoLoad,strWhere,strSql,iReserve,strReserve) values(47,'bms_gdm_ResCompatible','bms_gdm_ResCompatible',1,' ',null,0,null);

1 rows affected.

SQL> INSERT INTO bms_frm_MemTableLoad (iProcessID,strTableLabel,strTableName,iIsAutoLoad,strWhere,strSql,iReserve,strReserve) values(47,'bms_gdm_DeviceTab','bms_gdm_DeviceTab',1,null,null,0,null);

1 rows affected.

SQL> INSERT INTO bms_frm_MemTableLoad (iProcessID,strTableLabel,strTableName,iIsAutoLoad,strWhere,strSql,iReserve,strReserve) values(38,'bms_gdm_TypeDefineTab','bms_gdm_TypeDefineTab',1,' ',null,0,null);

1 rows affected.

SQL> INSERT INTO bms_frm_MemTableLoad (iProcessID,strTableLabel,strTableName,iIsAutoLoad,strWhere,strSql,iReserve,strReserve) values(38,'bms_gdm_SlotType_view','bms_gdm_SlotType_view',1,' ',null,0,null);

1 rows affected.

SQL> INSERT INTO bms_frm_MemTableLoad (iProcessID,strTableLabel,strTableName,iIsAutoLoad,strWhere,strSql,iReserve,strReserve) values(38,'bms_gdm_ResCompatible','bms_gdm_ResCompatible',1,' ',null,0,null);

1 rows affected.

SQL> INSERT INTO bms_frm_MemTableLoad (iProcessID,strTableLabel,strTableName,iIsAutoLoad,strWhere,strSql,iReserve,strReserve) values(38,'bms_gdm_DeviceTab','bms_gdm_DeviceTab',1,' ',null,0,null);

1 rows affected.

SQL> INSERT INTO bms_frm_MemTableLoad (iProcessID,strTableLabel,strTableName,iIsAutoLoad,strWhere,strSql,iReserve,strReserve) values(30,'bms_prof_QuerySubProfKeyTabNE','bms_prof_QuerySubProfKeyTabNE',1,null,'select * from bms_prof_QuerySubProfKeyTabNE order by KeyID asc',0,null);

1 rows affected.

SQL> INSERT INTO bms_frm_MemTableLoad (iProcessID,strTableLabel,strTableName,iIsAutoLoad,strWhere,strSql,iReserve,strReserve) values(30,'bms_prof_QuerySubProfKeyTab','bms_prof_QuerySubProfKeyTab',1,null,'select * from bms_prof_QuerySubProfKeyTab order by KeyID asc',0,null);

1 rows affected.

SQL> INSERT INTO bms_frm_MemTableLoad (iProcessID,strTableLabel,strTableName,iIsAutoLoad,strWhere,strSql,iReserve,strReserve) values(30,'bms_pon_mxu','bms_pon_mxu',1,null,null,0,null);

1 rows affected.

SQL> INSERT INTO bms_frm_MemTableLoad (iProcessID,strTableLabel,strTableName,iIsAutoLoad,strWhere,strSql,iReserve,strReserve) values(30,'bms_pon_fttxviewont','bms_pon_fttxviewont',1,null,null,0,null);

1 rows affected.

SQL> INSERT INTO bms_frm_MemTableLoad (iProcessID,strTableLabel,strTableName,iIsAutoLoad,strWhere,strSql,iReserve,strReserve) values(30,'bms_pf_XponMibTableDesc','bms_pf_XponMibTableDesc',1,null,'SELECT ProfileType,NMSOperation,MibTableName,MibLevel,OperType FROM bms_pf_XponMibTableDesc order by OperOrder asc',0,null);

1 rows affected.

SQL> INSERT INTO bms_frm_MemTableLoad (iProcessID,strTableLabel,strTableName,iIsAutoLoad,strWhere,strSql,iReserve,strReserve) values(30,'bms_pf_TrapPara_register_ASC','bms_pf_TrapPara_register',1,null,'select ProfileType,HostParaOrder,TrapPara FROM bms_pf_TrapPara_register order by HostParaOrder asc',0,null);

1 rows affected.

SQL> INSERT INTO bms_frm_MemTableLoad (iProcessID,strTableLabel,strTableName,iIsAutoLoad,strWhere,strSql,iReserve,strReserve) values(30,'bms_pf_TrapIDAlias_register','bms_pf_TrapIDAlias_register',1,null,null,0,null);

1 rows affected.

SQL> INSERT INTO bms_frm_MemTableLoad (iProcessID,strTableLabel,strTableName,iIsAutoLoad,strWhere,strSql,iReserve,strReserve) values(30,'bms_pf_ProfileTypeDescOneDRETableName','bms_pf_ProfileTypeDesc',1,null,'select ProfileType, NETableName,InterfaceTableName FROM bms_pf_ProfileTypeDesc',0,null);

1 rows affected.

SQL> INSERT INTO bms_frm_MemTableLoad (iProcessID,strTableLabel,strTableName,iIsAutoLoad,strWhere,strSql,iReserve,strReserve) values(30,'bms_pf_ProfileTypeDescDllName','bms_pf_ProfileTypeDesc',1,null,'select distinct DllName from bms_pf_ProfileTypeDesc',0,null);

1 rows affected.

SQL> INSERT INTO bms_frm_MemTableLoad (iProcessID,strTableLabel,strTableName,iIsAutoLoad,strWhere,strSql,iReserve,strReserve) values(30,'bms_pf_ProfileTypeDescDRETableName','bms_pf_ProfileTypeDesc',1,null,'select distinct NETableName from bms_pf_ProfileTypeDesc where NETableName is not null',0,null);

1 rows affected.

SQL> INSERT INTO bms_frm_MemTableLoad (iProcessID,strTableLabel,strTableName,iIsAutoLoad,strWhere,strSql,iReserve,strReserve) values(30,'bms_pf_ProfCatalogDesc','bms_pf_ProfCatalogDesc',1,null,null,0,null);

1 rows affected.

SQL> INSERT INTO bms_frm_MemTableLoad (iProcessID,strTableLabel,strTableName,iIsAutoLoad,strWhere,strSql,iReserve,strReserve) values(30,'bms_pf_PortTabName_register','bms_pf_PortTabName_register',1,null,null,0,null);

1 rows affected.

SQL> INSERT INTO bms_frm_MemTableLoad (iProcessID,strTableLabel,strTableName,iIsAutoLoad,strWhere,strSql,iReserve,strReserve) values(30,'bms_pf_MibOperDesc','bms_pf_MibOperDesc',1,null,'SELECT MibTabName,OperType,OperID FROM bms_pf_MibOperDesc',0,null);

1 rows affected.

SQL> INSERT INTO bms_frm_MemTableLoad (iProcessID,strTableLabel,strTableName,iIsAutoLoad,strWhere,strSql,iReserve,strReserve) values(30,'bms_pf_MibDescOrderByKeyID','bms_pf_MibDesc',1,null,'SELECT * FROM bms_pf_MibDesc order by KeyID asc',0,null);

1 rows affected.

SQL> INSERT INTO bms_frm_MemTableLoad (iProcessID,strTableLabel,strTableName,iIsAutoLoad,strWhere,strSql,iReserve,strReserve) values(30,'bms_pf_MibDescDist','bms_pf_MibDesc',1,null,'select distinct MibTabName, ProfileType from bms_pf_MibDesc',0,null);

1 rows affected.

SQL> INSERT INTO bms_frm_MemTableLoad (iProcessID,strTableLabel,strTableName,iIsAutoLoad,strWhere,strSql,iReserve,strReserve) values(30,'bms_pf_MibDesc','bms_pf_MibDesc',1,null,null,0,null);

1 rows affected.

SQL> INSERT INTO bms_frm_MemTableLoad (iProcessID,strTableLabel,strTableName,iIsAutoLoad,strWhere,strSql,iReserve,strReserve) values(30,'bms_pf_CmdCodeRegister','bms_pf_CmdCodeRegister',1,null,null,0,null);

1 rows affected.

SQL> INSERT INTO bms_frm_MemTableLoad (iProcessID,strTableLabel,strTableName,iIsAutoLoad,strWhere,strSql,iReserve,strReserve) values(30,'bms_pf_CmdCodDesc','bms_pf_CmdCodDesc',1,null,null,0,null);

1 rows affected.

SQL> INSERT INTO bms_frm_MemTableLoad (iProcessID,strTableLabel,strTableName,iIsAutoLoad,strWhere,strSql,iReserve,strReserve) values(30,'bms_pf_AttribsDescOrderByKeyID','bms_pf_AttribsDesc',1,null,'select * from bms_pf_AttribsDesc order by KeyID asc',0,null);

1 rows affected.

SQL> INSERT INTO bms_frm_MemTableLoad (iProcessID,strTableLabel,strTableName,iIsAutoLoad,strWhere,strSql,iReserve,strReserve) values(30,'bms_pf_AttribsDesc','bms_pf_AttribsDesc',1,null,null,0,null);

1 rows affected.

SQL> INSERT INTO bms_frm_MemTableLoad (iProcessID,strTableLabel,strTableName,iIsAutoLoad,strWhere,strSql,iReserve,strReserve) values(30,'bms_ont_capability','bms_ont_capability',1,' ',null,0,null);

1 rows affected.

SQL> INSERT INTO bms_frm_MemTableLoad (iProcessID,strTableLabel,strTableName,iIsAutoLoad,strWhere,strSql,iReserve,strReserve) values(30,'bms_gdm_TypeDefineTab','bms_gdm_TypeDefineTab',1,' ',null,0,null);

1 rows affected.

SQL> INSERT INTO bms_frm_MemTableLoad (iProcessID,strTableLabel,strTableName,iIsAutoLoad,strWhere,strSql,iReserve,strReserve) values(30,'bms_gdm_SlotType_view','bms_gdm_SlotType_view',1,' ',null,0,null);

1 rows affected.

SQL> INSERT INTO bms_frm_MemTableLoad (iProcessID,strTableLabel,strTableName,iIsAutoLoad,strWhere,strSql,iReserve,strReserve) values(30,'bms_gdm_ResCompatible','bms_gdm_ResCompatible',1,' ',null,0,null);

1 rows affected.

SQL> INSERT INTO bms_frm_MemTableLoad (iProcessID,strTableLabel,strTableName,iIsAutoLoad,strWhere,strSql,iReserve,strReserve) values(30,'bms_gdm_DeviceTab','bms_gdm_DeviceTab',1,' ',null,0,null);

1 rows affected.

SQL> INSERT INTO bms_frm_MemTableLoad (iProcessID,strTableLabel,strTableName,iIsAutoLoad,strWhere,strSql,iReserve,strReserve) values(30,'bms_frm_CtrlResCalReg','bms_frm_CtrlResCalReg',1,' ',null,0,null);

1 rows affected.

SQL> INSERT INTO bms_frm_MemTableLoad (iProcessID,strTableLabel,strTableName,iIsAutoLoad,strWhere,strSql,iReserve,strReserve) values(30,'bms_cpesvc_mission','bms_cpesvc_mission',1,null,null,0,null);

1 rows affected.

SQL> INSERT INTO bms_frm_MemTableLoad (iProcessID,strTableLabel,strTableName,iIsAutoLoad,strWhere,strSql,iReserve,strReserve) values(30,'bms_cpesvc_fileserver','bms_cpesvc_fileserver',1,null,null,0,null);

1 rows affected.

SQL> INSERT INTO bms_frm_MemTableLoad (iProcessID,strTableLabel,strTableName,iIsAutoLoad,strWhere,strSql,iReserve,strReserve) values(30,'bms_cpesvc_autoupgrade_tactic','bms_cpesvc_autoupgrade_tactic',1,null,null,0,null);

1 rows affected.

SQL> INSERT INTO bms_frm_MemTableLoad (iProcessID,strTableLabel,strTableName,iIsAutoLoad,strWhere,strSql,iReserve,strReserve) values(0,'bms_frm_IfType2Service','bms_frm_IfType2Service',1,' ',null,0,null);

1 rows affected.

SQL> INSERT INTO bms_frm_MemTableLoad (iProcessID,strTableLabel,strTableName,iIsAutoLoad,strWhere,strSql,iReserve,strReserve) values(0,'bms_frm_CmdCode','bms_frm_CmdCode',1,' ',null,0,null);

1 rows affected.

SQL> INSERT INTO bms_frm_MemTableLoad (iProcessID,strTableLabel,strTableName,iIsAutoLoad,strWhere,strSql,iReserve,strReserve) values(0,'bms_desc_SerFlowDesc','bms_desc_SerFlowDesc',1,' ',null,0,null);

1 rows affected.

SQL> INSERT INTO bms_frm_MemTableLoad (iProcessID,strTableLabel,strTableName,iIsAutoLoad,strWhere,strSql,iReserve,strReserve) values(0,'bms_desc_MIBOperDesc','bms_desc_MIBOperDesc',1,' ',null,0,null);

1 rows affected.

SQL> INSERT INTO bms_frm_MemTableLoad (iProcessID,strTableLabel,strTableName,iIsAutoLoad,strWhere,strSql,iReserve,strReserve) values(0,'bms_desc_DevTypePath','bms_desc_DevTypePath',1,' ',null,0,null);

1 rows affected.

SQL> INSERT INTO bms_frm_MemTableLoad (iProcessID,strTableLabel,strTableName,iIsAutoLoad,strWhere,strSql,iReserve,strReserve) values(0,'bms_desc_DBOperDesc','bms_desc_DBOperDesc',1,' ',null,0,null);

1 rows affected.

SQL> INSERT INTO bms_frm_MemTableLoad (iProcessID,strTableLabel,strTableName,iIsAutoLoad,strWhere,strSql,iReserve,strReserve) values(0,'bms_desc_CmdDesc','bms_desc_CmdDesc',1,' ',null,0,null);

1 rows affected.

SQL> INSERT INTO bms_frm_MemTableLoad (iProcessID,strTableLabel,strTableName,iIsAutoLoad,strWhere,strSql,iReserve,strReserve) values(0,'bms_cfg_tab','bms_cfg_tab',1,' ',null,0,null);

1 rows affected.

SQL> INSERT INTO bms_frm_MemTableLoad (iProcessID,strTableLabel,strTableName,iIsAutoLoad,strWhere,strSql,iReserve,strReserve) values(-1,'bms_frm_MemTableLoad','bms_frm_MemTableLoad',1,' ',null,0,null);

1 rows affected.

SQL> COMMIT;

Succeed.

SQL> 
SQL> DROP TABLE IF EXISTS bms_frm_MemTableType;

Succeed.

SQL> CREATE TABLE bms_frm_MemTableType
  2 (
  3   strTableName VARCHAR(64 BYTE) NOT NULL,
  4   iTableType BINARY_INTEGER NOT NULL DEFAULT 0,
  5   PRIMARY KEY(strTableName)
  6 )
  7 TABLESPACE USERS
  8 INITRANS 2
  9 MAXTRANS 255
 10 PCTFREE 8;

Succeed.

SQL> INSERT INTO bms_frm_MemTableType (strTableName,iTableType) values('bms_adsl_adslmode',1);

1 rows affected.

SQL> INSERT INTO bms_frm_MemTableType (strTableName,iTableType) values('bms_cfg_tab',0);

1 rows affected.

SQL> INSERT INTO bms_frm_MemTableType (strTableName,iTableType) values('bms_cpesvc_autoupgrade_tactic',2);

1 rows affected.

SQL> INSERT INTO bms_frm_MemTableType (strTableName,iTableType) values('bms_cpesvc_fileserver',2);

1 rows affected.

SQL> INSERT INTO bms_frm_MemTableType (strTableName,iTableType) values('bms_cpesvc_mission',1);

1 rows affected.

SQL> INSERT INTO bms_frm_MemTableType (strTableName,iTableType) values('bms_desc_CmdDesc',0);

1 rows affected.

SQL> INSERT INTO bms_frm_MemTableType (strTableName,iTableType) values('bms_desc_DBOperDesc',0);

1 rows affected.

SQL> INSERT INTO bms_frm_MemTableType (strTableName,iTableType) values('bms_desc_DevTypePath',0);

1 rows affected.

SQL> INSERT INTO bms_frm_MemTableType (strTableName,iTableType) values('bms_desc_MIBOperDesc',0);

1 rows affected.

SQL> INSERT INTO bms_frm_MemTableType (strTableName,iTableType) values('bms_desc_SerFlowDesc',0);

1 rows affected.

SQL> INSERT INTO bms_frm_MemTableType (strTableName,iTableType) values('bms_frm_CmdCode',0);

1 rows affected.

SQL> INSERT INTO bms_frm_MemTableType (strTableName,iTableType) values('bms_frm_CtrlResCalReg',0);

1 rows affected.

SQL> INSERT INTO bms_frm_MemTableType (strTableName,iTableType) values('bms_frm_IfType2Service',0);

1 rows affected.

SQL> INSERT INTO bms_frm_MemTableType (strTableName,iTableType) values('bms_frm_MemTableLoad',0);

1 rows affected.

SQL> INSERT INTO bms_frm_MemTableType (strTableName,iTableType) values('bms_gdm_DeviceTab',2);

1 rows affected.

SQL> INSERT INTO bms_frm_MemTableType (strTableName,iTableType) values('bms_gdm_ResCompatible',2);

1 rows affected.

SQL> INSERT INTO bms_frm_MemTableType (strTableName,iTableType) values('bms_gdm_SlotType_view',2);

1 rows affected.

SQL> INSERT INTO bms_frm_MemTableType (strTableName,iTableType) values('bms_gdm_TypeDefineTab',2);

1 rows affected.

SQL> INSERT INTO bms_frm_MemTableType (strTableName,iTableType) values('bms_ont_capability',1);

1 rows affected.

SQL> INSERT INTO bms_frm_MemTableType (strTableName,iTableType) values('bms_pf_AttribsDesc',0);

1 rows affected.

SQL> INSERT INTO bms_frm_MemTableType (strTableName,iTableType) values('bms_pf_CmdCodDesc',0);

1 rows affected.

SQL> INSERT INTO bms_frm_MemTableType (strTableName,iTableType) values('bms_pf_CmdCodeRegister',0);

1 rows affected.

SQL> INSERT INTO bms_frm_MemTableType (strTableName,iTableType) values('bms_pf_MibDesc',0);

1 rows affected.

SQL> INSERT INTO bms_frm_MemTableType (strTableName,iTableType) values('bms_pf_MibOperDesc',0);

1 rows affected.

SQL> INSERT INTO bms_frm_MemTableType (strTableName,iTableType) values('bms_pf_PortTabName_register',0);

1 rows affected.

SQL> INSERT INTO bms_frm_MemTableType (strTableName,iTableType) values('bms_pf_ProfCatalogDesc',0);

1 rows affected.

SQL> INSERT INTO bms_frm_MemTableType (strTableName,iTableType) values('bms_pf_ProfileTypeDesc',0);

1 rows affected.

SQL> INSERT INTO bms_frm_MemTableType (strTableName,iTableType) values('bms_pf_TrapIDAlias_register',0);

1 rows affected.

SQL> INSERT INTO bms_frm_MemTableType (strTableName,iTableType) values('bms_pf_TrapPara_register',0);

1 rows affected.

SQL> INSERT INTO bms_frm_MemTableType (strTableName,iTableType) values('bms_pf_XponMibTableDesc',0);

1 rows affected.

SQL> INSERT INTO bms_frm_MemTableType (strTableName,iTableType) values('bms_pon_fttxviewont',2);

1 rows affected.

SQL> INSERT INTO bms_frm_MemTableType (strTableName,iTableType) values('bms_pon_mxu',2);

1 rows affected.

SQL> INSERT INTO bms_frm_MemTableType (strTableName,iTableType) values('bms_pontl1_NotSetDev',0);

1 rows affected.

SQL> INSERT INTO bms_frm_MemTableType (strTableName,iTableType) values('bms_prof_QuerySubProfKeyTab',0);

1 rows affected.

SQL> INSERT INTO bms_frm_MemTableType (strTableName,iTableType) values('bms_prof_QuerySubProfKeyTabNE',0);

1 rows affected.

SQL> INSERT INTO bms_frm_MemTableType (strTableName,iTableType) values('bms_tl1_NotSetDev',0);

1 rows affected.

SQL> COMMIT;

Succeed.

SQL> 
SQL> SELECT count(1)
  2 FROM bms_frm_MemTable
  3 INNER JOIN bms_frm_MemTableLoad ON
  4 bms_frm_MemTable.strTableLabel = bms_frm_MemTableLoad.strTableLabel;

COUNT(1)            
--------------------
911                 

1 rows fetched.

SQL> 
SQL> SELECT count(1)
  2 FROM bms_frm_MemTable
  3 INNER JOIN bms_frm_MemTableLoad ON
  4 bms_frm_MemTable.strTableLabel = bms_frm_MemTableLoad.strTableLabel
  5 INNER JOIN bms_frm_MemTableType ON
  6 bms_frm_MemTableLoad.strTableName = bms_frm_MemTableType.strTableName;

COUNT(1)            
--------------------
911                 

1 rows fetched.

SQL> 
SQL> 


