

SQL> alter system set ENABLE_SYSDBA_LOGIN=FALSE;

Succeed.

SQL> conn / as sysdba

Error: no privilege is found
Error: "SYSDBA" login failed, please check if you have correct privilege!

SQL> conn sys/sys@127.0.0.1:1611

connected.

SQL> alter system set ENABLE_SYSDBA_LOGIN=TRUE;

Succeed.

SQL> conn / as sysdba

connected.

SQL> alter system REFRESH SYSDBA PRIVILEGE;

Succeed.

SQL> conn / as sysdba

connected.

SQL>