

SQL> drop table if exists test_invalid_datetime;

Succeed.

SQL> create table test_invalid_datetime(COL datetime);

Succeed.

SQL> select COL from test_invalid_datetime;

COL
----------------------

0 rows fetched.

SQL> insert into test_invalid_datetime values ('0000-00-00 00:00:00');

1 rows affected.

SQL> select * from test_invalid_datetime;

COL
----------------------
0000-00-00 00:00:00

1 rows fetched.

SQL> select to_char(to_date('0000-00-00','YYYY-MM-DD'),'D') from test_invalid_datetime;

TO_CHAR(TO_DATE('0000-00-00','YYYY-MM-DD'),'D')
------------------------------------------------
7

1 rows fetched.

SQL> select to_char(to_date('0000-00-00','YYYY-MM-DD'),'MONTH,MON') from test_invalid_datetime;

CT-00105, Invalid format of datetime
SQL> select to_char(to_date('0000-00-00','YYYY-MM-DD'),'DAY') from test_invalid_datetime;

CT-00105, Invalid format of datetime
SQL> insert into test_invalid_datetime values ('0001-00-01 00:00:00');

CT-00105, Invalid format of datetime
