

SQL> --DROP TABLE IF EXISTS TEST;
SQL> --CREATE TABLE TEST (ID INT);
SQL> BEGIN;

CT-00601, sql syntax error: key word expected
SQL> SYNCPOINT SP_B4_HEAP_INSERT SIGNAL start_insert RAISE 2;

Succeed.

SQL> SYNCPOINT SP_AFTER_HEAP_INSERT WAIT end_insert;

Succeed.

SQL> INSERT INTO TEST VALUES (1);

1 rows affected.

SQL> COMMIT;

Succeed.

SQL> 


