
SQL> set define &

ON
SQL> set verify on

ON
SQL> select &a from dual;

Enter value for a:
old sql is : select &a from dual
new sql is : select abcde from dual
CT-00601, [1:8]Sql syntax error: invalid column name 'ABCDE'
SQL> set verify off

OFF
SQL> select &a from dual;

Enter value for a:
CT-00601, [1:8]Sql syntax error: invalid column name 'ABCDE'
SQL> set verify on

ON
SQL> spool

